Welcome to the test of the solvers against the Pathfinder.

--=== Evaluating solvers on Sphere with problem size = 8... ===--
Problem ordinal number: 0
upper_bound[0]=5, optimum_parameter[0]=4, optimum_fitness=0

Executing David Pivovar - Imperialist Competitive Algorithm - Serial_7...
Executing David Pivovar - Imperialist Competitive Algorithm - Serial_15...
Executing David Pivovar - Imperialist Competitive Algorithm - Serial_25...
Executing David Pivovar - Imperialist Competitive Algorithm - Serial_40...
Executing David Pivovar - Imperialist Competitive Algorithm - Serial_60...
Executing David Pivovar - Imperialist Competitive Algorithm - Serial_100...
Executing David Pivovar - Imperialist Competitive Algorithm - SMP_7...
Executing David Pivovar - Imperialist Competitive Algorithm - SMP_15...
Executing David Pivovar - Imperialist Competitive Algorithm - SMP_25...
Executing David Pivovar - Imperialist Competitive Algorithm - SMP_40...
Executing David Pivovar - Imperialist Competitive Algorithm - SMP_60...
Executing David Pivovar - Imperialist Competitive Algorithm - SMP_100...
Executing David Pivovar - Imperialist Competitive Algorithm - OpenCL_7...
Executing David Pivovar - Imperialist Competitive Algorithm - OpenCL_15...
Executing David Pivovar - Imperialist Competitive Algorithm - OpenCL_25...
Executing David Pivovar - Imperialist Competitive Algorithm - OpenCL_40...
Executing David Pivovar - Imperialist Competitive Algorithm - OpenCL_60...
Executing David Pivovar - Imperialist Competitive Algorithm - OpenCL_100...

general;;;;;;;;Average;;;;;;;;;; ; ; ; ; ; ; ; Standard Deviation;;;;;;;;;; ; ; ; ; ; ; ; Minimum;;;;;;;;;; ; ; ; ; ; ; ; Q25;;;;;;;;;; ; ; ; ; ; ; ; Median;;;;;;;;;; ; ; ; ; ; ; ; Q75;;;;;;;;;; ; ; ; ; ; ; ; Maximum;;;;;;;;;; ; ; ; ; ; ; ; 
solver; fails; param_err; fitness_err; least_calls; lc_001; param_err001; ; fitness; fitness_err; param_err; time; total calls; least calls; lc_001; pe_001; 0; 1; 2; 3; 4; 5; 6; 7; ; fitness; fitness_err; param_err; time; total calls; least calls; lc_001; pe_001; 0; 1; 2; 3; 4; 5; 6; 7; ; fitness; fitness_err; param_err; time; total calls; least calls; lc_001; pe_001; 0; 1; 2; 3; 4; 5; 6; 7; ; fitness; fitness_err; param_err; time; total calls; least calls; lc_001; pe_001; 0; 1; 2; 3; 4; 5; 6; 7; ; fitness; fitness_err; param_err; time; total calls; least calls; lc_001; pe_001; 0; 1; 2; 3; 4; 5; 6; 7; ; fitness; fitness_err; param_err; time; total calls; least calls; lc_001; pe_001; 0; 1; 2; 3; 4; 5; 6; 7; ; fitness; fitness_err; param_err; time; total calls; least calls; lc_001; pe_001; 0; 1; 2; 3; 4; 5; 6; 7; 
David Pivovar - Imperialist Competitive Algorithm - Serial_100; 0; 1.881e-02 ± 1.775e-02; 4.879e-03 ± 0.000e+00; 7.396e+05 ± 0.000e+00; 7.396e+05 ± 0.000e+00; nan ± nan; ;4.87896882908368801e-03; 4.87896882908368801e-03; 1.88109857702616901e-02; 4.342e-01; 7.39578000000000000e+05; 7.39578000000000000e+05; 7.39578000000000000e+05; nan; 3.98755526982587716e+00; 3.99960587831847292e+00; 3.96786491701397415e+00; 3.96674993305996626e+00; 3.98401650395705254e+00; 3.99649379268714044e+00; 3.95210257532993348e+00; 3.99512324364548954e+00;;0.00000000000000000e+00; 0.00000000000000000e+00; 1.77510274627513259e-02; 0.000e+00; 0.00000000000000000e+00; 0.00000000000000000e+00; 0.00000000000000000e+00; nan; 0.00000000000000000e+00; 0.00000000000000000e+00; 0.00000000000000000e+00; 0.00000000000000000e+00; 0.00000000000000000e+00; 0.00000000000000000e+00; 0.00000000000000000e+00; 0.00000000000000000e+00;;4.87896882908368801e-03; 4.87896882908368801e-03; 3.94121681527082046e-04; 4.342e-01; 7.39578000000000000e+05; 7.39578000000000000e+05; 7.39578000000000000e+05; nan; 3.98755526982587716e+00; 3.99960587831847292e+00; 3.96786491701397415e+00; 3.96674993305996626e+00; 3.98401650395705254e+00; 3.99649379268714044e+00; 3.95210257532993348e+00; 3.99512324364548954e+00;;4.87896882908368801e-03; 4.87896882908368801e-03; 4.87675635451045864e-03; 4.342e-01; 7.39578000000000000e+05; 7.39578000000000000e+05; 7.39578000000000000e+05; nan; 3.98755526982587716e+00; 3.99960587831847292e+00; 3.96786491701397415e+00; 3.96674993305996626e+00; 3.98401650395705254e+00; 3.99649379268714044e+00; 3.95210257532993348e+00; 3.99512324364548954e+00;;4.87896882908368801e-03; 4.87896882908368801e-03; 1.59834960429474648e-02; 4.342e-01; 7.39578000000000000e+05; 7.39578000000000000e+05; 7.39578000000000000e+05; nan; 3.98755526982587716e+00; 3.99960587831847292e+00; 3.96786491701397415e+00; 3.96674993305996626e+00; 3.98401650395705254e+00; 3.99649379268714044e+00; 3.95210257532993348e+00; 3.99512324364548954e+00;;4.87896882908368801e-03; 4.87896882908368801e-03; 3.32500669400337401e-02; 4.342e-01; 7.39578000000000000e+05; 7.39578000000000000e+05; 7.39578000000000000e+05; nan; 3.98755526982587716e+00; 3.99960587831847292e+00; 3.96786491701397415e+00; 3.96674993305996626e+00; 3.98401650395705254e+00; 3.99649379268714044e+00; 3.95210257532993348e+00; 3.99512324364548954e+00;;4.87896882908368801e-03; 4.87896882908368801e-03; 4.78974246700665240e-02; 4.342e-01; 7.39578000000000000e+05; 7.39578000000000000e+05; 7.39578000000000000e+05; nan; 3.98755526982587716e+00; 3.99960587831847292e+00; 3.96786491701397415e+00; 3.96674993305996626e+00; 3.98401650395705254e+00; 3.99649379268714044e+00; 3.95210257532993348e+00; 3.99512324364548954e+00;;
David Pivovar - Imperialist Competitive Algorithm - Serial_40; 0; 3.475e-02 ± 2.237e-02; 1.291e-02 ± 0.000e+00; 2.910e+05 ± 0.000e+00; 2.910e+05 ± 0.000e+00; nan ± nan; ;1.29103593012885251e-02; 1.29103593012885251e-02; 3.47469842377864380e-02; 1.727e-01; 2.90983000000000000e+05; 2.90983000000000000e+05; 2.90983000000000000e+05; nan; 3.98047279180312019e+00; 3.98989870101145305e+00; 3.94040469515271718e+00; 3.96586246868677073e+00; 3.99134960838106467e+00; 3.97011078054142130e+00; 3.94356747251031470e+00; 3.94035760801084667e+00;;0.00000000000000000e+00; 0.00000000000000000e+00; 2.23659631250450637e-02; 0.000e+00; 0.00000000000000000e+00; 0.00000000000000000e+00; 0.00000000000000000e+00; nan; 0.00000000000000000e+00; 0.00000000000000000e+00; 0.00000000000000000e+00; 0.00000000000000000e+00; 0.00000000000000000e+00; 0.00000000000000000e+00; 0.00000000000000000e+00; 0.00000000000000000e+00;;1.29103593012885251e-02; 1.29103593012885251e-02; 8.65039161893532693e-03; 1.727e-01; 2.90983000000000000e+05; 2.90983000000000000e+05; 2.90983000000000000e+05; nan; 3.98047279180312019e+00; 3.98989870101145305e+00; 3.94040469515271718e+00; 3.96586246868677073e+00; 3.99134960838106467e+00; 3.97011078054142130e+00; 3.94356747251031470e+00; 3.94035760801084667e+00;;1.29103593012885251e-02; 1.29103593012885251e-02; 1.95272081968798084e-02; 1.727e-01; 2.90983000000000000e+05; 2.90983000000000000e+05; 2.90983000000000000e+05; nan; 3.98047279180312019e+00; 3.98989870101145305e+00; 3.94040469515271718e+00; 3.96586246868677073e+00; 3.99134960838106467e+00; 3.97011078054142130e+00; 3.94356747251031470e+00; 3.94035760801084667e+00;;1.29103593012885251e-02; 1.29103593012885251e-02; 3.41375313132292746e-02; 1.727e-01; 2.90983000000000000e+05; 2.90983000000000000e+05; 2.90983000000000000e+05; nan; 3.98047279180312019e+00; 3.98989870101145305e+00; 3.94040469515271718e+00; 3.96586246868677073e+00; 3.99134960838106467e+00; 3.97011078054142130e+00; 3.94356747251031470e+00; 3.94035760801084667e+00;;1.29103593012885251e-02; 1.29103593012885251e-02; 5.95953048472828151e-02; 1.727e-01; 2.90983000000000000e+05; 2.90983000000000000e+05; 2.90983000000000000e+05; nan; 3.98047279180312019e+00; 3.98989870101145305e+00; 3.94040469515271718e+00; 3.96586246868677073e+00; 3.99134960838106467e+00; 3.97011078054142130e+00; 3.94356747251031470e+00; 3.94035760801084667e+00;;1.29103593012885251e-02; 1.29103593012885251e-02; 5.96423919891533316e-02; 1.727e-01; 2.90983000000000000e+05; 2.90983000000000000e+05; 2.90983000000000000e+05; nan; 3.98047279180312019e+00; 3.98989870101145305e+00; 3.94040469515271718e+00; 3.96586246868677073e+00; 3.99134960838106467e+00; 3.97011078054142130e+00; 3.94356747251031470e+00; 3.94035760801084667e+00;;
David Pivovar - Imperialist Competitive Algorithm - Serial_60; 0; 4.602e-02 ± 4.645e-02; 3.097e-02 ± 0.000e+00; 3.180e+05 ± 0.000e+00; 3.180e+05 ± 0.000e+00; nan ± nan; ;3.09679856554616502e-02; 3.09679856554616502e-02; 4.60248862296586680e-02; 1.896e-01; 3.18047000000000000e+05; 3.18047000000000000e+05; 3.18047000000000000e+05; nan; 3.97980603807992717e+00; 3.92672257615087661e+00; 3.96607627589958156e+00; 3.96723991545052934e+00; 3.99648979457018116e+00; 3.95689981737958618e+00; 3.98279005925883656e+00; 3.85577643337321208e+00;;0.00000000000000000e+00; 0.00000000000000000e+00; 4.64454426609865953e-02; 0.000e+00; 0.00000000000000000e+00; 0.00000000000000000e+00; 0.00000000000000000e+00; nan; 0.00000000000000000e+00; 0.00000000000000000e+00; 0.00000000000000000e+00; 0.00000000000000000e+00; 0.00000000000000000e+00; 0.00000000000000000e+00; 0.00000000000000000e+00; 0.00000000000000000e+00;;3.09679856554616502e-02; 3.09679856554616502e-02; 3.51020542981883565e-03; 1.896e-01; 3.18047000000000000e+05; 3.18047000000000000e+05; 3.18047000000000000e+05; nan; 3.97980603807992717e+00; 3.92672257615087661e+00; 3.96607627589958156e+00; 3.96723991545052934e+00; 3.99648979457018116e+00; 3.95689981737958618e+00; 3.98279005925883656e+00; 3.85577643337321208e+00;;3.09679856554616502e-02; 3.09679856554616502e-02; 2.01939619200728337e-02; 1.896e-01; 3.18047000000000000e+05; 3.18047000000000000e+05; 3.18047000000000000e+05; nan; 3.97980603807992717e+00; 3.92672257615087661e+00; 3.96607627589958156e+00; 3.96723991545052934e+00; 3.99648979457018116e+00; 3.95689981737958618e+00; 3.98279005925883656e+00; 3.85577643337321208e+00;;3.09679856554616502e-02; 3.09679856554616502e-02; 3.39237241004184398e-02; 1.896e-01; 3.18047000000000000e+05; 3.18047000000000000e+05; 3.18047000000000000e+05; nan; 3.97980603807992717e+00; 3.92672257615087661e+00; 3.96607627589958156e+00; 3.96723991545052934e+00; 3.99648979457018116e+00; 3.95689981737958618e+00; 3.98279005925883656e+00; 3.85577643337321208e+00;;3.09679856554616502e-02; 3.09679856554616502e-02; 7.32774238491233909e-02; 1.896e-01; 3.18047000000000000e+05; 3.18047000000000000e+05; 3.18047000000000000e+05; nan; 3.97980603807992717e+00; 3.92672257615087661e+00; 3.96607627589958156e+00; 3.96723991545052934e+00; 3.99648979457018116e+00; 3.95689981737958618e+00; 3.98279005925883656e+00; 3.85577643337321208e+00;;3.09679856554616502e-02; 3.09679856554616502e-02; 1.44223566626787925e-01; 1.896e-01; 3.18047000000000000e+05; 3.18047000000000000e+05; 3.18047000000000000e+05; nan; 3.97980603807992717e+00; 3.92672257615087661e+00; 3.96607627589958156e+00; 3.96723991545052934e+00; 3.99648979457018116e+00; 3.95689981737958618e+00; 3.98279005925883656e+00; 3.85577643337321208e+00;;
David Pivovar - Imperialist Competitive Algorithm - SMP_100; 0; 4.709e-02 ± 4.278e-02; 2.964e-02 ± 0.000e+00; 3.649e+05 ± 0.000e+00; 3.649e+05 ± 0.000e+00; nan ± nan; ;2.96377970161467268e-02; 2.96377970161467268e-02; 4.70924813973058187e-02; 2.107e-01; 3.64850000000000000e+05; 3.64850000000000000e+05; 3.64850000000000000e+05; nan; 3.97851026338575631e+00; 3.91487424146795338e+00; 3.99511732909679829e+00; 3.97550881603049211e+00; 3.92067105158598839e+00; 3.97508935681063891e+00; 3.88137243741977889e+00; 3.98211665302414719e+00;;0.00000000000000000e+00; 0.00000000000000000e+00; 4.27806257063997608e-02; 0.000e+00; 0.00000000000000000e+00; 0.00000000000000000e+00; 0.00000000000000000e+00; nan; 0.00000000000000000e+00; 0.00000000000000000e+00; 0.00000000000000000e+00; 0.00000000000000000e+00; 0.00000000000000000e+00; 0.00000000000000000e+00; 0.00000000000000000e+00; 0.00000000000000000e+00;;2.96377970161467268e-02; 2.96377970161467268e-02; 4.88267090320171349e-03; 2.107e-01; 3.64850000000000000e+05; 3.64850000000000000e+05; 3.64850000000000000e+05; nan; 3.97851026338575631e+00; 3.91487424146795338e+00; 3.99511732909679829e+00; 3.97550881603049211e+00; 3.92067105158598839e+00; 3.97508935681063891e+00; 3.88137243741977889e+00; 3.98211665302414719e+00;;2.96377970161467268e-02; 2.96377970161467268e-02; 2.14897366142436930e-02; 2.107e-01; 3.64850000000000000e+05; 3.64850000000000000e+05; 3.64850000000000000e+05; nan; 3.97851026338575631e+00; 3.91487424146795338e+00; 3.99511732909679829e+00; 3.97550881603049211e+00; 3.92067105158598839e+00; 3.97508935681063891e+00; 3.88137243741977889e+00; 3.98211665302414719e+00;;2.96377970161467268e-02; 2.96377970161467268e-02; 2.49106431893610925e-02; 2.107e-01; 3.64850000000000000e+05; 3.64850000000000000e+05; 3.64850000000000000e+05; nan; 3.97851026338575631e+00; 3.91487424146795338e+00; 3.99511732909679829e+00; 3.97550881603049211e+00; 3.92067105158598839e+00; 3.97508935681063891e+00; 3.88137243741977889e+00; 3.98211665302414719e+00;;2.96377970161467268e-02; 2.96377970161467268e-02; 8.51257585320466248e-02; 2.107e-01; 3.64850000000000000e+05; 3.64850000000000000e+05; 3.64850000000000000e+05; nan; 3.97851026338575631e+00; 3.91487424146795338e+00; 3.99511732909679829e+00; 3.97550881603049211e+00; 3.92067105158598839e+00; 3.97508935681063891e+00; 3.88137243741977889e+00; 3.98211665302414719e+00;;2.96377970161467268e-02; 2.96377970161467268e-02; 1.18627562580221113e-01; 2.107e-01; 3.64850000000000000e+05; 3.64850000000000000e+05; 3.64850000000000000e+05; nan; 3.97851026338575631e+00; 3.91487424146795338e+00; 3.99511732909679829e+00; 3.97550881603049211e+00; 3.92067105158598839e+00; 3.97508935681063891e+00; 3.88137243741977889e+00; 3.98211665302414719e+00;;
David Pivovar - Imperialist Competitive Algorithm - Serial_25; 0; 1.031e-01 ± 5.638e-02; 1.056e-01 ± 0.000e+00; 1.118e+05 ± 0.000e+00; 1.118e+05 ± 0.000e+00; nan ± nan; ;1.05629459472741077e-01; 1.05629459472741077e-01; 1.03058588866153045e-01; 6.646e-02; 1.11766000000000000e+05; 1.11766000000000000e+05; 1.11766000000000000e+05; nan; 3.89651901930104483e+00; 3.94956337672048319e+00; 3.96578393613149105e+00; 3.91739993220774529e+00; 3.86734164822885917e+00; 3.89117954600518878e+00; 3.78823157147843892e+00; 3.89951225899752441e+00;;0.00000000000000000e+00; 0.00000000000000000e+00; 5.63790435153387268e-02; 0.000e+00; 0.00000000000000000e+00; 0.00000000000000000e+00; 0.00000000000000000e+00; nan; 0.00000000000000000e+00; 0.00000000000000000e+00; 0.00000000000000000e+00; 0.00000000000000000e+00; 0.00000000000000000e+00; 0.00000000000000000e+00; 0.00000000000000000e+00; 0.00000000000000000e+00;;1.05629459472741077e-01; 1.05629459472741077e-01; 3.42160638685089502e-02; 6.646e-02; 1.11766000000000000e+05; 1.11766000000000000e+05; 1.11766000000000000e+05; nan; 3.89651901930104483e+00; 3.94956337672048319e+00; 3.96578393613149105e+00; 3.91739993220774529e+00; 3.86734164822885917e+00; 3.89117954600518878e+00; 3.78823157147843892e+00; 3.89951225899752441e+00;;1.05629459472741077e-01; 1.05629459472741077e-01; 8.26000677922547055e-02; 6.646e-02; 1.11766000000000000e+05; 1.11766000000000000e+05; 1.11766000000000000e+05; nan; 3.89651901930104483e+00; 3.94956337672048319e+00; 3.96578393613149105e+00; 3.91739993220774529e+00; 3.86734164822885917e+00; 3.89117954600518878e+00; 3.78823157147843892e+00; 3.89951225899752441e+00;;1.05629459472741077e-01; 1.05629459472741077e-01; 1.03480980698955172e-01; 6.646e-02; 1.11766000000000000e+05; 1.11766000000000000e+05; 1.11766000000000000e+05; nan; 3.89651901930104483e+00; 3.94956337672048319e+00; 3.96578393613149105e+00; 3.91739993220774529e+00; 3.86734164822885917e+00; 3.89117954600518878e+00; 3.78823157147843892e+00; 3.89951225899752441e+00;;1.05629459472741077e-01; 1.05629459472741077e-01; 1.32658351771140826e-01; 6.646e-02; 1.11766000000000000e+05; 1.11766000000000000e+05; 1.11766000000000000e+05; nan; 3.89651901930104483e+00; 3.94956337672048319e+00; 3.96578393613149105e+00; 3.91739993220774529e+00; 3.86734164822885917e+00; 3.89117954600518878e+00; 3.78823157147843892e+00; 3.89951225899752441e+00;;1.05629459472741077e-01; 1.05629459472741077e-01; 2.11768428521561081e-01; 6.646e-02; 1.11766000000000000e+05; 1.11766000000000000e+05; 1.11766000000000000e+05; nan; 3.89651901930104483e+00; 3.94956337672048319e+00; 3.96578393613149105e+00; 3.91739993220774529e+00; 3.86734164822885917e+00; 3.89117954600518878e+00; 3.78823157147843892e+00; 3.89951225899752441e+00;;
David Pivovar - Imperialist Competitive Algorithm - SMP_60; 0; 1.142e-01 ± 8.758e-02; 1.542e-01 ± 0.000e+00; 2.238e+05 ± 0.000e+00; 2.238e+05 ± 0.000e+00; nan ± nan; ;1.54155588394306986e-01; 1.54155588394306986e-01; 1.14183450047360802e-01; 1.234e-01; 2.23845000000000000e+05; 2.23845000000000000e+05; 2.23845000000000000e+05; nan; 3.92570558556999627e+00; 3.78053189305622350e+00; 3.82273335627385258e+00; 3.92808529297635634e+00; 3.83420929922287357e+00; 3.99567461242649458e+00; 3.80955313643436577e+00; 3.99003922366095098e+00;;0.00000000000000000e+00; 0.00000000000000000e+00; 8.75765215081705656e-02; 0.000e+00; 0.00000000000000000e+00; 0.00000000000000000e+00; 0.00000000000000000e+00; nan; 0.00000000000000000e+00; 0.00000000000000000e+00; 0.00000000000000000e+00; 0.00000000000000000e+00; 0.00000000000000000e+00; 0.00000000000000000e+00; 0.00000000000000000e+00; 0.00000000000000000e+00;;1.54155588394306986e-01; 1.54155588394306986e-01; 4.32538757350542369e-03; 1.234e-01; 2.23845000000000000e+05; 2.23845000000000000e+05; 2.23845000000000000e+05; nan; 3.92570558556999627e+00; 3.78053189305622350e+00; 3.82273335627385258e+00; 3.92808529297635634e+00; 3.83420929922287357e+00; 3.99567461242649458e+00; 3.80955313643436577e+00; 3.99003922366095098e+00;;1.54155588394306986e-01; 1.54155588394306986e-01; 7.19147070236436647e-02; 1.234e-01; 2.23845000000000000e+05; 2.23845000000000000e+05; 2.23845000000000000e+05; nan; 3.92570558556999627e+00; 3.78053189305622350e+00; 3.82273335627385258e+00; 3.92808529297635634e+00; 3.83420929922287357e+00; 3.99567461242649458e+00; 3.80955313643436577e+00; 3.99003922366095098e+00;;1.54155588394306986e-01; 1.54155588394306986e-01; 1.65790700777126432e-01; 1.234e-01; 2.23845000000000000e+05; 2.23845000000000000e+05; 2.23845000000000000e+05; nan; 3.92570558556999627e+00; 3.78053189305622350e+00; 3.82273335627385258e+00; 3.92808529297635634e+00; 3.83420929922287357e+00; 3.99567461242649458e+00; 3.80955313643436577e+00; 3.99003922366095098e+00;;1.54155588394306986e-01; 1.54155588394306986e-01; 1.90446863565634228e-01; 1.234e-01; 2.23845000000000000e+05; 2.23845000000000000e+05; 2.23845000000000000e+05; nan; 3.92570558556999627e+00; 3.78053189305622350e+00; 3.82273335627385258e+00; 3.92808529297635634e+00; 3.83420929922287357e+00; 3.99567461242649458e+00; 3.80955313643436577e+00; 3.99003922366095098e+00;;1.54155588394306986e-01; 1.54155588394306986e-01; 2.19468106943776498e-01; 1.234e-01; 2.23845000000000000e+05; 2.23845000000000000e+05; 2.23845000000000000e+05; nan; 3.92570558556999627e+00; 3.78053189305622350e+00; 3.82273335627385258e+00; 3.92808529297635634e+00; 3.83420929922287357e+00; 3.99567461242649458e+00; 3.80955313643436577e+00; 3.99003922366095098e+00;;
David Pivovar - Imperialist Competitive Algorithm - SMP_15; 0; 1.399e-01 ± 5.906e-02; 1.793e-01 ± 0.000e+00; 8.699e+04 ± 0.000e+00; 8.699e+04 ± 0.000e+00; nan ± nan; ;1.79301260740038437e-01; 1.79301260740038437e-01; 1.39923108864511037e-01; 6.360e-02; 8.69930000000000000e+04; 8.69930000000000000e+04; 8.69930000000000000e+04; nan; 3.94102902839507596e+00; 3.81666614710722119e+00; 3.83909830007925024e+00; 3.81555933981057160e+00; 3.85147611630989983e+00; 3.95033013265290611e+00; 3.80042215380367621e+00; 3.86603391092531057e+00;;0.00000000000000000e+00; 0.00000000000000000e+00; 5.90611802554188159e-02; 0.000e+00; 0.00000000000000000e+00; 0.00000000000000000e+00; 0.00000000000000000e+00; nan; 0.00000000000000000e+00; 0.00000000000000000e+00; 0.00000000000000000e+00; 0.00000000000000000e+00; 0.00000000000000000e+00; 0.00000000000000000e+00; 0.00000000000000000e+00; 0.00000000000000000e+00;;1.79301260740038437e-01; 1.79301260740038437e-01; 4.96698673470938878e-02; 6.360e-02; 8.69930000000000000e+04; 8.69930000000000000e+04; 8.69930000000000000e+04; nan; 3.94102902839507596e+00; 3.81666614710722119e+00; 3.83909830007925024e+00; 3.81555933981057160e+00; 3.85147611630989983e+00; 3.95033013265290611e+00; 3.80042215380367621e+00; 3.86603391092531057e+00;;1.79301260740038437e-01; 1.79301260740038437e-01; 1.33966089074689432e-01; 6.360e-02; 8.69930000000000000e+04; 8.69930000000000000e+04; 8.69930000000000000e+04; nan; 3.94102902839507596e+00; 3.81666614710722119e+00; 3.83909830007925024e+00; 3.81555933981057160e+00; 3.85147611630989983e+00; 3.95033013265290611e+00; 3.80042215380367621e+00; 3.86603391092531057e+00;;1.79301260740038437e-01; 1.79301260740038437e-01; 1.60901699920749763e-01; 6.360e-02; 8.69930000000000000e+04; 8.69930000000000000e+04; 8.69930000000000000e+04; nan; 3.94102902839507596e+00; 3.81666614710722119e+00; 3.83909830007925024e+00; 3.81555933981057160e+00; 3.85147611630989983e+00; 3.95033013265290611e+00; 3.80042215380367621e+00; 3.86603391092531057e+00;;1.79301260740038437e-01; 1.79301260740038437e-01; 1.84440660189428396e-01; 6.360e-02; 8.69930000000000000e+04; 8.69930000000000000e+04; 8.69930000000000000e+04; nan; 3.94102902839507596e+00; 3.81666614710722119e+00; 3.83909830007925024e+00; 3.81555933981057160e+00; 3.85147611630989983e+00; 3.95033013265290611e+00; 3.80042215380367621e+00; 3.86603391092531057e+00;;1.79301260740038437e-01; 1.79301260740038437e-01; 1.99577846196323794e-01; 6.360e-02; 8.69930000000000000e+04; 8.69930000000000000e+04; 8.69930000000000000e+04; nan; 3.94102902839507596e+00; 3.81666614710722119e+00; 3.83909830007925024e+00; 3.81555933981057160e+00; 3.85147611630989983e+00; 3.95033013265290611e+00; 3.80042215380367621e+00; 3.86603391092531057e+00;;
David Pivovar - Imperialist Competitive Algorithm - Serial_15; 0; 2.014e-01 ± 1.097e-01; 4.028e-01 ± 0.000e+00; 5.909e+04 ± 0.000e+00; 5.909e+04 ± 0.000e+00; nan ± nan; ;4.02786816700424932e-01; 4.02786816700424932e-01; 2.01410711873379611e-01; 3.540e-02; 5.90930000000000000e+04; 5.90930000000000000e+04; 5.90930000000000000e+04; nan; 3.87635344161029183e+00; 3.90590411718283903e+00; 3.72325945196643104e+00; 3.58763772660421498e+00; 3.90016922671913591e+00; 3.80626007977941194e+00; 3.80191440120572510e+00; 3.78721585994491328e+00;;0.00000000000000000e+00; 0.00000000000000000e+00; 1.09724562737578107e-01; 0.000e+00; 0.00000000000000000e+00; 0.00000000000000000e+00; 0.00000000000000000e+00; nan; 0.00000000000000000e+00; 0.00000000000000000e+00; 0.00000000000000000e+00; 0.00000000000000000e+00; 0.00000000000000000e+00; 0.00000000000000000e+00; 0.00000000000000000e+00; 0.00000000000000000e+00;;4.02786816700424932e-01; 4.02786816700424932e-01; 9.40958828171609696e-02; 3.540e-02; 5.90930000000000000e+04; 5.90930000000000000e+04; 5.90930000000000000e+04; nan; 3.87635344161029183e+00; 3.90590411718283903e+00; 3.72325945196643104e+00; 3.58763772660421498e+00; 3.90016922671913591e+00; 3.80626007977941194e+00; 3.80191440120572510e+00; 3.78721585994491328e+00;;4.02786816700424932e-01; 4.02786816700424932e-01; 1.23646558389708172e-01; 3.540e-02; 5.90930000000000000e+04; 5.90930000000000000e+04; 5.90930000000000000e+04; nan; 3.87635344161029183e+00; 3.90590411718283903e+00; 3.72325945196643104e+00; 3.58763772660421498e+00; 3.90016922671913591e+00; 3.80626007977941194e+00; 3.80191440120572510e+00; 3.78721585994491328e+00;;4.02786816700424932e-01; 4.02786816700424932e-01; 1.98085598794274897e-01; 3.540e-02; 5.90930000000000000e+04; 5.90930000000000000e+04; 5.90930000000000000e+04; nan; 3.87635344161029183e+00; 3.90590411718283903e+00; 3.72325945196643104e+00; 3.58763772660421498e+00; 3.90016922671913591e+00; 3.80626007977941194e+00; 3.80191440120572510e+00; 3.78721585994491328e+00;;4.02786816700424932e-01; 4.02786816700424932e-01; 2.76740548033568956e-01; 3.540e-02; 5.90930000000000000e+04; 5.90930000000000000e+04; 5.90930000000000000e+04; nan; 3.87635344161029183e+00; 3.90590411718283903e+00; 3.72325945196643104e+00; 3.58763772660421498e+00; 3.90016922671913591e+00; 3.80626007977941194e+00; 3.80191440120572510e+00; 3.78721585994491328e+00;;4.02786816700424932e-01; 4.02786816700424932e-01; 4.12362273395785017e-01; 3.540e-02; 5.90930000000000000e+04; 5.90930000000000000e+04; 5.90930000000000000e+04; nan; 3.87635344161029183e+00; 3.90590411718283903e+00; 3.72325945196643104e+00; 3.58763772660421498e+00; 3.90016922671913591e+00; 3.80626007977941194e+00; 3.80191440120572510e+00; 3.78721585994491328e+00;;
David Pivovar - Imperialist Competitive Algorithm - SMP_40; 0; 2.138e-01 ± 1.104e-01; 4.449e-01 ± 0.000e+00; 1.084e+05 ± 0.000e+00; 1.084e+05 ± 0.000e+00; nan ± nan; ;4.44859381649873376e-01; 4.44859381649873376e-01; 2.13790215777727721e-01; 6.364e-02; 1.08435000000000000e+05; 1.08435000000000000e+05; 1.08435000000000000e+05; nan; 3.66291625049239400e+00; 3.77996157166807967e+00; 3.96524782554656463e+00; 3.89640740599502422e+00; 3.68136909961699832e+00; 3.81633275148871354e+00; 3.78988129617263780e+00; 3.69756207279776605e+00;;0.00000000000000000e+00; 0.00000000000000000e+00; 1.10390447434810191e-01; 0.000e+00; 0.00000000000000000e+00; 0.00000000000000000e+00; 0.00000000000000000e+00; nan; 0.00000000000000000e+00; 0.00000000000000000e+00; 0.00000000000000000e+00; 0.00000000000000000e+00; 0.00000000000000000e+00; 0.00000000000000000e+00; 0.00000000000000000e+00; 0.00000000000000000e+00;;4.44859381649873376e-01; 4.44859381649873376e-01; 3.47521744534353694e-02; 6.364e-02; 1.08435000000000000e+05; 1.08435000000000000e+05; 1.08435000000000000e+05; nan; 3.66291625049239400e+00; 3.77996157166807967e+00; 3.96524782554656463e+00; 3.89640740599502422e+00; 3.68136909961699832e+00; 3.81633275148871354e+00; 3.78988129617263780e+00; 3.69756207279776605e+00;;4.44859381649873376e-01; 4.44859381649873376e-01; 1.83667248511286463e-01; 6.364e-02; 1.08435000000000000e+05; 1.08435000000000000e+05; 1.08435000000000000e+05; nan; 3.66291625049239400e+00; 3.77996157166807967e+00; 3.96524782554656463e+00; 3.89640740599502422e+00; 3.68136909961699832e+00; 3.81633275148871354e+00; 3.78988129617263780e+00; 3.69756207279776605e+00;;4.44859381649873376e-01; 4.44859381649873376e-01; 2.20038428331920333e-01; 6.364e-02; 1.08435000000000000e+05; 1.08435000000000000e+05; 1.08435000000000000e+05; nan; 3.66291625049239400e+00; 3.77996157166807967e+00; 3.96524782554656463e+00; 3.89640740599502422e+00; 3.68136909961699832e+00; 3.81633275148871354e+00; 3.78988129617263780e+00; 3.69756207279776605e+00;;4.44859381649873376e-01; 4.44859381649873376e-01; 3.18630900383001681e-01; 6.364e-02; 1.08435000000000000e+05; 1.08435000000000000e+05; 1.08435000000000000e+05; nan; 3.66291625049239400e+00; 3.77996157166807967e+00; 3.96524782554656463e+00; 3.89640740599502422e+00; 3.68136909961699832e+00; 3.81633275148871354e+00; 3.78988129617263780e+00; 3.69756207279776605e+00;;4.44859381649873376e-01; 4.44859381649873376e-01; 3.37083749507606001e-01; 6.364e-02; 1.08435000000000000e+05; 1.08435000000000000e+05; 1.08435000000000000e+05; nan; 3.66291625049239400e+00; 3.77996157166807967e+00; 3.96524782554656463e+00; 3.89640740599502422e+00; 3.68136909961699832e+00; 3.81633275148871354e+00; 3.78988129617263780e+00; 3.69756207279776605e+00;;
David Pivovar - Imperialist Competitive Algorithm - OpenCL_60; 0; 2.191e-01 ± 1.330e-01; 4.988e-01 ± 0.000e+00; 7.537e+04 ± 0.000e+00; 7.537e+04 ± 0.000e+00; nan ± nan; ;4.98826833870462449e-01; 4.98826833870462449e-01; 2.19057879677644951e-01; 3.543e+01; 7.53720000000000000e+04; 7.53720000000000000e+04; 7.53720000000000000e+04; nan; 3.69994825364253543e+00; 3.84965954211023043e+00; 3.88310328026974316e+00; 3.90169489035387951e+00; 3.63555395429898809e+00; 3.78909741671980793e+00; 3.57880489238742605e+00; 3.90967473279622979e+00;;0.00000000000000000e+00; 0.00000000000000000e+00; 1.32975415124831298e-01; 0.000e+00; 0.00000000000000000e+00; 0.00000000000000000e+00; 0.00000000000000000e+00; nan; 0.00000000000000000e+00; 0.00000000000000000e+00; 0.00000000000000000e+00; 0.00000000000000000e+00; 0.00000000000000000e+00; 0.00000000000000000e+00; 0.00000000000000000e+00; 0.00000000000000000e+00;;4.98826833870462449e-01; 4.98826833870462449e-01; 9.03252672037702098e-02; 3.543e+01; 7.53720000000000000e+04; 7.53720000000000000e+04; 7.53720000000000000e+04; nan; 3.69994825364253543e+00; 3.84965954211023043e+00; 3.88310328026974316e+00; 3.90169489035387951e+00; 3.63555395429898809e+00; 3.78909741671980793e+00; 3.57880489238742605e+00; 3.90967473279622979e+00;;4.98826833870462449e-01; 4.98826833870462449e-01; 1.16896719730256837e-01; 3.543e+01; 7.53720000000000000e+04; 7.53720000000000000e+04; 7.53720000000000000e+04; nan; 3.69994825364253543e+00; 3.84965954211023043e+00; 3.88310328026974316e+00; 3.90169489035387951e+00; 3.63555395429898809e+00; 3.78909741671980793e+00; 3.57880489238742605e+00; 3.90967473279622979e+00;;4.98826833870462449e-01; 4.98826833870462449e-01; 2.10902583280192069e-01; 3.543e+01; 7.53720000000000000e+04; 7.53720000000000000e+04; 7.53720000000000000e+04; nan; 3.69994825364253543e+00; 3.84965954211023043e+00; 3.88310328026974316e+00; 3.90169489035387951e+00; 3.63555395429898809e+00; 3.78909741671980793e+00; 3.57880489238742605e+00; 3.90967473279622979e+00;;4.98826833870462449e-01; 4.98826833870462449e-01; 3.64446045701011911e-01; 3.543e+01; 7.53720000000000000e+04; 7.53720000000000000e+04; 7.53720000000000000e+04; nan; 3.69994825364253543e+00; 3.84965954211023043e+00; 3.88310328026974316e+00; 3.90169489035387951e+00; 3.63555395429898809e+00; 3.78909741671980793e+00; 3.57880489238742605e+00; 3.90967473279622979e+00;;4.98826833870462449e-01; 4.98826833870462449e-01; 4.21195107612573949e-01; 3.543e+01; 7.53720000000000000e+04; 7.53720000000000000e+04; 7.53720000000000000e+04; nan; 3.69994825364253543e+00; 3.84965954211023043e+00; 3.88310328026974316e+00; 3.90169489035387951e+00; 3.63555395429898809e+00; 3.78909741671980793e+00; 3.57880489238742605e+00; 3.90967473279622979e+00;;
David Pivovar - Imperialist Competitive Algorithm - OpenCL_40; 0; 3.378e-01 ± 1.954e-01; 1.161e+00 ± 0.000e+00; 3.995e+04 ± 0.000e+00; 3.995e+04 ± 0.000e+00; nan ± nan; ;1.16109087499344565e+00; 1.16109087499344565e+00; 3.37825951495824117e-01; 1.925e+01; 3.99500000000000000e+04; 3.99500000000000000e+04; 3.99500000000000000e+04; nan; 3.38565857821596561e+00; 3.53072733048997289e+00; 3.77383342494625751e+00; 3.73427786747209556e+00; 3.78267622940140091e+00; 3.89603096777886337e+00; 3.42534795581079132e+00; 3.76884003391805988e+00;;0.00000000000000000e+00; 0.00000000000000000e+00; 1.95361553166262747e-01; 0.000e+00; 0.00000000000000000e+00; 0.00000000000000000e+00; 0.00000000000000000e+00; nan; 0.00000000000000000e+00; 0.00000000000000000e+00; 0.00000000000000000e+00; 0.00000000000000000e+00; 0.00000000000000000e+00; 0.00000000000000000e+00; 0.00000000000000000e+00; 0.00000000000000000e+00;;1.16109087499344565e+00; 1.16109087499344565e+00; 1.03969032221136626e-01; 1.925e+01; 3.99500000000000000e+04; 3.99500000000000000e+04; 3.99500000000000000e+04; nan; 3.38565857821596561e+00; 3.53072733048997289e+00; 3.77383342494625751e+00; 3.73427786747209556e+00; 3.78267622940140091e+00; 3.89603096777886337e+00; 3.42534795581079132e+00; 3.76884003391805988e+00;;1.16109087499344565e+00; 1.16109087499344565e+00; 2.26166575053742491e-01; 1.925e+01; 3.99500000000000000e+04; 3.99500000000000000e+04; 3.99500000000000000e+04; nan; 3.38565857821596561e+00; 3.53072733048997289e+00; 3.77383342494625751e+00; 3.73427786747209556e+00; 3.78267622940140091e+00; 3.89603096777886337e+00; 3.42534795581079132e+00; 3.76884003391805988e+00;;1.16109087499344565e+00; 1.16109087499344565e+00; 2.65722132527904442e-01; 1.925e+01; 3.99500000000000000e+04; 3.99500000000000000e+04; 3.99500000000000000e+04; nan; 3.38565857821596561e+00; 3.53072733048997289e+00; 3.77383342494625751e+00; 3.73427786747209556e+00; 3.78267622940140091e+00; 3.89603096777886337e+00; 3.42534795581079132e+00; 3.76884003391805988e+00;;1.16109087499344565e+00; 1.16109087499344565e+00; 5.74652044189208677e-01; 1.925e+01; 3.99500000000000000e+04; 3.99500000000000000e+04; 3.99500000000000000e+04; nan; 3.38565857821596561e+00; 3.53072733048997289e+00; 3.77383342494625751e+00; 3.73427786747209556e+00; 3.78267622940140091e+00; 3.89603096777886337e+00; 3.42534795581079132e+00; 3.76884003391805988e+00;;1.16109087499344565e+00; 1.16109087499344565e+00; 6.14341421784034392e-01; 1.925e+01; 3.99500000000000000e+04; 3.99500000000000000e+04; 3.99500000000000000e+04; nan; 3.38565857821596561e+00; 3.53072733048997289e+00; 3.77383342494625751e+00; 3.73427786747209556e+00; 3.78267622940140091e+00; 3.89603096777886337e+00; 3.42534795581079132e+00; 3.76884003391805988e+00;;
David Pivovar - Imperialist Competitive Algorithm - Serial_7; 0; 4.720e-01 ± 1.705e-01; 1.971e+00 ± 0.000e+00; 1.871e+04 ± 0.000e+00; 1.871e+04 ± 0.000e+00; nan ± nan; ;1.97134780423041822e+00; 1.97134780423041822e+00; 4.72003274617759760e-01; 1.161e-02; 1.87060000000000000e+04; 1.87060000000000000e+04; 1.87060000000000000e+04; nan; 3.37935695301984351e+00; 3.66176537963221538e+00; 3.83006696804722768e+00; 3.59606795652328382e+00; 3.31679062823194570e+00; 3.51199653957527635e+00; 3.47167476840883982e+00; 3.45625460961928965e+00;;0.00000000000000000e+00; 0.00000000000000000e+00; 1.70542606556165321e-01; 0.000e+00; 0.00000000000000000e+00; 0.00000000000000000e+00; 0.00000000000000000e+00; nan; 0.00000000000000000e+00; 0.00000000000000000e+00; 0.00000000000000000e+00; 0.00000000000000000e+00; 0.00000000000000000e+00; 0.00000000000000000e+00; 0.00000000000000000e+00; 0.00000000000000000e+00;;1.97134780423041822e+00; 1.97134780423041822e+00; 1.69933031952772318e-01; 1.161e-02; 1.87060000000000000e+04; 1.87060000000000000e+04; 1.87060000000000000e+04; nan; 3.37935695301984351e+00; 3.66176537963221538e+00; 3.83006696804722768e+00; 3.59606795652328382e+00; 3.31679062823194570e+00; 3.51199653957527635e+00; 3.47167476840883982e+00; 3.45625460961928965e+00;;1.97134780423041822e+00; 1.97134780423041822e+00; 4.03932043476716185e-01; 1.161e-02; 1.87060000000000000e+04; 1.87060000000000000e+04; 1.87060000000000000e+04; nan; 3.37935695301984351e+00; 3.66176537963221538e+00; 3.83006696804722768e+00; 3.59606795652328382e+00; 3.31679062823194570e+00; 3.51199653957527635e+00; 3.47167476840883982e+00; 3.45625460961928965e+00;;1.97134780423041822e+00; 1.97134780423041822e+00; 5.28325231591160183e-01; 1.161e-02; 1.87060000000000000e+04; 1.87060000000000000e+04; 1.87060000000000000e+04; nan; 3.37935695301984351e+00; 3.66176537963221538e+00; 3.83006696804722768e+00; 3.59606795652328382e+00; 3.31679062823194570e+00; 3.51199653957527635e+00; 3.47167476840883982e+00; 3.45625460961928965e+00;;1.97134780423041822e+00; 1.97134780423041822e+00; 6.20643046980156488e-01; 1.161e-02; 1.87060000000000000e+04; 1.87060000000000000e+04; 1.87060000000000000e+04; nan; 3.37935695301984351e+00; 3.66176537963221538e+00; 3.83006696804722768e+00; 3.59606795652328382e+00; 3.31679062823194570e+00; 3.51199653957527635e+00; 3.47167476840883982e+00; 3.45625460961928965e+00;;1.97134780423041822e+00; 1.97134780423041822e+00; 6.83209371768054297e-01; 1.161e-02; 1.87060000000000000e+04; 1.87060000000000000e+04; 1.87060000000000000e+04; nan; 3.37935695301984351e+00; 3.66176537963221538e+00; 3.83006696804722768e+00; 3.59606795652328382e+00; 3.31679062823194570e+00; 3.51199653957527635e+00; 3.47167476840883982e+00; 3.45625460961928965e+00;;
David Pivovar - Imperialist Competitive Algorithm - SMP_25; 0; 4.794e-01 ± 2.182e-01; 2.148e+00 ± 0.000e+00; 2.544e+04 ± 0.000e+00; 2.544e+04 ± 0.000e+00; nan ± nan; ;2.14829781603780434e+00; 2.14829781603780434e+00; 4.79419399613842889e-01; 1.629e-02; 2.54440000000000000e+04; 2.54440000000000000e+04; 2.54440000000000000e+04; nan; 3.21906733247682508e+00; 3.32670505568048291e+00; 3.59918982040879376e+00; 3.36237843484479182e+00; 3.75374409381924989e+00; 3.77327223796713929e+00; 3.44754552575540263e+00; 3.68274230213657150e+00;;0.00000000000000000e+00; 0.00000000000000000e+00; 2.18228578199388817e-01; 0.000e+00; 0.00000000000000000e+00; 0.00000000000000000e+00; 0.00000000000000000e+00; nan; 0.00000000000000000e+00; 0.00000000000000000e+00; 0.00000000000000000e+00; 0.00000000000000000e+00; 0.00000000000000000e+00; 0.00000000000000000e+00; 0.00000000000000000e+00; 0.00000000000000000e+00;;2.14829781603780434e+00; 2.14829781603780434e+00; 2.26727762032860714e-01; 1.629e-02; 2.54440000000000000e+04; 2.54440000000000000e+04; 2.54440000000000000e+04; nan; 3.21906733247682508e+00; 3.32670505568048291e+00; 3.59918982040879376e+00; 3.36237843484479182e+00; 3.75374409381924989e+00; 3.77327223796713929e+00; 3.44754552575540263e+00; 3.68274230213657150e+00;;2.14829781603780434e+00; 2.14829781603780434e+00; 3.17257697863428501e-01; 1.629e-02; 2.54440000000000000e+04; 2.54440000000000000e+04; 2.54440000000000000e+04; nan; 3.21906733247682508e+00; 3.32670505568048291e+00; 3.59918982040879376e+00; 3.36237843484479182e+00; 3.75374409381924989e+00; 3.77327223796713929e+00; 3.44754552575540263e+00; 3.68274230213657150e+00;;2.14829781603780434e+00; 2.14829781603780434e+00; 5.52454474244597371e-01; 1.629e-02; 2.54440000000000000e+04; 2.54440000000000000e+04; 2.54440000000000000e+04; nan; 3.21906733247682508e+00; 3.32670505568048291e+00; 3.59918982040879376e+00; 3.36237843484479182e+00; 3.75374409381924989e+00; 3.77327223796713929e+00; 3.44754552575540263e+00; 3.68274230213657150e+00;;2.14829781603780434e+00; 2.14829781603780434e+00; 6.73294944319517086e-01; 1.629e-02; 2.54440000000000000e+04; 2.54440000000000000e+04; 2.54440000000000000e+04; nan; 3.21906733247682508e+00; 3.32670505568048291e+00; 3.59918982040879376e+00; 3.36237843484479182e+00; 3.75374409381924989e+00; 3.77327223796713929e+00; 3.44754552575540263e+00; 3.68274230213657150e+00;;2.14829781603780434e+00; 2.14829781603780434e+00; 7.80932667523174917e-01; 1.629e-02; 2.54440000000000000e+04; 2.54440000000000000e+04; 2.54440000000000000e+04; nan; 3.21906733247682508e+00; 3.32670505568048291e+00; 3.59918982040879376e+00; 3.36237843484479182e+00; 3.75374409381924989e+00; 3.77327223796713929e+00; 3.44754552575540263e+00; 3.68274230213657150e+00;;
David Pivovar - Imperialist Competitive Algorithm - SMP_7; 0; 5.188e-01 ± 2.012e-01; 2.416e+00 ± 0.000e+00; 1.238e+04 ± 0.000e+00; 1.238e+04 ± 0.000e+00; nan ± nan; ;2.41639772231071071e+00; 2.41639772231071071e+00; 5.18817300956664118e-01; 1.328e-02; 1.23810000000000000e+04; 1.23810000000000000e+04; 1.23810000000000000e+04; nan; 3.66824738832240982e+00; 3.34682694711915296e+00; 3.44785900388924071e+00; 3.49092039485268035e+00; 3.32160016716290141e+00; 3.70451975908220588e+00; 3.18065983424541843e+00; 3.68882809767267794e+00;;0.00000000000000000e+00; 0.00000000000000000e+00; 2.01160704273607244e-01; 0.000e+00; 0.00000000000000000e+00; 0.00000000000000000e+00; 0.00000000000000000e+00; nan; 0.00000000000000000e+00; 0.00000000000000000e+00; 0.00000000000000000e+00; 0.00000000000000000e+00; 0.00000000000000000e+00; 0.00000000000000000e+00; 0.00000000000000000e+00; 0.00000000000000000e+00;;2.41639772231071071e+00; 2.41639772231071071e+00; 2.95480240917794124e-01; 1.328e-02; 1.23810000000000000e+04; 1.23810000000000000e+04; 1.23810000000000000e+04; nan; 3.66824738832240982e+00; 3.34682694711915296e+00; 3.44785900388924071e+00; 3.49092039485268035e+00; 3.32160016716290141e+00; 3.70451975908220588e+00; 3.18065983424541843e+00; 3.68882809767267794e+00;;2.41639772231071071e+00; 2.41639772231071071e+00; 3.31752611677590181e-01; 1.328e-02; 1.23810000000000000e+04; 1.23810000000000000e+04; 1.23810000000000000e+04; nan; 3.66824738832240982e+00; 3.34682694711915296e+00; 3.44785900388924071e+00; 3.49092039485268035e+00; 3.32160016716290141e+00; 3.70451975908220588e+00; 3.18065983424541843e+00; 3.68882809767267794e+00;;2.41639772231071071e+00; 2.41639772231071071e+00; 5.52140996110759286e-01; 1.328e-02; 1.23810000000000000e+04; 1.23810000000000000e+04; 1.23810000000000000e+04; nan; 3.66824738832240982e+00; 3.34682694711915296e+00; 3.44785900388924071e+00; 3.49092039485268035e+00; 3.32160016716290141e+00; 3.70451975908220588e+00; 3.18065983424541843e+00; 3.68882809767267794e+00;;2.41639772231071071e+00; 2.41639772231071071e+00; 6.78399832837098593e-01; 1.328e-02; 1.23810000000000000e+04; 1.23810000000000000e+04; 1.23810000000000000e+04; nan; 3.66824738832240982e+00; 3.34682694711915296e+00; 3.44785900388924071e+00; 3.49092039485268035e+00; 3.32160016716290141e+00; 3.70451975908220588e+00; 3.18065983424541843e+00; 3.68882809767267794e+00;;2.41639772231071071e+00; 2.41639772231071071e+00; 8.19340165754581573e-01; 1.328e-02; 1.23810000000000000e+04; 1.23810000000000000e+04; 1.23810000000000000e+04; nan; 3.66824738832240982e+00; 3.34682694711915296e+00; 3.44785900388924071e+00; 3.49092039485268035e+00; 3.32160016716290141e+00; 3.70451975908220588e+00; 3.18065983424541843e+00; 3.68882809767267794e+00;;
David Pivovar - Imperialist Competitive Algorithm - OpenCL_7; 0; 6.661e-01 ± 5.096e-01; 5.238e+00 ± 0.000e+00; 2.203e+03 ± 0.000e+00; 2.203e+03 ± 0.000e+00; nan ± nan; ;5.23818128344383904e+00; 5.23818128344383904e+00; 6.66138846567050580e-01; 1.539e+00; 2.20300000000000000e+03; 2.20300000000000000e+03; 2.20300000000000000e+03; nan; 3.33560316729643080e+00; 3.83883683351394955e+00; 2.72473014934061597e+00; 3.76994671724638186e+00; 2.50322538966716435e+00; 3.45063249825437923e+00; 3.74324534417667287e+00; 3.30466912796800116e+00;;0.00000000000000000e+00; 0.00000000000000000e+00; 5.09638420873586129e-01; 0.000e+00; 0.00000000000000000e+00; 0.00000000000000000e+00; 0.00000000000000000e+00; nan; 0.00000000000000000e+00; 0.00000000000000000e+00; 0.00000000000000000e+00; 0.00000000000000000e+00; 0.00000000000000000e+00; 0.00000000000000000e+00; 0.00000000000000000e+00; 0.00000000000000000e+00;;5.23818128344383904e+00; 5.23818128344383904e+00; 1.61163166486050446e-01; 1.539e+00; 2.20300000000000000e+03; 2.20300000000000000e+03; 2.20300000000000000e+03; nan; 3.33560316729643080e+00; 3.83883683351394955e+00; 2.72473014934061597e+00; 3.76994671724638186e+00; 2.50322538966716435e+00; 3.45063249825437923e+00; 3.74324534417667287e+00; 3.30466912796800116e+00;;5.23818128344383904e+00; 5.23818128344383904e+00; 2.56754655823327127e-01; 1.539e+00; 2.20300000000000000e+03; 2.20300000000000000e+03; 2.20300000000000000e+03; nan; 3.33560316729643080e+00; 3.83883683351394955e+00; 2.72473014934061597e+00; 3.76994671724638186e+00; 2.50322538966716435e+00; 3.45063249825437923e+00; 3.74324534417667287e+00; 3.30466912796800116e+00;;5.23818128344383904e+00; 5.23818128344383904e+00; 6.64396832703569196e-01; 1.539e+00; 2.20300000000000000e+03; 2.20300000000000000e+03; 2.20300000000000000e+03; nan; 3.33560316729643080e+00; 3.83883683351394955e+00; 2.72473014934061597e+00; 3.76994671724638186e+00; 2.50322538966716435e+00; 3.45063249825437923e+00; 3.74324534417667287e+00; 3.30466912796800116e+00;;5.23818128344383904e+00; 5.23818128344383904e+00; 1.27526985065938403e+00; 1.539e+00; 2.20300000000000000e+03; 2.20300000000000000e+03; 2.20300000000000000e+03; nan; 3.33560316729643080e+00; 3.83883683351394955e+00; 2.72473014934061597e+00; 3.76994671724638186e+00; 2.50322538966716435e+00; 3.45063249825437923e+00; 3.74324534417667287e+00; 3.30466912796800116e+00;;5.23818128344383904e+00; 5.23818128344383904e+00; 1.49677461033283565e+00; 1.539e+00; 2.20300000000000000e+03; 2.20300000000000000e+03; 2.20300000000000000e+03; nan; 3.33560316729643080e+00; 3.83883683351394955e+00; 2.72473014934061597e+00; 3.76994671724638186e+00; 2.50322538966716435e+00; 3.45063249825437923e+00; 3.74324534417667287e+00; 3.30466912796800116e+00;;
David Pivovar - Imperialist Competitive Algorithm - OpenCL_15; 0; 7.142e-01 ± 1.942e-01; 4.325e+00 ± 0.000e+00; 8.598e+03 ± 0.000e+00; 8.598e+03 ± 0.000e+00; nan ± nan; ;4.32534165911609225e+00; 4.32534165911609225e+00; 7.14170465022757606e-01; 4.164e+00; 8.59800000000000000e+03; 8.59800000000000000e+03; 8.59800000000000000e+03; nan; 3.20917600857799590e+00; 3.26376467265060155e+00; 2.90119470543021007e+00; 3.22802391652643639e+00; 3.32844293406484582e+00; 3.49201433743668277e+00; 3.44451037851320629e+00; 3.41950932661795948e+00;;0.00000000000000000e+00; 0.00000000000000000e+00; 1.94155383542118642e-01; 0.000e+00; 0.00000000000000000e+00; 0.00000000000000000e+00; 0.00000000000000000e+00; nan; 0.00000000000000000e+00; 0.00000000000000000e+00; 0.00000000000000000e+00; 0.00000000000000000e+00; 0.00000000000000000e+00; 0.00000000000000000e+00; 0.00000000000000000e+00; 0.00000000000000000e+00;;4.32534165911609225e+00; 4.32534165911609225e+00; 5.07985662563317231e-01; 4.164e+00; 8.59800000000000000e+03; 8.59800000000000000e+03; 8.59800000000000000e+03; nan; 3.20917600857799590e+00; 3.26376467265060155e+00; 2.90119470543021007e+00; 3.22802391652643639e+00; 3.32844293406484582e+00; 3.49201433743668277e+00; 3.44451037851320629e+00; 3.41950932661795948e+00;;4.32534165911609225e+00; 4.32534165911609225e+00; 5.80490673382040523e-01; 4.164e+00; 8.59800000000000000e+03; 8.59800000000000000e+03; 8.59800000000000000e+03; nan; 3.20917600857799590e+00; 3.26376467265060155e+00; 2.90119470543021007e+00; 3.22802391652643639e+00; 3.32844293406484582e+00; 3.49201433743668277e+00; 3.44451037851320629e+00; 3.41950932661795948e+00;;4.32534165911609225e+00; 4.32534165911609225e+00; 7.36235327349398450e-01; 4.164e+00; 8.59800000000000000e+03; 8.59800000000000000e+03; 8.59800000000000000e+03; nan; 3.20917600857799590e+00; 3.26376467265060155e+00; 2.90119470543021007e+00; 3.22802391652643639e+00; 3.32844293406484582e+00; 3.49201433743668277e+00; 3.44451037851320629e+00; 3.41950932661795948e+00;;4.32534165911609225e+00; 4.32534165911609225e+00; 7.90823991422004102e-01; 4.164e+00; 8.59800000000000000e+03; 8.59800000000000000e+03; 8.59800000000000000e+03; nan; 3.20917600857799590e+00; 3.26376467265060155e+00; 2.90119470543021007e+00; 3.22802391652643639e+00; 3.32844293406484582e+00; 3.49201433743668277e+00; 3.44451037851320629e+00; 3.41950932661795948e+00;;4.32534165911609225e+00; 4.32534165911609225e+00; 1.09880529456978993e+00; 4.164e+00; 8.59800000000000000e+03; 8.59800000000000000e+03; 8.59800000000000000e+03; nan; 3.20917600857799590e+00; 3.26376467265060155e+00; 2.90119470543021007e+00; 3.22802391652643639e+00; 3.32844293406484582e+00; 3.49201433743668277e+00; 3.44451037851320629e+00; 3.41950932661795948e+00;;
David Pivovar - Imperialist Competitive Algorithm - OpenCL_100; 0; 7.469e-01 ± 3.417e-01; 5.222e+00 ± 0.000e+00; 4.157e+04 ± 0.000e+00; 4.157e+04 ± 0.000e+00; nan ± nan; ;5.22238174962586843e+00; 5.22238174962586843e+00; 7.46946401502867063e-01; 1.954e+01; 4.15660000000000000e+04; 4.15660000000000000e+04; 4.15660000000000000e+04; nan; 2.73256569296191421e+00; 3.10574882230030846e+00; 3.10677031176467588e+00; 3.75722835335087568e+00; 3.21627913466742932e+00; 3.52535449916042642e+00; 3.52739816068714784e+00; 3.05308381308428567e+00;;0.00000000000000000e+00; 0.00000000000000000e+00; 3.41703951009599771e-01; 0.000e+00; 0.00000000000000000e+00; 0.00000000000000000e+00; 0.00000000000000000e+00; nan; 0.00000000000000000e+00; 0.00000000000000000e+00; 0.00000000000000000e+00; 0.00000000000000000e+00; 0.00000000000000000e+00; 0.00000000000000000e+00; 0.00000000000000000e+00; 0.00000000000000000e+00;;5.22238174962586843e+00; 5.22238174962586843e+00; 2.42771646649124317e-01; 1.954e+01; 4.15660000000000000e+04; 4.15660000000000000e+04; 4.15660000000000000e+04; nan; 2.73256569296191421e+00; 3.10574882230030846e+00; 3.10677031176467588e+00; 3.75722835335087568e+00; 3.21627913466742932e+00; 3.52535449916042642e+00; 3.52739816068714784e+00; 3.05308381308428567e+00;;5.22238174962586843e+00; 5.22238174962586843e+00; 4.74645500839573575e-01; 1.954e+01; 4.15660000000000000e+04; 4.15660000000000000e+04; 4.15660000000000000e+04; nan; 2.73256569296191421e+00; 3.10574882230030846e+00; 3.10677031176467588e+00; 3.75722835335087568e+00; 3.21627913466742932e+00; 3.52535449916042642e+00; 3.52739816068714784e+00; 3.05308381308428567e+00;;5.22238174962586843e+00; 5.22238174962586843e+00; 8.93229688235324115e-01; 1.954e+01; 4.15660000000000000e+04; 4.15660000000000000e+04; 4.15660000000000000e+04; nan; 2.73256569296191421e+00; 3.10574882230030846e+00; 3.10677031176467588e+00; 3.75722835335087568e+00; 3.21627913466742932e+00; 3.52535449916042642e+00; 3.52739816068714784e+00; 3.05308381308428567e+00;;5.22238174962586843e+00; 5.22238174962586843e+00; 9.46916186915714331e-01; 1.954e+01; 4.15660000000000000e+04; 4.15660000000000000e+04; 4.15660000000000000e+04; nan; 2.73256569296191421e+00; 3.10574882230030846e+00; 3.10677031176467588e+00; 3.75722835335087568e+00; 3.21627913466742932e+00; 3.52535449916042642e+00; 3.52739816068714784e+00; 3.05308381308428567e+00;;5.22238174962586843e+00; 5.22238174962586843e+00; 1.26743430703808579e+00; 1.954e+01; 4.15660000000000000e+04; 4.15660000000000000e+04; 4.15660000000000000e+04; nan; 2.73256569296191421e+00; 3.10574882230030846e+00; 3.10677031176467588e+00; 3.75722835335087568e+00; 3.21627913466742932e+00; 3.52535449916042642e+00; 3.52739816068714784e+00; 3.05308381308428567e+00;;
David Pivovar - Imperialist Competitive Algorithm - OpenCL_25; 0; 7.667e-01 ± 4.639e-01; 6.101e+00 ± 0.000e+00; 7.344e+03 ± 0.000e+00; 7.344e+03 ± 0.000e+00; nan ± nan; ;6.10136740642884501e+00; 6.10136740642884501e+00; 7.66710405609504542e-01; 3.721e+00; 7.34400000000000000e+03; 7.34400000000000000e+03; 7.34400000000000000e+03; nan; 3.51030420107520991e+00; 3.34209416225779821e+00; 3.23162556171172710e+00; 2.78207167263411481e+00; 2.83203963590764207e+00; 3.67779223981899683e+00; 3.85657224038634805e+00; 2.63381704133212668e+00;;0.00000000000000000e+00; 0.00000000000000000e+00; 4.63864807537998469e-01; 0.000e+00; 0.00000000000000000e+00; 0.00000000000000000e+00; 0.00000000000000000e+00; nan; 0.00000000000000000e+00; 0.00000000000000000e+00; 0.00000000000000000e+00; 0.00000000000000000e+00; 0.00000000000000000e+00; 0.00000000000000000e+00; 0.00000000000000000e+00; 0.00000000000000000e+00;;6.10136740642884501e+00; 6.10136740642884501e+00; 1.43427759613651951e-01; 3.721e+00; 7.34400000000000000e+03; 7.34400000000000000e+03; 7.34400000000000000e+03; nan; 3.51030420107520991e+00; 3.34209416225779821e+00; 3.23162556171172710e+00; 2.78207167263411481e+00; 2.83203963590764207e+00; 3.67779223981899683e+00; 3.85657224038634805e+00; 2.63381704133212668e+00;;6.10136740642884501e+00; 6.10136740642884501e+00; 4.89695798924790093e-01; 3.721e+00; 7.34400000000000000e+03; 7.34400000000000000e+03; 7.34400000000000000e+03; nan; 3.51030420107520991e+00; 3.34209416225779821e+00; 3.23162556171172710e+00; 2.78207167263411481e+00; 2.83203963590764207e+00; 3.67779223981899683e+00; 3.85657224038634805e+00; 2.63381704133212668e+00;;6.10136740642884501e+00; 6.10136740642884501e+00; 7.68374438288272898e-01; 3.721e+00; 7.34400000000000000e+03; 7.34400000000000000e+03; 7.34400000000000000e+03; nan; 3.51030420107520991e+00; 3.34209416225779821e+00; 3.23162556171172710e+00; 2.78207167263411481e+00; 2.83203963590764207e+00; 3.67779223981899683e+00; 3.85657224038634805e+00; 2.63381704133212668e+00;;6.10136740642884501e+00; 6.10136740642884501e+00; 1.21792832736588519e+00; 3.721e+00; 7.34400000000000000e+03; 7.34400000000000000e+03; 7.34400000000000000e+03; nan; 3.51030420107520991e+00; 3.34209416225779821e+00; 3.23162556171172710e+00; 2.78207167263411481e+00; 2.83203963590764207e+00; 3.67779223981899683e+00; 3.85657224038634805e+00; 2.63381704133212668e+00;;6.10136740642884501e+00; 6.10136740642884501e+00; 1.36618295866787332e+00; 3.721e+00; 7.34400000000000000e+03; 7.34400000000000000e+03; 7.34400000000000000e+03; nan; 3.51030420107520991e+00; 3.34209416225779821e+00; 3.23162556171172710e+00; 2.78207167263411481e+00; 2.83203963590764207e+00; 3.67779223981899683e+00; 3.85657224038634805e+00; 2.63381704133212668e+00;;

--=== Sphere evaluation completed. ===--

--=== Evaluating solvers on Rosenbrock with problem size = 8... ===--
Problem ordinal number: 1
upper_bound[0]=2.000e+00, optimum_parameter[0]=1.000e+00, optimum_fitness=0.000e+00

Executing David Pivovar - Imperialist Competitive Algorithm - Serial_7...
Executing David Pivovar - Imperialist Competitive Algorithm - Serial_15...
Executing David Pivovar - Imperialist Competitive Algorithm - Serial_25...
Executing David Pivovar - Imperialist Competitive Algorithm - Serial_40...
Executing David Pivovar - Imperialist Competitive Algorithm - Serial_60...
Executing David Pivovar - Imperialist Competitive Algorithm - Serial_100...
Executing David Pivovar - Imperialist Competitive Algorithm - SMP_7...
Executing David Pivovar - Imperialist Competitive Algorithm - SMP_15...
Executing David Pivovar - Imperialist Competitive Algorithm - SMP_25...
Executing David Pivovar - Imperialist Competitive Algorithm - SMP_40...
Executing David Pivovar - Imperialist Competitive Algorithm - SMP_60...
Executing David Pivovar - Imperialist Competitive Algorithm - SMP_100...
Executing David Pivovar - Imperialist Competitive Algorithm - OpenCL_7...
Executing David Pivovar - Imperialist Competitive Algorithm - OpenCL_15...
Executing David Pivovar - Imperialist Competitive Algorithm - OpenCL_25...
Executing David Pivovar - Imperialist Competitive Algorithm - OpenCL_40...
Executing David Pivovar - Imperialist Competitive Algorithm - OpenCL_60...
Executing David Pivovar - Imperialist Competitive Algorithm - OpenCL_100...

general;;;;;;;;Average;;;;;;;;;; ; ; ; ; ; ; ; Standard Deviation;;;;;;;;;; ; ; ; ; ; ; ; Minimum;;;;;;;;;; ; ; ; ; ; ; ; Q25;;;;;;;;;; ; ; ; ; ; ; ; Median;;;;;;;;;; ; ; ; ; ; ; ; Q75;;;;;;;;;; ; ; ; ; ; ; ; Maximum;;;;;;;;;; ; ; ; ; ; ; ; 
solver; fails; param_err; fitness_err; least_calls; lc_001; param_err001; ; fitness; fitness_err; param_err; time; total calls; least calls; lc_001; pe_001; 0; 1; 2; 3; 4; 5; 6; 7; ; fitness; fitness_err; param_err; time; total calls; least calls; lc_001; pe_001; 0; 1; 2; 3; 4; 5; 6; 7; ; fitness; fitness_err; param_err; time; total calls; least calls; lc_001; pe_001; 0; 1; 2; 3; 4; 5; 6; 7; ; fitness; fitness_err; param_err; time; total calls; least calls; lc_001; pe_001; 0; 1; 2; 3; 4; 5; 6; 7; ; fitness; fitness_err; param_err; time; total calls; least calls; lc_001; pe_001; 0; 1; 2; 3; 4; 5; 6; 7; ; fitness; fitness_err; param_err; time; total calls; least calls; lc_001; pe_001; 0; 1; 2; 3; 4; 5; 6; 7; ; fitness; fitness_err; param_err; time; total calls; least calls; lc_001; pe_001; 0; 1; 2; 3; 4; 5; 6; 7; 
David Pivovar - Imperialist Competitive Algorithm - SMP_100; 0; 5.843e-02 ± 8.116e-02; 1.943e-02 ± 0.000e+00; 9.900e+06 ± 0.000e+00; 9.900e+06 ± 0.000e+00; nan ± nan; ;1.94308302731956636e-02; 1.94308302731956636e-02; 5.84327014909484521e-02; 5.816e+00; 9.89970200000000000e+06; 9.89970200000000000e+06; 9.89970200000000000e+06; nan; 9.97921990517183333e-01; 9.95994128728723394e-01; 9.92081093726512320e-01; 9.84252723476099045e-01; 9.68752197036958917e-01; 9.38339750009128837e-01; 8.80378055723944120e-01; 7.74818448853862418e-01;;0.00000000000000000e+00; 0.00000000000000000e+00; 8.11556512485227532e-02; 0.000e+00; 0.00000000000000000e+00; 0.00000000000000000e+00; 0.00000000000000000e+00; nan; 0.00000000000000000e+00; 0.00000000000000000e+00; 0.00000000000000000e+00; 0.00000000000000000e+00; 0.00000000000000000e+00; 0.00000000000000000e+00; 0.00000000000000000e+00; 0.00000000000000000e+00;;1.94308302731956636e-02; 1.94308302731956636e-02; 2.07800948281666731e-03; 5.816e+00; 9.89970200000000000e+06; 9.89970200000000000e+06; 9.89970200000000000e+06; nan; 9.97921990517183333e-01; 9.95994128728723394e-01; 9.92081093726512320e-01; 9.84252723476099045e-01; 9.68752197036958917e-01; 9.38339750009128837e-01; 8.80378055723944120e-01; 7.74818448853862418e-01;;1.94308302731956636e-02; 1.94308302731956636e-02; 7.91890627348768028e-03; 5.816e+00; 9.89970200000000000e+06; 9.89970200000000000e+06; 9.89970200000000000e+06; nan; 9.97921990517183333e-01; 9.95994128728723394e-01; 9.92081093726512320e-01; 9.84252723476099045e-01; 9.68752197036958917e-01; 9.38339750009128837e-01; 8.80378055723944120e-01; 7.74818448853862418e-01;;1.94308302731956636e-02; 1.94308302731956636e-02; 3.12478029630410825e-02; 5.816e+00; 9.89970200000000000e+06; 9.89970200000000000e+06; 9.89970200000000000e+06; nan; 9.97921990517183333e-01; 9.95994128728723394e-01; 9.92081093726512320e-01; 9.84252723476099045e-01; 9.68752197036958917e-01; 9.38339750009128837e-01; 8.80378055723944120e-01; 7.74818448853862418e-01;;1.94308302731956636e-02; 1.94308302731956636e-02; 1.19621944276055880e-01; 5.816e+00; 9.89970200000000000e+06; 9.89970200000000000e+06; 9.89970200000000000e+06; nan; 9.97921990517183333e-01; 9.95994128728723394e-01; 9.92081093726512320e-01; 9.84252723476099045e-01; 9.68752197036958917e-01; 9.38339750009128837e-01; 8.80378055723944120e-01; 7.74818448853862418e-01;;1.94308302731956636e-02; 1.94308302731956636e-02; 2.25181551146137582e-01; 5.816e+00; 9.89970200000000000e+06; 9.89970200000000000e+06; 9.89970200000000000e+06; nan; 9.97921990517183333e-01; 9.95994128728723394e-01; 9.92081093726512320e-01; 9.84252723476099045e-01; 9.68752197036958917e-01; 9.38339750009128837e-01; 8.80378055723944120e-01; 7.74818448853862418e-01;;
David Pivovar - Imperialist Competitive Algorithm - SMP_60; 0; 6.081e-02 ± 8.427e-02; 2.109e-02 ± 0.000e+00; 5.900e+06 ± 0.000e+00; 5.900e+06 ± 0.000e+00; nan ± nan; ;2.10861764662500159e-02; 2.10861764662500159e-02; 6.08093833103599130e-02; 3.291e+00; 5.89993100000000000e+06; 5.89993100000000000e+06; 5.89993100000000000e+06; nan; 9.97849017165698626e-01; 9.95788216721781083e-01; 9.91662360487546413e-01; 9.83475167848675058e-01; 9.67324274759215230e-01; 9.35800024136326680e-01; 8.75435855209964142e-01; 7.66190017187913464e-01;;0.00000000000000000e+00; 0.00000000000000000e+00; 8.42664067730649613e-02; 0.000e+00; 0.00000000000000000e+00; 0.00000000000000000e+00; 0.00000000000000000e+00; nan; 0.00000000000000000e+00; 0.00000000000000000e+00; 0.00000000000000000e+00; 0.00000000000000000e+00; 0.00000000000000000e+00; 0.00000000000000000e+00; 0.00000000000000000e+00; 0.00000000000000000e+00;;2.10861764662500159e-02; 2.10861764662500159e-02; 2.15098283430137371e-03; 3.291e+00; 5.89993100000000000e+06; 5.89993100000000000e+06; 5.89993100000000000e+06; nan; 9.97849017165698626e-01; 9.95788216721781083e-01; 9.91662360487546413e-01; 9.83475167848675058e-01; 9.67324274759215230e-01; 9.35800024136326680e-01; 8.75435855209964142e-01; 7.66190017187913464e-01;;2.10861764662500159e-02; 2.10861764662500159e-02; 8.33763951245358736e-03; 3.291e+00; 5.89993100000000000e+06; 5.89993100000000000e+06; 5.89993100000000000e+06; nan; 9.97849017165698626e-01; 9.95788216721781083e-01; 9.91662360487546413e-01; 9.83475167848675058e-01; 9.67324274759215230e-01; 9.35800024136326680e-01; 8.75435855209964142e-01; 7.66190017187913464e-01;;2.10861764662500159e-02; 2.10861764662500159e-02; 3.26757252407847698e-02; 3.291e+00; 5.89993100000000000e+06; 5.89993100000000000e+06; 5.89993100000000000e+06; nan; 9.97849017165698626e-01; 9.95788216721781083e-01; 9.91662360487546413e-01; 9.83475167848675058e-01; 9.67324274759215230e-01; 9.35800024136326680e-01; 8.75435855209964142e-01; 7.66190017187913464e-01;;2.10861764662500159e-02; 2.10861764662500159e-02; 1.24564144790035858e-01; 3.291e+00; 5.89993100000000000e+06; 5.89993100000000000e+06; 5.89993100000000000e+06; nan; 9.97849017165698626e-01; 9.95788216721781083e-01; 9.91662360487546413e-01; 9.83475167848675058e-01; 9.67324274759215230e-01; 9.35800024136326680e-01; 8.75435855209964142e-01; 7.66190017187913464e-01;;2.10861764662500159e-02; 2.10861764662500159e-02; 2.33809982812086536e-01; 3.291e+00; 5.89993100000000000e+06; 5.89993100000000000e+06; 5.89993100000000000e+06; nan; 9.97849017165698626e-01; 9.95788216721781083e-01; 9.91662360487546413e-01; 9.83475167848675058e-01; 9.67324274759215230e-01; 9.35800024136326680e-01; 8.75435855209964142e-01; 7.66190017187913464e-01;;
David Pivovar - Imperialist Competitive Algorithm - Serial_100; 0; 6.442e-02 ± 8.909e-02; 2.376e-02 ± 0.000e+00; 9.900e+06 ± 0.000e+00; 9.900e+06 ± 0.000e+00; nan ± nan; ;2.37645048175995910e-02; 2.37645048175995910e-02; 6.44158664412414622e-02; 5.899e+00; 9.89958800000000000e+06; 9.89958800000000000e+06; 9.89958800000000000e+06; nan; 9.97773399157746654e-01; 9.95565135014731983e-01; 9.91202468167423301e-01; 9.82473493625755534e-01; 9.65236600968858216e-01; 9.31610868341954723e-01; 8.67844402155916295e-01; 7.52966701037681596e-01;;0.00000000000000000e+00; 0.00000000000000000e+00; 8.90894883332710441e-02; 0.000e+00; 0.00000000000000000e+00; 0.00000000000000000e+00; 0.00000000000000000e+00; nan; 0.00000000000000000e+00; 0.00000000000000000e+00; 0.00000000000000000e+00; 0.00000000000000000e+00; 0.00000000000000000e+00; 0.00000000000000000e+00; 0.00000000000000000e+00; 0.00000000000000000e+00;;2.37645048175995910e-02; 2.37645048175995910e-02; 2.22660084225334565e-03; 5.899e+00; 9.89958800000000000e+06; 9.89958800000000000e+06; 9.89958800000000000e+06; nan; 9.97773399157746654e-01; 9.95565135014731983e-01; 9.91202468167423301e-01; 9.82473493625755534e-01; 9.65236600968858216e-01; 9.31610868341954723e-01; 8.67844402155916295e-01; 7.52966701037681596e-01;;2.37645048175995910e-02; 2.37645048175995910e-02; 8.79753183257669935e-03; 5.899e+00; 9.89958800000000000e+06; 9.89958800000000000e+06; 9.89958800000000000e+06; nan; 9.97773399157746654e-01; 9.95565135014731983e-01; 9.91202468167423301e-01; 9.82473493625755534e-01; 9.65236600968858216e-01; 9.31610868341954723e-01; 8.67844402155916295e-01; 7.52966701037681596e-01;;2.37645048175995910e-02; 2.37645048175995910e-02; 3.47633990311417840e-02; 5.899e+00; 9.89958800000000000e+06; 9.89958800000000000e+06; 9.89958800000000000e+06; nan; 9.97773399157746654e-01; 9.95565135014731983e-01; 9.91202468167423301e-01; 9.82473493625755534e-01; 9.65236600968858216e-01; 9.31610868341954723e-01; 8.67844402155916295e-01; 7.52966701037681596e-01;;2.37645048175995910e-02; 2.37645048175995910e-02; 1.32155597844083705e-01; 5.899e+00; 9.89958800000000000e+06; 9.89958800000000000e+06; 9.89958800000000000e+06; nan; 9.97773399157746654e-01; 9.95565135014731983e-01; 9.91202468167423301e-01; 9.82473493625755534e-01; 9.65236600968858216e-01; 9.31610868341954723e-01; 8.67844402155916295e-01; 7.52966701037681596e-01;;2.37645048175995910e-02; 2.37645048175995910e-02; 2.47033298962318404e-01; 5.899e+00; 9.89958800000000000e+06; 9.89958800000000000e+06; 9.89958800000000000e+06; nan; 9.97773399157746654e-01; 9.95565135014731983e-01; 9.91202468167423301e-01; 9.82473493625755534e-01; 9.65236600968858216e-01; 9.31610868341954723e-01; 8.67844402155916295e-01; 7.52966701037681596e-01;;
David Pivovar - Imperialist Competitive Algorithm - Serial_40; 0; 6.675e-02 ± 9.229e-02; 2.558e-02 ± 0.000e+00; 3.900e+06 ± 0.000e+00; 3.900e+06 ± 0.000e+00; nan ± nan; ;2.55843719328427560e-02; 2.55843719328427560e-02; 6.67523922277229731e-02; 2.355e+00; 3.89997800000000000e+06; 3.89997800000000000e+06; 3.89997800000000000e+06; nan; 9.97673374308432392e-01; 9.95415400696347596e-01; 9.90852339052670339e-01; 9.81818573135316064e-01; 9.63933017776995471e-01; 9.29179901551059562e-01; 8.63000961942127387e-01; 7.44107293715267404e-01;;0.00000000000000000e+00; 0.00000000000000000e+00; 9.22869670655577234e-02; 0.000e+00; 0.00000000000000000e+00; 0.00000000000000000e+00; 0.00000000000000000e+00; nan; 0.00000000000000000e+00; 0.00000000000000000e+00; 0.00000000000000000e+00; 0.00000000000000000e+00; 0.00000000000000000e+00; 0.00000000000000000e+00; 0.00000000000000000e+00; 0.00000000000000000e+00;;2.55843719328427560e-02; 2.55843719328427560e-02; 2.32662569156760757e-03; 2.355e+00; 3.89997800000000000e+06; 3.89997800000000000e+06; 3.89997800000000000e+06; nan; 9.97673374308432392e-01; 9.95415400696347596e-01; 9.90852339052670339e-01; 9.81818573135316064e-01; 9.63933017776995471e-01; 9.29179901551059562e-01; 8.63000961942127387e-01; 7.44107293715267404e-01;;2.55843719328427560e-02; 2.55843719328427560e-02; 9.14766094732966106e-03; 2.355e+00; 3.89997800000000000e+06; 3.89997800000000000e+06; 3.89997800000000000e+06; nan; 9.97673374308432392e-01; 9.95415400696347596e-01; 9.90852339052670339e-01; 9.81818573135316064e-01; 9.63933017776995471e-01; 9.29179901551059562e-01; 8.63000961942127387e-01; 7.44107293715267404e-01;;2.55843719328427560e-02; 2.55843719328427560e-02; 3.60669822230045289e-02; 2.355e+00; 3.89997800000000000e+06; 3.89997800000000000e+06; 3.89997800000000000e+06; nan; 9.97673374308432392e-01; 9.95415400696347596e-01; 9.90852339052670339e-01; 9.81818573135316064e-01; 9.63933017776995471e-01; 9.29179901551059562e-01; 8.63000961942127387e-01; 7.44107293715267404e-01;;2.55843719328427560e-02; 2.55843719328427560e-02; 1.36999038057872613e-01; 2.355e+00; 3.89997800000000000e+06; 3.89997800000000000e+06; 3.89997800000000000e+06; nan; 9.97673374308432392e-01; 9.95415400696347596e-01; 9.90852339052670339e-01; 9.81818573135316064e-01; 9.63933017776995471e-01; 9.29179901551059562e-01; 8.63000961942127387e-01; 7.44107293715267404e-01;;2.55843719328427560e-02; 2.55843719328427560e-02; 2.55892706284732596e-01; 2.355e+00; 3.89997800000000000e+06; 3.89997800000000000e+06; 3.89997800000000000e+06; nan; 9.97673374308432392e-01; 9.95415400696347596e-01; 9.90852339052670339e-01; 9.81818573135316064e-01; 9.63933017776995471e-01; 9.29179901551059562e-01; 8.63000961942127387e-01; 7.44107293715267404e-01;;
David Pivovar - Imperialist Competitive Algorithm - SMP_40; 0; 6.763e-02 ± 9.337e-02; 2.627e-02 ± 0.000e+00; 3.900e+06 ± 0.000e+00; 3.900e+06 ± 0.000e+00; nan ± nan; ;2.62675208078872631e-02; 2.62675208078872631e-02; 6.76303005653505485e-02; 2.320e+00; 3.89997000000000000e+06; 3.89997000000000000e+06; 3.89997000000000000e+06; nan; 9.97624961221266426e-01; 9.95308894068058669e-01; 9.90693745643071888e-01; 9.81455704115743788e-01; 9.63442642693325024e-01; 9.28140189618078093e-01; 8.61202529537873351e-01; 7.41088928579778372e-01;;0.00000000000000000e+00; 0.00000000000000000e+00; 9.33704265152123236e-02; 0.000e+00; 0.00000000000000000e+00; 0.00000000000000000e+00; 0.00000000000000000e+00; nan; 0.00000000000000000e+00; 0.00000000000000000e+00; 0.00000000000000000e+00; 0.00000000000000000e+00; 0.00000000000000000e+00; 0.00000000000000000e+00; 0.00000000000000000e+00; 0.00000000000000000e+00;;2.62675208078872631e-02; 2.62675208078872631e-02; 2.37503877873357361e-03; 2.320e+00; 3.89997000000000000e+06; 3.89997000000000000e+06; 3.89997000000000000e+06; nan; 9.97624961221266426e-01; 9.95308894068058669e-01; 9.90693745643071888e-01; 9.81455704115743788e-01; 9.63442642693325024e-01; 9.28140189618078093e-01; 8.61202529537873351e-01; 7.41088928579778372e-01;;2.62675208078872631e-02; 2.62675208078872631e-02; 9.30625435692811198e-03; 2.320e+00; 3.89997000000000000e+06; 3.89997000000000000e+06; 3.89997000000000000e+06; nan; 9.97624961221266426e-01; 9.95308894068058669e-01; 9.90693745643071888e-01; 9.81455704115743788e-01; 9.63442642693325024e-01; 9.28140189618078093e-01; 8.61202529537873351e-01; 7.41088928579778372e-01;;2.62675208078872631e-02; 2.62675208078872631e-02; 3.65573573066749757e-02; 2.320e+00; 3.89997000000000000e+06; 3.89997000000000000e+06; 3.89997000000000000e+06; nan; 9.97624961221266426e-01; 9.95308894068058669e-01; 9.90693745643071888e-01; 9.81455704115743788e-01; 9.63442642693325024e-01; 9.28140189618078093e-01; 8.61202529537873351e-01; 7.41088928579778372e-01;;2.62675208078872631e-02; 2.62675208078872631e-02; 1.38797470462126649e-01; 2.320e+00; 3.89997000000000000e+06; 3.89997000000000000e+06; 3.89997000000000000e+06; nan; 9.97624961221266426e-01; 9.95308894068058669e-01; 9.90693745643071888e-01; 9.81455704115743788e-01; 9.63442642693325024e-01; 9.28140189618078093e-01; 8.61202529537873351e-01; 7.41088928579778372e-01;;2.62675208078872631e-02; 2.62675208078872631e-02; 2.58911071420221628e-01; 2.320e+00; 3.89997000000000000e+06; 3.89997000000000000e+06; 3.89997000000000000e+06; nan; 9.97624961221266426e-01; 9.95308894068058669e-01; 9.90693745643071888e-01; 9.81455704115743788e-01; 9.63442642693325024e-01; 9.28140189618078093e-01; 8.61202529537873351e-01; 7.41088928579778372e-01;;
David Pivovar - Imperialist Competitive Algorithm - SMP_25; 0; 7.197e-02 ± 9.892e-02; 2.988e-02 ± 0.000e+00; 2.400e+06 ± 0.000e+00; 2.400e+06 ± 0.000e+00; nan ± nan; ;2.98834535516686178e-02; 2.98834535516686178e-02; 7.19697262800615828e-02; 1.539e+00; 2.40000700000000000e+06; 2.40000700000000000e+06; 2.40000700000000000e+06; nan; 9.97432522426906054e-01; 9.94912180816716285e-01; 9.89953656574416585e-01; 9.80162287510977670e-01; 9.60839980483335854e-01; 9.23086704972891692e-01; 8.52016004208737909e-01; 7.25838852765525289e-01;;0.00000000000000000e+00; 0.00000000000000000e+00; 9.89192129080635474e-02; 0.000e+00; 0.00000000000000000e+00; 0.00000000000000000e+00; 0.00000000000000000e+00; nan; 0.00000000000000000e+00; 0.00000000000000000e+00; 0.00000000000000000e+00; 0.00000000000000000e+00; 0.00000000000000000e+00; 0.00000000000000000e+00; 0.00000000000000000e+00; 0.00000000000000000e+00;;2.98834535516686178e-02; 2.98834535516686178e-02; 2.56747757309394586e-03; 1.539e+00; 2.40000700000000000e+06; 2.40000700000000000e+06; 2.40000700000000000e+06; nan; 9.97432522426906054e-01; 9.94912180816716285e-01; 9.89953656574416585e-01; 9.80162287510977670e-01; 9.60839980483335854e-01; 9.23086704972891692e-01; 8.52016004208737909e-01; 7.25838852765525289e-01;;2.98834535516686178e-02; 2.98834535516686178e-02; 1.00463434255834150e-02; 1.539e+00; 2.40000700000000000e+06; 2.40000700000000000e+06; 2.40000700000000000e+06; nan; 9.97432522426906054e-01; 9.94912180816716285e-01; 9.89953656574416585e-01; 9.80162287510977670e-01; 9.60839980483335854e-01; 9.23086704972891692e-01; 8.52016004208737909e-01; 7.25838852765525289e-01;;2.98834535516686178e-02; 2.98834535516686178e-02; 3.91600195166641463e-02; 1.539e+00; 2.40000700000000000e+06; 2.40000700000000000e+06; 2.40000700000000000e+06; nan; 9.97432522426906054e-01; 9.94912180816716285e-01; 9.89953656574416585e-01; 9.80162287510977670e-01; 9.60839980483335854e-01; 9.23086704972891692e-01; 8.52016004208737909e-01; 7.25838852765525289e-01;;2.98834535516686178e-02; 2.98834535516686178e-02; 1.47983995791262091e-01; 1.539e+00; 2.40000700000000000e+06; 2.40000700000000000e+06; 2.40000700000000000e+06; nan; 9.97432522426906054e-01; 9.94912180816716285e-01; 9.89953656574416585e-01; 9.80162287510977670e-01; 9.60839980483335854e-01; 9.23086704972891692e-01; 8.52016004208737909e-01; 7.25838852765525289e-01;;2.98834535516686178e-02; 2.98834535516686178e-02; 2.74161147234474711e-01; 1.539e+00; 2.40000700000000000e+06; 2.40000700000000000e+06; 2.40000700000000000e+06; nan; 9.97432522426906054e-01; 9.94912180816716285e-01; 9.89953656574416585e-01; 9.80162287510977670e-01; 9.60839980483335854e-01; 9.23086704972891692e-01; 8.52016004208737909e-01; 7.25838852765525289e-01;;
David Pivovar - Imperialist Competitive Algorithm - Serial_60; 0; 7.475e-02 ± 1.027e-01; 3.234e-02 ± 0.000e+00; 5.900e+06 ± 0.000e+00; 5.900e+06 ± 0.000e+00; nan ± nan; ;3.23390854727365687e-02; 3.23390854727365687e-02; 7.47488842383868951e-02; 3.551e+00; 5.89989500000000000e+06; 5.89989500000000000e+06; 5.89989500000000000e+06; nan; 9.97380091660803214e-01; 9.94781636396849023e-01; 9.89652432046731589e-01; 9.79396594384901786e-01; 9.59150924971685193e-01; 9.19906771389324418e-01; 8.46320720952240535e-01; 7.15419754290369081e-01;;0.00000000000000000e+00; 0.00000000000000000e+00; 1.02696948813608496e-01; 0.000e+00; 0.00000000000000000e+00; 0.00000000000000000e+00; 0.00000000000000000e+00; nan; 0.00000000000000000e+00; 0.00000000000000000e+00; 0.00000000000000000e+00; 0.00000000000000000e+00; 0.00000000000000000e+00; 0.00000000000000000e+00; 0.00000000000000000e+00; 0.00000000000000000e+00;;3.23390854727365687e-02; 3.23390854727365687e-02; 2.61990833919678590e-03; 3.551e+00; 5.89989500000000000e+06; 5.89989500000000000e+06; 5.89989500000000000e+06; nan; 9.97380091660803214e-01; 9.94781636396849023e-01; 9.89652432046731589e-01; 9.79396594384901786e-01; 9.59150924971685193e-01; 9.19906771389324418e-01; 8.46320720952240535e-01; 7.15419754290369081e-01;;3.23390854727365687e-02; 3.23390854727365687e-02; 1.03475679532684106e-02; 3.551e+00; 5.89989500000000000e+06; 5.89989500000000000e+06; 5.89989500000000000e+06; nan; 9.97380091660803214e-01; 9.94781636396849023e-01; 9.89652432046731589e-01; 9.79396594384901786e-01; 9.59150924971685193e-01; 9.19906771389324418e-01; 8.46320720952240535e-01; 7.15419754290369081e-01;;3.23390854727365687e-02; 3.23390854727365687e-02; 4.08490750283148074e-02; 3.551e+00; 5.89989500000000000e+06; 5.89989500000000000e+06; 5.89989500000000000e+06; nan; 9.97380091660803214e-01; 9.94781636396849023e-01; 9.89652432046731589e-01; 9.79396594384901786e-01; 9.59150924971685193e-01; 9.19906771389324418e-01; 8.46320720952240535e-01; 7.15419754290369081e-01;;3.23390854727365687e-02; 3.23390854727365687e-02; 1.53679279047759465e-01; 3.551e+00; 5.89989500000000000e+06; 5.89989500000000000e+06; 5.89989500000000000e+06; nan; 9.97380091660803214e-01; 9.94781636396849023e-01; 9.89652432046731589e-01; 9.79396594384901786e-01; 9.59150924971685193e-01; 9.19906771389324418e-01; 8.46320720952240535e-01; 7.15419754290369081e-01;;3.23390854727365687e-02; 3.23390854727365687e-02; 2.84580245709630919e-01; 3.551e+00; 5.89989500000000000e+06; 5.89989500000000000e+06; 5.89989500000000000e+06; nan; 9.97380091660803214e-01; 9.94781636396849023e-01; 9.89652432046731589e-01; 9.79396594384901786e-01; 9.59150924971685193e-01; 9.19906771389324418e-01; 8.46320720952240535e-01; 7.15419754290369081e-01;;
David Pivovar - Imperialist Competitive Algorithm - Serial_25; 0; 8.875e-02 ± 1.205e-01; 4.620e-02 ± 0.000e+00; 2.400e+06 ± 0.000e+00; 2.400e+06 ± 0.000e+00; nan ± nan; ;4.61958050813619445e-02; 4.61958050813619445e-02; 8.87481749160187461e-02; 1.445e+00; 2.39998800000000000e+06; 2.39998800000000000e+06; 2.39998800000000000e+06; nan; 9.96717724919474302e-01; 9.93554927273766819e-01; 9.87326720395067747e-01; 9.74969990662769903e-01; 9.50556324765752247e-01; 9.03666417360663887e-01; 8.16687834371046861e-01; 6.66534660923308264e-01;;0.00000000000000000e+00; 0.00000000000000000e+00; 1.20484174425863608e-01; 0.000e+00; 0.00000000000000000e+00; 0.00000000000000000e+00; 0.00000000000000000e+00; nan; 0.00000000000000000e+00; 0.00000000000000000e+00; 0.00000000000000000e+00; 0.00000000000000000e+00; 0.00000000000000000e+00; 0.00000000000000000e+00; 0.00000000000000000e+00; 0.00000000000000000e+00;;4.61958050813619445e-02; 4.61958050813619445e-02; 3.28227508052569839e-03; 1.445e+00; 2.39998800000000000e+06; 2.39998800000000000e+06; 2.39998800000000000e+06; nan; 9.96717724919474302e-01; 9.93554927273766819e-01; 9.87326720395067747e-01; 9.74969990662769903e-01; 9.50556324765752247e-01; 9.03666417360663887e-01; 8.16687834371046861e-01; 6.66534660923308264e-01;;4.61958050813619445e-02; 4.61958050813619445e-02; 1.26732796049322527e-02; 1.445e+00; 2.39998800000000000e+06; 2.39998800000000000e+06; 2.39998800000000000e+06; nan; 9.96717724919474302e-01; 9.93554927273766819e-01; 9.87326720395067747e-01; 9.74969990662769903e-01; 9.50556324765752247e-01; 9.03666417360663887e-01; 8.16687834371046861e-01; 6.66534660923308264e-01;;4.61958050813619445e-02; 4.61958050813619445e-02; 4.94436752342477526e-02; 1.445e+00; 2.39998800000000000e+06; 2.39998800000000000e+06; 2.39998800000000000e+06; nan; 9.96717724919474302e-01; 9.93554927273766819e-01; 9.87326720395067747e-01; 9.74969990662769903e-01; 9.50556324765752247e-01; 9.03666417360663887e-01; 8.16687834371046861e-01; 6.66534660923308264e-01;;4.61958050813619445e-02; 4.61958050813619445e-02; 1.83312165628953139e-01; 1.445e+00; 2.39998800000000000e+06; 2.39998800000000000e+06; 2.39998800000000000e+06; nan; 9.96717724919474302e-01; 9.93554927273766819e-01; 9.87326720395067747e-01; 9.74969990662769903e-01; 9.50556324765752247e-01; 9.03666417360663887e-01; 8.16687834371046861e-01; 6.66534660923308264e-01;;4.61958050813619445e-02; 4.61958050813619445e-02; 3.33465339076691736e-01; 1.445e+00; 2.39998800000000000e+06; 2.39998800000000000e+06; 2.39998800000000000e+06; nan; 9.96717724919474302e-01; 9.93554927273766819e-01; 9.87326720395067747e-01; 9.74969990662769903e-01; 9.50556324765752247e-01; 9.03666417360663887e-01; 8.16687834371046861e-01; 6.66534660923308264e-01;;
David Pivovar - Imperialist Competitive Algorithm - SMP_15; 0; 9.570e-02 ± 1.292e-01; 5.412e-02 ± 0.000e+00; 1.400e+06 ± 0.000e+00; 1.400e+06 ± 0.000e+00; nan ± nan; ;5.41234367426670152e-02; 5.41234367426670152e-02; 9.56976188083280971e-02; 1.026e+00; 1.40000900000000000e+06; 1.40000900000000000e+06; 1.40000900000000000e+06; nan; 9.96375974249969931e-01; 9.92997208087974759e-01; 9.86148875285564941e-01; 9.72682958453520929e-01; 9.46279076074325709e-01; 8.95308780360839274e-01; 8.02101388805406823e-01; 6.42524788215772857e-01;;0.00000000000000000e+00; 0.00000000000000000e+00; 1.29219282674615493e-01; 0.000e+00; 0.00000000000000000e+00; 0.00000000000000000e+00; 0.00000000000000000e+00; nan; 0.00000000000000000e+00; 0.00000000000000000e+00; 0.00000000000000000e+00; 0.00000000000000000e+00; 0.00000000000000000e+00; 0.00000000000000000e+00; 0.00000000000000000e+00; 0.00000000000000000e+00;;5.41234367426670152e-02; 5.41234367426670152e-02; 3.62402575003006877e-03; 1.026e+00; 1.40000900000000000e+06; 1.40000900000000000e+06; 1.40000900000000000e+06; nan; 9.96375974249969931e-01; 9.92997208087974759e-01; 9.86148875285564941e-01; 9.72682958453520929e-01; 9.46279076074325709e-01; 8.95308780360839274e-01; 8.02101388805406823e-01; 6.42524788215772857e-01;;5.41234367426670152e-02; 5.41234367426670152e-02; 1.38511247144350591e-02; 1.026e+00; 1.40000900000000000e+06; 1.40000900000000000e+06; 1.40000900000000000e+06; nan; 9.96375974249969931e-01; 9.92997208087974759e-01; 9.86148875285564941e-01; 9.72682958453520929e-01; 9.46279076074325709e-01; 8.95308780360839274e-01; 8.02101388805406823e-01; 6.42524788215772857e-01;;5.41234367426670152e-02; 5.41234367426670152e-02; 5.37209239256742910e-02; 1.026e+00; 1.40000900000000000e+06; 1.40000900000000000e+06; 1.40000900000000000e+06; nan; 9.96375974249969931e-01; 9.92997208087974759e-01; 9.86148875285564941e-01; 9.72682958453520929e-01; 9.46279076074325709e-01; 8.95308780360839274e-01; 8.02101388805406823e-01; 6.42524788215772857e-01;;5.41234367426670152e-02; 5.41234367426670152e-02; 1.97898611194593177e-01; 1.026e+00; 1.40000900000000000e+06; 1.40000900000000000e+06; 1.40000900000000000e+06; nan; 9.96375974249969931e-01; 9.92997208087974759e-01; 9.86148875285564941e-01; 9.72682958453520929e-01; 9.46279076074325709e-01; 8.95308780360839274e-01; 8.02101388805406823e-01; 6.42524788215772857e-01;;5.41234367426670152e-02; 5.41234367426670152e-02; 3.57475211784227143e-01; 1.026e+00; 1.40000900000000000e+06; 1.40000900000000000e+06; 1.40000900000000000e+06; nan; 9.96375974249969931e-01; 9.92997208087974759e-01; 9.86148875285564941e-01; 9.72682958453520929e-01; 9.46279076074325709e-01; 8.95308780360839274e-01; 8.02101388805406823e-01; 6.42524788215772857e-01;;
David Pivovar - Imperialist Competitive Algorithm - OpenCL_40; 0; 9.604e-02 ± 1.293e-01; 5.462e-02 ± 0.000e+00; 2.801e+06 ± 0.000e+00; 2.801e+06 ± 0.000e+00; nan ± nan; ;5.46241603310861495e-02; 5.46241603310861495e-02; 9.60437551354485913e-02; 1.384e+03; 2.80084600000000000e+06; 2.80084600000000000e+06; 2.80084600000000000e+06; nan; 9.96363985311534472e-01; 9.92876092435062696e-01; 9.86009422267864255e-01; 9.72407514204818857e-01; 9.45542887419197675e-01; 8.94725937652002812e-01; 8.01492832008050438e-01; 6.42231287617880064e-01;;0.00000000000000000e+00; 0.00000000000000000e+00; 1.29304400313567158e-01; 0.000e+00; 0.00000000000000000e+00; 0.00000000000000000e+00; 0.00000000000000000e+00; nan; 0.00000000000000000e+00; 0.00000000000000000e+00; 0.00000000000000000e+00; 0.00000000000000000e+00; 0.00000000000000000e+00; 0.00000000000000000e+00; 0.00000000000000000e+00; 0.00000000000000000e+00;;5.46241603310861495e-02; 5.46241603310861495e-02; 3.63601468846552756e-03; 1.384e+03; 2.80084600000000000e+06; 2.80084600000000000e+06; 2.80084600000000000e+06; nan; 9.96363985311534472e-01; 9.92876092435062696e-01; 9.86009422267864255e-01; 9.72407514204818857e-01; 9.45542887419197675e-01; 8.94725937652002812e-01; 8.01492832008050438e-01; 6.42231287617880064e-01;;5.46241603310861495e-02; 5.46241603310861495e-02; 1.39905777321357450e-02; 1.384e+03; 2.80084600000000000e+06; 2.80084600000000000e+06; 2.80084600000000000e+06; nan; 9.96363985311534472e-01; 9.92876092435062696e-01; 9.86009422267864255e-01; 9.72407514204818857e-01; 9.45542887419197675e-01; 8.94725937652002812e-01; 8.01492832008050438e-01; 6.42231287617880064e-01;;5.46241603310861495e-02; 5.46241603310861495e-02; 5.44571125808023249e-02; 1.384e+03; 2.80084600000000000e+06; 2.80084600000000000e+06; 2.80084600000000000e+06; nan; 9.96363985311534472e-01; 9.92876092435062696e-01; 9.86009422267864255e-01; 9.72407514204818857e-01; 9.45542887419197675e-01; 8.94725937652002812e-01; 8.01492832008050438e-01; 6.42231287617880064e-01;;5.46241603310861495e-02; 5.46241603310861495e-02; 1.98507167991949562e-01; 1.384e+03; 2.80084600000000000e+06; 2.80084600000000000e+06; 2.80084600000000000e+06; nan; 9.96363985311534472e-01; 9.92876092435062696e-01; 9.86009422267864255e-01; 9.72407514204818857e-01; 9.45542887419197675e-01; 8.94725937652002812e-01; 8.01492832008050438e-01; 6.42231287617880064e-01;;5.46241603310861495e-02; 5.46241603310861495e-02; 3.57768712382119936e-01; 1.384e+03; 2.80084600000000000e+06; 2.80084600000000000e+06; 2.80084600000000000e+06; nan; 9.96363985311534472e-01; 9.92876092435062696e-01; 9.86009422267864255e-01; 9.72407514204818857e-01; 9.45542887419197675e-01; 8.94725937652002812e-01; 8.01492832008050438e-01; 6.42231287617880064e-01;;
David Pivovar - Imperialist Competitive Algorithm - OpenCL_100; 0; 9.786e-02 ± 1.322e-01; 5.673e-02 ± 0.000e+00; 5.810e+06 ± 0.000e+00; 5.810e+06 ± 0.000e+00; nan ± nan; ;5.67306663479118511e-02; 5.67306663479118511e-02; 9.78631176741547593e-02; 6.572e+03; 5.81045300000000000e+06; 5.81045300000000000e+06; 5.81045300000000000e+06; nan; 9.96341478096936184e-01; 9.92880595641465136e-01; 9.85866699916512990e-01; 9.72028846362123389e-01; 9.45069929505039652e-01; 8.93082888222029525e-01; 7.97231313805343289e-01; 6.34593307057311762e-01;;0.00000000000000000e+00; 0.00000000000000000e+00; 1.32150532281426897e-01; 0.000e+00; 0.00000000000000000e+00; 0.00000000000000000e+00; 0.00000000000000000e+00; nan; 0.00000000000000000e+00; 0.00000000000000000e+00; 0.00000000000000000e+00; 0.00000000000000000e+00; 0.00000000000000000e+00; 0.00000000000000000e+00; 0.00000000000000000e+00; 0.00000000000000000e+00;;5.67306663479118511e-02; 5.67306663479118511e-02; 3.65852190306381608e-03; 6.572e+03; 5.81045300000000000e+06; 5.81045300000000000e+06; 5.81045300000000000e+06; nan; 9.96341478096936184e-01; 9.92880595641465136e-01; 9.85866699916512990e-01; 9.72028846362123389e-01; 9.45069929505039652e-01; 8.93082888222029525e-01; 7.97231313805343289e-01; 6.34593307057311762e-01;;5.67306663479118511e-02; 5.67306663479118511e-02; 1.41333000834870104e-02; 6.572e+03; 5.81045300000000000e+06; 5.81045300000000000e+06; 5.81045300000000000e+06; nan; 9.96341478096936184e-01; 9.92880595641465136e-01; 9.85866699916512990e-01; 9.72028846362123389e-01; 9.45069929505039652e-01; 8.93082888222029525e-01; 7.97231313805343289e-01; 6.34593307057311762e-01;;5.67306663479118511e-02; 5.67306663479118511e-02; 5.49300704949603480e-02; 6.572e+03; 5.81045300000000000e+06; 5.81045300000000000e+06; 5.81045300000000000e+06; nan; 9.96341478096936184e-01; 9.92880595641465136e-01; 9.85866699916512990e-01; 9.72028846362123389e-01; 9.45069929505039652e-01; 8.93082888222029525e-01; 7.97231313805343289e-01; 6.34593307057311762e-01;;5.67306663479118511e-02; 5.67306663479118511e-02; 2.02768686194656711e-01; 6.572e+03; 5.81045300000000000e+06; 5.81045300000000000e+06; 5.81045300000000000e+06; nan; 9.96341478096936184e-01; 9.92880595641465136e-01; 9.85866699916512990e-01; 9.72028846362123389e-01; 9.45069929505039652e-01; 8.93082888222029525e-01; 7.97231313805343289e-01; 6.34593307057311762e-01;;5.67306663479118511e-02; 5.67306663479118511e-02; 3.65406692942688238e-01; 6.572e+03; 5.81045300000000000e+06; 5.81045300000000000e+06; 5.81045300000000000e+06; nan; 9.96341478096936184e-01; 9.92880595641465136e-01; 9.85866699916512990e-01; 9.72028846362123389e-01; 9.45069929505039652e-01; 8.93082888222029525e-01; 7.97231313805343289e-01; 6.34593307057311762e-01;;
David Pivovar - Imperialist Competitive Algorithm - Serial_15; 0; 1.055e-01 ± 1.414e-01; 6.642e-02 ± 0.000e+00; 1.400e+06 ± 0.000e+00; 1.400e+06 ± 0.000e+00; nan ± nan; ;6.64172322357240164e-02; 6.64172322357240164e-02; 1.05497333002267990e-01; 8.625e-01; 1.40000200000000000e+06; 1.40000200000000000e+06; 1.40000200000000000e+06; nan; 9.95958878051110497e-01; 9.92130309387842746e-01; 9.84575715867034851e-01; 9.69489333175960866e-01; 9.40050093825472444e-01; 8.83698998142312675e-01; 7.80917783118793007e-01; 6.09200224413328995e-01;;0.00000000000000000e+00; 0.00000000000000000e+00; 1.41449077816761998e-01; 0.000e+00; 0.00000000000000000e+00; 0.00000000000000000e+00; 0.00000000000000000e+00; nan; 0.00000000000000000e+00; 0.00000000000000000e+00; 0.00000000000000000e+00; 0.00000000000000000e+00; 0.00000000000000000e+00; 0.00000000000000000e+00; 0.00000000000000000e+00; 0.00000000000000000e+00;;6.64172322357240164e-02; 6.64172322357240164e-02; 4.04112194888950338e-03; 8.625e-01; 1.40000200000000000e+06; 1.40000200000000000e+06; 1.40000200000000000e+06; nan; 9.95958878051110497e-01; 9.92130309387842746e-01; 9.84575715867034851e-01; 9.69489333175960866e-01; 9.40050093825472444e-01; 8.83698998142312675e-01; 7.80917783118793007e-01; 6.09200224413328995e-01;;6.64172322357240164e-02; 6.64172322357240164e-02; 1.54242841329651492e-02; 8.625e-01; 1.40000200000000000e+06; 1.40000200000000000e+06; 1.40000200000000000e+06; nan; 9.95958878051110497e-01; 9.92130309387842746e-01; 9.84575715867034851e-01; 9.69489333175960866e-01; 9.40050093825472444e-01; 8.83698998142312675e-01; 7.80917783118793007e-01; 6.09200224413328995e-01;;6.64172322357240164e-02; 6.64172322357240164e-02; 5.99499061745275563e-02; 8.625e-01; 1.40000200000000000e+06; 1.40000200000000000e+06; 1.40000200000000000e+06; nan; 9.95958878051110497e-01; 9.92130309387842746e-01; 9.84575715867034851e-01; 9.69489333175960866e-01; 9.40050093825472444e-01; 8.83698998142312675e-01; 7.80917783118793007e-01; 6.09200224413328995e-01;;6.64172322357240164e-02; 6.64172322357240164e-02; 2.19082216881206993e-01; 8.625e-01; 1.40000200000000000e+06; 1.40000200000000000e+06; 1.40000200000000000e+06; nan; 9.95958878051110497e-01; 9.92130309387842746e-01; 9.84575715867034851e-01; 9.69489333175960866e-01; 9.40050093825472444e-01; 8.83698998142312675e-01; 7.80917783118793007e-01; 6.09200224413328995e-01;;6.64172322357240164e-02; 6.64172322357240164e-02; 3.90799775586671005e-01; 8.625e-01; 1.40000200000000000e+06; 1.40000200000000000e+06; 1.40000200000000000e+06; nan; 9.95958878051110497e-01; 9.92130309387842746e-01; 9.84575715867034851e-01; 9.69489333175960866e-01; 9.40050093825472444e-01; 8.83698998142312675e-01; 7.80917783118793007e-01; 6.09200224413328995e-01;;
David Pivovar - Imperialist Competitive Algorithm - Serial_7; 0; 2.107e-01 ± 2.567e-01; 2.962e-01 ± 0.000e+00; 4.226e+05 ± 0.000e+00; 4.226e+05 ± 0.000e+00; nan ± nan; ;2.96229048825349506e-01; 2.96229048825349506e-01; 2.10670297960904918e-01; 2.656e-01; 4.22616000000000000e+05; 4.22616000000000000e+05; 4.22616000000000000e+05; nan; 9.89868672178171649e-01; 9.80465116072021359e-01; 9.62038854263748133e-01; 9.27316361941040168e-01; 8.61309850942249655e-01; 7.41467571493306998e-01; 5.50943009173428755e-01; 3.01228180248793831e-01;;0.00000000000000000e+00; 0.00000000000000000e+00; 2.56653202381067813e-01; 0.000e+00; 0.00000000000000000e+00; 0.00000000000000000e+00; 0.00000000000000000e+00; nan; 0.00000000000000000e+00; 0.00000000000000000e+00; 0.00000000000000000e+00; 0.00000000000000000e+00; 0.00000000000000000e+00; 0.00000000000000000e+00; 0.00000000000000000e+00; 0.00000000000000000e+00;;2.96229048825349506e-01; 2.96229048825349506e-01; 1.01313278218283509e-02; 2.656e-01; 4.22616000000000000e+05; 4.22616000000000000e+05; 4.22616000000000000e+05; nan; 9.89868672178171649e-01; 9.80465116072021359e-01; 9.62038854263748133e-01; 9.27316361941040168e-01; 8.61309850942249655e-01; 7.41467571493306998e-01; 5.50943009173428755e-01; 3.01228180248793831e-01;;2.96229048825349506e-01; 2.96229048825349506e-01; 3.79611457362518667e-02; 2.656e-01; 4.22616000000000000e+05; 4.22616000000000000e+05; 4.22616000000000000e+05; nan; 9.89868672178171649e-01; 9.80465116072021359e-01; 9.62038854263748133e-01; 9.27316361941040168e-01; 8.61309850942249655e-01; 7.41467571493306998e-01; 5.50943009173428755e-01; 3.01228180248793831e-01;;2.96229048825349506e-01; 2.96229048825349506e-01; 1.38690149057750345e-01; 2.656e-01; 4.22616000000000000e+05; 4.22616000000000000e+05; 4.22616000000000000e+05; nan; 9.89868672178171649e-01; 9.80465116072021359e-01; 9.62038854263748133e-01; 9.27316361941040168e-01; 8.61309850942249655e-01; 7.41467571493306998e-01; 5.50943009173428755e-01; 3.01228180248793831e-01;;2.96229048825349506e-01; 2.96229048825349506e-01; 4.49056990826571245e-01; 2.656e-01; 4.22616000000000000e+05; 4.22616000000000000e+05; 4.22616000000000000e+05; nan; 9.89868672178171649e-01; 9.80465116072021359e-01; 9.62038854263748133e-01; 9.27316361941040168e-01; 8.61309850942249655e-01; 7.41467571493306998e-01; 5.50943009173428755e-01; 3.01228180248793831e-01;;2.96229048825349506e-01; 2.96229048825349506e-01; 6.98771819751206169e-01; 2.656e-01; 4.22616000000000000e+05; 4.22616000000000000e+05; 4.22616000000000000e+05; nan; 9.89868672178171649e-01; 9.80465116072021359e-01; 9.62038854263748133e-01; 9.27316361941040168e-01; 8.61309850942249655e-01; 7.41467571493306998e-01; 5.50943009173428755e-01; 3.01228180248793831e-01;;
David Pivovar - Imperialist Competitive Algorithm - OpenCL_25; 0; 2.429e-01 ± 2.853e-01; 4.080e-01 ± 0.000e+00; 6.629e+05 ± 0.000e+00; 6.629e+05 ± 0.000e+00; nan ± nan; ;4.07990278577064103e-01; 4.07990278577064103e-01; 2.42931927784709650e-01; 3.243e+02; 6.62920000000000000e+05; 6.62920000000000000e+05; 6.62920000000000000e+05; nan; 9.87514758850225105e-01; 9.76162867981170912e-01; 9.53346416147011544e-01; 9.10275838437102358e-01; 8.30603052819080645e-01; 6.90802818092493887e-01; 4.78742675674758422e-01; 2.29096149720479952e-01;;0.00000000000000000e+00; 0.00000000000000000e+00; 2.85313287301099505e-01; 0.000e+00; 0.00000000000000000e+00; 0.00000000000000000e+00; 0.00000000000000000e+00; nan; 0.00000000000000000e+00; 0.00000000000000000e+00; 0.00000000000000000e+00; 0.00000000000000000e+00; 0.00000000000000000e+00; 0.00000000000000000e+00; 0.00000000000000000e+00; 0.00000000000000000e+00;;4.07990278577064103e-01; 4.07990278577064103e-01; 1.24852411497748950e-02; 3.243e+02; 6.62920000000000000e+05; 6.62920000000000000e+05; 6.62920000000000000e+05; nan; 9.87514758850225105e-01; 9.76162867981170912e-01; 9.53346416147011544e-01; 9.10275838437102358e-01; 8.30603052819080645e-01; 6.90802818092493887e-01; 4.78742675674758422e-01; 2.29096149720479952e-01;;4.07990278577064103e-01; 4.07990278577064103e-01; 4.66535838529884561e-02; 3.243e+02; 6.62920000000000000e+05; 6.62920000000000000e+05; 6.62920000000000000e+05; nan; 9.87514758850225105e-01; 9.76162867981170912e-01; 9.53346416147011544e-01; 9.10275838437102358e-01; 8.30603052819080645e-01; 6.90802818092493887e-01; 4.78742675674758422e-01; 2.29096149720479952e-01;;4.07990278577064103e-01; 4.07990278577064103e-01; 1.69396947180919355e-01; 3.243e+02; 6.62920000000000000e+05; 6.62920000000000000e+05; 6.62920000000000000e+05; nan; 9.87514758850225105e-01; 9.76162867981170912e-01; 9.53346416147011544e-01; 9.10275838437102358e-01; 8.30603052819080645e-01; 6.90802818092493887e-01; 4.78742675674758422e-01; 2.29096149720479952e-01;;4.07990278577064103e-01; 4.07990278577064103e-01; 5.21257324325241633e-01; 3.243e+02; 6.62920000000000000e+05; 6.62920000000000000e+05; 6.62920000000000000e+05; nan; 9.87514758850225105e-01; 9.76162867981170912e-01; 9.53346416147011544e-01; 9.10275838437102358e-01; 8.30603052819080645e-01; 6.90802818092493887e-01; 4.78742675674758422e-01; 2.29096149720479952e-01;;4.07990278577064103e-01; 4.07990278577064103e-01; 7.70903850279520020e-01; 3.243e+02; 6.62920000000000000e+05; 6.62920000000000000e+05; 6.62920000000000000e+05; nan; 9.87514758850225105e-01; 9.76162867981170912e-01; 9.53346416147011544e-01; 9.10275838437102358e-01; 8.30603052819080645e-01; 6.90802818092493887e-01; 4.78742675674758422e-01; 2.29096149720479952e-01;;
David Pivovar - Imperialist Competitive Algorithm - OpenCL_60; 0; 2.606e-01 ± 2.999e-01; 4.789e-01 ± 0.000e+00; 1.490e+06 ± 0.000e+00; 1.490e+06 ± 0.000e+00; nan ± nan; ;4.78901974020297938e-01; 4.78901974020297938e-01; 2.60626018879311028e-01; 7.439e+02; 1.49013600000000000e+06; 1.49013600000000000e+06; 1.49013600000000000e+06; nan; 9.86519352497531310e-01; 9.73549323938355027e-01; 9.47833411588255403e-01; 8.99423092704449867e-01; 8.11611945531400036e-01; 6.62666395981205580e-01; 4.41689340244533601e-01; 1.91698986479781036e-01;;0.00000000000000000e+00; 0.00000000000000000e+00; 2.99911884581249955e-01; 0.000e+00; 0.00000000000000000e+00; 0.00000000000000000e+00; 0.00000000000000000e+00; nan; 0.00000000000000000e+00; 0.00000000000000000e+00; 0.00000000000000000e+00; 0.00000000000000000e+00; 0.00000000000000000e+00; 0.00000000000000000e+00; 0.00000000000000000e+00; 0.00000000000000000e+00;;4.78901974020297938e-01; 4.78901974020297938e-01; 1.34806475024686900e-02; 7.439e+02; 1.49013600000000000e+06; 1.49013600000000000e+06; 1.49013600000000000e+06; nan; 9.86519352497531310e-01; 9.73549323938355027e-01; 9.47833411588255403e-01; 8.99423092704449867e-01; 8.11611945531400036e-01; 6.62666395981205580e-01; 4.41689340244533601e-01; 1.91698986479781036e-01;;4.78901974020297938e-01; 4.78901974020297938e-01; 5.21665884117445966e-02; 7.439e+02; 1.49013600000000000e+06; 1.49013600000000000e+06; 1.49013600000000000e+06; nan; 9.86519352497531310e-01; 9.73549323938355027e-01; 9.47833411588255403e-01; 8.99423092704449867e-01; 8.11611945531400036e-01; 6.62666395981205580e-01; 4.41689340244533601e-01; 1.91698986479781036e-01;;4.78901974020297938e-01; 4.78901974020297938e-01; 1.88388054468599964e-01; 7.439e+02; 1.49013600000000000e+06; 1.49013600000000000e+06; 1.49013600000000000e+06; nan; 9.86519352497531310e-01; 9.73549323938355027e-01; 9.47833411588255403e-01; 8.99423092704449867e-01; 8.11611945531400036e-01; 6.62666395981205580e-01; 4.41689340244533601e-01; 1.91698986479781036e-01;;4.78901974020297938e-01; 4.78901974020297938e-01; 5.58310659755466343e-01; 7.439e+02; 1.49013600000000000e+06; 1.49013600000000000e+06; 1.49013600000000000e+06; nan; 9.86519352497531310e-01; 9.73549323938355027e-01; 9.47833411588255403e-01; 8.99423092704449867e-01; 8.11611945531400036e-01; 6.62666395981205580e-01; 4.41689340244533601e-01; 1.91698986479781036e-01;;4.78901974020297938e-01; 4.78901974020297938e-01; 8.08301013520218992e-01; 7.439e+02; 1.49013600000000000e+06; 1.49013600000000000e+06; 1.49013600000000000e+06; nan; 9.86519352497531310e-01; 9.73549323938355027e-01; 9.47833411588255403e-01; 8.99423092704449867e-01; 8.11611945531400036e-01; 6.62666395981205580e-01; 4.41689340244533601e-01; 1.91698986479781036e-01;;
David Pivovar - Imperialist Competitive Algorithm - SMP_7; 0; 2.978e-01 ± 3.268e-01; 6.492e-01 ± 0.000e+00; 2.908e+05 ± 0.000e+00; 2.908e+05 ± 0.000e+00; nan ± nan; ;6.49234048294738519e-01; 6.49234048294738519e-01; 2.97810009335690018e-01; 2.844e-01; 2.90818000000000000e+05; 2.90818000000000000e+05; 2.90818000000000000e+05; nan; 9.82967553401945526e-01; 9.66186509907713820e-01; 9.35217272254241783e-01; 8.75951541279893275e-01; 7.70526855469724881e-01; 5.97200465152828319e-01; 3.61093791403926723e-01; 1.28375936444205252e-01;;0.00000000000000000e+00; 0.00000000000000000e+00; 3.26832562608015909e-01; 0.000e+00; 0.00000000000000000e+00; 0.00000000000000000e+00; 0.00000000000000000e+00; nan; 0.00000000000000000e+00; 0.00000000000000000e+00; 0.00000000000000000e+00; 0.00000000000000000e+00; 0.00000000000000000e+00; 0.00000000000000000e+00; 0.00000000000000000e+00; 0.00000000000000000e+00;;6.49234048294738519e-01; 6.49234048294738519e-01; 1.70324465980544737e-02; 2.844e-01; 2.90818000000000000e+05; 2.90818000000000000e+05; 2.90818000000000000e+05; nan; 9.82967553401945526e-01; 9.66186509907713820e-01; 9.35217272254241783e-01; 8.75951541279893275e-01; 7.70526855469724881e-01; 5.97200465152828319e-01; 3.61093791403926723e-01; 1.28375936444205252e-01;;6.49234048294738519e-01; 6.49234048294738519e-01; 6.47827277457582174e-02; 2.844e-01; 2.90818000000000000e+05; 2.90818000000000000e+05; 2.90818000000000000e+05; nan; 9.82967553401945526e-01; 9.66186509907713820e-01; 9.35217272254241783e-01; 8.75951541279893275e-01; 7.70526855469724881e-01; 5.97200465152828319e-01; 3.61093791403926723e-01; 1.28375936444205252e-01;;6.49234048294738519e-01; 6.49234048294738519e-01; 2.29473144530275119e-01; 2.844e-01; 2.90818000000000000e+05; 2.90818000000000000e+05; 2.90818000000000000e+05; nan; 9.82967553401945526e-01; 9.66186509907713820e-01; 9.35217272254241783e-01; 8.75951541279893275e-01; 7.70526855469724881e-01; 5.97200465152828319e-01; 3.61093791403926723e-01; 1.28375936444205252e-01;;6.49234048294738519e-01; 6.49234048294738519e-01; 6.38906208596073277e-01; 2.844e-01; 2.90818000000000000e+05; 2.90818000000000000e+05; 2.90818000000000000e+05; nan; 9.82967553401945526e-01; 9.66186509907713820e-01; 9.35217272254241783e-01; 8.75951541279893275e-01; 7.70526855469724881e-01; 5.97200465152828319e-01; 3.61093791403926723e-01; 1.28375936444205252e-01;;6.49234048294738519e-01; 6.49234048294738519e-01; 8.71624063555794804e-01; 2.844e-01; 2.90818000000000000e+05; 2.90818000000000000e+05; 2.90818000000000000e+05; nan; 9.82967553401945526e-01; 9.66186509907713820e-01; 9.35217272254241783e-01; 8.75951541279893275e-01; 7.70526855469724881e-01; 5.97200465152828319e-01; 3.61093791403926723e-01; 1.28375936444205252e-01;;
David Pivovar - Imperialist Competitive Algorithm - OpenCL_15; 0; 3.623e-01 ± 3.625e-01; 1.019e+00 ± 0.000e+00; 3.708e+05 ± 0.000e+00; 3.708e+05 ± 0.000e+00; nan ± nan; ;1.01902074852351676e+00; 1.01902074852351676e+00; 3.62274794175095116e-01; 1.804e+02; 3.70753000000000000e+05; 3.70753000000000000e+05; 3.70753000000000000e+05; nan; 9.74804394059909152e-01; 9.50299985315508078e-01; 9.06556938167166204e-01; 8.24318760552894103e-01; 6.86266364538154927e-01; 4.75985783836821830e-01; 2.29780176371394279e-01; 5.37892437573904980e-02;;0.00000000000000000e+00; 0.00000000000000000e+00; 3.62540027808228138e-01; 0.000e+00; 0.00000000000000000e+00; 0.00000000000000000e+00; 0.00000000000000000e+00; nan; 0.00000000000000000e+00; 0.00000000000000000e+00; 0.00000000000000000e+00; 0.00000000000000000e+00; 0.00000000000000000e+00; 0.00000000000000000e+00; 0.00000000000000000e+00; 0.00000000000000000e+00;;1.01902074852351676e+00; 1.01902074852351676e+00; 2.51956059400908483e-02; 1.804e+02; 3.70753000000000000e+05; 3.70753000000000000e+05; 3.70753000000000000e+05; nan; 9.74804394059909152e-01; 9.50299985315508078e-01; 9.06556938167166204e-01; 8.24318760552894103e-01; 6.86266364538154927e-01; 4.75985783836821830e-01; 2.29780176371394279e-01; 5.37892437573904980e-02;;1.01902074852351676e+00; 1.01902074852351676e+00; 9.34430618328337959e-02; 1.804e+02; 3.70753000000000000e+05; 3.70753000000000000e+05; 3.70753000000000000e+05; nan; 9.74804394059909152e-01; 9.50299985315508078e-01; 9.06556938167166204e-01; 8.24318760552894103e-01; 6.86266364538154927e-01; 4.75985783836821830e-01; 2.29780176371394279e-01; 5.37892437573904980e-02;;1.01902074852351676e+00; 1.01902074852351676e+00; 3.13733635461845073e-01; 1.804e+02; 3.70753000000000000e+05; 3.70753000000000000e+05; 3.70753000000000000e+05; nan; 9.74804394059909152e-01; 9.50299985315508078e-01; 9.06556938167166204e-01; 8.24318760552894103e-01; 6.86266364538154927e-01; 4.75985783836821830e-01; 2.29780176371394279e-01; 5.37892437573904980e-02;;1.01902074852351676e+00; 1.01902074852351676e+00; 7.70219823628605749e-01; 1.804e+02; 3.70753000000000000e+05; 3.70753000000000000e+05; 3.70753000000000000e+05; nan; 9.74804394059909152e-01; 9.50299985315508078e-01; 9.06556938167166204e-01; 8.24318760552894103e-01; 6.86266364538154927e-01; 4.75985783836821830e-01; 2.29780176371394279e-01; 5.37892437573904980e-02;;1.01902074852351676e+00; 1.01902074852351676e+00; 9.46210756242609530e-01; 1.804e+02; 3.70753000000000000e+05; 3.70753000000000000e+05; 3.70753000000000000e+05; nan; 9.74804394059909152e-01; 9.50299985315508078e-01; 9.06556938167166204e-01; 8.24318760552894103e-01; 6.86266364538154927e-01; 4.75985783836821830e-01; 2.29780176371394279e-01; 5.37892437573904980e-02;;
David Pivovar - Imperialist Competitive Algorithm - OpenCL_7; 0; 9.386e-01 ± 1.137e-01; 6.192e+00 ± 0.000e+00; 2.786e+03 ± 0.000e+00; 2.786e+03 ± 0.000e+00; nan ± nan; ;6.19204088761877447e+00; 6.19204088761877447e+00; 9.38573158721551781e-01; 1.450e+00; 2.78600000000000000e+03; 2.78600000000000000e+03; 2.78600000000000000e+03; nan; 3.17380060340933356e-01; 1.12044755043654146e-01; 2.27752470740221653e-02; 1.09901674810632434e-02; 1.00171057954742248e-02; 9.88886857887993735e-03; 7.61307055117558390e-03; 7.05455362383114633e-04;;0.00000000000000000e+00; 0.00000000000000000e+00; 1.13675759881775321e-01; 0.000e+00; 0.00000000000000000e+00; 0.00000000000000000e+00; 0.00000000000000000e+00; nan; 0.00000000000000000e+00; 0.00000000000000000e+00; 0.00000000000000000e+00; 0.00000000000000000e+00; 0.00000000000000000e+00; 0.00000000000000000e+00; 0.00000000000000000e+00; 0.00000000000000000e+00;;6.19204088761877447e+00; 6.19204088761877447e+00; 6.82619939659066644e-01; 1.450e+00; 2.78600000000000000e+03; 2.78600000000000000e+03; 2.78600000000000000e+03; nan; 3.17380060340933356e-01; 1.12044755043654146e-01; 2.27752470740221653e-02; 1.09901674810632434e-02; 1.00171057954742248e-02; 9.88886857887993735e-03; 7.61307055117558390e-03; 7.05455362383114633e-04;;6.19204088761877447e+00; 6.19204088761877447e+00; 9.77224752925977880e-01; 1.450e+00; 2.78600000000000000e+03; 2.78600000000000000e+03; 2.78600000000000000e+03; nan; 3.17380060340933356e-01; 1.12044755043654146e-01; 2.27752470740221653e-02; 1.09901674810632434e-02; 1.00171057954742248e-02; 9.88886857887993735e-03; 7.61307055117558390e-03; 7.05455362383114633e-04;;6.19204088761877447e+00; 6.19204088761877447e+00; 9.89982894204525787e-01; 1.450e+00; 2.78600000000000000e+03; 2.78600000000000000e+03; 2.78600000000000000e+03; nan; 3.17380060340933356e-01; 1.12044755043654146e-01; 2.27752470740221653e-02; 1.09901674810632434e-02; 1.00171057954742248e-02; 9.88886857887993735e-03; 7.61307055117558390e-03; 7.05455362383114633e-04;;6.19204088761877447e+00; 6.19204088761877447e+00; 9.92386929448824451e-01; 1.450e+00; 2.78600000000000000e+03; 2.78600000000000000e+03; 2.78600000000000000e+03; nan; 3.17380060340933356e-01; 1.12044755043654146e-01; 2.27752470740221653e-02; 1.09901674810632434e-02; 1.00171057954742248e-02; 9.88886857887993735e-03; 7.61307055117558390e-03; 7.05455362383114633e-04;;6.19204088761877447e+00; 6.19204088761877447e+00; 9.99294544637616911e-01; 1.450e+00; 2.78600000000000000e+03; 2.78600000000000000e+03; 2.78600000000000000e+03; nan; 3.17380060340933356e-01; 1.12044755043654146e-01; 2.27752470740221653e-02; 1.09901674810632434e-02; 1.00171057954742248e-02; 9.88886857887993735e-03; 7.61307055117558390e-03; 7.05455362383114633e-04;;

--=== Rosenbrock evaluation completed. ===--

--=== Evaluating solvers on AbsSum with problem size = 8... ===--
Problem ordinal number: 2
upper_bound[0]=2.000e+00, optimum_parameter[0]=1.000e+00, optimum_fitness=0.000e+00

Executing David Pivovar - Imperialist Competitive Algorithm - Serial_7...
Executing David Pivovar - Imperialist Competitive Algorithm - Serial_15...
Executing David Pivovar - Imperialist Competitive Algorithm - Serial_25...
Executing David Pivovar - Imperialist Competitive Algorithm - Serial_40...
Executing David Pivovar - Imperialist Competitive Algorithm - Serial_60...
Executing David Pivovar - Imperialist Competitive Algorithm - Serial_100...
Executing David Pivovar - Imperialist Competitive Algorithm - SMP_7...
Executing David Pivovar - Imperialist Competitive Algorithm - SMP_15...
Executing David Pivovar - Imperialist Competitive Algorithm - SMP_25...
Executing David Pivovar - Imperialist Competitive Algorithm - SMP_40...
Executing David Pivovar - Imperialist Competitive Algorithm - SMP_60...
Executing David Pivovar - Imperialist Competitive Algorithm - SMP_100...
Executing David Pivovar - Imperialist Competitive Algorithm - OpenCL_7...
Executing David Pivovar - Imperialist Competitive Algorithm - OpenCL_15...
Executing David Pivovar - Imperialist Competitive Algorithm - OpenCL_25...
Executing David Pivovar - Imperialist Competitive Algorithm - OpenCL_40...
Executing David Pivovar - Imperialist Competitive Algorithm - OpenCL_60...
Executing David Pivovar - Imperialist Competitive Algorithm - OpenCL_100...

general;;;;;;;;Average;;;;;;;;;; ; ; ; ; ; ; ; Standard Deviation;;;;;;;;;; ; ; ; ; ; ; ; Minimum;;;;;;;;;; ; ; ; ; ; ; ; Q25;;;;;;;;;; ; ; ; ; ; ; ; Median;;;;;;;;;; ; ; ; ; ; ; ; Q75;;;;;;;;;; ; ; ; ; ; ; ; Maximum;;;;;;;;;; ; ; ; ; ; ; ; 
solver; fails; param_err; fitness_err; least_calls; lc_001; param_err001; ; fitness; fitness_err; param_err; time; total calls; least calls; lc_001; pe_001; 0; 1; 2; 3; 4; 5; 6; 7; ; fitness; fitness_err; param_err; time; total calls; least calls; lc_001; pe_001; 0; 1; 2; 3; 4; 5; 6; 7; ; fitness; fitness_err; param_err; time; total calls; least calls; lc_001; pe_001; 0; 1; 2; 3; 4; 5; 6; 7; ; fitness; fitness_err; param_err; time; total calls; least calls; lc_001; pe_001; 0; 1; 2; 3; 4; 5; 6; 7; ; fitness; fitness_err; param_err; time; total calls; least calls; lc_001; pe_001; 0; 1; 2; 3; 4; 5; 6; 7; ; fitness; fitness_err; param_err; time; total calls; least calls; lc_001; pe_001; 0; 1; 2; 3; 4; 5; 6; 7; ; fitness; fitness_err; param_err; time; total calls; least calls; lc_001; pe_001; 0; 1; 2; 3; 4; 5; 6; 7; 
David Pivovar - Imperialist Competitive Algorithm - SMP_100; 0; 1.290e-10 ± 3.384e-10; 1.032e-09 ± 0.000e+00; 1.748e+05 ± 0.000e+00; 8.774e+04 ± 0.000e+00; 1.055e-04 ± 9.573e-05; ;1.03238184667731048e-09; 1.03238184667731048e-09; 1.29047730834663810e-10; 1.366e-01; 1.74811000000000000e+05; 1.74811000000000000e+05; 8.77390000000000000e+04; 1.05470185145853379e-04; 9.99999999937332129e-01; 9.99999999999295008e-01; 9.99999999965354491e-01; 9.99999999999999556e-01; 9.99999999999780953e-01; 1.00000000000000466e+00; 9.99999999065993239e-01; 9.99999999999867439e-01;;0.00000000000000000e+00; 0.00000000000000000e+00; 3.38383085251030978e-10; 0.000e+00; 0.00000000000000000e+00; 0.00000000000000000e+00; 0.00000000000000000e+00; 9.57256003996801775e-05; 0.00000000000000000e+00; 0.00000000000000000e+00; 0.00000000000000000e+00; 0.00000000000000000e+00; 0.00000000000000000e+00; 0.00000000000000000e+00; 0.00000000000000000e+00; 0.00000000000000000e+00;;1.03238184667731048e-09; 1.03238184667731048e-09; 4.44089209850062616e-16; 1.366e-01; 1.74811000000000000e+05; 1.74811000000000000e+05; 8.77390000000000000e+04; 1.49632071444472103e-06; 9.99999999937332129e-01; 9.99999999999295008e-01; 9.99999999965354491e-01; 9.99999999999999556e-01; 9.99999999999780953e-01; 1.00000000000000466e+00; 9.99999999065993239e-01; 9.99999999999867439e-01;;1.03238184667731048e-09; 1.03238184667731048e-09; 1.32560629140243691e-13; 1.366e-01; 1.74811000000000000e+05; 1.74811000000000000e+05; 8.77390000000000000e+04; 5.27514659309780143e-05; 9.99999999937332129e-01; 9.99999999999295008e-01; 9.99999999965354491e-01; 9.99999999999999556e-01; 9.99999999999780953e-01; 1.00000000000000466e+00; 9.99999999065993239e-01; 9.99999999999867439e-01;;1.03238184667731048e-09; 1.03238184667731048e-09; 7.04991620636974403e-13; 1.366e-01; 1.74811000000000000e+05; 1.74811000000000000e+05; 8.77390000000000000e+04; 8.13451761809691476e-05; 9.99999999937332129e-01; 9.99999999999295008e-01; 9.99999999965354491e-01; 9.99999999999999556e-01; 9.99999999999780953e-01; 1.00000000000000466e+00; 9.99999999065993239e-01; 9.99999999999867439e-01;;1.03238184667731048e-09; 1.03238184667731048e-09; 6.26678708925965111e-11; 1.366e-01; 1.74811000000000000e+05; 1.74811000000000000e+05; 8.77390000000000000e+04; 2.00116046847331752e-04; 9.99999999937332129e-01; 9.99999999999295008e-01; 9.99999999965354491e-01; 9.99999999999999556e-01; 9.99999999999780953e-01; 1.00000000000000466e+00; 9.99999999065993239e-01; 9.99999999999867439e-01;;1.03238184667731048e-09; 1.03238184667731048e-09; 9.34006760822114757e-10; 1.366e-01; 1.74811000000000000e+05; 1.74811000000000000e+05; 8.77390000000000000e+04; 2.82909026158018051e-04; 9.99999999937332129e-01; 9.99999999999295008e-01; 9.99999999965354491e-01; 9.99999999999999556e-01; 9.99999999999780953e-01; 1.00000000000000466e+00; 9.99999999065993239e-01; 9.99999999999867439e-01;;
David Pivovar - Imperialist Competitive Algorithm - SMP_15; 0; 1.534e-09 ± 2.553e-09; 1.227e-08 ± 0.000e+00; 7.186e+04 ± 0.000e+00; 3.381e+04 ± 0.000e+00; 1.067e-04 ± 1.481e-04; ;1.22713545991359751e-08; 1.22713545991359751e-08; 1.53391932489199689e-09; 5.847e-02; 7.18620000000000000e+04; 7.18620000000000000e+04; 3.38050000000000000e+04; 1.06720140370664129e-04; 9.99999998434083603e-01; 1.00000000000019629e+00; 9.99999996286202841e-01; 9.99999993298022583e-01; 9.99999999982160492e-01; 1.00000000017388402e+00; 9.99999999926397654e-01; 9.99999999975858533e-01;;0.00000000000000000e+00; 0.00000000000000000e+00; 2.55325345673779380e-09; 0.000e+00; 0.00000000000000000e+00; 0.00000000000000000e+00; 0.00000000000000000e+00; 1.48139687951677761e-04; 0.00000000000000000e+00; 0.00000000000000000e+00; 0.00000000000000000e+00; 0.00000000000000000e+00; 0.00000000000000000e+00; 0.00000000000000000e+00; 0.00000000000000000e+00; 0.00000000000000000e+00;;1.22713545991359751e-08; 1.22713545991359751e-08; 1.96287430753727676e-13; 5.847e-02; 7.18620000000000000e+04; 7.18620000000000000e+04; 3.38050000000000000e+04; 1.08172581703147586e-06; 9.99999998434083603e-01; 1.00000000000019629e+00; 9.99999996286202841e-01; 9.99999993298022583e-01; 9.99999999982160492e-01; 1.00000000017388402e+00; 9.99999999926397654e-01; 9.99999999975858533e-01;;1.22713545991359751e-08; 1.22713545991359751e-08; 2.41414666035666414e-11; 5.847e-02; 7.18620000000000000e+04; 7.18620000000000000e+04; 3.38050000000000000e+04; 7.43208433651165734e-06; 9.99999998434083603e-01; 1.00000000000019629e+00; 9.99999996286202841e-01; 9.99999993298022583e-01; 9.99999999982160492e-01; 1.00000000017388402e+00; 9.99999999926397654e-01; 9.99999999975858533e-01;;1.22713545991359751e-08; 1.22713545991359751e-08; 1.73884018295211717e-10; 5.847e-02; 7.18620000000000000e+04; 7.18620000000000000e+04; 3.38050000000000000e+04; 3.19797854444470175e-05; 9.99999998434083603e-01; 1.00000000000019629e+00; 9.99999996286202841e-01; 9.99999993298022583e-01; 9.99999999982160492e-01; 1.00000000017388402e+00; 9.99999999926397654e-01; 9.99999999975858533e-01;;1.22713545991359751e-08; 1.22713545991359751e-08; 3.71379715868869198e-09; 5.847e-02; 7.18620000000000000e+04; 7.18620000000000000e+04; 3.38050000000000000e+04; 2.82114233873143050e-04; 9.99999998434083603e-01; 1.00000000000019629e+00; 9.99999996286202841e-01; 9.99999993298022583e-01; 9.99999999982160492e-01; 1.00000000017388402e+00; 9.99999999926397654e-01; 9.99999999975858533e-01;;1.22713545991359751e-08; 1.22713545991359751e-08; 6.70197741747813325e-09; 5.847e-02; 7.18620000000000000e+04; 7.18620000000000000e+04; 3.38050000000000000e+04; 3.62417263956471558e-04; 9.99999998434083603e-01; 1.00000000000019629e+00; 9.99999996286202841e-01; 9.99999993298022583e-01; 9.99999999982160492e-01; 1.00000000017388402e+00; 9.99999999926397654e-01; 9.99999999975858533e-01;;
David Pivovar - Imperialist Competitive Algorithm - SMP_60; 0; 2.186e-09 ± 4.135e-09; 1.749e-08 ± 0.000e+00; 1.583e+05 ± 0.000e+00; 8.211e+04 ± 0.000e+00; 6.866e-05 ± 1.516e-04; ;1.74913830086609323e-08; 1.74913830086609323e-08; 2.18642287608261654e-09; 1.134e-01; 1.58340000000000000e+05; 1.58340000000000000e+05; 8.21130000000000000e+04; 6.86554295277475024e-05; 9.99999997903509130e-01; 9.99999999952574159e-01; 9.99999988621956382e-01; 9.99999999978830489e-01; 9.99999999993927635e-01; 9.99999999999968137e-01; 9.99999996057851059e-01; 1.00000000000000000e+00;;0.00000000000000000e+00; 0.00000000000000000e+00; 4.13530508795336916e-09; 0.000e+00; 0.00000000000000000e+00; 0.00000000000000000e+00; 0.00000000000000000e+00; 1.51568130478957157e-04; 0.00000000000000000e+00; 0.00000000000000000e+00; 0.00000000000000000e+00; 0.00000000000000000e+00; 0.00000000000000000e+00; 0.00000000000000000e+00; 0.00000000000000000e+00; 0.00000000000000000e+00;;1.74913830086609323e-08; 1.74913830086609323e-08; 0.00000000000000000e+00; 1.134e-01; 1.58340000000000000e+05; 1.58340000000000000e+05; 8.21130000000000000e+04; 1.03604458345785133e-08; 9.99999997903509130e-01; 9.99999999952574159e-01; 9.99999988621956382e-01; 9.99999999978830489e-01; 9.99999999993927635e-01; 9.99999999999968137e-01; 9.99999996057851059e-01; 1.00000000000000000e+00;;1.74913830086609323e-08; 1.74913830086609323e-08; 6.07236483318729370e-12; 1.134e-01; 1.58340000000000000e+05; 1.58340000000000000e+05; 8.21130000000000000e+04; 4.68682352106064570e-06; 9.99999997903509130e-01; 9.99999999952574159e-01; 9.99999988621956382e-01; 9.99999999978830489e-01; 9.99999999993927635e-01; 9.99999999999968137e-01; 9.99999996057851059e-01; 1.00000000000000000e+00;;1.74913830086609323e-08; 1.74913830086609323e-08; 4.74258410321226620e-11; 1.134e-01; 1.58340000000000000e+05; 1.58340000000000000e+05; 8.21130000000000000e+04; 1.40926472090852073e-05; 9.99999997903509130e-01; 9.99999999952574159e-01; 9.99999988621956382e-01; 9.99999999978830489e-01; 9.99999999993927635e-01; 9.99999999999968137e-01; 9.99999996057851059e-01; 1.00000000000000000e+00;;1.74913830086609323e-08; 1.74913830086609323e-08; 3.94214894061661880e-09; 1.134e-01; 1.58340000000000000e+05; 1.58340000000000000e+05; 8.21130000000000000e+04; 5.02057226231533704e-05; 9.99999997903509130e-01; 9.99999999952574159e-01; 9.99999988621956382e-01; 9.99999999978830489e-01; 9.99999999993927635e-01; 9.99999999999968137e-01; 9.99999996057851059e-01; 1.00000000000000000e+00;;1.74913830086609323e-08; 1.74913830086609323e-08; 1.13780436183930078e-08; 1.134e-01; 1.58340000000000000e+05; 1.58340000000000000e+05; 8.21130000000000000e+04; 4.27421840227926175e-04; 9.99999997903509130e-01; 9.99999999952574159e-01; 9.99999988621956382e-01; 9.99999999978830489e-01; 9.99999999993927635e-01; 9.99999999999968137e-01; 9.99999996057851059e-01; 1.00000000000000000e+00;;
David Pivovar - Imperialist Competitive Algorithm - SMP_40; 0; 4.524e-09 ± 1.013e-08; 3.619e-08 ± 0.000e+00; 1.018e+05 ± 0.000e+00; 5.837e+04 ± 0.000e+00; 1.229e-04 ± 9.308e-05; ;3.61899058498593718e-08; 3.61899058498593718e-08; 4.52373823123242147e-09; 7.038e-02; 1.01849000000000000e+05; 1.01849000000000000e+05; 5.83670000000000000e+04; 1.22939014569584115e-04; 9.99999999992852939e-01; 9.99999996443456052e-01; 9.99999999963396946e-01; 1.00000000000388223e+00; 9.99999971732495108e-01; 9.99999995702266609e-01; 9.99999999984611199e-01; 9.99999999994897526e-01;;0.00000000000000000e+00; 0.00000000000000000e+00; 1.01258189268681061e-08; 0.000e+00; 0.00000000000000000e+00; 0.00000000000000000e+00; 0.00000000000000000e+00; 9.30796611399508451e-05; 0.00000000000000000e+00; 0.00000000000000000e+00; 0.00000000000000000e+00; 0.00000000000000000e+00; 0.00000000000000000e+00; 0.00000000000000000e+00; 0.00000000000000000e+00; 0.00000000000000000e+00;;3.61899058498593718e-08; 3.61899058498593718e-08; 3.88222787250924739e-12; 7.038e-02; 1.01849000000000000e+05; 1.01849000000000000e+05; 5.83670000000000000e+04; 8.14369986557039738e-07; 9.99999999992852939e-01; 9.99999996443456052e-01; 9.99999999963396946e-01; 1.00000000000388223e+00; 9.99999971732495108e-01; 9.99999995702266609e-01; 9.99999999984611199e-01; 9.99999999994897526e-01;;3.61899058498593718e-08; 3.61899058498593718e-08; 7.14706072102444523e-12; 7.038e-02; 1.01849000000000000e+05; 1.01849000000000000e+05; 5.83670000000000000e+04; 4.92380733481123656e-05; 9.99999999992852939e-01; 9.99999996443456052e-01; 9.99999999963396946e-01; 1.00000000000388223e+00; 9.99999971732495108e-01; 9.99999995702266609e-01; 9.99999999984611199e-01; 9.99999999994897526e-01;;3.61899058498593718e-08; 3.61899058498593718e-08; 3.66030539211692485e-11; 7.038e-02; 1.01849000000000000e+05; 1.01849000000000000e+05; 5.83670000000000000e+04; 1.61054870950638751e-04; 9.99999999992852939e-01; 9.99999996443456052e-01; 9.99999999963396946e-01; 1.00000000000388223e+00; 9.99999971732495108e-01; 9.99999995702266609e-01; 9.99999999984611199e-01; 9.99999999994897526e-01;;3.61899058498593718e-08; 3.61899058498593718e-08; 4.29773339138961319e-09; 7.038e-02; 1.01849000000000000e+05; 1.01849000000000000e+05; 5.83670000000000000e+04; 1.87393777381861248e-04; 9.99999999992852939e-01; 9.99999996443456052e-01; 9.99999999963396946e-01; 1.00000000000388223e+00; 9.99999971732495108e-01; 9.99999995702266609e-01; 9.99999999984611199e-01; 9.99999999994897526e-01;;3.61899058498593718e-08; 3.61899058498593718e-08; 2.82675048923763939e-08; 7.038e-02; 1.01849000000000000e+05; 1.01849000000000000e+05; 5.83670000000000000e+04; 2.57131636518970197e-04; 9.99999999992852939e-01; 9.99999996443456052e-01; 9.99999999963396946e-01; 1.00000000000388223e+00; 9.99999971732495108e-01; 9.99999995702266609e-01; 9.99999999984611199e-01; 9.99999999994897526e-01;;
David Pivovar - Imperialist Competitive Algorithm - SMP_25; 0; 5.444e-09 ± 1.154e-08; 4.355e-08 ± 0.000e+00; 7.250e+04 ± 0.000e+00; 3.044e+04 ± 0.000e+00; 9.192e-05 ± 9.586e-05; ;4.35544450505531699e-08; 4.35544450505531699e-08; 5.44430563131914624e-09; 5.168e-02; 7.25040000000000000e+04; 7.25040000000000000e+04; 3.04350000000000000e+04; 9.19155411220062835e-05; 9.99999999940394346e-01; 9.99999995021454535e-01; 9.99999993907893181e-01; 9.99999999994782840e-01; 1.00000000000118505e+00; 1.00000000000000444e+00; 9.99999999851122201e-01; 9.99999967731097339e-01;;0.00000000000000000e+00; 0.00000000000000000e+00; 1.15431217946937029e-08; 0.000e+00; 0.00000000000000000e+00; 0.00000000000000000e+00; 0.00000000000000000e+00; 9.58567788098741065e-05; 0.00000000000000000e+00; 0.00000000000000000e+00; 0.00000000000000000e+00; 0.00000000000000000e+00; 0.00000000000000000e+00; 0.00000000000000000e+00; 0.00000000000000000e+00; 0.00000000000000000e+00;;4.35544450505531699e-08; 4.35544450505531699e-08; 4.44089209850062616e-15; 5.168e-02; 7.25040000000000000e+04; 7.25040000000000000e+04; 3.04350000000000000e+04; 5.37167355041390238e-09; 9.99999999940394346e-01; 9.99999995021454535e-01; 9.99999993907893181e-01; 9.99999999994782840e-01; 1.00000000000118505e+00; 1.00000000000000444e+00; 9.99999999851122201e-01; 9.99999967731097339e-01;;4.35544450505531699e-08; 4.35544450505531699e-08; 5.21716003731853561e-12; 5.168e-02; 7.25040000000000000e+04; 7.25040000000000000e+04; 3.04350000000000000e+04; 3.35958967534466524e-06; 9.99999999940394346e-01; 9.99999995021454535e-01; 9.99999993907893181e-01; 9.99999999994782840e-01; 1.00000000000118505e+00; 1.00000000000000444e+00; 9.99999999851122201e-01; 9.99999967731097339e-01;;4.35544450505531699e-08; 4.35544450505531699e-08; 1.48877798977764542e-10; 5.168e-02; 7.25040000000000000e+04; 7.25040000000000000e+04; 3.04350000000000000e+04; 1.44689310168089058e-04; 9.99999999940394346e-01; 9.99999995021454535e-01; 9.99999993907893181e-01; 9.99999999994782840e-01; 1.00000000000118505e+00; 1.00000000000000444e+00; 9.99999999851122201e-01; 9.99999967731097339e-01;;4.35544450505531699e-08; 4.35544450505531699e-08; 6.09210681901117823e-09; 5.168e-02; 7.25040000000000000e+04; 7.25040000000000000e+04; 3.04350000000000000e+04; 1.75174585292703355e-04; 9.99999999940394346e-01; 9.99999995021454535e-01; 9.99999993907893181e-01; 9.99999999994782840e-01; 1.00000000000118505e+00; 1.00000000000000444e+00; 9.99999999851122201e-01; 9.99999967731097339e-01;;4.35544450505531699e-08; 4.35544450505531699e-08; 3.22689026610589735e-08; 5.168e-02; 7.25040000000000000e+04; 7.25040000000000000e+04; 3.04350000000000000e+04; 2.28084164593744809e-04; 9.99999999940394346e-01; 9.99999995021454535e-01; 9.99999993907893181e-01; 9.99999999994782840e-01; 1.00000000000118505e+00; 1.00000000000000444e+00; 9.99999999851122201e-01; 9.99999967731097339e-01;;
David Pivovar - Imperialist Competitive Algorithm - Serial_40; 0; 1.239e-08 ± 2.548e-08; 9.915e-08 ± 0.000e+00; 9.000e+04 ± 0.000e+00; 5.169e+04 ± 0.000e+00; 1.214e-04 ± 2.493e-04; ;9.91493921409514201e-08; 9.91493921409514201e-08; 1.23936740176189275e-08; 5.277e-02; 8.99960000000000000e+04; 8.99960000000000000e+04; 5.16890000000000000e+04; 1.21360717423746323e-04; 9.99999998961647485e-01; 9.99999999940763717e-01; 9.99999999691768227e-01; 9.99999999907474901e-01; 1.00000000000000022e+00; 9.99999931033919709e-01; 9.99999973824606370e-01; 9.99999997490427672e-01;;0.00000000000000000e+00; 0.00000000000000000e+00; 2.54803979652770639e-08; 0.000e+00; 0.00000000000000000e+00; 0.00000000000000000e+00; 0.00000000000000000e+00; 2.49303657635696261e-04; 0.00000000000000000e+00; 0.00000000000000000e+00; 0.00000000000000000e+00; 0.00000000000000000e+00; 0.00000000000000000e+00; 0.00000000000000000e+00; 0.00000000000000000e+00; 0.00000000000000000e+00;;9.91493921409514201e-08; 9.91493921409514201e-08; 2.22044604925031308e-16; 5.277e-02; 8.99960000000000000e+04; 8.99960000000000000e+04; 5.16890000000000000e+04; 2.99850225959907846e-06; 9.99999998961647485e-01; 9.99999999940763717e-01; 9.99999999691768227e-01; 9.99999999907474901e-01; 1.00000000000000022e+00; 9.99999931033919709e-01; 9.99999973824606370e-01; 9.99999997490427672e-01;;9.91493921409514201e-08; 9.91493921409514201e-08; 9.25250986938408460e-11; 5.277e-02; 8.99960000000000000e+04; 8.99960000000000000e+04; 5.16890000000000000e+04; 1.36792702385424292e-05; 9.99999998961647485e-01; 9.99999999940763717e-01; 9.99999999691768227e-01; 9.99999999907474901e-01; 1.00000000000000022e+00; 9.99999931033919709e-01; 9.99999973824606370e-01; 9.99999997490427672e-01;;9.91493921409514201e-08; 9.91493921409514201e-08; 1.03835251508144211e-09; 5.277e-02; 8.99960000000000000e+04; 8.99960000000000000e+04; 5.16890000000000000e+04; 5.22712767418997970e-05; 9.99999998961647485e-01; 9.99999999940763717e-01; 9.99999999691768227e-01; 9.99999999907474901e-01; 1.00000000000000022e+00; 9.99999931033919709e-01; 9.99999973824606370e-01; 9.99999997490427672e-01;;9.91493921409514201e-08; 9.91493921409514201e-08; 2.61753936303676937e-08; 5.277e-02; 8.99960000000000000e+04; 8.99960000000000000e+04; 5.16890000000000000e+04; 8.29775667329224476e-05; 9.99999998961647485e-01; 9.99999999940763717e-01; 9.99999999691768227e-01; 9.99999999907474901e-01; 1.00000000000000022e+00; 9.99999931033919709e-01; 9.99999973824606370e-01; 9.99999997490427672e-01;;9.91493921409514201e-08; 9.91493921409514201e-08; 6.89660802910552206e-08; 5.277e-02; 8.99960000000000000e+04; 8.99960000000000000e+04; 5.16890000000000000e+04; 7.11068763686650840e-04; 9.99999998961647485e-01; 9.99999999940763717e-01; 9.99999999691768227e-01; 9.99999999907474901e-01; 1.00000000000000022e+00; 9.99999931033919709e-01; 9.99999973824606370e-01; 9.99999997490427672e-01;;
David Pivovar - Imperialist Competitive Algorithm - Serial_15; 0; 3.152e-08 ± 4.997e-08; 2.522e-07 ± 0.000e+00; 5.065e+04 ± 0.000e+00; 2.823e+04 ± 0.000e+00; 1.244e-04 ± 2.730e-04; ;2.52171055037386793e-07; 2.52171055037386793e-07; 3.15213818796733491e-08; 3.010e-02; 5.06520000000000000e+04; 5.06520000000000000e+04; 2.82310000000000000e+04; 1.24384819007256064e-04; 1.00000000770329023e+00; 9.99999869861753155e-01; 9.99999987379668220e-01; 9.99999987054585482e-01; 9.99999993843418977e-01; 9.99999999982841725e-01; 9.99999917413717854e-01; 9.99999999996249778e-01;;0.00000000000000000e+00; 0.00000000000000000e+00; 4.99719585612428717e-08; 0.000e+00; 0.00000000000000000e+00; 0.00000000000000000e+00; 0.00000000000000000e+00; 2.73027316458528124e-04; 0.00000000000000000e+00; 0.00000000000000000e+00; 0.00000000000000000e+00; 0.00000000000000000e+00; 0.00000000000000000e+00; 0.00000000000000000e+00; 0.00000000000000000e+00; 0.00000000000000000e+00;;2.52171055037386793e-07; 2.52171055037386793e-07; 3.75022235488131628e-12; 3.010e-02; 5.06520000000000000e+04; 5.06520000000000000e+04; 2.82310000000000000e+04; 3.37452007004301890e-06; 1.00000000770329023e+00; 9.99999869861753155e-01; 9.99999987379668220e-01; 9.99999987054585482e-01; 9.99999993843418977e-01; 9.99999999982841725e-01; 9.99999917413717854e-01; 9.99999999996249778e-01;;2.52171055037386793e-07; 2.52171055037386793e-07; 6.15658102276483987e-09; 3.010e-02; 5.06520000000000000e+04; 5.06520000000000000e+04; 2.82310000000000000e+04; 8.92481808767442431e-06; 1.00000000770329023e+00; 9.99999869861753155e-01; 9.99999987379668220e-01; 9.99999987054585482e-01; 9.99999993843418977e-01; 9.99999999982841725e-01; 9.99999917413717854e-01; 9.99999999996249778e-01;;2.52171055037386793e-07; 2.52171055037386793e-07; 1.26203317796225178e-08; 3.010e-02; 5.06520000000000000e+04; 5.06520000000000000e+04; 2.82310000000000000e+04; 3.04328475092541240e-05; 1.00000000770329023e+00; 9.99999869861753155e-01; 9.99999987379668220e-01; 9.99999987054585482e-01; 9.99999993843418977e-01; 9.99999999982841725e-01; 9.99999917413717854e-01; 9.99999999996249778e-01;;2.52171055037386793e-07; 2.52171055037386793e-07; 8.25862821463019259e-08; 3.010e-02; 5.06520000000000000e+04; 5.06520000000000000e+04; 2.82310000000000000e+04; 1.24654193545126191e-04; 1.00000000770329023e+00; 9.99999869861753155e-01; 9.99999987379668220e-01; 9.99999987054585482e-01; 9.99999993843418977e-01; 9.99999999982841725e-01; 9.99999917413717854e-01; 9.99999999996249778e-01;;2.52171055037386793e-07; 2.52171055037386793e-07; 1.30138246845490357e-07; 3.010e-02; 5.06520000000000000e+04; 5.06520000000000000e+04; 2.82310000000000000e+04; 7.68234418691671195e-04; 1.00000000770329023e+00; 9.99999869861753155e-01; 9.99999987379668220e-01; 9.99999987054585482e-01; 9.99999993843418977e-01; 9.99999999982841725e-01; 9.99999917413717854e-01; 9.99999999996249778e-01;;
David Pivovar - Imperialist Competitive Algorithm - Serial_100; 0; 3.168e-08 ± 6.817e-08; 2.534e-07 ± 0.000e+00; 1.621e+05 ± 0.000e+00; 8.159e+04 ± 0.000e+00; 1.116e-04 ± 1.750e-04; ;2.53436546415741759e-07; 2.53436546415741759e-07; 3.16795683019677199e-08; 9.430e-02; 1.62109000000000000e+05; 1.62109000000000000e+05; 8.15860000000000000e+04; 1.11556850651561845e-04; 9.99999999309986065e-01; 9.99999999650969973e-01; 9.99999961808428206e-01; 9.99999999363971326e-01; 9.99999978444221060e-01; 9.99999809441949994e-01; 9.99999999913070203e-01; 9.99999998630856757e-01;;0.00000000000000000e+00; 0.00000000000000000e+00; 6.81736948877387837e-08; 0.000e+00; 0.00000000000000000e+00; 0.00000000000000000e+00; 0.00000000000000000e+00; 1.75028071866080692e-04; 0.00000000000000000e+00; 0.00000000000000000e+00; 0.00000000000000000e+00; 0.00000000000000000e+00; 0.00000000000000000e+00; 0.00000000000000000e+00; 0.00000000000000000e+00; 0.00000000000000000e+00;;2.53436546415741759e-07; 2.53436546415741759e-07; 8.69297966943349820e-11; 9.430e-02; 1.62109000000000000e+05; 1.62109000000000000e+05; 8.15860000000000000e+04; 3.01888694931307100e-07; 9.99999999309986065e-01; 9.99999999650969973e-01; 9.99999961808428206e-01; 9.99999999363971326e-01; 9.99999978444221060e-01; 9.99999809441949994e-01; 9.99999999913070203e-01; 9.99999998630856757e-01;;2.53436546415741759e-07; 2.53436546415741759e-07; 6.36028674172450792e-10; 9.430e-02; 1.62109000000000000e+05; 1.62109000000000000e+05; 8.15860000000000000e+04; 1.18220426573723003e-05; 9.99999999309986065e-01; 9.99999999650969973e-01; 9.99999961808428206e-01; 9.99999999363971326e-01; 9.99999978444221060e-01; 9.99999809441949994e-01; 9.99999999913070203e-01; 9.99999998630856757e-01;;2.53436546415741759e-07; 2.53436546415741759e-07; 1.36914324322390257e-09; 9.430e-02; 1.62109000000000000e+05; 1.62109000000000000e+05; 8.15860000000000000e+04; 3.29802534322354290e-05; 9.99999999309986065e-01; 9.99999999650969973e-01; 9.99999961808428206e-01; 9.99999999363971326e-01; 9.99999978444221060e-01; 9.99999809441949994e-01; 9.99999999913070203e-01; 9.99999998630856757e-01;;2.53436546415741759e-07; 2.53436546415741759e-07; 3.81915717939662613e-08; 9.430e-02; 1.62109000000000000e+05; 1.62109000000000000e+05; 8.15860000000000000e+04; 1.83538682198114422e-04; 9.99999999309986065e-01; 9.99999999650969973e-01; 9.99999961808428206e-01; 9.99999999363971326e-01; 9.99999978444221060e-01; 9.99999809441949994e-01; 9.99999999913070203e-01; 9.99999998630856757e-01;;2.53436546415741759e-07; 2.53436546415741759e-07; 1.90558050006117696e-07; 9.430e-02; 1.62109000000000000e+05; 1.62109000000000000e+05; 8.15860000000000000e+04; 4.94883478639351893e-04; 9.99999999309986065e-01; 9.99999999650969973e-01; 9.99999961808428206e-01; 9.99999999363971326e-01; 9.99999978444221060e-01; 9.99999809441949994e-01; 9.99999999913070203e-01; 9.99999998630856757e-01;;
David Pivovar - Imperialist Competitive Algorithm - Serial_25; 0; 4.667e-08 ± 1.277e-07; 3.733e-07 ± 0.000e+00; 8.067e+04 ± 0.000e+00; 5.152e+04 ± 0.000e+00; 8.302e-05 ± 9.712e-05; ;3.73349486659790841e-07; 3.73349486659790841e-07; 4.66686858324738552e-08; 4.756e-02; 8.06720000000000000e+04; 8.06720000000000000e+04; 5.15170000000000000e+04; 8.30196357603646407e-05; 9.99999648915294137e-01; 9.99999999996940558e-01; 1.00000000512256770e+00; 9.99999999999987454e-01; 9.99999999988467447e-01; 9.99999998313375604e-01; 9.99999997264049978e-01; 9.99999987294965864e-01;;0.00000000000000000e+00; 0.00000000000000000e+00; 1.27722493441691497e-07; 0.000e+00; 0.00000000000000000e+00; 0.00000000000000000e+00; 0.00000000000000000e+00; 9.71184975879996133e-05; 0.00000000000000000e+00; 0.00000000000000000e+00; 0.00000000000000000e+00; 0.00000000000000000e+00; 0.00000000000000000e+00; 0.00000000000000000e+00; 0.00000000000000000e+00; 0.00000000000000000e+00;;3.73349486659790841e-07; 3.73349486659790841e-07; 1.25455201782642689e-14; 4.756e-02; 8.06720000000000000e+04; 8.06720000000000000e+04; 5.15170000000000000e+04; 3.16550789791758547e-06; 9.99999648915294137e-01; 9.99999999996940558e-01; 1.00000000512256770e+00; 9.99999999999987454e-01; 9.99999999988467447e-01; 9.99999998313375604e-01; 9.99999997264049978e-01; 9.99999987294965864e-01;;3.73349486659790841e-07; 3.73349486659790841e-07; 1.15325526905962761e-11; 4.756e-02; 8.06720000000000000e+04; 8.06720000000000000e+04; 5.15170000000000000e+04; 2.06724400055868784e-05; 9.99999648915294137e-01; 9.99999999996940558e-01; 1.00000000512256770e+00; 9.99999999999987454e-01; 9.99999999988467447e-01; 9.99999998313375604e-01; 9.99999997264049978e-01; 9.99999987294965864e-01;;3.73349486659790841e-07; 3.73349486659790841e-07; 2.73595002209248150e-09; 4.756e-02; 8.06720000000000000e+04; 8.06720000000000000e+04; 5.15170000000000000e+04; 5.78009810769941623e-05; 9.99999648915294137e-01; 9.99999999996940558e-01; 1.00000000512256770e+00; 9.99999999999987454e-01; 9.99999999988467447e-01; 9.99999998313375604e-01; 9.99999997264049978e-01; 9.99999987294965864e-01;;3.73349486659790841e-07; 3.73349486659790841e-07; 1.27050341358625474e-08; 4.756e-02; 8.06720000000000000e+04; 8.06720000000000000e+04; 5.15170000000000000e+04; 1.75337787663099043e-04; 9.99999648915294137e-01; 9.99999999996940558e-01; 1.00000000512256770e+00; 9.99999999999987454e-01; 9.99999999988467447e-01; 9.99999998313375604e-01; 9.99999997264049978e-01; 9.99999987294965864e-01;;3.73349486659790841e-07; 3.73349486659790841e-07; 3.51084705862980684e-07; 4.756e-02; 8.06720000000000000e+04; 8.06720000000000000e+04; 5.15170000000000000e+04; 2.61324264716145116e-04; 9.99999648915294137e-01; 9.99999999996940558e-01; 1.00000000512256770e+00; 9.99999999999987454e-01; 9.99999999988467447e-01; 9.99999998313375604e-01; 9.99999997264049978e-01; 9.99999987294965864e-01;;
David Pivovar - Imperialist Competitive Algorithm - Serial_60; 0; 1.930e-07 ± 5.617e-07; 1.544e-06 ± 0.000e+00; 9.477e+04 ± 0.000e+00; 5.225e+04 ± 0.000e+00; 1.240e-04 ± 2.914e-04; ;1.54370472227327582e-06; 1.54370472227327582e-06; 1.92963090284159478e-07; 5.454e-02; 9.47710000000000000e+04; 9.47710000000000000e+04; 5.22480000000000000e+04; 1.24005299886043030e-04; 9.99999999970982323e-01; 9.99999999103537318e-01; 9.99999998839698812e-01; 9.99999991373758390e-01; 9.99999999956260543e-01; 9.99998467408393821e-01; 9.99999999933076311e-01; 9.99999999709570209e-01;;0.00000000000000000e+00; 0.00000000000000000e+00; 5.61732984913224826e-07; 0.000e+00; 0.00000000000000000e+00; 0.00000000000000000e+00; 0.00000000000000000e+00; 2.91410970138644633e-04; 0.00000000000000000e+00; 0.00000000000000000e+00; 0.00000000000000000e+00; 0.00000000000000000e+00; 0.00000000000000000e+00; 0.00000000000000000e+00; 0.00000000000000000e+00; 0.00000000000000000e+00;;1.54370472227327582e-06; 1.54370472227327582e-06; 2.90176771500227915e-11; 5.454e-02; 9.47710000000000000e+04; 9.47710000000000000e+04; 5.22480000000000000e+04; 1.71657071268427330e-06; 9.99999999970982323e-01; 9.99999999103537318e-01; 9.99999998839698812e-01; 9.99999991373758390e-01; 9.99999999956260543e-01; 9.99998467408393821e-01; 9.99999999933076311e-01; 9.99999999709570209e-01;;1.54370472227327582e-06; 1.54370472227327582e-06; 6.69236888128921237e-11; 5.454e-02; 9.47710000000000000e+04; 9.47710000000000000e+04; 5.22480000000000000e+04; 1.13125441201233912e-05; 9.99999999970982323e-01; 9.99999999103537318e-01; 9.99999998839698812e-01; 9.99999991373758390e-01; 9.99999999956260543e-01; 9.99998467408393821e-01; 9.99999999933076311e-01; 9.99999999709570209e-01;;1.54370472227327582e-06; 1.54370472227327582e-06; 8.96462681865273225e-10; 5.454e-02; 9.47710000000000000e+04; 9.47710000000000000e+04; 5.22480000000000000e+04; 1.42962006808300401e-05; 9.99999999970982323e-01; 9.99999999103537318e-01; 9.99999998839698812e-01; 9.99999991373758390e-01; 9.99999999956260543e-01; 9.99998467408393821e-01; 9.99999999933076311e-01; 9.99999999709570209e-01;;1.54370472227327582e-06; 1.54370472227327582e-06; 8.62624160991032340e-09; 5.454e-02; 9.47710000000000000e+04; 9.47710000000000000e+04; 5.22480000000000000e+04; 8.67124439495325916e-05; 9.99999999970982323e-01; 9.99999999103537318e-01; 9.99999998839698812e-01; 9.99999991373758390e-01; 9.99999999956260543e-01; 9.99998467408393821e-01; 9.99999999933076311e-01; 9.99999999709570209e-01;;1.54370472227327582e-06; 1.54370472227327582e-06; 1.53259160617924550e-06; 5.454e-02; 9.47710000000000000e+04; 9.47710000000000000e+04; 5.22480000000000000e+04; 8.15636567073285690e-04; 9.99999999970982323e-01; 9.99999999103537318e-01; 9.99999998839698812e-01; 9.99999991373758390e-01; 9.99999999956260543e-01; 9.99998467408393821e-01; 9.99999999933076311e-01; 9.99999999709570209e-01;;
David Pivovar - Imperialist Competitive Algorithm - Serial_7; 0; 2.418e-07 ± 3.117e-07; 1.935e-06 ± 0.000e+00; 2.873e+04 ± 0.000e+00; 1.720e+04 ± 0.000e+00; 1.219e-04 ± 2.061e-04; ;1.93463830266971115e-06; 1.93463830266971115e-06; 2.41829787833713894e-07; 1.789e-02; 2.87340000000000000e+04; 2.87340000000000000e+04; 1.72020000000000000e+04; 1.21850233365500271e-04; 9.99999999818501073e-01; 9.99999902053065437e-01; 1.00000000028133917e+00; 9.99999285461007581e-01; 9.99999971064902682e-01; 9.99999322738212126e-01; 9.99999663239482084e-01; 9.99999921267865521e-01;;0.00000000000000000e+00; 0.00000000000000000e+00; 3.11678749824426337e-07; 0.000e+00; 0.00000000000000000e+00; 0.00000000000000000e+00; 0.00000000000000000e+00; 2.06076199875852248e-04; 0.00000000000000000e+00; 0.00000000000000000e+00; 0.00000000000000000e+00; 0.00000000000000000e+00; 0.00000000000000000e+00; 0.00000000000000000e+00; 0.00000000000000000e+00; 0.00000000000000000e+00;;1.93463830266971115e-06; 1.93463830266971115e-06; 1.81498926998813204e-10; 1.789e-02; 2.87340000000000000e+04; 2.87340000000000000e+04; 1.72020000000000000e+04; 1.97682917035812977e-07; 9.99999999818501073e-01; 9.99999902053065437e-01; 1.00000000028133917e+00; 9.99999285461007581e-01; 9.99999971064902682e-01; 9.99999322738212126e-01; 9.99999663239482084e-01; 9.99999921267865521e-01;;1.93463830266971115e-06; 1.93463830266971115e-06; 2.89350973181612403e-08; 1.789e-02; 2.87340000000000000e+04; 2.87340000000000000e+04; 1.72020000000000000e+04; 4.16208993103683866e-06; 9.99999999818501073e-01; 9.99999902053065437e-01; 1.00000000028133917e+00; 9.99999285461007581e-01; 9.99999971064902682e-01; 9.99999322738212126e-01; 9.99999663239482084e-01; 9.99999921267865521e-01;;1.93463830266971115e-06; 1.93463830266971115e-06; 9.79469345629979671e-08; 1.789e-02; 2.87340000000000000e+04; 2.87340000000000000e+04; 1.72020000000000000e+04; 3.21303892621971343e-05; 9.99999999818501073e-01; 9.99999902053065437e-01; 1.00000000028133917e+00; 9.99999285461007581e-01; 9.99999971064902682e-01; 9.99999322738212126e-01; 9.99999663239482084e-01; 9.99999921267865521e-01;;1.93463830266971115e-06; 1.93463830266971115e-06; 6.77261787873639776e-07; 1.789e-02; 2.87340000000000000e+04; 2.87340000000000000e+04; 1.72020000000000000e+04; 2.96924119224772909e-04; 9.99999999818501073e-01; 9.99999902053065437e-01; 1.00000000028133917e+00; 9.99999285461007581e-01; 9.99999971064902682e-01; 9.99999322738212126e-01; 9.99999663239482084e-01; 9.99999921267865521e-01;;1.93463830266971115e-06; 1.93463830266971115e-06; 7.14538992419022634e-07; 1.789e-02; 2.87340000000000000e+04; 2.87340000000000000e+04; 1.72020000000000000e+04; 5.47334911470853669e-04; 9.99999999818501073e-01; 9.99999902053065437e-01; 1.00000000028133917e+00; 9.99999285461007581e-01; 9.99999971064902682e-01; 9.99999322738212126e-01; 9.99999663239482084e-01; 9.99999921267865521e-01;;
David Pivovar - Imperialist Competitive Algorithm - OpenCL_40; 0; 6.484e-07 ± 9.247e-07; 5.187e-06 ± 0.000e+00; 6.098e+04 ± 0.000e+00; 4.258e+04 ± 0.000e+00; 1.113e-04 ± 1.787e-04; ;5.18691306539142971e-06; 5.18691306539142971e-06; 6.48364133173928714e-07; 3.087e+01; 6.09830000000000000e+04; 6.09830000000000000e+04; 4.25840000000000000e+04; 1.11337918620960097e-04; 9.99997645926710033e-01; 9.99999993721685576e-01; 1.00000000000000133e+00; 9.99998943243779137e-01; 9.99999969189393045e-01; 9.99998518128294545e-01; 9.99999997949431174e-01; 9.99999744927642431e-01;;0.00000000000000000e+00; 0.00000000000000000e+00; 9.24652528996713592e-07; 0.000e+00; 0.00000000000000000e+00; 0.00000000000000000e+00; 0.00000000000000000e+00; 1.78744370470432728e-04; 0.00000000000000000e+00; 0.00000000000000000e+00; 0.00000000000000000e+00; 0.00000000000000000e+00; 0.00000000000000000e+00; 0.00000000000000000e+00; 0.00000000000000000e+00; 0.00000000000000000e+00;;5.18691306539142971e-06; 5.18691306539142971e-06; 1.33226762955018785e-15; 3.087e+01; 6.09830000000000000e+04; 6.09830000000000000e+04; 4.25840000000000000e+04; 5.07441328068125586e-07; 9.99997645926710033e-01; 9.99999993721685576e-01; 1.00000000000000133e+00; 9.99998943243779137e-01; 9.99999969189393045e-01; 9.99998518128294545e-01; 9.99999997949431174e-01; 9.99999744927642431e-01;;5.18691306539142971e-06; 5.18691306539142971e-06; 6.27831442390203165e-09; 3.087e+01; 6.09830000000000000e+04; 6.09830000000000000e+04; 4.25840000000000000e+04; 1.10687402399278767e-06; 9.99997645926710033e-01; 9.99999993721685576e-01; 1.00000000000000133e+00; 9.99998943243779137e-01; 9.99999969189393045e-01; 9.99998518128294545e-01; 9.99999997949431174e-01; 9.99999744927642431e-01;;5.18691306539142971e-06; 5.18691306539142971e-06; 2.55072357568941754e-07; 3.087e+01; 6.09830000000000000e+04; 6.09830000000000000e+04; 4.25840000000000000e+04; 5.35649893875778105e-05; 9.99997645926710033e-01; 9.99999993721685576e-01; 1.00000000000000133e+00; 9.99998943243779137e-01; 9.99999969189393045e-01; 9.99998518128294545e-01; 9.99999997949431174e-01; 9.99999744927642431e-01;;5.18691306539142971e-06; 5.18691306539142971e-06; 1.48187170545543978e-06; 3.087e+01; 6.09830000000000000e+04; 6.09830000000000000e+04; 4.25840000000000000e+04; 1.65534103649389586e-04; 9.99997645926710033e-01; 9.99999993721685576e-01; 1.00000000000000133e+00; 9.99998943243779137e-01; 9.99999969189393045e-01; 9.99998518128294545e-01; 9.99999997949431174e-01; 9.99999744927642431e-01;;5.18691306539142971e-06; 5.18691306539142971e-06; 2.35407328996739551e-06; 3.087e+01; 6.09830000000000000e+04; 6.09830000000000000e+04; 4.25840000000000000e+04; 4.99836538277120823e-04; 9.99997645926710033e-01; 9.99999993721685576e-01; 1.00000000000000133e+00; 9.99998943243779137e-01; 9.99999969189393045e-01; 9.99998518128294545e-01; 9.99999997949431174e-01; 9.99999744927642431e-01;;
David Pivovar - Imperialist Competitive Algorithm - OpenCL_60; 0; 2.136e-06 ± 4.443e-06; 1.709e-05 ± 0.000e+00; 7.345e+04 ± 0.000e+00; 4.029e+04 ± 0.000e+00; 1.059e-04 ± 1.562e-04; ;1.70893137482197588e-05; 1.70893137482197588e-05; 2.13616421852746985e-06; 3.596e+01; 7.34470000000000000e+04; 7.34470000000000000e+04; 4.02910000000000000e+04; 1.05887408377747239e-04; 9.99998315780642022e-01; 9.99999993033260370e-01; 9.99999999994998001e-01; 9.99999999992540300e-01; 9.99987636584092732e-01; 9.99999999997366107e-01; 9.99999981881846245e-01; 9.99996983421506003e-01;;0.00000000000000000e+00; 0.00000000000000000e+00; 4.44254240804376357e-06; 0.000e+00; 0.00000000000000000e+00; 0.00000000000000000e+00; 0.00000000000000000e+00; 1.56217572571478754e-04; 0.00000000000000000e+00; 0.00000000000000000e+00; 0.00000000000000000e+00; 0.00000000000000000e+00; 0.00000000000000000e+00; 0.00000000000000000e+00; 0.00000000000000000e+00; 0.00000000000000000e+00;;1.70893137482197588e-05; 1.70893137482197588e-05; 2.63389310362072138e-12; 3.596e+01; 7.34470000000000000e+04; 7.34470000000000000e+04; 4.02910000000000000e+04; 4.27699007421455946e-06; 9.99998315780642022e-01; 9.99999993033260370e-01; 9.99999999994998001e-01; 9.99999999992540300e-01; 9.99987636584092732e-01; 9.99999999997366107e-01; 9.99999981881846245e-01; 9.99996983421506003e-01;;1.70893137482197588e-05; 1.70893137482197588e-05; 7.45969952475888931e-12; 3.596e+01; 7.34470000000000000e+04; 7.34470000000000000e+04; 4.02910000000000000e+04; 3.46207035075707381e-05; 9.99998315780642022e-01; 9.99999993033260370e-01; 9.99999999994998001e-01; 9.99999999992540300e-01; 9.99987636584092732e-01; 9.99999999997366107e-01; 9.99999981881846245e-01; 9.99996983421506003e-01;;1.70893137482197588e-05; 1.70893137482197588e-05; 1.81181537550756389e-08; 3.596e+01; 7.34470000000000000e+04; 7.34470000000000000e+04; 4.02910000000000000e+04; 7.62080624540084628e-05; 9.99998315780642022e-01; 9.99999993033260370e-01; 9.99999999994998001e-01; 9.99999999992540300e-01; 9.99987636584092732e-01; 9.99999999997366107e-01; 9.99999981881846245e-01; 9.99996983421506003e-01;;1.70893137482197588e-05; 1.70893137482197588e-05; 3.01657849399727951e-06; 3.596e+01; 7.34470000000000000e+04; 7.34470000000000000e+04; 4.02910000000000000e+04; 9.71885142958539561e-05; 9.99998315780642022e-01; 9.99999993033260370e-01; 9.99999999994998001e-01; 9.99999999992540300e-01; 9.99987636584092732e-01; 9.99999999997366107e-01; 9.99999981881846245e-01; 9.99996983421506003e-01;;1.70893137482197588e-05; 1.70893137482197588e-05; 1.23634159072683047e-05; 3.596e+01; 7.34470000000000000e+04; 7.34470000000000000e+04; 4.02910000000000000e+04; 4.69774777420828293e-04; 9.99998315780642022e-01; 9.99999993033260370e-01; 9.99999999994998001e-01; 9.99999999992540300e-01; 9.99987636584092732e-01; 9.99999999997366107e-01; 9.99999981881846245e-01; 9.99996983421506003e-01;;
David Pivovar - Imperialist Competitive Algorithm - SMP_7; 0; 2.573e-05 ± 4.219e-05; 2.059e-04 ± 0.000e+00; 3.024e+04 ± 0.000e+00; 2.089e+04 ± 0.000e+00; 1.180e-04 ± 1.286e-04; ;2.05865379137692983e-04; 2.05865379137692983e-04; 2.57331723922116229e-05; 2.871e-02; 3.02380000000000000e+04; 3.02380000000000000e+04; 2.08850000000000000e+04; 1.17954207485226892e-04; 9.99997967493302720e-01; 9.99892700582934890e-01; 9.99979307000911755e-01; 9.99929923467022586e-01; 1.00000011266550604e+00; 9.99997592944219083e-01; 1.00000065210028399e+00; 9.99997407898261303e-01;;0.00000000000000000e+00; 0.00000000000000000e+00; 4.21929600721079534e-05; 0.000e+00; 0.00000000000000000e+00; 0.00000000000000000e+00; 0.00000000000000000e+00; 1.28582474205214318e-04; 0.00000000000000000e+00; 0.00000000000000000e+00; 0.00000000000000000e+00; 0.00000000000000000e+00; 0.00000000000000000e+00; 0.00000000000000000e+00; 0.00000000000000000e+00; 0.00000000000000000e+00;;2.05865379137692983e-04; 2.05865379137692983e-04; 1.12665506035725116e-07; 2.871e-02; 3.02380000000000000e+04; 3.02380000000000000e+04; 2.08850000000000000e+04; 8.74661223071449001e-06; 9.99997967493302720e-01; 9.99892700582934890e-01; 9.99979307000911755e-01; 9.99929923467022586e-01; 1.00000011266550604e+00; 9.99997592944219083e-01; 1.00000065210028399e+00; 9.99997407898261303e-01;;2.05865379137692983e-04; 2.05865379137692983e-04; 2.03250669728038957e-06; 2.871e-02; 3.02380000000000000e+04; 3.02380000000000000e+04; 2.08850000000000000e+04; 1.97750599204571387e-05; 9.99997967493302720e-01; 9.99892700582934890e-01; 9.99979307000911755e-01; 9.99929923467022586e-01; 1.00000011266550604e+00; 9.99997592944219083e-01; 1.00000065210028399e+00; 9.99997407898261303e-01;;2.05865379137692983e-04; 2.05865379137692983e-04; 2.59210173869650617e-06; 2.871e-02; 3.02380000000000000e+04; 3.02380000000000000e+04; 2.08850000000000000e+04; 9.78419599041435717e-05; 9.99997967493302720e-01; 9.99892700582934890e-01; 9.99979307000911755e-01; 9.99929923467022586e-01; 1.00000011266550604e+00; 9.99997592944219083e-01; 1.00000065210028399e+00; 9.99997407898261303e-01;;2.05865379137692983e-04; 2.05865379137692983e-04; 7.00765329774144519e-05; 2.871e-02; 3.02380000000000000e+04; 3.02380000000000000e+04; 2.08850000000000000e+04; 2.41867731423428545e-04; 9.99997967493302720e-01; 9.99892700582934890e-01; 9.99979307000911755e-01; 9.99929923467022586e-01; 1.00000011266550604e+00; 9.99997592944219083e-01; 1.00000065210028399e+00; 9.99997407898261303e-01;;2.05865379137692983e-04; 2.05865379137692983e-04; 1.07299417065109814e-04; 2.871e-02; 3.02380000000000000e+04; 3.02380000000000000e+04; 2.08850000000000000e+04; 3.57697961188119251e-04; 9.99997967493302720e-01; 9.99892700582934890e-01; 9.99979307000911755e-01; 9.99929923467022586e-01; 1.00000011266550604e+00; 9.99997592944219083e-01; 1.00000065210028399e+00; 9.99997407898261303e-01;;
David Pivovar - Imperialist Competitive Algorithm - OpenCL_100; 0; 3.766e-05 ± 1.101e-04; 3.013e-04 ± 0.000e+00; 1.214e+05 ± 0.000e+00; 9.574e+04 ± 0.000e+00; 1.175e-04 ± 1.970e-04; ;3.01251989105355555e-04; 3.01251989105355555e-04; 3.76564986381694444e-05; 5.824e+01; 1.21417000000000000e+05; 1.21417000000000000e+05; 9.57350000000000000e+04; 1.17482706699340023e-04; 9.99699659131915386e-01; 9.99999656731164532e-01; 9.99999579646460912e-01; 9.99999989303844261e-01; 9.99999999636676518e-01; 9.99999915590718325e-01; 9.99999955703288923e-01; 9.99999992266825788e-01;;0.00000000000000000e+00; 0.00000000000000000e+00; 1.10147345871432529e-04; 0.000e+00; 0.00000000000000000e+00; 0.00000000000000000e+00; 0.00000000000000000e+00; 1.96966183978533279e-04; 0.00000000000000000e+00; 0.00000000000000000e+00; 0.00000000000000000e+00; 0.00000000000000000e+00; 0.00000000000000000e+00; 0.00000000000000000e+00; 0.00000000000000000e+00; 0.00000000000000000e+00;;3.01251989105355555e-04; 3.01251989105355555e-04; 3.63323482410748966e-10; 5.824e+01; 1.21417000000000000e+05; 1.21417000000000000e+05; 9.57350000000000000e+04; 6.76356981532677537e-08; 9.99699659131915386e-01; 9.99999656731164532e-01; 9.99999579646460912e-01; 9.99999989303844261e-01; 9.99999999636676518e-01; 9.99999915590718325e-01; 9.99999955703288923e-01; 9.99999992266825788e-01;;3.01251989105355555e-04; 3.01251989105355555e-04; 1.06961557388984829e-08; 5.824e+01; 1.21417000000000000e+05; 1.21417000000000000e+05; 9.57350000000000000e+04; 9.08080500905406041e-07; 9.99699659131915386e-01; 9.99999656731164532e-01; 9.99999579646460912e-01; 9.99999989303844261e-01; 9.99999999636676518e-01; 9.99999915590718325e-01; 9.99999955703288923e-01; 9.99999992266825788e-01;;3.01251989105355555e-04; 3.01251989105355555e-04; 8.44092816754127284e-08; 5.824e+01; 1.21417000000000000e+05; 1.21417000000000000e+05; 9.57350000000000000e+04; 6.54871163385806199e-06; 9.99699659131915386e-01; 9.99999656731164532e-01; 9.99999579646460912e-01; 9.99999989303844261e-01; 9.99999999636676518e-01; 9.99999915590718325e-01; 9.99999955703288923e-01; 9.99999992266825788e-01;;3.01251989105355555e-04; 3.01251989105355555e-04; 4.20353539087869876e-07; 5.824e+01; 1.21417000000000000e+05; 1.21417000000000000e+05; 9.57350000000000000e+04; 3.29961140631107597e-04; 9.99699659131915386e-01; 9.99999656731164532e-01; 9.99999579646460912e-01; 9.99999989303844261e-01; 9.99999999636676518e-01; 9.99999915590718325e-01; 9.99999955703288923e-01; 9.99999992266825788e-01;;3.01251989105355555e-04; 3.01251989105355555e-04; 3.00340868084614243e-04; 5.824e+01; 1.21417000000000000e+05; 1.21417000000000000e+05; 9.57350000000000000e+04; 4.92644752812188003e-04; 9.99699659131915386e-01; 9.99999656731164532e-01; 9.99999579646460912e-01; 9.99999989303844261e-01; 9.99999999636676518e-01; 9.99999915590718325e-01; 9.99999955703288923e-01; 9.99999992266825788e-01;;
David Pivovar - Imperialist Competitive Algorithm - OpenCL_15; 0; 3.921e-04 ± 7.587e-04; 3.136e-03 ± 0.000e+00; 2.440e+04 ± 0.000e+00; 2.440e+04 ± 0.000e+00; nan ± nan; ;3.13640315794738722e-03; 3.13640315794738722e-03; 3.92050394743423403e-04; 1.248e+01; 2.44020000000000000e+04; 2.44020000000000000e+04; 2.44020000000000000e+04; nan; 9.99682422639070145e-01; 9.99999803267836329e-01; 9.99667124830533771e-01; 9.99812959967217529e-01; 1.00000000046756909e+00; 9.97830071831989240e-01; 9.99871830869868639e-01; 9.99999383903106054e-01;;0.00000000000000000e+00; 0.00000000000000000e+00; 7.58747260531070179e-04; 0.000e+00; 0.00000000000000000e+00; 0.00000000000000000e+00; 0.00000000000000000e+00; nan; 0.00000000000000000e+00; 0.00000000000000000e+00; 0.00000000000000000e+00; 0.00000000000000000e+00; 0.00000000000000000e+00; 0.00000000000000000e+00; 0.00000000000000000e+00; 0.00000000000000000e+00;;3.13640315794738722e-03; 3.13640315794738722e-03; 4.67569094553255127e-10; 1.248e+01; 2.44020000000000000e+04; 2.44020000000000000e+04; 2.44020000000000000e+04; nan; 9.99682422639070145e-01; 9.99999803267836329e-01; 9.99667124830533771e-01; 9.99812959967217529e-01; 1.00000000046756909e+00; 9.97830071831989240e-01; 9.99871830869868639e-01; 9.99999383903106054e-01;;3.13640315794738722e-03; 3.13640315794738722e-03; 6.16096893946149748e-07; 1.248e+01; 2.44020000000000000e+04; 2.44020000000000000e+04; 2.44020000000000000e+04; nan; 9.99682422639070145e-01; 9.99999803267836329e-01; 9.99667124830533771e-01; 9.99812959967217529e-01; 1.00000000046756909e+00; 9.97830071831989240e-01; 9.99871830869868639e-01; 9.99999383903106054e-01;;3.13640315794738722e-03; 3.13640315794738722e-03; 1.87040032782470611e-04; 1.248e+01; 2.44020000000000000e+04; 2.44020000000000000e+04; 2.44020000000000000e+04; nan; 9.99682422639070145e-01; 9.99999803267836329e-01; 9.99667124830533771e-01; 9.99812959967217529e-01; 1.00000000046756909e+00; 9.97830071831989240e-01; 9.99871830869868639e-01; 9.99999383903106054e-01;;3.13640315794738722e-03; 3.13640315794738722e-03; 3.32875169466229082e-04; 1.248e+01; 2.44020000000000000e+04; 2.44020000000000000e+04; 2.44020000000000000e+04; nan; 9.99682422639070145e-01; 9.99999803267836329e-01; 9.99667124830533771e-01; 9.99812959967217529e-01; 1.00000000046756909e+00; 9.97830071831989240e-01; 9.99871830869868639e-01; 9.99999383903106054e-01;;3.13640315794738722e-03; 3.13640315794738722e-03; 2.16992816801075961e-03; 1.248e+01; 2.44020000000000000e+04; 2.44020000000000000e+04; 2.44020000000000000e+04; nan; 9.99682422639070145e-01; 9.99999803267836329e-01; 9.99667124830533771e-01; 9.99812959967217529e-01; 1.00000000046756909e+00; 9.97830071831989240e-01; 9.99871830869868639e-01; 9.99999383903106054e-01;;
David Pivovar - Imperialist Competitive Algorithm - OpenCL_25; 0; 7.527e-04 ± 8.050e-04; 6.022e-03 ± 0.000e+00; 2.277e+04 ± 0.000e+00; 2.277e+04 ± 0.000e+00; nan ± nan; ;6.02156586210234046e-03; 6.02156586210234046e-03; 7.52695732762792558e-04; 1.199e+01; 2.27710000000000000e+04; 2.27710000000000000e+04; 2.27710000000000000e+04; nan; 9.99898090995103739e-01; 9.99628120412041077e-01; 9.99280043832334375e-01; 9.97845858485921000e-01; 9.99999867499108297e-01; 9.99941275846741640e-01; 9.98778732064420915e-01; 9.98606445002226617e-01;;0.00000000000000000e+00; 0.00000000000000000e+00; 8.04972520919280303e-04; 0.000e+00; 0.00000000000000000e+00; 0.00000000000000000e+00; 0.00000000000000000e+00; nan; 0.00000000000000000e+00; 0.00000000000000000e+00; 0.00000000000000000e+00; 0.00000000000000000e+00; 0.00000000000000000e+00; 0.00000000000000000e+00; 0.00000000000000000e+00; 0.00000000000000000e+00;;6.02156586210234046e-03; 6.02156586210234046e-03; 1.32500891703024593e-07; 1.199e+01; 2.27710000000000000e+04; 2.27710000000000000e+04; 2.27710000000000000e+04; nan; 9.99898090995103739e-01; 9.99628120412041077e-01; 9.99280043832334375e-01; 9.97845858485921000e-01; 9.99999867499108297e-01; 9.99941275846741640e-01; 9.98778732064420915e-01; 9.98606445002226617e-01;;6.02156586210234046e-03; 6.02156586210234046e-03; 1.01909004896261202e-04; 1.199e+01; 2.27710000000000000e+04; 2.27710000000000000e+04; 2.27710000000000000e+04; nan; 9.99898090995103739e-01; 9.99628120412041077e-01; 9.99280043832334375e-01; 9.97845858485921000e-01; 9.99999867499108297e-01; 9.99941275846741640e-01; 9.98778732064420915e-01; 9.98606445002226617e-01;;6.02156586210234046e-03; 6.02156586210234046e-03; 7.19956167665625202e-04; 1.199e+01; 2.27710000000000000e+04; 2.27710000000000000e+04; 2.27710000000000000e+04; nan; 9.99898090995103739e-01; 9.99628120412041077e-01; 9.99280043832334375e-01; 9.97845858485921000e-01; 9.99999867499108297e-01; 9.99941275846741640e-01; 9.98778732064420915e-01; 9.98606445002226617e-01;;6.02156586210234046e-03; 6.02156586210234046e-03; 1.39355499777338299e-03; 1.199e+01; 2.27710000000000000e+04; 2.27710000000000000e+04; 2.27710000000000000e+04; nan; 9.99898090995103739e-01; 9.99628120412041077e-01; 9.99280043832334375e-01; 9.97845858485921000e-01; 9.99999867499108297e-01; 9.99941275846741640e-01; 9.98778732064420915e-01; 9.98606445002226617e-01;;6.02156586210234046e-03; 6.02156586210234046e-03; 2.15414151407899990e-03; 1.199e+01; 2.27710000000000000e+04; 2.27710000000000000e+04; 2.27710000000000000e+04; nan; 9.99898090995103739e-01; 9.99628120412041077e-01; 9.99280043832334375e-01; 9.97845858485921000e-01; 9.99999867499108297e-01; 9.99941275846741640e-01; 9.98778732064420915e-01; 9.98606445002226617e-01;;
David Pivovar - Imperialist Competitive Algorithm - OpenCL_7; 0; 1.152e-01 ± 8.249e-02; 9.216e-01 ± 0.000e+00; 1.654e+03 ± 0.000e+00; 1.654e+03 ± 0.000e+00; nan ± nan; ;9.21613598345975893e-01; 9.21613598345975893e-01; 1.15201699793246987e-01; 9.247e-01; 1.65400000000000000e+03; 1.65400000000000000e+03; 1.65400000000000000e+03; nan; 8.01958420865673705e-01; 9.36322411097328722e-01; 7.40120786550798937e-01; 8.86761033025866618e-01; 9.40116895385581297e-01; 9.12817898613949241e-01; 8.76195768149379162e-01; 9.84093187965446425e-01;;0.00000000000000000e+00; 0.00000000000000000e+00; 8.24913403850239396e-02; 0.000e+00; 0.00000000000000000e+00; 0.00000000000000000e+00; 0.00000000000000000e+00; nan; 0.00000000000000000e+00; 0.00000000000000000e+00; 0.00000000000000000e+00; 0.00000000000000000e+00; 0.00000000000000000e+00; 0.00000000000000000e+00; 0.00000000000000000e+00; 0.00000000000000000e+00;;9.21613598345975893e-01; 9.21613598345975893e-01; 1.59068120345535746e-02; 9.247e-01; 1.65400000000000000e+03; 1.65400000000000000e+03; 1.65400000000000000e+03; nan; 8.01958420865673705e-01; 9.36322411097328722e-01; 7.40120786550798937e-01; 8.86761033025866618e-01; 9.40116895385581297e-01; 9.12817898613949241e-01; 8.76195768149379162e-01; 9.84093187965446425e-01;;9.21613598345975893e-01; 9.21613598345975893e-01; 6.36775889026712782e-02; 9.247e-01; 1.65400000000000000e+03; 1.65400000000000000e+03; 1.65400000000000000e+03; nan; 8.01958420865673705e-01; 9.36322411097328722e-01; 7.40120786550798937e-01; 8.86761033025866618e-01; 9.40116895385581297e-01; 9.12817898613949241e-01; 8.76195768149379162e-01; 9.84093187965446425e-01;;9.21613598345975893e-01; 9.21613598345975893e-01; 1.13238966974133382e-01; 9.247e-01; 1.65400000000000000e+03; 1.65400000000000000e+03; 1.65400000000000000e+03; nan; 8.01958420865673705e-01; 9.36322411097328722e-01; 7.40120786550798937e-01; 8.86761033025866618e-01; 9.40116895385581297e-01; 9.12817898613949241e-01; 8.76195768149379162e-01; 9.84093187965446425e-01;;9.21613598345975893e-01; 9.21613598345975893e-01; 1.98041579134326295e-01; 9.247e-01; 1.65400000000000000e+03; 1.65400000000000000e+03; 1.65400000000000000e+03; nan; 8.01958420865673705e-01; 9.36322411097328722e-01; 7.40120786550798937e-01; 8.86761033025866618e-01; 9.40116895385581297e-01; 9.12817898613949241e-01; 8.76195768149379162e-01; 9.84093187965446425e-01;;9.21613598345975893e-01; 9.21613598345975893e-01; 2.59879213449201063e-01; 9.247e-01; 1.65400000000000000e+03; 1.65400000000000000e+03; 1.65400000000000000e+03; nan; 8.01958420865673705e-01; 9.36322411097328722e-01; 7.40120786550798937e-01; 8.86761033025866618e-01; 9.40116895385581297e-01; 9.12817898613949241e-01; 8.76195768149379162e-01; 9.84093187965446425e-01;;

--=== AbsSum evaluation completed. ===--

--=== Evaluating solvers on DeJong4 with problem size = 8... ===--
Problem ordinal number: 3
upper_bound[0]=1.280e+00, optimum_parameter[0]=1.000e+00, optimum_fitness=0.000e+00

Executing David Pivovar - Imperialist Competitive Algorithm - Serial_7...
Executing David Pivovar - Imperialist Competitive Algorithm - Serial_15...
Executing David Pivovar - Imperialist Competitive Algorithm - Serial_25...
Executing David Pivovar - Imperialist Competitive Algorithm - Serial_40...
Executing David Pivovar - Imperialist Competitive Algorithm - Serial_60...
Executing David Pivovar - Imperialist Competitive Algorithm - Serial_100...
Executing David Pivovar - Imperialist Competitive Algorithm - SMP_7...
Executing David Pivovar - Imperialist Competitive Algorithm - SMP_15...
Executing David Pivovar - Imperialist Competitive Algorithm - SMP_25...
Executing David Pivovar - Imperialist Competitive Algorithm - SMP_40...
Executing David Pivovar - Imperialist Competitive Algorithm - SMP_60...
Executing David Pivovar - Imperialist Competitive Algorithm - SMP_100...
Executing David Pivovar - Imperialist Competitive Algorithm - OpenCL_7...
Executing David Pivovar - Imperialist Competitive Algorithm - OpenCL_15...
Executing David Pivovar - Imperialist Competitive Algorithm - OpenCL_25...
Executing David Pivovar - Imperialist Competitive Algorithm - OpenCL_40...
Executing David Pivovar - Imperialist Competitive Algorithm - OpenCL_60...
Executing David Pivovar - Imperialist Competitive Algorithm - OpenCL_100...

general;;;;;;;;Average;;;;;;;;;; ; ; ; ; ; ; ; Standard Deviation;;;;;;;;;; ; ; ; ; ; ; ; Minimum;;;;;;;;;; ; ; ; ; ; ; ; Q25;;;;;;;;;; ; ; ; ; ; ; ; Median;;;;;;;;;; ; ; ; ; ; ; ; Q75;;;;;;;;;; ; ; ; ; ; ; ; Maximum;;;;;;;;;; ; ; ; ; ; ; ; 
solver; fails; param_err; fitness_err; least_calls; lc_001; param_err001; ; fitness; fitness_err; param_err; time; total calls; least calls; lc_001; pe_001; 0; 1; 2; 3; 4; 5; 6; 7; ; fitness; fitness_err; param_err; time; total calls; least calls; lc_001; pe_001; 0; 1; 2; 3; 4; 5; 6; 7; ; fitness; fitness_err; param_err; time; total calls; least calls; lc_001; pe_001; 0; 1; 2; 3; 4; 5; 6; 7; ; fitness; fitness_err; param_err; time; total calls; least calls; lc_001; pe_001; 0; 1; 2; 3; 4; 5; 6; 7; ; fitness; fitness_err; param_err; time; total calls; least calls; lc_001; pe_001; 0; 1; 2; 3; 4; 5; 6; 7; ; fitness; fitness_err; param_err; time; total calls; least calls; lc_001; pe_001; 0; 1; 2; 3; 4; 5; 6; 7; ; fitness; fitness_err; param_err; time; total calls; least calls; lc_001; pe_001; 0; 1; 2; 3; 4; 5; 6; 7; 
David Pivovar - Imperialist Competitive Algorithm - SMP_40; 0; 2.116e-02 ± 1.600e-02; 1.650e-05 ± 0.000e+00; 2.205e+05 ± 0.000e+00; 7.065e+04 ± 0.000e+00; 7.117e-02 ± 2.996e-02; ;1.65026334494841732e-05; 1.65026334494841732e-05; 2.11601034035091840e-02; 1.984e-01; 2.20455000000000000e+05; 2.20455000000000000e+05; 7.06500000000000000e+04; 7.11713511697740497e-02; 9.60828809562200736e-01; 9.51308376036545611e-01; 9.80315923562367075e-01; 9.85277058138313344e-01; 9.89094798536222508e-01; 9.91158887525976806e-01; 9.95524327726232450e-01; 9.77210991684067998e-01;;0.00000000000000000e+00; 0.00000000000000000e+00; 1.59997293701633903e-02; 0.000e+00; 0.00000000000000000e+00; 0.00000000000000000e+00; 0.00000000000000000e+00; 2.99551672058481003e-02; 0.00000000000000000e+00; 0.00000000000000000e+00; 0.00000000000000000e+00; 0.00000000000000000e+00; 0.00000000000000000e+00; 0.00000000000000000e+00; 0.00000000000000000e+00; 0.00000000000000000e+00;;1.65026334494841732e-05; 1.65026334494841732e-05; 4.47567227376755028e-03; 1.984e-01; 2.20455000000000000e+05; 2.20455000000000000e+05; 7.06500000000000000e+04; 3.01929571134980090e-02; 9.60828809562200736e-01; 9.51308376036545611e-01; 9.80315923562367075e-01; 9.85277058138313344e-01; 9.89094798536222508e-01; 9.91158887525976806e-01; 9.95524327726232450e-01; 9.77210991684067998e-01;;1.65026334494841732e-05; 1.65026334494841732e-05; 1.09052014637774919e-02; 1.984e-01; 2.20455000000000000e+05; 2.20455000000000000e+05; 7.06500000000000000e+04; 5.81910591071049810e-02; 9.60828809562200736e-01; 9.51308376036545611e-01; 9.80315923562367075e-01; 9.85277058138313344e-01; 9.89094798536222508e-01; 9.91158887525976806e-01; 9.95524327726232450e-01; 9.77210991684067998e-01;;1.65026334494841732e-05; 1.65026334494841732e-05; 1.96840764376329247e-02; 1.984e-01; 2.20455000000000000e+05; 2.20455000000000000e+05; 7.06500000000000000e+04; 7.57923982196095913e-02; 9.60828809562200736e-01; 9.51308376036545611e-01; 9.80315923562367075e-01; 9.85277058138313344e-01; 9.89094798536222508e-01; 9.91158887525976806e-01; 9.95524327726232450e-01; 9.77210991684067998e-01;;1.65026334494841732e-05; 1.65026334494841732e-05; 3.91711904377992637e-02; 1.984e-01; 2.20455000000000000e+05; 2.20455000000000000e+05; 7.06500000000000000e+04; 9.38171670116175749e-02; 9.60828809562200736e-01; 9.51308376036545611e-01; 9.80315923562367075e-01; 9.85277058138313344e-01; 9.89094798536222508e-01; 9.91158887525976806e-01; 9.95524327726232450e-01; 9.77210991684067998e-01;;1.65026334494841732e-05; 1.65026334494841732e-05; 4.86916239634543890e-02; 1.984e-01; 2.20455000000000000e+05; 2.20455000000000000e+05; 7.06500000000000000e+04; 1.22454185493771961e-01; 9.60828809562200736e-01; 9.51308376036545611e-01; 9.80315923562367075e-01; 9.85277058138313344e-01; 9.89094798536222508e-01; 9.91158887525976806e-01; 9.95524327726232450e-01; 9.77210991684067998e-01;;
David Pivovar - Imperialist Competitive Algorithm - SMP_100; 0; 2.314e-02 ± 8.988e-03; 1.266e-05 ± 0.000e+00; 1.975e+05 ± 0.000e+00; 7.440e+04 ± 0.000e+00; 5.535e-02 ± 4.201e-02; ;1.26607442880521284e-05; 1.26607442880521284e-05; 2.31351839957966710e-02; 1.873e-01; 1.97452000000000000e+05; 1.97452000000000000e+05; 7.43960000000000000e+04; 5.53540373689769549e-02; 9.70829910174792254e-01; 9.66955568269205035e-01; 9.68212481619571519e-01; 9.83855633292663123e-01; 9.87740167063251628e-01; 9.69698442503944436e-01; 9.84357733761405895e-01; 9.83268591348792742e-01;;0.00000000000000000e+00; 0.00000000000000000e+00; 8.98828314820909573e-03; 0.000e+00; 0.00000000000000000e+00; 0.00000000000000000e+00; 0.00000000000000000e+00; 4.20096748802323144e-02; 0.00000000000000000e+00; 0.00000000000000000e+00; 0.00000000000000000e+00; 0.00000000000000000e+00; 0.00000000000000000e+00; 0.00000000000000000e+00; 0.00000000000000000e+00; 0.00000000000000000e+00;;1.26607442880521284e-05; 1.26607442880521284e-05; 1.22598329367483716e-02; 1.873e-01; 1.97452000000000000e+05; 1.97452000000000000e+05; 7.43960000000000000e+04; 6.20742024257880942e-04; 9.70829910174792254e-01; 9.66955568269205035e-01; 9.68212481619571519e-01; 9.83855633292663123e-01; 9.87740167063251628e-01; 9.69698442503944436e-01; 9.84357733761405895e-01; 9.83268591348792742e-01;;1.26607442880521284e-05; 1.26607442880521284e-05; 1.61443667073368768e-02; 1.873e-01; 1.97452000000000000e+05; 1.97452000000000000e+05; 7.43960000000000000e+04; 3.18177103781591697e-02; 9.70829910174792254e-01; 9.66955568269205035e-01; 9.68212481619571519e-01; 9.83855633292663123e-01; 9.87740167063251628e-01; 9.69698442503944436e-01; 9.84357733761405895e-01; 9.83268591348792742e-01;;1.26607442880521284e-05; 1.26607442880521284e-05; 2.91700898252077456e-02; 1.873e-01; 1.97452000000000000e+05; 1.97452000000000000e+05; 7.43960000000000000e+04; 5.69659852578890957e-02; 9.70829910174792254e-01; 9.66955568269205035e-01; 9.68212481619571519e-01; 9.83855633292663123e-01; 9.87740167063251628e-01; 9.69698442503944436e-01; 9.84357733761405895e-01; 9.83268591348792742e-01;;1.26607442880521284e-05; 1.26607442880521284e-05; 3.17875183804284811e-02; 1.873e-01; 1.97452000000000000e+05; 1.97452000000000000e+05; 7.43960000000000000e+04; 8.24021610439733543e-02; 9.70829910174792254e-01; 9.66955568269205035e-01; 9.68212481619571519e-01; 9.83855633292663123e-01; 9.87740167063251628e-01; 9.69698442503944436e-01; 9.84357733761405895e-01; 9.83268591348792742e-01;;1.26607442880521284e-05; 1.26607442880521284e-05; 3.30444317307949653e-02; 1.873e-01; 1.97452000000000000e+05; 1.97452000000000000e+05; 7.43960000000000000e+04; 1.30900953862413738e-01; 9.70829910174792254e-01; 9.66955568269205035e-01; 9.68212481619571519e-01; 9.83855633292663123e-01; 9.87740167063251628e-01; 9.69698442503944436e-01; 9.84357733761405895e-01; 9.83268591348792742e-01;;
David Pivovar - Imperialist Competitive Algorithm - Serial_100; 0; 2.464e-02 ± 1.639e-02; 2.151e-05 ± 0.000e+00; 5.736e+05 ± 0.000e+00; 2.351e+05 ± 0.000e+00; 7.024e-02 ± 2.718e-02; ;2.15136029764603767e-05; 2.15136029764603767e-05; 2.46382702746186510e-02; 5.656e-01; 5.73587000000000000e+05; 5.73587000000000000e+05; 2.35063000000000000e+05; 7.02401233383605217e-02; 9.47828810233058316e-01; 9.66512165191058426e-01; 9.86224588214338227e-01; 9.63274250544960520e-01; 9.81675306692303851e-01; 9.72178518355353516e-01; 9.91844321311024846e-01; 9.93355877260953091e-01;;0.00000000000000000e+00; 0.00000000000000000e+00; 1.63892298376364515e-02; 0.000e+00; 0.00000000000000000e+00; 0.00000000000000000e+00; 0.00000000000000000e+00; 2.71760977584520683e-02; 0.00000000000000000e+00; 0.00000000000000000e+00; 0.00000000000000000e+00; 0.00000000000000000e+00; 0.00000000000000000e+00; 0.00000000000000000e+00; 0.00000000000000000e+00; 0.00000000000000000e+00;;2.15136029764603767e-05; 2.15136029764603767e-05; 6.64412273904690931e-03; 5.656e-01; 5.73587000000000000e+05; 5.73587000000000000e+05; 2.35063000000000000e+05; 3.11098653945380832e-02; 9.47828810233058316e-01; 9.66512165191058426e-01; 9.86224588214338227e-01; 9.63274250544960520e-01; 9.81675306692303851e-01; 9.72178518355353516e-01; 9.91844321311024846e-01; 9.93355877260953091e-01;;2.15136029764603767e-05; 2.15136029764603767e-05; 1.37754117856617730e-02; 5.656e-01; 5.73587000000000000e+05; 5.73587000000000000e+05; 2.35063000000000000e+05; 6.22003830040267491e-02; 9.47828810233058316e-01; 9.66512165191058426e-01; 9.86224588214338227e-01; 9.63274250544960520e-01; 9.81675306692303851e-01; 9.72178518355353516e-01; 9.91844321311024846e-01; 9.93355877260953091e-01;;2.15136029764603767e-05; 2.15136029764603767e-05; 2.78214816446464841e-02; 5.656e-01; 5.73587000000000000e+05; 5.73587000000000000e+05; 2.35063000000000000e+05; 7.06959837435104932e-02; 9.47828810233058316e-01; 9.66512165191058426e-01; 9.86224588214338227e-01; 9.63274250544960520e-01; 9.81675306692303851e-01; 9.72178518355353516e-01; 9.91844321311024846e-01; 9.93355877260953091e-01;;2.15136029764603767e-05; 2.15136029764603767e-05; 3.67257494550394803e-02; 5.656e-01; 5.73587000000000000e+05; 5.73587000000000000e+05; 2.35063000000000000e+05; 7.95201126052068608e-02; 9.47828810233058316e-01; 9.66512165191058426e-01; 9.86224588214338227e-01; 9.63274250544960520e-01; 9.81675306692303851e-01; 9.72178518355353516e-01; 9.91844321311024846e-01; 9.93355877260953091e-01;;2.15136029764603767e-05; 2.15136029764603767e-05; 5.21711897669416835e-02; 5.656e-01; 5.73587000000000000e+05; 5.73587000000000000e+05; 2.35063000000000000e+05; 1.21586893309299726e-01; 9.47828810233058316e-01; 9.66512165191058426e-01; 9.86224588214338227e-01; 9.63274250544960520e-01; 9.81675306692303851e-01; 9.72178518355353516e-01; 9.91844321311024846e-01; 9.93355877260953091e-01;;
David Pivovar - Imperialist Competitive Algorithm - Serial_25; 0; 3.865e-02 ± 9.563e-03; 8.132e-05 ± 0.000e+00; 1.518e+05 ± 0.000e+00; 7.629e+04 ± 0.000e+00; 7.109e-02 ± 2.298e-02; ;8.13175919256322558e-05; 8.13175919256322558e-05; 3.86452051864451807e-02; 1.446e-01; 1.51777000000000000e+05; 1.51777000000000000e+05; 7.62870000000000000e+04; 7.10917585042077083e-02; 9.50136819696159374e-01; 9.65221950646846905e-01; 9.46618313036443948e-01; 9.70925577139596818e-01; 9.57923053250466117e-01; 9.72277538695162202e-01; 9.64616027820209943e-01; 9.63119078223553249e-01;;0.00000000000000000e+00; 0.00000000000000000e+00; 9.56269313696626877e-03; 0.000e+00; 0.00000000000000000e+00; 0.00000000000000000e+00; 0.00000000000000000e+00; 2.29777232836216178e-02; 0.00000000000000000e+00; 0.00000000000000000e+00; 0.00000000000000000e+00; 0.00000000000000000e+00; 0.00000000000000000e+00; 0.00000000000000000e+00; 0.00000000000000000e+00; 0.00000000000000000e+00;;8.13175919256322558e-05; 8.13175919256322558e-05; 2.77224613048377977e-02; 1.446e-01; 1.51777000000000000e+05; 1.51777000000000000e+05; 7.62870000000000000e+04; 3.33089186910056068e-02; 9.50136819696159374e-01; 9.65221950646846905e-01; 9.46618313036443948e-01; 9.70925577139596818e-01; 9.57923053250466117e-01; 9.72277538695162202e-01; 9.64616027820209943e-01; 9.63119078223553249e-01;;8.13175919256322558e-05; 8.13175919256322558e-05; 3.47780493531530954e-02; 1.446e-01; 1.51777000000000000e+05; 1.51777000000000000e+05; 7.62870000000000000e+04; 6.04321297899880205e-02; 9.50136819696159374e-01; 9.65221950646846905e-01; 9.46618313036443948e-01; 9.70925577139596818e-01; 9.57923053250466117e-01; 9.72277538695162202e-01; 9.64616027820209943e-01; 9.63119078223553249e-01;;8.13175919256322558e-05; 8.13175919256322558e-05; 3.68809217764467512e-02; 1.446e-01; 1.51777000000000000e+05; 1.51777000000000000e+05; 7.62870000000000000e+04; 6.90383137574936967e-02; 9.50136819696159374e-01; 9.65221950646846905e-01; 9.46618313036443948e-01; 9.70925577139596818e-01; 9.57923053250466117e-01; 9.72277538695162202e-01; 9.64616027820209943e-01; 9.63119078223553249e-01;;8.13175919256322558e-05; 8.13175919256322558e-05; 4.98631803038406263e-02; 1.446e-01; 1.51777000000000000e+05; 1.51777000000000000e+05; 7.62870000000000000e+04; 9.52428728179525175e-02; 9.50136819696159374e-01; 9.65221950646846905e-01; 9.46618313036443948e-01; 9.70925577139596818e-01; 9.57923053250466117e-01; 9.72277538695162202e-01; 9.64616027820209943e-01; 9.63119078223553249e-01;;8.13175919256322558e-05; 8.13175919256322558e-05; 5.33816869635560520e-02; 1.446e-01; 1.51777000000000000e+05; 1.51777000000000000e+05; 7.62870000000000000e+04; 1.02669954032755917e-01; 9.50136819696159374e-01; 9.65221950646846905e-01; 9.46618313036443948e-01; 9.70925577139596818e-01; 9.57923053250466117e-01; 9.72277538695162202e-01; 9.64616027820209943e-01; 9.63119078223553249e-01;;
David Pivovar - Imperialist Competitive Algorithm - Serial_60; 0; 4.043e-02 ± 1.406e-02; 9.906e-05 ± 0.000e+00; 2.450e+05 ± 0.000e+00; 1.638e+05 ± 0.000e+00; 7.298e-02 ± 2.258e-02; ;9.90583022010281848e-05; 9.90583022010281848e-05; 4.04330552531832060e-02; 2.434e-01; 2.45043000000000000e+05; 2.45043000000000000e+05; 1.63781000000000000e+05; 7.29776420507009249e-02; 9.42795915020830599e-01; 9.53083973125608219e-01; 9.48678085268542248e-01; 9.51328911063299199e-01; 9.66431702124872616e-01; 9.75072352722775149e-01; 9.81574741613110202e-01; 9.57569877035496120e-01;;0.00000000000000000e+00; 0.00000000000000000e+00; 1.40636071066795355e-02; 0.000e+00; 0.00000000000000000e+00; 0.00000000000000000e+00; 0.00000000000000000e+00; 2.25842813892832874e-02; 0.00000000000000000e+00; 0.00000000000000000e+00; 0.00000000000000000e+00; 0.00000000000000000e+00; 0.00000000000000000e+00; 0.00000000000000000e+00; 0.00000000000000000e+00; 0.00000000000000000e+00;;9.90583022010281848e-05; 9.90583022010281848e-05; 1.84252583868897979e-02; 2.434e-01; 2.45043000000000000e+05; 2.45043000000000000e+05; 1.63781000000000000e+05; 5.16859314983293405e-02; 9.42795915020830599e-01; 9.53083973125608219e-01; 9.48678085268542248e-01; 9.51328911063299199e-01; 9.66431702124872616e-01; 9.75072352722775149e-01; 9.81574741613110202e-01; 9.57569877035496120e-01;;9.90583022010281848e-05; 9.90583022010281848e-05; 3.35682978751273842e-02; 2.434e-01; 2.45043000000000000e+05; 2.45043000000000000e+05; 1.63781000000000000e+05; 5.52767085603286246e-02; 9.42795915020830599e-01; 9.53083973125608219e-01; 9.48678085268542248e-01; 9.51328911063299199e-01; 9.66431702124872616e-01; 9.75072352722775149e-01; 9.81574741613110202e-01; 9.57569877035496120e-01;;9.90583022010281848e-05; 9.90583022010281848e-05; 4.69160268743917808e-02; 2.434e-01; 2.45043000000000000e+05; 2.45043000000000000e+05; 1.63781000000000000e+05; 7.12175835169638338e-02; 9.42795915020830599e-01; 9.53083973125608219e-01; 9.48678085268542248e-01; 9.51328911063299199e-01; 9.66431702124872616e-01; 9.75072352722775149e-01; 9.81574741613110202e-01; 9.57569877035496120e-01;;9.90583022010281848e-05; 9.90583022010281848e-05; 5.13219147314577517e-02; 2.434e-01; 2.45043000000000000e+05; 2.45043000000000000e+05; 1.63781000000000000e+05; 1.01955481864353437e-01; 9.42795915020830599e-01; 9.53083973125608219e-01; 9.48678085268542248e-01; 9.51328911063299199e-01; 9.66431702124872616e-01; 9.75072352722775149e-01; 9.81574741613110202e-01; 9.57569877035496120e-01;;9.90583022010281848e-05; 9.90583022010281848e-05; 5.72040849791694006e-02; 2.434e-01; 2.45043000000000000e+05; 2.45043000000000000e+05; 1.63781000000000000e+05; 1.08270888227103956e-01; 9.42795915020830599e-01; 9.53083973125608219e-01; 9.48678085268542248e-01; 9.51328911063299199e-01; 9.66431702124872616e-01; 9.75072352722775149e-01; 9.81574741613110202e-01; 9.57569877035496120e-01;;
David Pivovar - Imperialist Competitive Algorithm - SMP_15; 0; 5.645e-02 ± 1.606e-02; 3.464e-04 ± 0.000e+00; 5.175e+04 ± 0.000e+00; 4.011e+04 ± 0.000e+00; 7.044e-02 ± 2.789e-02; ;3.46401763823472495e-04; 3.46401763823472495e-04; 5.64511081530669340e-02; 4.981e-02; 5.17530000000000000e+04; 5.17530000000000000e+04; 4.01050000000000000e+04; 7.04391447043923730e-02; 9.17630543763993334e-01; 9.34509689657818554e-01; 9.36112627382358120e-01; 9.62024115969856153e-01; 9.43015610752944378e-01; 9.66390367113771021e-01; 9.45442742987764762e-01; 9.43265437146958208e-01;;0.00000000000000000e+00; 0.00000000000000000e+00; 1.60565552342807269e-02; 0.000e+00; 0.00000000000000000e+00; 0.00000000000000000e+00; 0.00000000000000000e+00; 2.78858043902050594e-02; 0.00000000000000000e+00; 0.00000000000000000e+00; 0.00000000000000000e+00; 0.00000000000000000e+00; 0.00000000000000000e+00; 0.00000000000000000e+00; 0.00000000000000000e+00; 0.00000000000000000e+00;;3.46401763823472495e-04; 3.46401763823472495e-04; 3.36096328862289795e-02; 4.981e-02; 5.17530000000000000e+04; 5.17530000000000000e+04; 4.01050000000000000e+04; 1.65538382518986005e-02; 9.17630543763993334e-01; 9.34509689657818554e-01; 9.36112627382358120e-01; 9.62024115969856153e-01; 9.43015610752944378e-01; 9.66390367113771021e-01; 9.45442742987764762e-01; 9.43265437146958208e-01;;3.46401763823472495e-04; 3.46401763823472495e-04; 5.45572570122352385e-02; 4.981e-02; 5.17530000000000000e+04; 5.17530000000000000e+04; 4.01050000000000000e+04; 5.64752367043191983e-02; 9.17630543763993334e-01; 9.34509689657818554e-01; 9.36112627382358120e-01; 9.62024115969856153e-01; 9.43015610752944378e-01; 9.66390367113771021e-01; 9.45442742987764762e-01; 9.43265437146958208e-01;;3.46401763823472495e-04; 3.46401763823472495e-04; 5.69843892470556224e-02; 4.981e-02; 5.17530000000000000e+04; 5.17530000000000000e+04; 4.01050000000000000e+04; 7.75013499016860008e-02; 9.17630543763993334e-01; 9.34509689657818554e-01; 9.36112627382358120e-01; 9.62024115969856153e-01; 9.43015610752944378e-01; 9.66390367113771021e-01; 9.45442742987764762e-01; 9.43265437146958208e-01;;3.46401763823472495e-04; 3.46401763823472495e-04; 6.54903103421814459e-02; 4.981e-02; 5.17530000000000000e+04; 5.17530000000000000e+04; 4.01050000000000000e+04; 9.37296362541192307e-02; 9.17630543763993334e-01; 9.34509689657818554e-01; 9.36112627382358120e-01; 9.62024115969856153e-01; 9.43015610752944378e-01; 9.66390367113771021e-01; 9.45442742987764762e-01; 9.43265437146958208e-01;;3.46401763823472495e-04; 3.46401763823472495e-04; 8.23694562360066662e-02; 4.981e-02; 5.17530000000000000e+04; 5.17530000000000000e+04; 4.01050000000000000e+04; 9.68209190633144701e-02; 9.17630543763993334e-01; 9.34509689657818554e-01; 9.36112627382358120e-01; 9.62024115969856153e-01; 9.43015610752944378e-01; 9.66390367113771021e-01; 9.45442742987764762e-01; 9.43265437146958208e-01;;
David Pivovar - Imperialist Competitive Algorithm - Serial_40; 0; 5.679e-02 ± 2.196e-02; 4.450e-04 ± 0.000e+00; 1.618e+05 ± 0.000e+00; 1.426e+05 ± 0.000e+00; 6.159e-02 ± 2.974e-02; ;4.45037619105362857e-04; 4.45037619105362857e-04; 5.67866875278194572e-02; 1.580e-01; 1.61829000000000000e+05; 1.61829000000000000e+05; 1.42593000000000000e+05; 6.15947241120100297e-02; 9.22266939040571887e-01; 9.25043970848149377e-01; 9.27332919843021242e-01; 9.70509364277260533e-01; 9.55128336266280686e-01; 9.33499211459582035e-01; 9.35859033542532304e-01; 9.76066724500046279e-01;;0.00000000000000000e+00; 0.00000000000000000e+00; 2.19646586768337086e-02; 0.000e+00; 0.00000000000000000e+00; 0.00000000000000000e+00; 0.00000000000000000e+00; 2.97368976304848986e-02; 0.00000000000000000e+00; 0.00000000000000000e+00; 0.00000000000000000e+00; 0.00000000000000000e+00; 0.00000000000000000e+00; 0.00000000000000000e+00; 0.00000000000000000e+00; 0.00000000000000000e+00;;4.45037619105362857e-04; 4.45037619105362857e-04; 2.39332754999537212e-02; 1.580e-01; 1.61829000000000000e+05; 1.61829000000000000e+05; 1.42593000000000000e+05; 1.67579363945633553e-02; 9.22266939040571887e-01; 9.25043970848149377e-01; 9.27332919843021242e-01; 9.70509364277260533e-01; 9.55128336266280686e-01; 9.33499211459582035e-01; 9.35859033542532304e-01; 9.76066724500046279e-01;;4.45037619105362857e-04; 4.45037619105362857e-04; 4.48716637337193136e-02; 1.580e-01; 1.61829000000000000e+05; 1.61829000000000000e+05; 1.42593000000000000e+05; 4.72861469829252146e-02; 9.22266939040571887e-01; 9.25043970848149377e-01; 9.27332919843021242e-01; 9.70509364277260533e-01; 9.55128336266280686e-01; 9.33499211459582035e-01; 9.35859033542532304e-01; 9.76066724500046279e-01;;4.45037619105362857e-04; 4.45037619105362857e-04; 6.65007885404179655e-02; 1.580e-01; 1.61829000000000000e+05; 1.61829000000000000e+05; 1.42593000000000000e+05; 8.11011158187977532e-02; 9.22266939040571887e-01; 9.25043970848149377e-01; 9.27332919843021242e-01; 9.70509364277260533e-01; 9.55128336266280686e-01; 9.33499211459582035e-01; 9.35859033542532304e-01; 9.76066724500046279e-01;;4.45037619105362857e-04; 4.45037619105362857e-04; 7.49560291518506228e-02; 1.580e-01; 1.61829000000000000e+05; 1.61829000000000000e+05; 1.42593000000000000e+05; 8.68317562204685700e-02; 9.22266939040571887e-01; 9.25043970848149377e-01; 9.27332919843021242e-01; 9.70509364277260533e-01; 9.55128336266280686e-01; 9.33499211459582035e-01; 9.35859033542532304e-01; 9.76066724500046279e-01;;4.45037619105362857e-04; 4.45037619105362857e-04; 7.77330609594281130e-02; 1.580e-01; 1.61829000000000000e+05; 1.61829000000000000e+05; 1.42593000000000000e+05; 8.78171183651326182e-02; 9.22266939040571887e-01; 9.25043970848149377e-01; 9.27332919843021242e-01; 9.70509364277260533e-01; 9.55128336266280686e-01; 9.33499211459582035e-01; 9.35859033542532304e-01; 9.76066724500046279e-01;;
David Pivovar - Imperialist Competitive Algorithm - SMP_60; 0; 5.789e-02 ± 1.609e-02; 4.895e-04 ± 0.000e+00; 1.366e+05 ± 0.000e+00; 1.042e+05 ± 0.000e+00; 6.860e-02 ± 3.597e-02; ;4.89478484401489953e-04; 4.89478484401489953e-04; 5.78919168805538953e-02; 1.364e-01; 1.36611000000000000e+05; 1.36611000000000000e+05; 1.04226000000000000e+05; 6.86036481546612592e-02; 9.26913568780417307e-01; 9.35573641812880608e-01; 9.51787618680914438e-01; 9.58066351203890609e-01; 9.19063420173448997e-01; 9.44862779180149603e-01; 9.36361708795675263e-01; 9.64235576328192012e-01;;0.00000000000000000e+00; 0.00000000000000000e+00; 1.60921554342580604e-02; 0.000e+00; 0.00000000000000000e+00; 0.00000000000000000e+00; 0.00000000000000000e+00; 3.59745653142010055e-02; 0.00000000000000000e+00; 0.00000000000000000e+00; 0.00000000000000000e+00; 0.00000000000000000e+00; 0.00000000000000000e+00; 0.00000000000000000e+00; 0.00000000000000000e+00; 0.00000000000000000e+00;;4.89478484401489953e-04; 4.89478484401489953e-04; 3.57644236718079878e-02; 1.364e-01; 1.36611000000000000e+05; 1.36611000000000000e+05; 1.04226000000000000e+05; 3.94992980109721836e-02; 9.26913568780417307e-01; 9.35573641812880608e-01; 9.51787618680914438e-01; 9.58066351203890609e-01; 9.19063420173448997e-01; 9.44862779180149603e-01; 9.36361708795675263e-01; 9.64235576328192012e-01;;4.89478484401489953e-04; 4.89478484401489953e-04; 4.82123813190855621e-02; 1.364e-01; 1.36611000000000000e+05; 1.36611000000000000e+05; 1.04226000000000000e+05; 5.09200375356677615e-02; 9.26913568780417307e-01; 9.35573641812880608e-01; 9.51787618680914438e-01; 9.58066351203890609e-01; 9.19063420173448997e-01; 9.44862779180149603e-01; 9.36361708795675263e-01; 9.64235576328192012e-01;;4.89478484401489953e-04; 4.89478484401489953e-04; 6.36382912043247373e-02; 1.364e-01; 1.36611000000000000e+05; 1.36611000000000000e+05; 1.04226000000000000e+05; 6.29640601703361780e-02; 9.26913568780417307e-01; 9.35573641812880608e-01; 9.51787618680914438e-01; 9.58066351203890609e-01; 9.19063420173448997e-01; 9.44862779180149603e-01; 9.36361708795675263e-01; 9.64235576328192012e-01;;4.89478484401489953e-04; 4.89478484401489953e-04; 7.30864312195826926e-02; 1.364e-01; 1.36611000000000000e+05; 1.36611000000000000e+05; 1.04226000000000000e+05; 7.92117819365040221e-02; 9.26913568780417307e-01; 9.35573641812880608e-01; 9.51787618680914438e-01; 9.58066351203890609e-01; 9.19063420173448997e-01; 9.44862779180149603e-01; 9.36361708795675263e-01; 9.64235576328192012e-01;;4.89478484401489953e-04; 4.89478484401489953e-04; 8.09365798265510028e-02; 1.364e-01; 1.36611000000000000e+05; 1.36611000000000000e+05; 1.04226000000000000e+05; 1.48387415193903749e-01; 9.26913568780417307e-01; 9.35573641812880608e-01; 9.51787618680914438e-01; 9.58066351203890609e-01; 9.19063420173448997e-01; 9.44862779180149603e-01; 9.36361708795675263e-01; 9.64235576328192012e-01;;
David Pivovar - Imperialist Competitive Algorithm - Serial_15; 0; 6.560e-02 ± 1.682e-02; 5.718e-04 ± 0.000e+00; 6.877e+04 ± 0.000e+00; 6.090e+04 ± 0.000e+00; 7.204e-02 ± 1.413e-02; ;5.71833426676891950e-04; 5.71833426676891950e-04; 6.56031060082892803e-02; 6.664e-02; 6.87680000000000000e+04; 6.87680000000000000e+04; 6.09010000000000000e+04; 7.20368840803648075e-02; 9.16294091989646398e-01; 9.06789545418975496e-01; 9.33195452941277481e-01; 9.30530746071758785e-01; 9.48828901648037681e-01; 9.52308395234336968e-01; 9.39482259731952984e-01; 9.47745758897699964e-01;;0.00000000000000000e+00; 0.00000000000000000e+00; 1.68222634378754482e-02; 0.000e+00; 0.00000000000000000e+00; 0.00000000000000000e+00; 0.00000000000000000e+00; 1.41258852493280646e-02; 0.00000000000000000e+00; 0.00000000000000000e+00; 0.00000000000000000e+00; 0.00000000000000000e+00; 0.00000000000000000e+00; 0.00000000000000000e+00; 0.00000000000000000e+00; 0.00000000000000000e+00;;5.71833426676891950e-04; 5.71833426676891950e-04; 4.76916047656630315e-02; 6.664e-02; 6.87680000000000000e+04; 6.87680000000000000e+04; 6.09010000000000000e+04; 5.36034334773470844e-02; 9.16294091989646398e-01; 9.06789545418975496e-01; 9.33195452941277481e-01; 9.30530746071758785e-01; 9.48828901648037681e-01; 9.52308395234336968e-01; 9.39482259731952984e-01; 9.47745758897699964e-01;;5.71833426676891950e-04; 5.71833426676891950e-04; 5.22542411023000364e-02; 6.664e-02; 6.87680000000000000e+04; 6.87680000000000000e+04; 6.09010000000000000e+04; 6.81706087918348969e-02; 9.16294091989646398e-01; 9.06789545418975496e-01; 9.33195452941277481e-01; 9.30530746071758785e-01; 9.48828901648037681e-01; 9.52308395234336968e-01; 9.39482259731952984e-01; 9.47745758897699964e-01;;5.71833426676891950e-04; 5.71833426676891950e-04; 6.68045470587225187e-02; 6.664e-02; 6.87680000000000000e+04; 6.87680000000000000e+04; 6.09010000000000000e+04; 6.92470906530178176e-02; 9.16294091989646398e-01; 9.06789545418975496e-01; 9.33195452941277481e-01; 9.30530746071758785e-01; 9.48828901648037681e-01; 9.52308395234336968e-01; 9.39482259731952984e-01; 9.47745758897699964e-01;;5.71833426676891950e-04; 5.71833426676891950e-04; 8.37059080103536024e-02; 6.664e-02; 6.87680000000000000e+04; 6.87680000000000000e+04; 6.09010000000000000e+04; 7.51076837318852553e-02; 9.16294091989646398e-01; 9.06789545418975496e-01; 9.33195452941277481e-01; 9.30530746071758785e-01; 9.48828901648037681e-01; 9.52308395234336968e-01; 9.39482259731952984e-01; 9.47745758897699964e-01;;5.71833426676891950e-04; 5.71833426676891950e-04; 9.32104545810245044e-02; 6.664e-02; 6.87680000000000000e+04; 6.87680000000000000e+04; 6.09010000000000000e+04; 1.01370742450147766e-01; 9.16294091989646398e-01; 9.06789545418975496e-01; 9.33195452941277481e-01; 9.30530746071758785e-01; 9.48828901648037681e-01; 9.52308395234336968e-01; 9.39482259731952984e-01; 9.47745758897699964e-01;;
David Pivovar - Imperialist Competitive Algorithm - SMP_25; 0; 6.953e-02 ± 2.605e-02; 9.405e-04 ± 0.000e+00; 7.827e+04 ± 0.000e+00; 7.521e+04 ± 0.000e+00; 6.974e-02 ± 2.612e-02; ;9.40461788887291613e-04; 9.40461788887291613e-04; 6.95327696275356844e-02; 6.931e-02; 7.82730000000000000e+04; 7.82730000000000000e+04; 7.52070000000000000e+04; 6.97412010137201666e-02; 8.89104499221643696e-01; 9.15989220751327493e-01; 9.67237679638863757e-01; 9.28522968765226664e-01; 9.36311629260064948e-01; 9.27219379082663830e-01; 9.18237624416697096e-01; 9.61114841843227041e-01;;0.00000000000000000e+00; 0.00000000000000000e+00; 2.60469377215271497e-02; 0.000e+00; 0.00000000000000000e+00; 0.00000000000000000e+00; 0.00000000000000000e+00; 2.61232490117353118e-02; 0.00000000000000000e+00; 0.00000000000000000e+00; 0.00000000000000000e+00; 0.00000000000000000e+00; 0.00000000000000000e+00; 0.00000000000000000e+00; 0.00000000000000000e+00; 0.00000000000000000e+00;;9.40461788887291613e-04; 9.40461788887291613e-04; 3.27623203611362435e-02; 6.931e-02; 7.82730000000000000e+04; 7.82730000000000000e+04; 7.52070000000000000e+04; 3.27564338469285010e-02; 8.89104499221643696e-01; 9.15989220751327493e-01; 9.67237679638863757e-01; 9.28522968765226664e-01; 9.36311629260064948e-01; 9.27219379082663830e-01; 9.18237624416697096e-01; 9.61114841843227041e-01;;9.40461788887291613e-04; 9.40461788887291613e-04; 6.36883707399350518e-02; 6.931e-02; 7.82730000000000000e+04; 7.82730000000000000e+04; 7.52070000000000000e+04; 6.36890832140790675e-02; 8.89104499221643696e-01; 9.15989220751327493e-01; 9.67237679638863757e-01; 9.28522968765226664e-01; 9.36311629260064948e-01; 9.27219379082663830e-01; 9.18237624416697096e-01; 9.61114841843227041e-01;;9.40461788887291613e-04; 9.40461788887291613e-04; 7.27806209173361696e-02; 6.931e-02; 7.82730000000000000e+04; 7.82730000000000000e+04; 7.52070000000000000e+04; 7.27804772702563829e-02; 8.89104499221643696e-01; 9.15989220751327493e-01; 9.67237679638863757e-01; 9.28522968765226664e-01; 9.36311629260064948e-01; 9.27219379082663830e-01; 9.18237624416697096e-01; 9.61114841843227041e-01;;9.40461788887291613e-04; 9.40461788887291613e-04; 8.40107792486725069e-02; 6.931e-02; 7.82730000000000000e+04; 7.82730000000000000e+04; 7.52070000000000000e+04; 8.40108048353040981e-02; 8.89104499221643696e-01; 9.15989220751327493e-01; 9.67237679638863757e-01; 9.28522968765226664e-01; 9.36311629260064948e-01; 9.27219379082663830e-01; 9.18237624416697096e-01; 9.61114841843227041e-01;;9.40461788887291613e-04; 9.40461788887291613e-04; 1.10895500778356304e-01; 6.931e-02; 7.82730000000000000e+04; 7.82730000000000000e+04; 7.52070000000000000e+04; 1.10558473897924059e-01; 8.89104499221643696e-01; 9.15989220751327493e-01; 9.67237679638863757e-01; 9.28522968765226664e-01; 9.36311629260064948e-01; 9.27219379082663830e-01; 9.18237624416697096e-01; 9.61114841843227041e-01;;
David Pivovar - Imperialist Competitive Algorithm - SMP_7; 0; 1.079e-01 ± 6.105e-02; 6.653e-03 ± 0.000e+00; 2.171e+04 ± 0.000e+00; 2.171e+04 ± 0.000e+00; nan ± nan; ;6.65295767440508660e-03; 6.65295767440508660e-03; 1.07915152658173447e-01; 2.610e-02; 2.17100000000000000e+04; 2.17100000000000000e+04; 2.17100000000000000e+04; nan; 7.98458218963375321e-01; 8.44430061542594812e-01; 8.91412489928786300e-01; 9.34789023216524240e-01; 9.93173297176484504e-01; 8.70437406280976100e-01; 9.17451830842286653e-01; 8.86526450783584496e-01;;0.00000000000000000e+00; 0.00000000000000000e+00; 6.10458703591421001e-02; 0.000e+00; 0.00000000000000000e+00; 0.00000000000000000e+00; 0.00000000000000000e+00; nan; 0.00000000000000000e+00; 0.00000000000000000e+00; 0.00000000000000000e+00; 0.00000000000000000e+00; 0.00000000000000000e+00; 0.00000000000000000e+00; 0.00000000000000000e+00; 0.00000000000000000e+00;;6.65295767440508660e-03; 6.65295767440508660e-03; 6.82670282351549584e-03; 2.610e-02; 2.17100000000000000e+04; 2.17100000000000000e+04; 2.17100000000000000e+04; nan; 7.98458218963375321e-01; 8.44430061542594812e-01; 8.91412489928786300e-01; 9.34789023216524240e-01; 9.93173297176484504e-01; 8.70437406280976100e-01; 9.17451830842286653e-01; 8.86526450783584496e-01;;6.65295767440508660e-03; 6.65295767440508660e-03; 8.25481691577133470e-02; 2.610e-02; 2.17100000000000000e+04; 2.17100000000000000e+04; 2.17100000000000000e+04; nan; 7.98458218963375321e-01; 8.44430061542594812e-01; 8.91412489928786300e-01; 9.34789023216524240e-01; 9.93173297176484504e-01; 8.70437406280976100e-01; 9.17451830842286653e-01; 8.86526450783584496e-01;;6.65295767440508660e-03; 6.65295767440508660e-03; 1.13473549216415504e-01; 2.610e-02; 2.17100000000000000e+04; 2.17100000000000000e+04; 2.17100000000000000e+04; nan; 7.98458218963375321e-01; 8.44430061542594812e-01; 8.91412489928786300e-01; 9.34789023216524240e-01; 9.93173297176484504e-01; 8.70437406280976100e-01; 9.17451830842286653e-01; 8.86526450783584496e-01;;6.65295767440508660e-03; 6.65295767440508660e-03; 1.55569938457405188e-01; 2.610e-02; 2.17100000000000000e+04; 2.17100000000000000e+04; 2.17100000000000000e+04; nan; 7.98458218963375321e-01; 8.44430061542594812e-01; 8.91412489928786300e-01; 9.34789023216524240e-01; 9.93173297176484504e-01; 8.70437406280976100e-01; 9.17451830842286653e-01; 8.86526450783584496e-01;;6.65295767440508660e-03; 6.65295767440508660e-03; 2.01541781036624679e-01; 2.610e-02; 2.17100000000000000e+04; 2.17100000000000000e+04; 2.17100000000000000e+04; nan; 7.98458218963375321e-01; 8.44430061542594812e-01; 8.91412489928786300e-01; 9.34789023216524240e-01; 9.93173297176484504e-01; 8.70437406280976100e-01; 9.17451830842286653e-01; 8.86526450783584496e-01;;
David Pivovar - Imperialist Competitive Algorithm - OpenCL_60; 0; 1.093e-01 ± 3.434e-02; 4.602e-03 ± 0.000e+00; 1.090e+05 ± 0.000e+00; 1.090e+05 ± 0.000e+00; nan ± nan; ;4.60163517232440797e-03; 4.60163517232440797e-03; 1.09332083514162931e-01; 5.048e+01; 1.09000000000000000e+05; 1.09000000000000000e+05; 1.09000000000000000e+05; nan; 8.28086159797774668e-01; 8.85646178757269809e-01; 8.55511869529430591e-01; 9.12630019760792721e-01; 9.24212566552778392e-01; 9.14237626464806663e-01; 8.97911472200751737e-01; 9.07107438823091972e-01;;0.00000000000000000e+00; 0.00000000000000000e+00; 3.43365190398204623e-02; 0.000e+00; 0.00000000000000000e+00; 0.00000000000000000e+00; 0.00000000000000000e+00; nan; 0.00000000000000000e+00; 0.00000000000000000e+00; 0.00000000000000000e+00; 0.00000000000000000e+00; 0.00000000000000000e+00; 0.00000000000000000e+00; 0.00000000000000000e+00; 0.00000000000000000e+00;;4.60163517232440797e-03; 4.60163517232440797e-03; 7.57874334472216082e-02; 5.048e+01; 1.09000000000000000e+05; 1.09000000000000000e+05; 1.09000000000000000e+05; nan; 8.28086159797774668e-01; 8.85646178757269809e-01; 8.55511869529430591e-01; 9.12630019760792721e-01; 9.24212566552778392e-01; 9.14237626464806663e-01; 8.97911472200751737e-01; 9.07107438823091972e-01;;4.60163517232440797e-03; 4.60163517232440797e-03; 8.73699802392072788e-02; 5.048e+01; 1.09000000000000000e+05; 1.09000000000000000e+05; 1.09000000000000000e+05; nan; 8.28086159797774668e-01; 8.85646178757269809e-01; 8.55511869529430591e-01; 9.12630019760792721e-01; 9.24212566552778392e-01; 9.14237626464806663e-01; 8.97911472200751737e-01; 9.07107438823091972e-01;;4.60163517232440797e-03; 4.60163517232440797e-03; 1.02088527799248263e-01; 5.048e+01; 1.09000000000000000e+05; 1.09000000000000000e+05; 1.09000000000000000e+05; nan; 8.28086159797774668e-01; 8.85646178757269809e-01; 8.55511869529430591e-01; 9.12630019760792721e-01; 9.24212566552778392e-01; 9.14237626464806663e-01; 8.97911472200751737e-01; 9.07107438823091972e-01;;4.60163517232440797e-03; 4.60163517232440797e-03; 1.44488130470569409e-01; 5.048e+01; 1.09000000000000000e+05; 1.09000000000000000e+05; 1.09000000000000000e+05; nan; 8.28086159797774668e-01; 8.85646178757269809e-01; 8.55511869529430591e-01; 9.12630019760792721e-01; 9.24212566552778392e-01; 9.14237626464806663e-01; 8.97911472200751737e-01; 9.07107438823091972e-01;;4.60163517232440797e-03; 4.60163517232440797e-03; 1.71913840202225332e-01; 5.048e+01; 1.09000000000000000e+05; 1.09000000000000000e+05; 1.09000000000000000e+05; nan; 8.28086159797774668e-01; 8.85646178757269809e-01; 8.55511869529430591e-01; 9.12630019760792721e-01; 9.24212566552778392e-01; 9.14237626464806663e-01; 8.97911472200751737e-01; 9.07107438823091972e-01;;
David Pivovar - Imperialist Competitive Algorithm - OpenCL_40; 0; 1.350e-01 ± 1.781e-02; 1.079e-02 ± 0.000e+00; 5.380e+04 ± 0.000e+00; 5.380e+04 ± 0.000e+00; nan ± nan; ;1.07912079171501290e-02; 1.07912079171501290e-02; 1.35000493994135384e-01; 2.517e+01; 5.38040000000000000e+04; 5.38040000000000000e+04; 5.38040000000000000e+04; nan; 8.37984592939498563e-01; 8.63128736304747068e-01; 8.49534465943970529e-01; 8.79888399624939477e-01; 8.69200035566725870e-01; 8.62412115871928009e-01; 8.63818945429170038e-01; 8.94028756365937260e-01;;0.00000000000000000e+00; 0.00000000000000000e+00; 1.78134869415712306e-02; 0.000e+00; 0.00000000000000000e+00; 0.00000000000000000e+00; 0.00000000000000000e+00; nan; 0.00000000000000000e+00; 0.00000000000000000e+00; 0.00000000000000000e+00; 0.00000000000000000e+00; 0.00000000000000000e+00; 0.00000000000000000e+00; 0.00000000000000000e+00; 0.00000000000000000e+00;;1.07912079171501290e-02; 1.07912079171501290e-02; 1.05971243634062740e-01; 2.517e+01; 5.38040000000000000e+04; 5.38040000000000000e+04; 5.38040000000000000e+04; nan; 8.37984592939498563e-01; 8.63128736304747068e-01; 8.49534465943970529e-01; 8.79888399624939477e-01; 8.69200035566725870e-01; 8.62412115871928009e-01; 8.63818945429170038e-01; 8.94028756365937260e-01;;1.07912079171501290e-02; 1.07912079171501290e-02; 1.30799964433274130e-01; 2.517e+01; 5.38040000000000000e+04; 5.38040000000000000e+04; 5.38040000000000000e+04; nan; 8.37984592939498563e-01; 8.63128736304747068e-01; 8.49534465943970529e-01; 8.79888399624939477e-01; 8.69200035566725870e-01; 8.62412115871928009e-01; 8.63818945429170038e-01; 8.94028756365937260e-01;;1.07912079171501290e-02; 1.07912079171501290e-02; 1.36871263695252932e-01; 2.517e+01; 5.38040000000000000e+04; 5.38040000000000000e+04; 5.38040000000000000e+04; nan; 8.37984592939498563e-01; 8.63128736304747068e-01; 8.49534465943970529e-01; 8.79888399624939477e-01; 8.69200035566725870e-01; 8.62412115871928009e-01; 8.63818945429170038e-01; 8.94028756365937260e-01;;1.07912079171501290e-02; 1.07912079171501290e-02; 1.50465534056029471e-01; 2.517e+01; 5.38040000000000000e+04; 5.38040000000000000e+04; 5.38040000000000000e+04; nan; 8.37984592939498563e-01; 8.63128736304747068e-01; 8.49534465943970529e-01; 8.79888399624939477e-01; 8.69200035566725870e-01; 8.62412115871928009e-01; 8.63818945429170038e-01; 8.94028756365937260e-01;;1.07912079171501290e-02; 1.07912079171501290e-02; 1.62015407060501437e-01; 2.517e+01; 5.38040000000000000e+04; 5.38040000000000000e+04; 5.38040000000000000e+04; nan; 8.37984592939498563e-01; 8.63128736304747068e-01; 8.49534465943970529e-01; 8.79888399624939477e-01; 8.69200035566725870e-01; 8.62412115871928009e-01; 8.63818945429170038e-01; 8.94028756365937260e-01;;
David Pivovar - Imperialist Competitive Algorithm - OpenCL_100; 0; 1.456e-01 ± 6.303e-02; 1.663e-02 ± 0.000e+00; 6.921e+04 ± 0.000e+00; 6.921e+04 ± 0.000e+00; nan ± nan; ;1.66307801805286870e-02; 1.66307801805286870e-02; 1.45569979778773118e-01; 3.273e+01; 6.92060000000000000e+04; 6.92060000000000000e+04; 6.92060000000000000e+04; nan; 7.59927307442051170e-01; 7.94949239210690828e-01; 8.80564898569010324e-01; 8.06717767590996115e-01; 8.77166662852739254e-01; 9.06980341627465436e-01; 8.72219376754407416e-01; 9.36914567722454406e-01;;0.00000000000000000e+00; 0.00000000000000000e+00; 6.30346302012449733e-02; 0.000e+00; 0.00000000000000000e+00; 0.00000000000000000e+00; 0.00000000000000000e+00; nan; 0.00000000000000000e+00; 0.00000000000000000e+00; 0.00000000000000000e+00; 0.00000000000000000e+00; 0.00000000000000000e+00; 0.00000000000000000e+00; 0.00000000000000000e+00; 0.00000000000000000e+00;;1.66307801805286870e-02; 1.66307801805286870e-02; 6.30854322775455945e-02; 3.273e+01; 6.92060000000000000e+04; 6.92060000000000000e+04; 6.92060000000000000e+04; nan; 7.59927307442051170e-01; 7.94949239210690828e-01; 8.80564898569010324e-01; 8.06717767590996115e-01; 8.77166662852739254e-01; 9.06980341627465436e-01; 8.72219376754407416e-01; 9.36914567722454406e-01;;1.66307801805286870e-02; 1.66307801805286870e-02; 1.19435101430989676e-01; 3.273e+01; 6.92060000000000000e+04; 6.92060000000000000e+04; 6.92060000000000000e+04; nan; 7.59927307442051170e-01; 7.94949239210690828e-01; 8.80564898569010324e-01; 8.06717767590996115e-01; 8.77166662852739254e-01; 9.06980341627465436e-01; 8.72219376754407416e-01; 9.36914567722454406e-01;;1.66307801805286870e-02; 1.66307801805286870e-02; 1.27780623245592584e-01; 3.273e+01; 6.92060000000000000e+04; 6.92060000000000000e+04; 6.92060000000000000e+04; nan; 7.59927307442051170e-01; 7.94949239210690828e-01; 8.80564898569010324e-01; 8.06717767590996115e-01; 8.77166662852739254e-01; 9.06980341627465436e-01; 8.72219376754407416e-01; 9.36914567722454406e-01;;1.66307801805286870e-02; 1.66307801805286870e-02; 2.05050760789309172e-01; 3.273e+01; 6.92060000000000000e+04; 6.92060000000000000e+04; 6.92060000000000000e+04; nan; 7.59927307442051170e-01; 7.94949239210690828e-01; 8.80564898569010324e-01; 8.06717767590996115e-01; 8.77166662852739254e-01; 9.06980341627465436e-01; 8.72219376754407416e-01; 9.36914567722454406e-01;;1.66307801805286870e-02; 1.66307801805286870e-02; 2.40072692557948830e-01; 3.273e+01; 6.92060000000000000e+04; 6.92060000000000000e+04; 6.92060000000000000e+04; nan; 7.59927307442051170e-01; 7.94949239210690828e-01; 8.80564898569010324e-01; 8.06717767590996115e-01; 8.77166662852739254e-01; 9.06980341627465436e-01; 8.72219376754407416e-01; 9.36914567722454406e-01;;
David Pivovar - Imperialist Competitive Algorithm - OpenCL_15; 0; 1.589e-01 ± 2.660e-02; 2.189e-02 ± 0.000e+00; 1.570e+04 ± 0.000e+00; 1.570e+04 ± 0.000e+00; nan ± nan; ;2.18904556254414621e-02; 2.18904556254414621e-02; 1.58891133008419422e-01; 7.490e+00; 1.56970000000000000e+04; 1.56970000000000000e+04; 1.56970000000000000e+04; nan; 8.02130605448684308e-01; 8.35031561845549053e-01; 8.59560860087726808e-01; 8.06769778033982643e-01; 8.73882582236729766e-01; 8.61593732267596946e-01; 8.44749928000639305e-01; 8.45151888011735686e-01;;0.00000000000000000e+00; 0.00000000000000000e+00; 2.66002806549399742e-02; 0.000e+00; 0.00000000000000000e+00; 0.00000000000000000e+00; 0.00000000000000000e+00; nan; 0.00000000000000000e+00; 0.00000000000000000e+00; 0.00000000000000000e+00; 0.00000000000000000e+00; 0.00000000000000000e+00; 0.00000000000000000e+00; 0.00000000000000000e+00; 0.00000000000000000e+00;;2.18904556254414621e-02; 2.18904556254414621e-02; 1.26117417763270234e-01; 7.490e+00; 1.56970000000000000e+04; 1.56970000000000000e+04; 1.56970000000000000e+04; nan; 8.02130605448684308e-01; 8.35031561845549053e-01; 8.59560860087726808e-01; 8.06769778033982643e-01; 8.73882582236729766e-01; 8.61593732267596946e-01; 8.44749928000639305e-01; 8.45151888011735686e-01;;2.18904556254414621e-02; 2.18904556254414621e-02; 1.40439139912273192e-01; 7.490e+00; 1.56970000000000000e+04; 1.56970000000000000e+04; 1.56970000000000000e+04; nan; 8.02130605448684308e-01; 8.35031561845549053e-01; 8.59560860087726808e-01; 8.06769778033982643e-01; 8.73882582236729766e-01; 8.61593732267596946e-01; 8.44749928000639305e-01; 8.45151888011735686e-01;;2.18904556254414621e-02; 2.18904556254414621e-02; 1.55250071999360695e-01; 7.490e+00; 1.56970000000000000e+04; 1.56970000000000000e+04; 1.56970000000000000e+04; nan; 8.02130605448684308e-01; 8.35031561845549053e-01; 8.59560860087726808e-01; 8.06769778033982643e-01; 8.73882582236729766e-01; 8.61593732267596946e-01; 8.44749928000639305e-01; 8.45151888011735686e-01;;2.18904556254414621e-02; 2.18904556254414621e-02; 1.93230221966017357e-01; 7.490e+00; 1.56970000000000000e+04; 1.56970000000000000e+04; 1.56970000000000000e+04; nan; 8.02130605448684308e-01; 8.35031561845549053e-01; 8.59560860087726808e-01; 8.06769778033982643e-01; 8.73882582236729766e-01; 8.61593732267596946e-01; 8.44749928000639305e-01; 8.45151888011735686e-01;;2.18904556254414621e-02; 2.18904556254414621e-02; 1.97869394551315692e-01; 7.490e+00; 1.56970000000000000e+04; 1.56970000000000000e+04; 1.56970000000000000e+04; nan; 8.02130605448684308e-01; 8.35031561845549053e-01; 8.59560860087726808e-01; 8.06769778033982643e-01; 8.73882582236729766e-01; 8.61593732267596946e-01; 8.44749928000639305e-01; 8.45151888011735686e-01;;
David Pivovar - Imperialist Competitive Algorithm - OpenCL_25; 0; 1.590e-01 ± 1.883e-02; 2.312e-02 ± 0.000e+00; 2.949e+04 ± 0.000e+00; 2.949e+04 ± 0.000e+00; nan ± nan; ;2.31231631162726811e-02; 2.31231631162726811e-02; 1.59006222824842502e-01; 1.402e+01; 2.94920000000000000e+04; 2.94920000000000000e+04; 2.94920000000000000e+04; nan; 8.33164563743471476e-01; 8.26554741329599274e-01; 8.40221932141571481e-01; 8.34867035115025691e-01; 8.80047501111097086e-01; 8.25669427945443513e-01; 8.33173741176682303e-01; 8.54251274838369157e-01;;0.00000000000000000e+00; 0.00000000000000000e+00; 1.88306554157832880e-02; 0.000e+00; 0.00000000000000000e+00; 0.00000000000000000e+00; 0.00000000000000000e+00; nan; 0.00000000000000000e+00; 0.00000000000000000e+00; 0.00000000000000000e+00; 0.00000000000000000e+00; 0.00000000000000000e+00; 0.00000000000000000e+00; 0.00000000000000000e+00; 0.00000000000000000e+00;;2.31231631162726811e-02; 2.31231631162726811e-02; 1.19952498888902914e-01; 1.402e+01; 2.94920000000000000e+04; 2.94920000000000000e+04; 2.94920000000000000e+04; nan; 8.33164563743471476e-01; 8.26554741329599274e-01; 8.40221932141571481e-01; 8.34867035115025691e-01; 8.80047501111097086e-01; 8.25669427945443513e-01; 8.33173741176682303e-01; 8.54251274838369157e-01;;2.31231631162726811e-02; 2.31231631162726811e-02; 1.59778067858428519e-01; 1.402e+01; 2.94920000000000000e+04; 2.94920000000000000e+04; 2.94920000000000000e+04; nan; 8.33164563743471476e-01; 8.26554741329599274e-01; 8.40221932141571481e-01; 8.34867035115025691e-01; 8.80047501111097086e-01; 8.25669427945443513e-01; 8.33173741176682303e-01; 8.54251274838369157e-01;;2.31231631162726811e-02; 2.31231631162726811e-02; 1.66826258823317697e-01; 1.402e+01; 2.94920000000000000e+04; 2.94920000000000000e+04; 2.94920000000000000e+04; nan; 8.33164563743471476e-01; 8.26554741329599274e-01; 8.40221932141571481e-01; 8.34867035115025691e-01; 8.80047501111097086e-01; 8.25669427945443513e-01; 8.33173741176682303e-01; 8.54251274838369157e-01;;2.31231631162726811e-02; 2.31231631162726811e-02; 1.73445258670400726e-01; 1.402e+01; 2.94920000000000000e+04; 2.94920000000000000e+04; 2.94920000000000000e+04; nan; 8.33164563743471476e-01; 8.26554741329599274e-01; 8.40221932141571481e-01; 8.34867035115025691e-01; 8.80047501111097086e-01; 8.25669427945443513e-01; 8.33173741176682303e-01; 8.54251274838369157e-01;;2.31231631162726811e-02; 2.31231631162726811e-02; 1.74330572054556487e-01; 1.402e+01; 2.94920000000000000e+04; 2.94920000000000000e+04; 2.94920000000000000e+04; nan; 8.33164563743471476e-01; 8.26554741329599274e-01; 8.40221932141571481e-01; 8.34867035115025691e-01; 8.80047501111097086e-01; 8.25669427945443513e-01; 8.33173741176682303e-01; 8.54251274838369157e-01;;
David Pivovar - Imperialist Competitive Algorithm - Serial_7; 0; 1.667e-01 ± 4.572e-02; 2.553e-02 ± 0.000e+00; 1.222e+04 ± 0.000e+00; 1.222e+04 ± 0.000e+00; nan ± nan; ;2.55312806623779580e-02; 2.55312806623779580e-02; 1.66651669226979771e-01; 1.235e-02; 1.22230000000000000e+04; 1.22230000000000000e+04; 1.22230000000000000e+04; nan; 7.86231716568453476e-01; 7.86811616955388149e-01; 8.13595147659632034e-01; 8.09410667087061331e-01; 9.13683780120807421e-01; 8.33437280274928471e-01; 8.52709976097126621e-01; 8.70906461420764444e-01;;0.00000000000000000e+00; 0.00000000000000000e+00; 4.57217670333433107e-02; 0.000e+00; 0.00000000000000000e+00; 0.00000000000000000e+00; 0.00000000000000000e+00; nan; 0.00000000000000000e+00; 0.00000000000000000e+00; 0.00000000000000000e+00; 0.00000000000000000e+00; 0.00000000000000000e+00; 0.00000000000000000e+00; 0.00000000000000000e+00; 0.00000000000000000e+00;;2.55312806623779580e-02; 2.55312806623779580e-02; 8.63162198791925794e-02; 1.235e-02; 1.22230000000000000e+04; 1.22230000000000000e+04; 1.22230000000000000e+04; nan; 7.86231716568453476e-01; 7.86811616955388149e-01; 8.13595147659632034e-01; 8.09410667087061331e-01; 9.13683780120807421e-01; 8.33437280274928471e-01; 8.52709976097126621e-01; 8.70906461420764444e-01;;2.55312806623779580e-02; 2.55312806623779580e-02; 1.47290023902873379e-01; 1.235e-02; 1.22230000000000000e+04; 1.22230000000000000e+04; 1.22230000000000000e+04; nan; 7.86231716568453476e-01; 7.86811616955388149e-01; 8.13595147659632034e-01; 8.09410667087061331e-01; 9.13683780120807421e-01; 8.33437280274928471e-01; 8.52709976097126621e-01; 8.70906461420764444e-01;;2.55312806623779580e-02; 2.55312806623779580e-02; 1.86404852340367966e-01; 1.235e-02; 1.22230000000000000e+04; 1.22230000000000000e+04; 1.22230000000000000e+04; nan; 7.86231716568453476e-01; 7.86811616955388149e-01; 8.13595147659632034e-01; 8.09410667087061331e-01; 9.13683780120807421e-01; 8.33437280274928471e-01; 8.52709976097126621e-01; 8.70906461420764444e-01;;2.55312806623779580e-02; 2.55312806623779580e-02; 2.13188383044611851e-01; 1.235e-02; 1.22230000000000000e+04; 1.22230000000000000e+04; 1.22230000000000000e+04; nan; 7.86231716568453476e-01; 7.86811616955388149e-01; 8.13595147659632034e-01; 8.09410667087061331e-01; 9.13683780120807421e-01; 8.33437280274928471e-01; 8.52709976097126621e-01; 8.70906461420764444e-01;;2.55312806623779580e-02; 2.55312806623779580e-02; 2.13768283431546524e-01; 1.235e-02; 1.22230000000000000e+04; 1.22230000000000000e+04; 1.22230000000000000e+04; nan; 7.86231716568453476e-01; 7.86811616955388149e-01; 8.13595147659632034e-01; 8.09410667087061331e-01; 9.13683780120807421e-01; 8.33437280274928471e-01; 8.52709976097126621e-01; 8.70906461420764444e-01;;
David Pivovar - Imperialist Competitive Algorithm - OpenCL_7; 0; 2.172e-01 ± 3.285e-02; 7.403e-02 ± 0.000e+00; 7.304e+03 ± 0.000e+00; 7.304e+03 ± 0.000e+00; nan ± nan; ;7.40304963315940312e-02; 7.40304963315940312e-02; 2.17200382042345375e-01; 3.735e+00; 7.30400000000000000e+03; 7.30400000000000000e+03; 7.30400000000000000e+03; nan; 7.22987192898167375e-01; 7.72017377784692038e-01; 8.32536638074321433e-01; 7.63137436580547002e-01; 7.93198588219500067e-01; 7.88505758258653655e-01; 7.98251226278010040e-01; 7.91762725567345282e-01;;0.00000000000000000e+00; 0.00000000000000000e+00; 3.28491741111172561e-02; 0.000e+00; 0.00000000000000000e+00; 0.00000000000000000e+00; 0.00000000000000000e+00; nan; 0.00000000000000000e+00; 0.00000000000000000e+00; 0.00000000000000000e+00; 0.00000000000000000e+00; 0.00000000000000000e+00; 0.00000000000000000e+00; 0.00000000000000000e+00; 0.00000000000000000e+00;;7.40304963315940312e-02; 7.40304963315940312e-02; 1.67463361925678567e-01; 3.735e+00; 7.30400000000000000e+03; 7.30400000000000000e+03; 7.30400000000000000e+03; nan; 7.22987192898167375e-01; 7.72017377784692038e-01; 8.32536638074321433e-01; 7.63137436580547002e-01; 7.93198588219500067e-01; 7.88505758258653655e-01; 7.98251226278010040e-01; 7.91762725567345282e-01;;7.40304963315940312e-02; 7.40304963315940312e-02; 2.06801411780499933e-01; 3.735e+00; 7.30400000000000000e+03; 7.30400000000000000e+03; 7.30400000000000000e+03; nan; 7.22987192898167375e-01; 7.72017377784692038e-01; 8.32536638074321433e-01; 7.63137436580547002e-01; 7.93198588219500067e-01; 7.88505758258653655e-01; 7.98251226278010040e-01; 7.91762725567345282e-01;;7.40304963315940312e-02; 7.40304963315940312e-02; 2.11494241741346345e-01; 3.735e+00; 7.30400000000000000e+03; 7.30400000000000000e+03; 7.30400000000000000e+03; nan; 7.22987192898167375e-01; 7.72017377784692038e-01; 8.32536638074321433e-01; 7.63137436580547002e-01; 7.93198588219500067e-01; 7.88505758258653655e-01; 7.98251226278010040e-01; 7.91762725567345282e-01;;7.40304963315940312e-02; 7.40304963315940312e-02; 2.36862563419452998e-01; 3.735e+00; 7.30400000000000000e+03; 7.30400000000000000e+03; 7.30400000000000000e+03; nan; 7.22987192898167375e-01; 7.72017377784692038e-01; 8.32536638074321433e-01; 7.63137436580547002e-01; 7.93198588219500067e-01; 7.88505758258653655e-01; 7.98251226278010040e-01; 7.91762725567345282e-01;;7.40304963315940312e-02; 7.40304963315940312e-02; 2.77012807101832625e-01; 3.735e+00; 7.30400000000000000e+03; 7.30400000000000000e+03; 7.30400000000000000e+03; nan; 7.22987192898167375e-01; 7.72017377784692038e-01; 8.32536638074321433e-01; 7.63137436580547002e-01; 7.93198588219500067e-01; 7.88505758258653655e-01; 7.98251226278010040e-01; 7.91762725567345282e-01;;

--=== DeJong4 evaluation completed. ===--

--=== Evaluating solvers on Rastrigin with problem size = 8... ===--
Problem ordinal number: 4
upper_bound[0]=5.120e+00, optimum_parameter[0]=4.000e+00, optimum_fitness=0.000e+00

Executing David Pivovar - Imperialist Competitive Algorithm - Serial_7...
Executing David Pivovar - Imperialist Competitive Algorithm - Serial_15...
Executing David Pivovar - Imperialist Competitive Algorithm - Serial_25...
Executing David Pivovar - Imperialist Competitive Algorithm - Serial_40...
Executing David Pivovar - Imperialist Competitive Algorithm - Serial_60...
Executing David Pivovar - Imperialist Competitive Algorithm - Serial_100...
Executing David Pivovar - Imperialist Competitive Algorithm - SMP_7...
Executing David Pivovar - Imperialist Competitive Algorithm - SMP_15...
Executing David Pivovar - Imperialist Competitive Algorithm - SMP_25...
Executing David Pivovar - Imperialist Competitive Algorithm - SMP_40...
Executing David Pivovar - Imperialist Competitive Algorithm - SMP_60...
Executing David Pivovar - Imperialist Competitive Algorithm - SMP_100...
Executing David Pivovar - Imperialist Competitive Algorithm - OpenCL_7...
Executing David Pivovar - Imperialist Competitive Algorithm - OpenCL_15...
Executing David Pivovar - Imperialist Competitive Algorithm - OpenCL_25...
Executing David Pivovar - Imperialist Competitive Algorithm - OpenCL_40...
Executing David Pivovar - Imperialist Competitive Algorithm - OpenCL_60...
Executing David Pivovar - Imperialist Competitive Algorithm - OpenCL_100...

general;;;;;;;;Average;;;;;;;;;; ; ; ; ; ; ; ; Standard Deviation;;;;;;;;;; ; ; ; ; ; ; ; Minimum;;;;;;;;;; ; ; ; ; ; ; ; Q25;;;;;;;;;; ; ; ; ; ; ; ; Median;;;;;;;;;; ; ; ; ; ; ; ; Q75;;;;;;;;;; ; ; ; ; ; ; ; Maximum;;;;;;;;;; ; ; ; ; ; ; ; 
solver; fails; param_err; fitness_err; least_calls; lc_001; param_err001; ; fitness; fitness_err; param_err; time; total calls; least calls; lc_001; pe_001; 0; 1; 2; 3; 4; 5; 6; 7; ; fitness; fitness_err; param_err; time; total calls; least calls; lc_001; pe_001; 0; 1; 2; 3; 4; 5; 6; 7; ; fitness; fitness_err; param_err; time; total calls; least calls; lc_001; pe_001; 0; 1; 2; 3; 4; 5; 6; 7; ; fitness; fitness_err; param_err; time; total calls; least calls; lc_001; pe_001; 0; 1; 2; 3; 4; 5; 6; 7; ; fitness; fitness_err; param_err; time; total calls; least calls; lc_001; pe_001; 0; 1; 2; 3; 4; 5; 6; 7; ; fitness; fitness_err; param_err; time; total calls; least calls; lc_001; pe_001; 0; 1; 2; 3; 4; 5; 6; 7; ; fitness; fitness_err; param_err; time; total calls; least calls; lc_001; pe_001; 0; 1; 2; 3; 4; 5; 6; 7; 
David Pivovar - Imperialist Competitive Algorithm - SMP_100; 0; 1.119e+00 ± 1.163e+00; 1.890e+01 ± 0.000e+00; 2.875e+05 ± 0.000e+00; 2.875e+05 ± 0.000e+00; nan ± nan; ;1.89041818472217322e+01; 1.89041818472217322e+01; 1.11932882601887673e+00; 2.255e-01; 2.87519000000000000e+05; 2.87519000000000000e+05; 2.87519000000000000e+05; nan; 3.99997850690787438e+00; 3.00504127119133679e+00; 2.01008689739214086e+00; 3.99999986791396589e+00; 2.01008774455089467e+00; 3.99999944294242660e+00; 3.00503168906351004e+00; 1.01514397188683780e+00;;0.00000000000000000e+00; 0.00000000000000000e+00; 1.16259650352719168e+00; 0.000e+00; 0.00000000000000000e+00; 0.00000000000000000e+00; 0.00000000000000000e+00; nan; 0.00000000000000000e+00; 0.00000000000000000e+00; 0.00000000000000000e+00; 0.00000000000000000e+00; 0.00000000000000000e+00; 0.00000000000000000e+00; 0.00000000000000000e+00; 0.00000000000000000e+00;;1.89041818472217322e+01; 1.89041818472217322e+01; 1.32086034110301398e-07; 2.255e-01; 2.87519000000000000e+05; 2.87519000000000000e+05; 2.87519000000000000e+05; nan; 3.99997850690787438e+00; 3.00504127119133679e+00; 2.01008689739214086e+00; 3.99999986791396589e+00; 2.01008774455089467e+00; 3.99999944294242660e+00; 3.00503168906351004e+00; 1.01514397188683780e+00;;1.89041818472217322e+01; 1.89041818472217322e+01; 2.14930921256240026e-05; 2.255e-01; 2.87519000000000000e+05; 2.87519000000000000e+05; 2.87519000000000000e+05; nan; 3.99997850690787438e+00; 3.00504127119133679e+00; 2.01008689739214086e+00; 3.99999986791396589e+00; 2.01008774455089467e+00; 3.99999944294242660e+00; 3.00503168906351004e+00; 1.01514397188683780e+00;;1.89041818472217322e+01; 1.89041818472217322e+01; 9.94968310936489964e-01; 2.255e-01; 2.87519000000000000e+05; 2.87519000000000000e+05; 2.87519000000000000e+05; nan; 3.99997850690787438e+00; 3.00504127119133679e+00; 2.01008689739214086e+00; 3.99999986791396589e+00; 2.01008774455089467e+00; 3.99999944294242660e+00; 3.00503168906351004e+00; 1.01514397188683780e+00;;1.89041818472217322e+01; 1.89041818472217322e+01; 1.98991310260785914e+00; 2.255e-01; 2.87519000000000000e+05; 2.87519000000000000e+05; 2.87519000000000000e+05; nan; 3.99997850690787438e+00; 3.00504127119133679e+00; 2.01008689739214086e+00; 3.99999986791396589e+00; 2.01008774455089467e+00; 3.99999944294242660e+00; 3.00503168906351004e+00; 1.01514397188683780e+00;;1.89041818472217322e+01; 1.89041818472217322e+01; 2.98485602811316220e+00; 2.255e-01; 2.87519000000000000e+05; 2.87519000000000000e+05; 2.87519000000000000e+05; nan; 3.99997850690787438e+00; 3.00504127119133679e+00; 2.01008689739214086e+00; 3.99999986791396589e+00; 2.01008774455089467e+00; 3.99999944294242660e+00; 3.00503168906351004e+00; 1.01514397188683780e+00;;
David Pivovar - Imperialist Competitive Algorithm - OpenCL_60; 0; 1.244e+00 ± 7.301e-01; 1.592e+01 ± 0.000e+00; 1.512e+05 ± 0.000e+00; 1.512e+05 ± 0.000e+00; nan ± nan; ;1.59193298180862275e+01; 1.59193298180862275e+01; 1.24369867075563878e+00; 7.687e+01; 1.51152000000000000e+05; 1.51152000000000000e+05; 1.51152000000000000e+05; nan; 3.00504126214586353e+00; 3.00504134285311242e+00; 3.00503611334380638e+00; 2.01008771202789305e+00; 2.01008687375063388e+00; 2.01008667442784361e+00; 3.99999320823980531e+00; 3.00503744716593291e+00;;0.00000000000000000e+00; 0.00000000000000000e+00; 7.30095712884366699e-01; 0.000e+00; 0.00000000000000000e+00; 0.00000000000000000e+00; 0.00000000000000000e+00; nan; 0.00000000000000000e+00; 0.00000000000000000e+00; 0.00000000000000000e+00; 0.00000000000000000e+00; 0.00000000000000000e+00; 0.00000000000000000e+00; 0.00000000000000000e+00; 0.00000000000000000e+00;;1.59193298180862275e+01; 1.59193298180862275e+01; 6.79176019469096559e-06; 7.687e+01; 1.51152000000000000e+05; 1.51152000000000000e+05; 1.51152000000000000e+05; nan; 3.00504126214586353e+00; 3.00504134285311242e+00; 3.00503611334380638e+00; 2.01008771202789305e+00; 2.01008687375063388e+00; 2.01008667442784361e+00; 3.99999320823980531e+00; 3.00503744716593291e+00;;1.59193298180862275e+01; 1.59193298180862275e+01; 9.94958737854136466e-01; 7.687e+01; 1.51152000000000000e+05; 1.51152000000000000e+05; 1.51152000000000000e+05; nan; 3.00504126214586353e+00; 3.00504134285311242e+00; 3.00503611334380638e+00; 2.01008771202789305e+00; 2.01008687375063388e+00; 2.01008667442784361e+00; 3.99999320823980531e+00; 3.00503744716593291e+00;;1.59193298180862275e+01; 1.59193298180862275e+01; 9.94963886656193619e-01; 7.687e+01; 1.51152000000000000e+05; 1.51152000000000000e+05; 1.51152000000000000e+05; nan; 3.00504126214586353e+00; 3.00504134285311242e+00; 3.00503611334380638e+00; 2.01008771202789305e+00; 2.01008687375063388e+00; 2.01008667442784361e+00; 3.99999320823980531e+00; 3.00503744716593291e+00;;1.59193298180862275e+01; 1.59193298180862275e+01; 1.98991312624936612e+00; 7.687e+01; 1.51152000000000000e+05; 1.51152000000000000e+05; 1.51152000000000000e+05; nan; 3.00504126214586353e+00; 3.00504134285311242e+00; 3.00503611334380638e+00; 2.01008771202789305e+00; 2.01008687375063388e+00; 2.01008667442784361e+00; 3.99999320823980531e+00; 3.00503744716593291e+00;;1.59193298180862275e+01; 1.59193298180862275e+01; 1.98991332557215639e+00; 7.687e+01; 1.51152000000000000e+05; 1.51152000000000000e+05; 1.51152000000000000e+05; nan; 3.00504126214586353e+00; 3.00504134285311242e+00; 3.00503611334380638e+00; 2.01008771202789305e+00; 2.01008687375063388e+00; 2.01008667442784361e+00; 3.99999320823980531e+00; 3.00503744716593291e+00;;
David Pivovar - Imperialist Competitive Algorithm - SMP_60; 0; 1.368e+00 ± 5.344e-01; 1.691e+01 ± 0.000e+00; 2.186e+05 ± 0.000e+00; 2.186e+05 ± 0.000e+00; nan ± nan; ;1.69142888574080885e+01; 1.69142888574080885e+01; 1.36806653937919576e+00; 1.588e-01; 2.18581000000000000e+05; 2.18581000000000000e+05; 2.18581000000000000e+05; nan; 3.00504143798902357e+00; 2.01008747400506849e+00; 2.01008730885658693e+00; 3.00504067822082321e+00; 2.01008754936244616e+00; 3.00504130662150093e+00; 3.00504059414441205e+00; 3.00504133576657351e+00;;0.00000000000000000e+00; 0.00000000000000000e+00; 5.34375818173100203e-01; 0.000e+00; 0.00000000000000000e+00; 0.00000000000000000e+00; 0.00000000000000000e+00; nan; 0.00000000000000000e+00; 0.00000000000000000e+00; 0.00000000000000000e+00; 0.00000000000000000e+00; 0.00000000000000000e+00; 0.00000000000000000e+00; 0.00000000000000000e+00; 0.00000000000000000e+00;;1.69142888574080885e+01; 1.69142888574080885e+01; 9.94958562010976433e-01; 1.588e-01; 2.18581000000000000e+05; 2.18581000000000000e+05; 2.18581000000000000e+05; nan; 3.00504143798902357e+00; 2.01008747400506849e+00; 2.01008730885658693e+00; 3.00504067822082321e+00; 2.01008754936244616e+00; 3.00504130662150093e+00; 3.00504059414441205e+00; 3.00504133576657351e+00;;1.69142888574080885e+01; 1.69142888574080885e+01; 9.94958693378499071e-01; 1.588e-01; 2.18581000000000000e+05; 2.18581000000000000e+05; 2.18581000000000000e+05; nan; 3.00504143798902357e+00; 2.01008747400506849e+00; 2.01008730885658693e+00; 3.00504067822082321e+00; 2.01008754936244616e+00; 3.00504130662150093e+00; 3.00504059414441205e+00; 3.00504133576657351e+00;;1.69142888574080885e+01; 1.69142888574080885e+01; 9.94959405855587953e-01; 1.588e-01; 2.18581000000000000e+05; 2.18581000000000000e+05; 2.18581000000000000e+05; nan; 3.00504143798902357e+00; 2.01008747400506849e+00; 2.01008730885658693e+00; 3.00504067822082321e+00; 2.01008754936244616e+00; 3.00504130662150093e+00; 3.00504059414441205e+00; 3.00504133576657351e+00;;1.69142888574080885e+01; 1.69142888574080885e+01; 1.98991252599493151e+00; 1.588e-01; 2.18581000000000000e+05; 2.18581000000000000e+05; 2.18581000000000000e+05; nan; 3.00504143798902357e+00; 2.01008747400506849e+00; 2.01008730885658693e+00; 3.00504067822082321e+00; 2.01008754936244616e+00; 3.00504130662150093e+00; 3.00504059414441205e+00; 3.00504133576657351e+00;;1.69142888574080885e+01; 1.69142888574080885e+01; 1.98991269114341307e+00; 1.588e-01; 2.18581000000000000e+05; 2.18581000000000000e+05; 2.18581000000000000e+05; nan; 3.00504143798902357e+00; 2.01008747400506849e+00; 2.01008730885658693e+00; 3.00504067822082321e+00; 2.01008754936244616e+00; 3.00504130662150093e+00; 3.00504059414441205e+00; 3.00504133576657351e+00;;
David Pivovar - Imperialist Competitive Algorithm - Serial_25; 0; 1.368e+00 ± 5.344e-01; 1.691e+01 ± 0.000e+00; 6.444e+04 ± 0.000e+00; 6.444e+04 ± 0.000e+00; nan ± nan; ;1.69142891587918420e+01; 1.69142891587918420e+01; 1.36807187415135045e+00; 4.481e-02; 6.44430000000000000e+04; 6.44430000000000000e+04; 6.44430000000000000e+04; nan; 2.01008781564429206e+00; 3.00504054123985354e+00; 2.01008775829507114e+00; 2.01008641873455662e+00; 3.00504134740494067e+00; 3.00500249935201813e+00; 3.00503950524934238e+00; 3.00503912086912184e+00;;0.00000000000000000e+00; 0.00000000000000000e+00; 5.34371331227833868e-01; 0.000e+00; 0.00000000000000000e+00; 0.00000000000000000e+00; 0.00000000000000000e+00; nan; 0.00000000000000000e+00; 0.00000000000000000e+00; 0.00000000000000000e+00; 0.00000000000000000e+00; 0.00000000000000000e+00; 0.00000000000000000e+00; 0.00000000000000000e+00; 0.00000000000000000e+00;;1.69142891587918420e+01; 1.69142891587918420e+01; 9.94958652595059334e-01; 4.481e-02; 6.44430000000000000e+04; 6.44430000000000000e+04; 6.44430000000000000e+04; nan; 2.01008781564429206e+00; 3.00504054123985354e+00; 2.01008775829507114e+00; 2.01008641873455662e+00; 3.00504134740494067e+00; 3.00500249935201813e+00; 3.00503950524934238e+00; 3.00503912086912184e+00;;1.69142891587918420e+01; 1.69142891587918420e+01; 9.94960494750657620e-01; 4.481e-02; 6.44430000000000000e+04; 6.44430000000000000e+04; 6.44430000000000000e+04; nan; 2.01008781564429206e+00; 3.00504054123985354e+00; 2.01008775829507114e+00; 2.01008641873455662e+00; 3.00504134740494067e+00; 3.00500249935201813e+00; 3.00503950524934238e+00; 3.00503912086912184e+00;;1.69142891587918420e+01; 1.69142891587918420e+01; 9.94997500647981870e-01; 4.481e-02; 6.44430000000000000e+04; 6.44430000000000000e+04; 6.44430000000000000e+04; nan; 2.01008781564429206e+00; 3.00504054123985354e+00; 2.01008775829507114e+00; 2.01008641873455662e+00; 3.00504134740494067e+00; 3.00500249935201813e+00; 3.00503950524934238e+00; 3.00503912086912184e+00;;1.69142891587918420e+01; 1.69142891587918420e+01; 1.98991224170492886e+00; 4.481e-02; 6.44430000000000000e+04; 6.44430000000000000e+04; 6.44430000000000000e+04; nan; 2.01008781564429206e+00; 3.00504054123985354e+00; 2.01008775829507114e+00; 2.01008641873455662e+00; 3.00504134740494067e+00; 3.00500249935201813e+00; 3.00503950524934238e+00; 3.00503912086912184e+00;;1.69142891587918420e+01; 1.69142891587918420e+01; 1.98991358126544338e+00; 4.481e-02; 6.44430000000000000e+04; 6.44430000000000000e+04; 6.44430000000000000e+04; nan; 2.01008781564429206e+00; 3.00504054123985354e+00; 2.01008775829507114e+00; 2.01008641873455662e+00; 3.00504134740494067e+00; 3.00500249935201813e+00; 3.00503950524934238e+00; 3.00503912086912184e+00;;
David Pivovar - Imperialist Competitive Algorithm - Serial_15; 0; 1.369e+00 ± 1.095e+00; 2.289e+01 ± 0.000e+00; 2.323e+04 ± 0.000e+00; 2.323e+04 ± 0.000e+00; nan ± nan; ;2.28851729919755442e+01; 2.28851729919755442e+01; 1.36874177650251916e+00; 1.596e-02; 2.32290000000000000e+04; 2.32290000000000000e+04; 2.32290000000000000e+04; nan; 3.00375066268888657e+00; 3.00360485453459169e+00; 1.01493318550044398e+00; 1.01498690002677727e+00; 3.99962936292078375e+00; 3.00393902344031805e+00; 3.00416115397210026e+00; 3.00506064489594538e+00;;0.00000000000000000e+00; 0.00000000000000000e+00; 1.09490762870536873e+00; 0.000e+00; 0.00000000000000000e+00; 0.00000000000000000e+00; 0.00000000000000000e+00; nan; 0.00000000000000000e+00; 0.00000000000000000e+00; 0.00000000000000000e+00; 0.00000000000000000e+00; 0.00000000000000000e+00; 0.00000000000000000e+00; 0.00000000000000000e+00; 0.00000000000000000e+00;;2.28851729919755442e+01; 2.28851729919755442e+01; 3.70637079216251664e-04; 1.596e-02; 2.32290000000000000e+04; 2.32290000000000000e+04; 2.32290000000000000e+04; nan; 3.00375066268888657e+00; 3.00360485453459169e+00; 1.01493318550044398e+00; 1.01498690002677727e+00; 3.99962936292078375e+00; 3.00393902344031805e+00; 3.00416115397210026e+00; 3.00506064489594538e+00;;2.28851729919755442e+01; 2.28851729919755442e+01; 9.95838846027899738e-01; 1.596e-02; 2.32290000000000000e+04; 2.32290000000000000e+04; 2.32290000000000000e+04; nan; 3.00375066268888657e+00; 3.00360485453459169e+00; 1.01493318550044398e+00; 1.01498690002677727e+00; 3.99962936292078375e+00; 3.00393902344031805e+00; 3.00416115397210026e+00; 3.00506064489594538e+00;;2.28851729919755442e+01; 2.28851729919755442e+01; 9.96249337311113425e-01; 1.596e-02; 2.32290000000000000e+04; 2.32290000000000000e+04; 2.32290000000000000e+04; nan; 3.00375066268888657e+00; 3.00360485453459169e+00; 1.01493318550044398e+00; 1.01498690002677727e+00; 3.99962936292078375e+00; 3.00393902344031805e+00; 3.00416115397210026e+00; 3.00506064489594538e+00;;2.28851729919755442e+01; 2.28851729919755442e+01; 2.98501309997322295e+00; 1.596e-02; 2.32290000000000000e+04; 2.32290000000000000e+04; 2.32290000000000000e+04; nan; 3.00375066268888657e+00; 3.00360485453459169e+00; 1.01493318550044398e+00; 1.01498690002677727e+00; 3.99962936292078375e+00; 3.00393902344031805e+00; 3.00416115397210026e+00; 3.00506064489594538e+00;;2.28851729919755442e+01; 2.28851729919755442e+01; 2.98506681449955602e+00; 1.596e-02; 2.32290000000000000e+04; 2.32290000000000000e+04; 2.32290000000000000e+04; nan; 3.00375066268888657e+00; 3.00360485453459169e+00; 1.01493318550044398e+00; 1.01498690002677727e+00; 3.99962936292078375e+00; 3.00393902344031805e+00; 3.00416115397210026e+00; 3.00506064489594538e+00;;
David Pivovar - Imperialist Competitive Algorithm - SMP_40; 0; 1.492e+00 ± 5.519e-01; 1.990e+01 ± 0.000e+00; 1.940e+05 ± 0.000e+00; 1.940e+05 ± 0.000e+00; nan ± nan; ;1.98991609940924299e+01; 1.98991609940924299e+01; 1.49243640292505964e+00; 1.476e-01; 1.93963000000000000e+05; 1.93963000000000000e+05; 1.93963000000000000e+05; nan; 2.01008781971691297e+00; 2.01008515656516007e+00; 3.00504130938529856e+00; 3.00504105106026564e+00; 3.00503912051000777e+00; 2.01008757172039054e+00; 3.00503897517419816e+00; 2.01008777246728787e+00;;0.00000000000000000e+00; 0.00000000000000000e+00; 5.51900643148872438e-01; 0.000e+00; 0.00000000000000000e+00; 0.00000000000000000e+00; 0.00000000000000000e+00; nan; 0.00000000000000000e+00; 0.00000000000000000e+00; 0.00000000000000000e+00; 0.00000000000000000e+00; 0.00000000000000000e+00; 0.00000000000000000e+00; 0.00000000000000000e+00; 0.00000000000000000e+00;;1.98991609940924299e+01; 1.98991609940924299e+01; 9.94958690614701435e-01; 1.476e-01; 1.93963000000000000e+05; 1.93963000000000000e+05; 1.93963000000000000e+05; nan; 2.01008781971691297e+00; 2.01008515656516007e+00; 3.00504130938529856e+00; 3.00504105106026564e+00; 3.00503912051000777e+00; 2.01008757172039054e+00; 3.00503897517419816e+00; 2.01008777246728787e+00;;1.98991609940924299e+01; 1.98991609940924299e+01; 9.94960879489992234e-01; 1.476e-01; 1.93963000000000000e+05; 1.93963000000000000e+05; 1.93963000000000000e+05; nan; 2.01008781971691297e+00; 2.01008515656516007e+00; 3.00504130938529856e+00; 3.00504105106026564e+00; 3.00503912051000777e+00; 2.01008757172039054e+00; 3.00503897517419816e+00; 2.01008777246728787e+00;;1.98991609940924299e+01; 1.98991609940924299e+01; 1.98991218028308703e+00; 1.476e-01; 1.93963000000000000e+05; 1.93963000000000000e+05; 1.93963000000000000e+05; nan; 2.01008781971691297e+00; 2.01008515656516007e+00; 3.00504130938529856e+00; 3.00504105106026564e+00; 3.00503912051000777e+00; 2.01008757172039054e+00; 3.00503897517419816e+00; 2.01008777246728787e+00;;1.98991609940924299e+01; 1.98991609940924299e+01; 1.98991242827960946e+00; 1.476e-01; 1.93963000000000000e+05; 1.93963000000000000e+05; 1.93963000000000000e+05; nan; 2.01008781971691297e+00; 2.01008515656516007e+00; 3.00504130938529856e+00; 3.00504105106026564e+00; 3.00503912051000777e+00; 2.01008757172039054e+00; 3.00503897517419816e+00; 2.01008777246728787e+00;;1.98991609940924299e+01; 1.98991609940924299e+01; 1.98991484343483993e+00; 1.476e-01; 1.93963000000000000e+05; 1.93963000000000000e+05; 1.93963000000000000e+05; nan; 2.01008781971691297e+00; 2.01008515656516007e+00; 3.00504130938529856e+00; 3.00504105106026564e+00; 3.00503912051000777e+00; 2.01008757172039054e+00; 3.00503897517419816e+00; 2.01008777246728787e+00;;
David Pivovar - Imperialist Competitive Algorithm - Serial_100; 0; 1.617e+00 ± 9.459e-01; 2.686e+01 ± 0.000e+00; 1.765e+05 ± 0.000e+00; 1.765e+05 ± 0.000e+00; nan ± nan; ;2.68638441215811383e+01; 2.68638441215811383e+01; 1.61680394212193868e+00; 1.301e-01; 1.76539000000000000e+05; 1.76539000000000000e+05; 1.76539000000000000e+05; nan; 2.01008658857374067e+00; 2.01008627157205133e+00; 3.99999685719201059e+00; 2.01008610058680892e+00; 1.01514392265661901e+00; 2.01008762787474815e+00; 3.00504120214461246e+00; 3.00503989242390057e+00;;0.00000000000000000e+00; 0.00000000000000000e+00; 9.45909016347443399e-01; 0.000e+00; 0.00000000000000000e+00; 0.00000000000000000e+00; 0.00000000000000000e+00; nan; 0.00000000000000000e+00; 0.00000000000000000e+00; 0.00000000000000000e+00; 0.00000000000000000e+00; 0.00000000000000000e+00; 0.00000000000000000e+00; 0.00000000000000000e+00; 0.00000000000000000e+00;;2.68638441215811383e+01; 2.68638441215811383e+01; 3.14280798940913542e-06; 1.301e-01; 1.76539000000000000e+05; 1.76539000000000000e+05; 1.76539000000000000e+05; nan; 2.01008658857374067e+00; 2.01008627157205133e+00; 3.99999685719201059e+00; 2.01008610058680892e+00; 1.01514392265661901e+00; 2.01008762787474815e+00; 3.00504120214461246e+00; 3.00503989242390057e+00;;2.68638441215811383e+01; 2.68638441215811383e+01; 9.94960107576099428e-01; 1.301e-01; 1.76539000000000000e+05; 1.76539000000000000e+05; 1.76539000000000000e+05; nan; 2.01008658857374067e+00; 2.01008627157205133e+00; 3.99999685719201059e+00; 2.01008610058680892e+00; 1.01514392265661901e+00; 2.01008762787474815e+00; 3.00504120214461246e+00; 3.00503989242390057e+00;;2.68638441215811383e+01; 2.68638441215811383e+01; 1.98991341142625933e+00; 1.301e-01; 1.76539000000000000e+05; 1.76539000000000000e+05; 1.76539000000000000e+05; nan; 2.01008658857374067e+00; 2.01008627157205133e+00; 3.99999685719201059e+00; 2.01008610058680892e+00; 1.01514392265661901e+00; 2.01008762787474815e+00; 3.00504120214461246e+00; 3.00503989242390057e+00;;2.68638441215811383e+01; 2.68638441215811383e+01; 1.98991389941319108e+00; 1.301e-01; 1.76539000000000000e+05; 1.76539000000000000e+05; 1.76539000000000000e+05; nan; 2.01008658857374067e+00; 2.01008627157205133e+00; 3.99999685719201059e+00; 2.01008610058680892e+00; 1.01514392265661901e+00; 2.01008762787474815e+00; 3.00504120214461246e+00; 3.00503989242390057e+00;;2.68638441215811383e+01; 2.68638441215811383e+01; 2.98485607734338121e+00; 1.301e-01; 1.76539000000000000e+05; 1.76539000000000000e+05; 1.76539000000000000e+05; nan; 2.01008658857374067e+00; 2.01008627157205133e+00; 3.99999685719201059e+00; 2.01008610058680892e+00; 1.01514392265661901e+00; 2.01008762787474815e+00; 3.00504120214461246e+00; 3.00503989242390057e+00;;
David Pivovar - Imperialist Competitive Algorithm - SMP_7; 0; 1.627e+00 ± 1.215e+00; 3.124e+01 ± 0.000e+00; 7.954e+03 ± 0.000e+00; 7.954e+03 ± 0.000e+00; nan ± nan; ;3.12439456292223028e+01; 3.12439456292223028e+01; 1.62712596551377442e+00; 8.382e-03; 7.95400000000000000e+03; 7.95400000000000000e+03; 7.95400000000000000e+03; nan; 1.01355649552432125e+00; 2.98076360543324315e+00; 3.98388651570469188e+00; 3.96600580741964626e+00; 2.00810564757832388e+00; 2.00968348189016144e+00; 2.00684511911233532e+00; 1.01414560322708036e+00;;0.00000000000000000e+00; 0.00000000000000000e+00; 1.21502057172527000e+00; 0.000e+00; 0.00000000000000000e+00; 0.00000000000000000e+00; 0.00000000000000000e+00; nan; 0.00000000000000000e+00; 0.00000000000000000e+00; 0.00000000000000000e+00; 0.00000000000000000e+00; 0.00000000000000000e+00; 0.00000000000000000e+00; 0.00000000000000000e+00; 0.00000000000000000e+00;;3.12439456292223028e+01; 3.12439456292223028e+01; 1.61134842953081225e-02; 8.382e-03; 7.95400000000000000e+03; 7.95400000000000000e+03; 7.95400000000000000e+03; nan; 1.01355649552432125e+00; 2.98076360543324315e+00; 3.98388651570469188e+00; 3.96600580741964626e+00; 2.00810564757832388e+00; 2.00968348189016144e+00; 2.00684511911233532e+00; 1.01414560322708036e+00;;3.12439456292223028e+01; 3.12439456292223028e+01; 1.01923639456675685e+00; 8.382e-03; 7.95400000000000000e+03; 7.95400000000000000e+03; 7.95400000000000000e+03; nan; 1.01355649552432125e+00; 2.98076360543324315e+00; 3.98388651570469188e+00; 3.96600580741964626e+00; 2.00810564757832388e+00; 2.00968348189016144e+00; 2.00684511911233532e+00; 1.01414560322708036e+00;;3.12439456292223028e+01; 3.12439456292223028e+01; 1.99189435242167612e+00; 8.382e-03; 7.95400000000000000e+03; 7.95400000000000000e+03; 7.95400000000000000e+03; nan; 1.01355649552432125e+00; 2.98076360543324315e+00; 3.98388651570469188e+00; 3.96600580741964626e+00; 2.00810564757832388e+00; 2.00968348189016144e+00; 2.00684511911233532e+00; 1.01414560322708036e+00;;3.12439456292223028e+01; 3.12439456292223028e+01; 2.98585439677291964e+00; 8.382e-03; 7.95400000000000000e+03; 7.95400000000000000e+03; 7.95400000000000000e+03; nan; 1.01355649552432125e+00; 2.98076360543324315e+00; 3.98388651570469188e+00; 3.96600580741964626e+00; 2.00810564757832388e+00; 2.00968348189016144e+00; 2.00684511911233532e+00; 1.01414560322708036e+00;;3.12439456292223028e+01; 3.12439456292223028e+01; 2.98644350447567852e+00; 8.382e-03; 7.95400000000000000e+03; 7.95400000000000000e+03; 7.95400000000000000e+03; nan; 1.01355649552432125e+00; 2.98076360543324315e+00; 3.98388651570469188e+00; 3.96600580741964626e+00; 2.00810564757832388e+00; 2.00968348189016144e+00; 2.00684511911233532e+00; 1.01414560322708036e+00;;
David Pivovar - Imperialist Competitive Algorithm - OpenCL_100; 0; 1.741e+00 ± 9.152e-01; 2.985e+01 ± 0.000e+00; 2.202e+05 ± 0.000e+00; 2.202e+05 ± 0.000e+00; nan ± nan; ;2.98487010941456639e+01; 2.98487010941456639e+01; 1.74117190037387881e+00; 1.097e+02; 2.20158000000000000e+05; 2.20158000000000000e+05; 2.20158000000000000e+05; nan; 2.01008568985348379e+00; 3.00504061307410897e+00; 2.01008787253592569e+00; 3.00504118706832424e+00; 3.00504131920625861e+00; 1.01514435567750505e+00; 1.01514429742663781e+00; 3.00503946216672579e+00;;0.00000000000000000e+00; 0.00000000000000000e+00; 9.15219670610036840e-01; 0.000e+00; 0.00000000000000000e+00; 0.00000000000000000e+00; 0.00000000000000000e+00; nan; 0.00000000000000000e+00; 0.00000000000000000e+00; 0.00000000000000000e+00; 0.00000000000000000e+00; 0.00000000000000000e+00; 0.00000000000000000e+00; 0.00000000000000000e+00; 0.00000000000000000e+00;;2.98487010941456639e+01; 2.98487010941456639e+01; 9.94958680793741390e-01; 1.097e+02; 2.20158000000000000e+05; 2.20158000000000000e+05; 2.20158000000000000e+05; nan; 2.01008568985348379e+00; 3.00504061307410897e+00; 2.01008787253592569e+00; 3.00504118706832424e+00; 3.00504131920625861e+00; 1.01514435567750505e+00; 1.01514429742663781e+00; 3.00503946216672579e+00;;2.98487010941456639e+01; 2.98487010941456639e+01; 9.94959386925891032e-01; 1.097e+02; 2.20158000000000000e+05; 2.20158000000000000e+05; 2.20158000000000000e+05; nan; 2.01008568985348379e+00; 3.00504061307410897e+00; 2.01008787253592569e+00; 3.00504118706832424e+00; 3.00504131920625861e+00; 1.01514435567750505e+00; 1.01514429742663781e+00; 3.00503946216672579e+00;;2.98487010941456639e+01; 2.98487010941456639e+01; 1.98991212746407431e+00; 1.097e+02; 2.20158000000000000e+05; 2.20158000000000000e+05; 2.20158000000000000e+05; nan; 2.01008568985348379e+00; 3.00504061307410897e+00; 2.01008787253592569e+00; 3.00504118706832424e+00; 3.00504131920625861e+00; 1.01514435567750505e+00; 1.01514429742663781e+00; 3.00503946216672579e+00;;2.98487010941456639e+01; 2.98487010941456639e+01; 2.98485564432249495e+00; 1.097e+02; 2.20158000000000000e+05; 2.20158000000000000e+05; 2.20158000000000000e+05; nan; 2.01008568985348379e+00; 3.00504061307410897e+00; 2.01008787253592569e+00; 3.00504118706832424e+00; 3.00504131920625861e+00; 1.01514435567750505e+00; 1.01514429742663781e+00; 3.00503946216672579e+00;;2.98487010941456639e+01; 2.98487010941456639e+01; 2.98485570257336219e+00; 1.097e+02; 2.20158000000000000e+05; 2.20158000000000000e+05; 2.20158000000000000e+05; nan; 2.01008568985348379e+00; 3.00504061307410897e+00; 2.01008787253592569e+00; 3.00504118706832424e+00; 3.00504131920625861e+00; 1.01514435567750505e+00; 1.01514429742663781e+00; 3.00503946216672579e+00;;
David Pivovar - Imperialist Competitive Algorithm - Serial_40; 0; 1.741e+00 ± 1.069e+00; 3.184e+01 ± 0.000e+00; 1.069e+05 ± 0.000e+00; 1.069e+05 ± 0.000e+00; nan ± nan; ;3.18386143123111793e+01; 3.18386143123111793e+01; 1.74117486611707295e+00; 7.442e-02; 1.06917000000000000e+05; 1.06917000000000000e+05; 1.06917000000000000e+05; nan; 1.01514399889647478e+00; 2.01008756209194628e+00; 3.00504115899004454e+00; 3.99997365608392830e+00; 2.01008681253860155e+00; 1.01514405937524788e+00; 2.01008245845472899e+00; 3.00504136463244276e+00;;0.00000000000000000e+00; 0.00000000000000000e+00; 1.06874294432852412e+00; 0.000e+00; 0.00000000000000000e+00; 0.00000000000000000e+00; 0.00000000000000000e+00; nan; 0.00000000000000000e+00; 0.00000000000000000e+00; 0.00000000000000000e+00; 0.00000000000000000e+00; 0.00000000000000000e+00; 0.00000000000000000e+00; 0.00000000000000000e+00; 0.00000000000000000e+00;;3.18386143123111793e+01; 3.18386143123111793e+01; 2.63439160717027221e-05; 7.442e-02; 1.06917000000000000e+05; 1.06917000000000000e+05; 1.06917000000000000e+05; nan; 1.01514399889647478e+00; 2.01008756209194628e+00; 3.00504115899004454e+00; 3.99997365608392830e+00; 2.01008681253860155e+00; 1.01514405937524788e+00; 2.01008245845472899e+00; 3.00504136463244276e+00;;3.18386143123111793e+01; 3.18386143123111793e+01; 9.94958841009955464e-01; 7.442e-02; 1.06917000000000000e+05; 1.06917000000000000e+05; 1.06917000000000000e+05; nan; 1.01514399889647478e+00; 2.01008756209194628e+00; 3.00504115899004454e+00; 3.99997365608392830e+00; 2.01008681253860155e+00; 1.01514405937524788e+00; 2.01008245845472899e+00; 3.00504136463244276e+00;;3.18386143123111793e+01; 3.18386143123111793e+01; 1.98991318746139845e+00; 7.442e-02; 1.06917000000000000e+05; 1.06917000000000000e+05; 1.06917000000000000e+05; nan; 1.01514399889647478e+00; 2.01008756209194628e+00; 3.00504115899004454e+00; 3.99997365608392830e+00; 2.01008681253860155e+00; 1.01514405937524788e+00; 2.01008245845472899e+00; 3.00504136463244276e+00;;3.18386143123111793e+01; 3.18386143123111793e+01; 2.98485594062475190e+00; 7.442e-02; 1.06917000000000000e+05; 1.06917000000000000e+05; 1.06917000000000000e+05; nan; 1.01514399889647478e+00; 2.01008756209194628e+00; 3.00504115899004454e+00; 3.99997365608392830e+00; 2.01008681253860155e+00; 1.01514405937524788e+00; 2.01008245845472899e+00; 3.00504136463244276e+00;;3.18386143123111793e+01; 3.18386143123111793e+01; 2.98485600110352500e+00; 7.442e-02; 1.06917000000000000e+05; 1.06917000000000000e+05; 1.06917000000000000e+05; nan; 1.01514399889647478e+00; 2.01008756209194628e+00; 3.00504115899004454e+00; 3.99997365608392830e+00; 2.01008681253860155e+00; 1.01514405937524788e+00; 2.01008245845472899e+00; 3.00504136463244276e+00;;
David Pivovar - Imperialist Competitive Algorithm - Serial_7; 0; 1.741e+00 ± 1.069e+00; 3.184e+01 ± 0.000e+00; 2.253e+04 ± 0.000e+00; 2.253e+04 ± 0.000e+00; nan ± nan; ;3.18386418273502656e+01; 3.18386418273502656e+01; 1.74124148830884806e+00; 1.609e-02; 2.25330000000000000e+04; 2.25330000000000000e+04; 2.25330000000000000e+04; nan; 2.01008670650130927e+00; 1.01515392668093152e+00; 3.00503028809327510e+00; 2.00975561859093022e+00; 2.01009025459496815e+00; 3.99989553484036220e+00; 3.00490661322385444e+00; 1.01514915100358283e+00;;0.00000000000000000e+00; 0.00000000000000000e+00; 1.06871664967921842e+00; 0.000e+00; 0.00000000000000000e+00; 0.00000000000000000e+00; 0.00000000000000000e+00; nan; 0.00000000000000000e+00; 0.00000000000000000e+00; 0.00000000000000000e+00; 0.00000000000000000e+00; 0.00000000000000000e+00; 0.00000000000000000e+00; 0.00000000000000000e+00; 0.00000000000000000e+00;;3.18386418273502656e+01; 3.18386418273502656e+01; 1.04465159637801008e-04; 1.609e-02; 2.25330000000000000e+04; 2.25330000000000000e+04; 2.25330000000000000e+04; nan; 2.01008670650130927e+00; 1.01515392668093152e+00; 3.00503028809327510e+00; 2.00975561859093022e+00; 2.01009025459496815e+00; 3.99989553484036220e+00; 3.00490661322385444e+00; 1.01514915100358283e+00;;3.18386418273502656e+01; 3.18386418273502656e+01; 9.95093386776145561e-01; 1.609e-02; 2.25330000000000000e+04; 2.25330000000000000e+04; 2.25330000000000000e+04; nan; 2.01008670650130927e+00; 1.01515392668093152e+00; 3.00503028809327510e+00; 2.00975561859093022e+00; 2.01009025459496815e+00; 3.99989553484036220e+00; 3.00490661322385444e+00; 1.01514915100358283e+00;;3.18386418273502656e+01; 3.18386418273502656e+01; 1.98991329349869073e+00; 1.609e-02; 2.25330000000000000e+04; 2.25330000000000000e+04; 2.25330000000000000e+04; nan; 2.01008670650130927e+00; 1.01515392668093152e+00; 3.00503028809327510e+00; 2.00975561859093022e+00; 2.01009025459496815e+00; 3.99989553484036220e+00; 3.00490661322385444e+00; 1.01514915100358283e+00;;3.18386418273502656e+01; 3.18386418273502656e+01; 2.98484607331906826e+00; 1.609e-02; 2.25330000000000000e+04; 2.25330000000000000e+04; 2.25330000000000000e+04; nan; 2.01008670650130927e+00; 1.01515392668093152e+00; 3.00503028809327510e+00; 2.00975561859093022e+00; 2.01009025459496815e+00; 3.99989553484036220e+00; 3.00490661322385444e+00; 1.01514915100358283e+00;;3.18386418273502656e+01; 3.18386418273502656e+01; 2.98485084899641695e+00; 1.609e-02; 2.25330000000000000e+04; 2.25330000000000000e+04; 2.25330000000000000e+04; nan; 2.01008670650130927e+00; 1.01515392668093152e+00; 3.00503028809327510e+00; 2.00975561859093022e+00; 2.01009025459496815e+00; 3.99989553484036220e+00; 3.00490661322385444e+00; 1.01514915100358283e+00;;
David Pivovar - Imperialist Competitive Algorithm - OpenCL_40; 0; 1.866e+00 ± 8.617e-01; 3.283e+01 ± 0.000e+00; 4.794e+04 ± 0.000e+00; 4.794e+04 ± 0.000e+00; nan ± nan; ;3.28335732389838526e+01; 3.28335732389838526e+01; 1.86554196197109601e+00; 2.410e+01; 4.79400000000000000e+04; 4.79400000000000000e+04; 4.79400000000000000e+04; nan; 2.01008308205677055e+00; 3.00504151288568044e+00; 1.01513777832334040e+00; 3.00504045976748113e+00; 3.00504116339331340e+00; 1.01514513627840053e+00; 2.01008762395254559e+00; 2.01008754757369967e+00;;0.00000000000000000e+00; 0.00000000000000000e+00; 8.61652141321212039e-01; 0.000e+00; 0.00000000000000000e+00; 0.00000000000000000e+00; 0.00000000000000000e+00; nan; 0.00000000000000000e+00; 0.00000000000000000e+00; 0.00000000000000000e+00; 0.00000000000000000e+00; 0.00000000000000000e+00; 0.00000000000000000e+00; 0.00000000000000000e+00; 0.00000000000000000e+00;;3.28335732389838526e+01; 3.28335732389838526e+01; 9.94958487114319556e-01; 2.410e+01; 4.79400000000000000e+04; 4.79400000000000000e+04; 4.79400000000000000e+04; nan; 2.01008308205677055e+00; 3.00504151288568044e+00; 1.01513777832334040e+00; 3.00504045976748113e+00; 3.00504116339331340e+00; 1.01514513627840053e+00; 2.01008762395254559e+00; 2.01008754757369967e+00;;3.28335732389838526e+01; 3.28335732389838526e+01; 9.94959540232518869e-01; 2.410e+01; 4.79400000000000000e+04; 4.79400000000000000e+04; 4.79400000000000000e+04; nan; 2.01008308205677055e+00; 3.00504151288568044e+00; 1.01513777832334040e+00; 3.00504045976748113e+00; 3.00504116339331340e+00; 1.01514513627840053e+00; 2.01008762395254559e+00; 2.01008754757369967e+00;;3.28335732389838526e+01; 3.28335732389838526e+01; 1.98991245242630033e+00; 2.410e+01; 4.79400000000000000e+04; 4.79400000000000000e+04; 4.79400000000000000e+04; nan; 2.01008308205677055e+00; 3.00504151288568044e+00; 1.01513777832334040e+00; 3.00504045976748113e+00; 3.00504116339331340e+00; 1.01514513627840053e+00; 2.01008762395254559e+00; 2.01008754757369967e+00;;3.28335732389838526e+01; 3.28335732389838526e+01; 2.98485486372159947e+00; 2.410e+01; 4.79400000000000000e+04; 4.79400000000000000e+04; 4.79400000000000000e+04; nan; 2.01008308205677055e+00; 3.00504151288568044e+00; 1.01513777832334040e+00; 3.00504045976748113e+00; 3.00504116339331340e+00; 1.01514513627840053e+00; 2.01008762395254559e+00; 2.01008754757369967e+00;;3.28335732389838526e+01; 3.28335732389838526e+01; 2.98486222167665982e+00; 2.410e+01; 4.79400000000000000e+04; 4.79400000000000000e+04; 4.79400000000000000e+04; nan; 2.01008308205677055e+00; 3.00504151288568044e+00; 1.01513777832334040e+00; 3.00504045976748113e+00; 3.00504116339331340e+00; 1.01514513627840053e+00; 2.01008762395254559e+00; 2.01008754757369967e+00;;
David Pivovar - Imperialist Competitive Algorithm - SMP_25; 0; 1.990e+00 ± 7.805e-01; 3.582e+01 ± 0.000e+00; 2.460e+04 ± 0.000e+00; 2.460e+04 ± 0.000e+00; nan ± nan; ;3.58184453602834623e+01; 3.58184453602834623e+01; 1.98991002843280107e+00; 1.976e-02; 2.46010000000000000e+04; 2.46010000000000000e+04; 2.46010000000000000e+04; nan; 2.01008777120843130e+00; 1.01514425663336794e+00; 3.00503925147562923e+00; 2.01008766066891997e+00; 2.01008778174081471e+00; 2.01008744865982036e+00; 1.01514427529923834e+00; 3.00504132685136849e+00;;0.00000000000000000e+00; 0.00000000000000000e+00; 7.80501434796964433e-01; 0.000e+00; 0.00000000000000000e+00; 0.00000000000000000e+00; 0.00000000000000000e+00; nan; 0.00000000000000000e+00; 0.00000000000000000e+00; 0.00000000000000000e+00; 0.00000000000000000e+00; 0.00000000000000000e+00; 0.00000000000000000e+00; 0.00000000000000000e+00; 0.00000000000000000e+00;;3.58184453602834623e+01; 3.58184453602834623e+01; 9.94958673148631512e-01; 1.976e-02; 2.46010000000000000e+04; 2.46010000000000000e+04; 2.46010000000000000e+04; nan; 2.01008777120843130e+00; 1.01514425663336794e+00; 3.00503925147562923e+00; 2.01008766066891997e+00; 2.01008778174081471e+00; 2.01008744865982036e+00; 1.01514427529923834e+00; 3.00504132685136849e+00;;3.58184453602834623e+01; 3.58184453602834623e+01; 1.98991221825918529e+00; 1.976e-02; 2.46010000000000000e+04; 2.46010000000000000e+04; 2.46010000000000000e+04; nan; 2.01008777120843130e+00; 1.01514425663336794e+00; 3.00503925147562923e+00; 2.01008766066891997e+00; 2.01008778174081471e+00; 2.01008744865982036e+00; 1.01514427529923834e+00; 3.00504132685136849e+00;;3.58184453602834623e+01; 3.58184453602834623e+01; 1.98991233933108003e+00; 1.976e-02; 2.46010000000000000e+04; 2.46010000000000000e+04; 2.46010000000000000e+04; nan; 2.01008777120843130e+00; 1.01514425663336794e+00; 3.00503925147562923e+00; 2.01008766066891997e+00; 2.01008778174081471e+00; 2.01008744865982036e+00; 1.01514427529923834e+00; 3.00504132685136849e+00;;3.58184453602834623e+01; 3.58184453602834623e+01; 2.98485572470076166e+00; 1.976e-02; 2.46010000000000000e+04; 2.46010000000000000e+04; 2.46010000000000000e+04; nan; 2.01008777120843130e+00; 1.01514425663336794e+00; 3.00503925147562923e+00; 2.01008766066891997e+00; 2.01008778174081471e+00; 2.01008744865982036e+00; 1.01514427529923834e+00; 3.00504132685136849e+00;;3.58184453602834623e+01; 3.58184453602834623e+01; 2.98485574336663184e+00; 1.976e-02; 2.46010000000000000e+04; 2.46010000000000000e+04; 2.46010000000000000e+04; nan; 2.01008777120843130e+00; 1.01514425663336794e+00; 3.00503925147562923e+00; 2.01008766066891997e+00; 2.01008778174081471e+00; 2.01008744865982036e+00; 1.01514427529923834e+00; 3.00504132685136849e+00;;
David Pivovar - Imperialist Competitive Algorithm - Serial_60; 0; 2.114e+00 ± 1.163e+00; 4.477e+01 ± 0.000e+00; 5.775e+04 ± 0.000e+00; 5.775e+04 ± 0.000e+00; nan ± nan; ;4.47729858300396018e+01; 4.47729858300396018e+01; 2.11427501321536582e+00; 4.056e-02; 5.77480000000000000e+04; 5.77480000000000000e+04; 5.77480000000000000e+04; nan; 1.01514412625641071e+00; 3.00504103006312606e+00; 2.02161578743422360e-02; 2.01008721044722893e+00; 2.01008771798195163e+00; 3.00503808903153669e+00; 3.00504136172404968e+00; 1.01514420089842883e+00;;0.00000000000000000e+00; 0.00000000000000000e+00; 1.16258839562083205e+00; 0.000e+00; 0.00000000000000000e+00; 0.00000000000000000e+00; 0.00000000000000000e+00; nan; 0.00000000000000000e+00; 0.00000000000000000e+00; 0.00000000000000000e+00; 0.00000000000000000e+00; 0.00000000000000000e+00; 0.00000000000000000e+00; 0.00000000000000000e+00; 0.00000000000000000e+00;;4.47729858300396018e+01; 4.47729858300396018e+01; 9.94958638275950324e-01; 4.056e-02; 5.77480000000000000e+04; 5.77480000000000000e+04; 5.77480000000000000e+04; nan; 1.01514412625641071e+00; 3.00504103006312606e+00; 2.02161578743422360e-02; 2.01008721044722893e+00; 2.01008771798195163e+00; 3.00503808903153669e+00; 3.00504136172404968e+00; 1.01514420089842883e+00;;4.47729858300396018e+01; 4.47729858300396018e+01; 9.94961910968463314e-01; 4.056e-02; 5.77480000000000000e+04; 5.77480000000000000e+04; 5.77480000000000000e+04; nan; 1.01514412625641071e+00; 3.00504103006312606e+00; 2.02161578743422360e-02; 2.01008721044722893e+00; 2.01008771798195163e+00; 3.00503808903153669e+00; 3.00504136172404968e+00; 1.01514420089842883e+00;;4.47729858300396018e+01; 4.47729858300396018e+01; 1.98991278955277107e+00; 4.056e-02; 5.77480000000000000e+04; 5.77480000000000000e+04; 5.77480000000000000e+04; nan; 1.01514412625641071e+00; 3.00504103006312606e+00; 2.02161578743422360e-02; 2.01008721044722893e+00; 2.01008771798195163e+00; 3.00503808903153669e+00; 3.00504136172404968e+00; 1.01514420089842883e+00;;4.47729858300396018e+01; 4.47729858300396018e+01; 2.98485587374358907e+00; 4.056e-02; 5.77480000000000000e+04; 5.77480000000000000e+04; 5.77480000000000000e+04; nan; 1.01514412625641071e+00; 3.00504103006312606e+00; 2.02161578743422360e-02; 2.01008721044722893e+00; 2.01008771798195163e+00; 3.00503808903153669e+00; 3.00504136172404968e+00; 1.01514420089842883e+00;;4.47729858300396018e+01; 4.47729858300396018e+01; 3.97978384212565794e+00; 4.056e-02; 5.77480000000000000e+04; 5.77480000000000000e+04; 5.77480000000000000e+04; nan; 1.01514412625641071e+00; 3.00504103006312606e+00; 2.02161578743422360e-02; 2.01008721044722893e+00; 2.01008771798195163e+00; 3.00503808903153669e+00; 3.00504136172404968e+00; 1.01514420089842883e+00;;
David Pivovar - Imperialist Competitive Algorithm - OpenCL_7; 0; 2.121e+00 ± 1.277e+00; 4.703e+01 ± 0.000e+00; 9.743e+03 ± 0.000e+00; 9.743e+03 ± 0.000e+00; nan ± nan; ;4.70288029805544525e+01; 4.70288029805544525e+01; 2.12091528939521767e+00; 5.011e+00; 9.74300000000000000e+03; 9.74300000000000000e+03; 9.74300000000000000e+03; nan; 2.00992255060993541e+00; 2.99386285681276387e+00; 1.99579730060876655e-02; 2.00618614254298544e+00; 1.01409833248251813e+00; 2.00995087070938006e+00; 1.01334644148933739e+00; 3.96535251718524995e+00;;0.00000000000000000e+00; 0.00000000000000000e+00; 1.27699764192770071e+00; 0.000e+00; 0.00000000000000000e+00; 0.00000000000000000e+00; 0.00000000000000000e+00; nan; 0.00000000000000000e+00; 0.00000000000000000e+00; 0.00000000000000000e+00; 0.00000000000000000e+00; 0.00000000000000000e+00; 0.00000000000000000e+00; 0.00000000000000000e+00; 0.00000000000000000e+00;;4.70288029805544525e+01; 4.70288029805544525e+01; 3.46474828147500524e-02; 5.011e+00; 9.74300000000000000e+03; 9.74300000000000000e+03; 9.74300000000000000e+03; nan; 2.00992255060993541e+00; 2.99386285681276387e+00; 1.99579730060876655e-02; 2.00618614254298544e+00; 1.01409833248251813e+00; 2.00995087070938006e+00; 1.01334644148933739e+00; 3.96535251718524995e+00;;4.70288029805544525e+01; 4.70288029805544525e+01; 1.99004912929061994e+00; 5.011e+00; 9.74300000000000000e+03; 9.74300000000000000e+03; 9.74300000000000000e+03; nan; 2.00992255060993541e+00; 2.99386285681276387e+00; 1.99579730060876655e-02; 2.00618614254298544e+00; 1.01409833248251813e+00; 2.00995087070938006e+00; 1.01334644148933739e+00; 3.96535251718524995e+00;;4.70288029805544525e+01; 4.70288029805544525e+01; 1.99381385745701456e+00; 5.011e+00; 9.74300000000000000e+03; 9.74300000000000000e+03; 9.74300000000000000e+03; nan; 2.00992255060993541e+00; 2.99386285681276387e+00; 1.99579730060876655e-02; 2.00618614254298544e+00; 1.01409833248251813e+00; 2.00995087070938006e+00; 1.01334644148933739e+00; 3.96535251718524995e+00;;4.70288029805544525e+01; 4.70288029805544525e+01; 2.98665355851066261e+00; 5.011e+00; 9.74300000000000000e+03; 9.74300000000000000e+03; 9.74300000000000000e+03; nan; 2.00992255060993541e+00; 2.99386285681276387e+00; 1.99579730060876655e-02; 2.00618614254298544e+00; 1.01409833248251813e+00; 2.00995087070938006e+00; 1.01334644148933739e+00; 3.96535251718524995e+00;;4.70288029805544525e+01; 4.70288029805544525e+01; 3.98004202699391252e+00; 5.011e+00; 9.74300000000000000e+03; 9.74300000000000000e+03; 9.74300000000000000e+03; nan; 2.00992255060993541e+00; 2.99386285681276387e+00; 1.99579730060876655e-02; 2.00618614254298544e+00; 1.01409833248251813e+00; 2.00995087070938006e+00; 1.01334644148933739e+00; 3.96535251718524995e+00;;
David Pivovar - Imperialist Competitive Algorithm - SMP_15; 0; 2.239e+00 ± 7.301e-01; 4.378e+01 ± 0.000e+00; 3.951e+04 ± 0.000e+00; 3.951e+04 ± 0.000e+00; nan ± nan; ;4.37780875472927136e+01; 4.37780875472927136e+01; 2.23864791761463700e+00; 3.398e-02; 3.95100000000000000e+04; 3.95100000000000000e+04; 3.95100000000000000e+04; nan; 1.01514217315860145e+00; 2.01008682251229231e+00; 1.01514416128578300e+00; 1.01514461162994607e+00; 2.01008702152418772e+00; 2.01008731228378590e+00; 3.00503980365516554e+00; 2.01008475303314027e+00;;0.00000000000000000e+00; 0.00000000000000000e+00; 7.30091187615844461e-01; 0.000e+00; 0.00000000000000000e+00; 0.00000000000000000e+00; 0.00000000000000000e+00; nan; 0.00000000000000000e+00; 0.00000000000000000e+00; 0.00000000000000000e+00; 0.00000000000000000e+00; 0.00000000000000000e+00; 0.00000000000000000e+00; 0.00000000000000000e+00; 0.00000000000000000e+00;;4.37780875472927136e+01; 4.37780875472927136e+01; 9.94960196344834458e-01; 3.398e-02; 3.95100000000000000e+04; 3.95100000000000000e+04; 3.95100000000000000e+04; nan; 1.01514217315860145e+00; 2.01008682251229231e+00; 1.01514416128578300e+00; 1.01514461162994607e+00; 2.01008702152418772e+00; 2.01008731228378590e+00; 3.00503980365516554e+00; 2.01008475303314027e+00;;4.37780875472927136e+01; 4.37780875472927136e+01; 1.98991297847581228e+00; 3.398e-02; 3.95100000000000000e+04; 3.95100000000000000e+04; 3.95100000000000000e+04; nan; 1.01514217315860145e+00; 2.01008682251229231e+00; 1.01514416128578300e+00; 1.01514461162994607e+00; 2.01008702152418772e+00; 2.01008731228378590e+00; 3.00503980365516554e+00; 2.01008475303314027e+00;;4.37780875472927136e+01; 4.37780875472927136e+01; 1.98991524696685973e+00; 3.398e-02; 3.95100000000000000e+04; 3.95100000000000000e+04; 3.95100000000000000e+04; nan; 1.01514217315860145e+00; 2.01008682251229231e+00; 1.01514416128578300e+00; 1.01514461162994607e+00; 2.01008702152418772e+00; 2.01008731228378590e+00; 3.00503980365516554e+00; 2.01008475303314027e+00;;4.37780875472927136e+01; 4.37780875472927136e+01; 2.98485583871421678e+00; 3.398e-02; 3.95100000000000000e+04; 3.95100000000000000e+04; 3.95100000000000000e+04; nan; 1.01514217315860145e+00; 2.01008682251229231e+00; 1.01514416128578300e+00; 1.01514461162994607e+00; 2.01008702152418772e+00; 2.01008731228378590e+00; 3.00503980365516554e+00; 2.01008475303314027e+00;;4.37780875472927136e+01; 4.37780875472927136e+01; 2.98485782684139878e+00; 3.398e-02; 3.95100000000000000e+04; 3.95100000000000000e+04; 3.95100000000000000e+04; nan; 1.01514217315860145e+00; 2.01008682251229231e+00; 1.01514416128578300e+00; 1.01514461162994607e+00; 2.01008702152418772e+00; 2.01008731228378590e+00; 3.00503980365516554e+00; 2.01008475303314027e+00;;
David Pivovar - Imperialist Competitive Algorithm - OpenCL_25; 0; 2.239e+00 ± 7.299e-01; 4.378e+01 ± 0.000e+00; 2.266e+04 ± 0.000e+00; 2.266e+04 ± 0.000e+00; nan ± nan; ;4.37781649654800233e+01; 4.37781649654800233e+01; 2.23873644598651911e+00; 1.369e+01; 2.26640000000000000e+04; 2.26640000000000000e+04; 2.26640000000000000e+04; nan; 2.01007605411164292e+00; 2.01008851851848869e+00; 1.01517055698084802e+00; 1.01512151140580698e+00; 3.00442386869504352e+00; 2.01002218406552657e+00; 2.01003490574651789e+00; 1.01517083258396990e+00;;0.00000000000000000e+00; 0.00000000000000000e+00; 7.29918245113436504e-01; 0.000e+00; 0.00000000000000000e+00; 0.00000000000000000e+00; 0.00000000000000000e+00; nan; 0.00000000000000000e+00; 0.00000000000000000e+00; 0.00000000000000000e+00; 0.00000000000000000e+00; 0.00000000000000000e+00; 0.00000000000000000e+00; 0.00000000000000000e+00; 0.00000000000000000e+00;;4.37781649654800233e+01; 4.37781649654800233e+01; 9.95576131304956480e-01; 1.369e+01; 2.26640000000000000e+04; 2.26640000000000000e+04; 2.26640000000000000e+04; nan; 2.01007605411164292e+00; 2.01008851851848869e+00; 1.01517055698084802e+00; 1.01512151140580698e+00; 3.00442386869504352e+00; 2.01002218406552657e+00; 2.01003490574651789e+00; 1.01517083258396990e+00;;4.37781649654800233e+01; 4.37781649654800233e+01; 1.98992394588835708e+00; 1.369e+01; 2.26640000000000000e+04; 2.26640000000000000e+04; 2.26640000000000000e+04; nan; 2.01007605411164292e+00; 2.01008851851848869e+00; 1.01517055698084802e+00; 1.01512151140580698e+00; 3.00442386869504352e+00; 2.01002218406552657e+00; 2.01003490574651789e+00; 1.01517083258396990e+00;;4.37781649654800233e+01; 4.37781649654800233e+01; 1.98997781593447343e+00; 1.369e+01; 2.26640000000000000e+04; 2.26640000000000000e+04; 2.26640000000000000e+04; nan; 2.01007605411164292e+00; 2.01008851851848869e+00; 1.01517055698084802e+00; 1.01512151140580698e+00; 3.00442386869504352e+00; 2.01002218406552657e+00; 2.01003490574651789e+00; 1.01517083258396990e+00;;4.37781649654800233e+01; 4.37781649654800233e+01; 2.98482944301915198e+00; 1.369e+01; 2.26640000000000000e+04; 2.26640000000000000e+04; 2.26640000000000000e+04; nan; 2.01007605411164292e+00; 2.01008851851848869e+00; 1.01517055698084802e+00; 1.01512151140580698e+00; 3.00442386869504352e+00; 2.01002218406552657e+00; 2.01003490574651789e+00; 1.01517083258396990e+00;;4.37781649654800233e+01; 4.37781649654800233e+01; 2.98487848859419280e+00; 1.369e+01; 2.26640000000000000e+04; 2.26640000000000000e+04; 2.26640000000000000e+04; nan; 2.01007605411164292e+00; 2.01008851851848869e+00; 1.01517055698084802e+00; 1.01512151140580698e+00; 3.00442386869504352e+00; 2.01002218406552657e+00; 2.01003490574651789e+00; 1.01517083258396990e+00;;
David Pivovar - Imperialist Competitive Algorithm - OpenCL_15; 0; 2.508e+00 ± 1.635e+00; 7.076e+01 ± 0.000e+00; 5.622e+03 ± 0.000e+00; 5.622e+03 ± 0.000e+00; nan ± nan; ;7.07571475696976506e+01; 7.07571475696976506e+01; 2.50804732986522527e+00; 2.783e+00; 5.62200000000000000e+03; 5.62200000000000000e+03; 5.62200000000000000e+03; nan; 2.01092966561949638e+00; 2.88206543056008879e+00; 2.01103822180850100e+00; 2.99075689472703310e+00; -1.96511078558582630e+00; 1.01269757315053410e+00; 1.01303224280084447e+00; 1.98021211799752672e+00;;0.00000000000000000e+00; 0.00000000000000000e+00; 1.63454768013665808e+00; 0.000e+00; 0.00000000000000000e+00; 0.00000000000000000e+00; 0.00000000000000000e+00; nan; 0.00000000000000000e+00; 0.00000000000000000e+00; 0.00000000000000000e+00; 0.00000000000000000e+00; 0.00000000000000000e+00; 0.00000000000000000e+00; 0.00000000000000000e+00; 0.00000000000000000e+00;;7.07571475696976506e+01; 7.07571475696976506e+01; 1.00924310527296690e+00; 2.783e+00; 5.62200000000000000e+03; 5.62200000000000000e+03; 5.62200000000000000e+03; nan; 2.01092966561949638e+00; 2.88206543056008879e+00; 2.01103822180850100e+00; 2.99075689472703310e+00; -1.96511078558582630e+00; 1.01269757315053410e+00; 1.01303224280084447e+00; 1.98021211799752672e+00;;7.07571475696976506e+01; 7.07571475696976506e+01; 1.98896177819149900e+00; 2.783e+00; 5.62200000000000000e+03; 5.62200000000000000e+03; 5.62200000000000000e+03; nan; 2.01092966561949638e+00; 2.88206543056008879e+00; 2.01103822180850100e+00; 2.99075689472703310e+00; -1.96511078558582630e+00; 1.01269757315053410e+00; 1.01303224280084447e+00; 1.98021211799752672e+00;;7.07571475696976506e+01; 7.07571475696976506e+01; 2.01978788200247328e+00; 2.783e+00; 5.62200000000000000e+03; 5.62200000000000000e+03; 5.62200000000000000e+03; nan; 2.01092966561949638e+00; 2.88206543056008879e+00; 2.01103822180850100e+00; 2.99075689472703310e+00; -1.96511078558582630e+00; 1.01269757315053410e+00; 1.01303224280084447e+00; 1.98021211799752672e+00;;7.07571475696976506e+01; 7.07571475696976506e+01; 2.98730242684946568e+00; 2.783e+00; 5.62200000000000000e+03; 5.62200000000000000e+03; 5.62200000000000000e+03; nan; 2.01092966561949638e+00; 2.88206543056008879e+00; 2.01103822180850100e+00; 2.99075689472703310e+00; -1.96511078558582630e+00; 1.01269757315053410e+00; 1.01303224280084447e+00; 1.98021211799752672e+00;;7.07571475696976506e+01; 7.07571475696976506e+01; 5.96511078558582675e+00; 2.783e+00; 5.62200000000000000e+03; 5.62200000000000000e+03; 5.62200000000000000e+03; nan; 2.01092966561949638e+00; 2.88206543056008879e+00; 2.01103822180850100e+00; 2.99075689472703310e+00; -1.96511078558582630e+00; 1.01269757315053410e+00; 1.01303224280084447e+00; 1.98021211799752672e+00;;

--=== Rastrigin evaluation completed. ===--

--=== Evaluating solvers on Schwefel with problem size = 8... ===--
Problem ordinal number: 5
upper_bound[0]=5.120e+02, optimum_parameter[0]=4.250e+02, optimum_fitness=-3.352e+03

Executing David Pivovar - Imperialist Competitive Algorithm - Serial_7...
Executing David Pivovar - Imperialist Competitive Algorithm - Serial_15...
Executing David Pivovar - Imperialist Competitive Algorithm - Serial_25...
Executing David Pivovar - Imperialist Competitive Algorithm - Serial_40...
Executing David Pivovar - Imperialist Competitive Algorithm - Serial_60...
Executing David Pivovar - Imperialist Competitive Algorithm - Serial_100...
Executing David Pivovar - Imperialist Competitive Algorithm - SMP_7...
Executing David Pivovar - Imperialist Competitive Algorithm - SMP_15...
Executing David Pivovar - Imperialist Competitive Algorithm - SMP_25...
Executing David Pivovar - Imperialist Competitive Algorithm - SMP_40...
Executing David Pivovar - Imperialist Competitive Algorithm - SMP_60...
Executing David Pivovar - Imperialist Competitive Algorithm - SMP_100...
Executing David Pivovar - Imperialist Competitive Algorithm - OpenCL_7...
Executing David Pivovar - Imperialist Competitive Algorithm - OpenCL_15...
Executing David Pivovar - Imperialist Competitive Algorithm - OpenCL_25...
Executing David Pivovar - Imperialist Competitive Algorithm - OpenCL_40...
Executing David Pivovar - Imperialist Competitive Algorithm - OpenCL_60...
Executing David Pivovar - Imperialist Competitive Algorithm - OpenCL_100...

general;;;;;;;;Average;;;;;;;;;; ; ; ; ; ; ; ; Standard Deviation;;;;;;;;;; ; ; ; ; ; ; ; Minimum;;;;;;;;;; ; ; ; ; ; ; ; Q25;;;;;;;;;; ; ; ; ; ; ; ; Median;;;;;;;;;; ; ; ; ; ; ; ; Q75;;;;;;;;;; ; ; ; ; ; ; ; Maximum;;;;;;;;;; ; ; ; ; ; ; ; 
solver; fails; param_err; fitness_err; least_calls; lc_001; param_err001; ; fitness; fitness_err; param_err; time; total calls; least calls; lc_001; pe_001; 0; 1; 2; 3; 4; 5; 6; 7; ; fitness; fitness_err; param_err; time; total calls; least calls; lc_001; pe_001; 0; 1; 2; 3; 4; 5; 6; 7; ; fitness; fitness_err; param_err; time; total calls; least calls; lc_001; pe_001; 0; 1; 2; 3; 4; 5; 6; 7; ; fitness; fitness_err; param_err; time; total calls; least calls; lc_001; pe_001; 0; 1; 2; 3; 4; 5; 6; 7; ; fitness; fitness_err; param_err; time; total calls; least calls; lc_001; pe_001; 0; 1; 2; 3; 4; 5; 6; 7; ; fitness; fitness_err; param_err; time; total calls; least calls; lc_001; pe_001; 0; 1; 2; 3; 4; 5; 6; 7; ; fitness; fitness_err; param_err; time; total calls; least calls; lc_001; pe_001; 0; 1; 2; 3; 4; 5; 6; 7; 
David Pivovar - Imperialist Competitive Algorithm - Serial_7; 0; 1.906e+02 ± 2.916e+02; 7.771e+02 ± 0.000e+00; 8.843e+03 ± 0.000e+00; 8.843e+03 ± 0.000e+00; nan ± nan; ;-2.57478818402997149e+03; 7.77074914147327945e+02; 1.90575437008943084e+02; 8.641e-03; 8.84300000000000000e+03; 8.84300000000000000e+03; 8.84300000000000000e+03; nan; 4.21203276030704899e+02; 4.07238874925564005e+02; 4.15264717398103073e+02; -1.19671356422651911e+02; 4.22093075073524290e+02; 1.99951094373441805e+02; -2.78738944197511273e+02; 4.07805366747280516e+02;;0.00000000000000000e+00; 0.00000000000000000e+00; 2.91585513646453819e+02; 0.000e+00; 0.00000000000000000e+00; 0.00000000000000000e+00; 0.00000000000000000e+00; nan; 0.00000000000000000e+00; 0.00000000000000000e+00; 0.00000000000000000e+00; 0.00000000000000000e+00; 0.00000000000000000e+00; 0.00000000000000000e+00; 0.00000000000000000e+00; 0.00000000000000000e+00;;-2.57478818402997149e+03; 7.77074914147327945e+02; 2.87562492647572299e+00; 8.641e-03; 8.84300000000000000e+03; 8.84300000000000000e+03; 8.84300000000000000e+03; nan; 4.21203276030704899e+02; 4.07238874925564005e+02; 4.15264717398103073e+02; -1.19671356422651911e+02; 4.22093075073524290e+02; 1.99951094373441805e+02; -2.78738944197511273e+02; 4.07805366747280516e+02;;-2.57478818402997149e+03; 7.77074914147327945e+02; 9.70398260189693929e+00; 8.641e-03; 8.84300000000000000e+03; 8.84300000000000000e+03; 8.84300000000000000e+03; nan; 4.21203276030704899e+02; 4.07238874925564005e+02; 4.15264717398103073e+02; -1.19671356422651911e+02; 4.22093075073524290e+02; 1.99951094373441805e+02; -2.78738944197511273e+02; 4.07805366747280516e+02;;-2.57478818402997149e+03; 7.77074914147327945e+02; 1.77298250744360075e+01; 8.641e-03; 8.84300000000000000e+03; 8.84300000000000000e+03; 8.84300000000000000e+03; nan; 4.21203276030704899e+02; 4.07238874925564005e+02; 4.15264717398103073e+02; -1.19671356422651911e+02; 4.22093075073524290e+02; 1.99951094373441805e+02; -2.78738944197511273e+02; 4.07805366747280516e+02;;-2.57478818402997149e+03; 7.77074914147327945e+02; 5.44640056422651924e+02; 8.641e-03; 8.84300000000000000e+03; 8.84300000000000000e+03; 8.84300000000000000e+03; nan; 4.21203276030704899e+02; 4.07238874925564005e+02; 4.15264717398103073e+02; -1.19671356422651911e+02; 4.22093075073524290e+02; 1.99951094373441805e+02; -2.78738944197511273e+02; 4.07805366747280516e+02;;-2.57478818402997149e+03; 7.77074914147327945e+02; 7.03707644197511286e+02; 8.641e-03; 8.84300000000000000e+03; 8.84300000000000000e+03; 8.84300000000000000e+03; nan; 4.21203276030704899e+02; 4.07238874925564005e+02; 4.15264717398103073e+02; -1.19671356422651911e+02; 4.22093075073524290e+02; 1.99951094373441805e+02; -2.78738944197511273e+02; 4.07805366747280516e+02;;
David Pivovar - Imperialist Competitive Algorithm - Serial_15; 0; 2.110e+02 ± 3.363e+02; 4.718e+02 ± 0.000e+00; 1.872e+05 ± 0.000e+00; 1.872e+05 ± 0.000e+00; nan ± nan; ;-2.88005046322191856e+03; 4.71812634955380872e+02; 2.10990948834200367e+02; 1.612e-01; 1.87220000000000000e+05; 1.87220000000000000e+05; 1.87220000000000000e+05; nan; -2.96388888543537519e+02; 2.07177984769368805e+02; 4.19741722974112520e+02; 4.18268450352476918e+02; 4.19278188785348846e+02; 4.21772835365752883e+02; 4.20308247472282517e+02; -2.98336531849407834e+02;;0.00000000000000000e+00; 0.00000000000000000e+00; 3.36259769228784421e+02; 0.000e+00; 0.00000000000000000e+00; 0.00000000000000000e+00; 0.00000000000000000e+00; nan; 0.00000000000000000e+00; 0.00000000000000000e+00; 0.00000000000000000e+00; 0.00000000000000000e+00; 0.00000000000000000e+00; 0.00000000000000000e+00; 0.00000000000000000e+00; 0.00000000000000000e+00;;-2.88005046322191856e+03; 4.71812634955380872e+02; 3.19586463424712974e+00; 1.612e-01; 1.87220000000000000e+05; 1.87220000000000000e+05; 1.87220000000000000e+05; nan; -2.96388888543537519e+02; 2.07177984769368805e+02; 4.19741722974112520e+02; 4.18268450352476918e+02; 4.19278188785348846e+02; 4.21772835365752883e+02; 4.20308247472282517e+02; -2.98336531849407834e+02;;-2.88005046322191856e+03; 4.71812634955380872e+02; 5.22697702588749280e+00; 1.612e-01; 1.87220000000000000e+05; 1.87220000000000000e+05; 1.87220000000000000e+05; nan; -2.96388888543537519e+02; 2.07177984769368805e+02; 4.19741722974112520e+02; 4.18268450352476918e+02; 4.19278188785348846e+02; 4.21772835365752883e+02; 4.20308247472282517e+02; -2.98336531849407834e+02;;-2.88005046322191856e+03; 4.71812634955380872e+02; 6.70024964752309415e+00; 1.612e-01; 1.87220000000000000e+05; 1.87220000000000000e+05; 1.87220000000000000e+05; nan; -2.96388888543537519e+02; 2.07177984769368805e+02; 4.19741722974112520e+02; 4.18268450352476918e+02; 4.19278188785348846e+02; 4.21772835365752883e+02; 4.20308247472282517e+02; -2.98336531849407834e+02;;-2.88005046322191856e+03; 4.71812634955380872e+02; 7.21357588543537531e+02; 1.612e-01; 1.87220000000000000e+05; 1.87220000000000000e+05; 1.87220000000000000e+05; nan; -2.96388888543537519e+02; 2.07177984769368805e+02; 4.19741722974112520e+02; 4.18268450352476918e+02; 4.19278188785348846e+02; 4.21772835365752883e+02; 4.20308247472282517e+02; -2.98336531849407834e+02;;-2.88005046322191856e+03; 4.71812634955380872e+02; 7.23305231849407846e+02; 1.612e-01; 1.87220000000000000e+05; 1.87220000000000000e+05; 1.87220000000000000e+05; nan; -2.96388888543537519e+02; 2.07177984769368805e+02; 4.19741722974112520e+02; 4.18268450352476918e+02; 4.19278188785348846e+02; 4.21772835365752883e+02; 4.20308247472282517e+02; -2.98336531849407834e+02;;
David Pivovar - Imperialist Competitive Algorithm - OpenCL_40; 0; 2.413e+02 ± 2.763e+02; 1.070e+03 ± 0.000e+00; 6.835e+04 ± 0.000e+00; 6.835e+04 ± 0.000e+00; nan ± nan; ;-2.28171886525532091e+03; 1.07014423292197853e+03; 2.41311793302132230e+02; 3.543e+01; 6.83500000000000000e+04; 6.83500000000000000e+04; 6.83500000000000000e+04; nan; 2.07814366892219738e+02; 4.21440071159857723e+02; 2.07468120519656196e+02; 2.07778585814099699e+02; 4.21628517108661470e+02; -1.20828160550633243e+02; 4.21941037258088045e+02; -2.97987284619007255e+02;;0.00000000000000000e+00; 0.00000000000000000e+00; 2.76342970554459896e+02; 0.000e+00; 0.00000000000000000e+00; 0.00000000000000000e+00; 0.00000000000000000e+00; nan; 0.00000000000000000e+00; 0.00000000000000000e+00; 0.00000000000000000e+00; 0.00000000000000000e+00; 0.00000000000000000e+00; 0.00000000000000000e+00; 0.00000000000000000e+00; 0.00000000000000000e+00;;-2.28171886525532091e+03; 1.07014423292197853e+03; 3.02766274191196771e+00; 3.543e+01; 6.83500000000000000e+04; 6.83500000000000000e+04; 6.83500000000000000e+04; nan; 2.07814366892219738e+02; 4.21440071159857723e+02; 2.07468120519656196e+02; 2.07778585814099699e+02; 4.21628517108661470e+02; -1.20828160550633243e+02; 4.21941037258088045e+02; -2.97987284619007255e+02;;-2.28171886525532091e+03; 1.07014423292197853e+03; 3.52862884014228939e+00; 3.543e+01; 6.83500000000000000e+04; 6.83500000000000000e+04; 6.83500000000000000e+04; nan; 2.07814366892219738e+02; 4.21440071159857723e+02; 2.07468120519656196e+02; 2.07778585814099699e+02; 4.21628517108661470e+02; -1.20828160550633243e+02; 4.21941037258088045e+02; -2.97987284619007255e+02;;-2.28171886525532091e+03; 1.07014423292197853e+03; 2.17190114185900313e+02; 3.543e+01; 6.83500000000000000e+04; 6.83500000000000000e+04; 6.83500000000000000e+04; nan; 2.07814366892219738e+02; 4.21440071159857723e+02; 2.07468120519656196e+02; 2.07778585814099699e+02; 4.21628517108661470e+02; -1.20828160550633243e+02; 4.21941037258088045e+02; -2.97987284619007255e+02;;-2.28171886525532091e+03; 1.07014423292197853e+03; 5.45796860550633255e+02; 3.543e+01; 6.83500000000000000e+04; 6.83500000000000000e+04; 6.83500000000000000e+04; nan; 2.07814366892219738e+02; 4.21440071159857723e+02; 2.07468120519656196e+02; 2.07778585814099699e+02; 4.21628517108661470e+02; -1.20828160550633243e+02; 4.21941037258088045e+02; -2.97987284619007255e+02;;-2.28171886525532091e+03; 1.07014423292197853e+03; 7.22955984619007268e+02; 3.543e+01; 6.83500000000000000e+04; 6.83500000000000000e+04; 6.83500000000000000e+04; nan; 2.07814366892219738e+02; 4.21440071159857723e+02; 2.07468120519656196e+02; 2.07778585814099699e+02; 4.21628517108661470e+02; -1.20828160550633243e+02; 4.21941037258088045e+02; -2.97987284619007255e+02;;
David Pivovar - Imperialist Competitive Algorithm - OpenCL_25; 0; 3.195e+02 ± 3.670e+02; 7.581e+02 ± 0.000e+00; 1.878e+04 ± 0.000e+00; 1.878e+04 ± 0.000e+00; nan ± nan; ;-2.59379485166739960e+03; 7.58068246509899836e+02; 3.19506247500931181e+02; 9.672e+00; 1.87830000000000000e+04; 1.87830000000000000e+04; 1.87830000000000000e+04; nan; 6.84229419477768630e+01; -2.98294490691843748e+02; 4.19761738497211923e+02; -2.97109662101792821e+02; -2.96321410596956241e+02; 4.08823765354973489e+02; 4.22292080100871544e+02; 4.16124657482309658e+02;;0.00000000000000000e+00; 0.00000000000000000e+00; 3.67023436783259740e+02; 0.000e+00; 0.00000000000000000e+00; 0.00000000000000000e+00; 0.00000000000000000e+00; nan; 0.00000000000000000e+00; 0.00000000000000000e+00; 0.00000000000000000e+00; 0.00000000000000000e+00; 0.00000000000000000e+00; 0.00000000000000000e+00; 0.00000000000000000e+00; 0.00000000000000000e+00;;-2.59379485166739960e+03; 7.58068246509899836e+02; 2.67661989912846821e+00; 9.672e+00; 1.87830000000000000e+04; 1.87830000000000000e+04; 1.87830000000000000e+04; nan; 6.84229419477768630e+01; -2.98294490691843748e+02; 4.19761738497211923e+02; -2.97109662101792821e+02; -2.96321410596956241e+02; 4.08823765354973489e+02; 4.22292080100871544e+02; 4.16124657482309658e+02;;-2.59379485166739960e+03; 7.58068246509899836e+02; 8.84404251769035454e+00; 9.672e+00; 1.87830000000000000e+04; 1.87830000000000000e+04; 1.87830000000000000e+04; nan; 6.84229419477768630e+01; -2.98294490691843748e+02; 4.19761738497211923e+02; -2.97109662101792821e+02; -2.96321410596956241e+02; 4.08823765354973489e+02; 4.22292080100871544e+02; 4.16124657482309658e+02;;-2.59379485166739960e+03; 7.58068246509899836e+02; 3.56545758052223164e+02; 9.672e+00; 1.87830000000000000e+04; 1.87830000000000000e+04; 1.87830000000000000e+04; nan; 6.84229419477768630e+01; -2.98294490691843748e+02; 4.19761738497211923e+02; -2.97109662101792821e+02; -2.96321410596956241e+02; 4.08823765354973489e+02; 4.22292080100871544e+02; 4.16124657482309658e+02;;-2.59379485166739960e+03; 7.58068246509899836e+02; 7.22078362101792891e+02; 9.672e+00; 1.87830000000000000e+04; 1.87830000000000000e+04; 1.87830000000000000e+04; nan; 6.84229419477768630e+01; -2.98294490691843748e+02; 4.19761738497211923e+02; -2.97109662101792821e+02; -2.96321410596956241e+02; 4.08823765354973489e+02; 4.22292080100871544e+02; 4.16124657482309658e+02;;-2.59379485166739960e+03; 7.58068246509899836e+02; 7.23263190691843761e+02; 9.672e+00; 1.87830000000000000e+04; 1.87830000000000000e+04; 1.87830000000000000e+04; nan; 6.84229419477768630e+01; -2.98294490691843748e+02; 4.19761738497211923e+02; -2.97109662101792821e+02; -2.96321410596956241e+02; 4.08823765354973489e+02; 4.22292080100871544e+02; 4.16124657482309658e+02;;
David Pivovar - Imperialist Competitive Algorithm - OpenCL_100; 0; 3.237e+02 ± 3.222e+02; 1.154e+03 ± 0.000e+00; 6.088e+04 ± 0.000e+00; 6.088e+04 ± 0.000e+00; nan ± nan; ;-2.19775472863592358e+03; 1.15410836954137585e+03; 3.23697879517115439e+02; 3.333e+01; 6.08760000000000000e+04; 6.08760000000000000e+04; 6.08760000000000000e+04; nan; -2.96292211199109261e+02; 4.15736321326180814e+02; 4.07850703967300319e+02; 4.24333318037801121e+02; -1.19449750667544578e+02; 6.95797902839875491e+01; -2.97184666488694859e+02; 2.05593058603155242e+02;;0.00000000000000000e+00; 0.00000000000000000e+00; 3.22174657374336334e+02; 0.000e+00; 0.00000000000000000e+00; 0.00000000000000000e+00; 0.00000000000000000e+00; nan; 0.00000000000000000e+00; 0.00000000000000000e+00; 0.00000000000000000e+00; 0.00000000000000000e+00; 0.00000000000000000e+00; 0.00000000000000000e+00; 0.00000000000000000e+00; 0.00000000000000000e+00;;-2.19775472863592358e+03; 1.15410836954137585e+03; 6.35381962198891870e-01; 3.333e+01; 6.08760000000000000e+04; 6.08760000000000000e+04; 6.08760000000000000e+04; nan; -2.96292211199109261e+02; 4.15736321326180814e+02; 4.07850703967300319e+02; 4.24333318037801121e+02; -1.19449750667544578e+02; 6.95797902839875491e+01; -2.97184666488694859e+02; 2.05593058603155242e+02;;-2.19775472863592358e+03; 1.15410836954137585e+03; 1.71179960326996934e+01; 3.333e+01; 6.08760000000000000e+04; 6.08760000000000000e+04; 6.08760000000000000e+04; nan; -2.96292211199109261e+02; 4.15736321326180814e+02; 4.07850703967300319e+02; 4.24333318037801121e+02; -1.19449750667544578e+02; 6.95797902839875491e+01; -2.97184666488694859e+02; 2.05593058603155242e+02;;-2.19775472863592358e+03; 1.15410836954137585e+03; 3.55388909716012449e+02; 3.333e+01; 6.08760000000000000e+04; 6.08760000000000000e+04; 6.08760000000000000e+04; nan; -2.96292211199109261e+02; 4.15736321326180814e+02; 4.07850703967300319e+02; 4.24333318037801121e+02; -1.19449750667544578e+02; 6.95797902839875491e+01; -2.97184666488694859e+02; 2.05593058603155242e+02;;-2.19775472863592358e+03; 1.15410836954137585e+03; 7.21260911199109273e+02; 3.333e+01; 6.08760000000000000e+04; 6.08760000000000000e+04; 6.08760000000000000e+04; nan; -2.96292211199109261e+02; 4.15736321326180814e+02; 4.07850703967300319e+02; 4.24333318037801121e+02; -1.19449750667544578e+02; 6.95797902839875491e+01; -2.97184666488694859e+02; 2.05593058603155242e+02;;-2.19775472863592358e+03; 1.15410836954137585e+03; 7.22153366488694928e+02; 3.333e+01; 6.08760000000000000e+04; 6.08760000000000000e+04; 6.08760000000000000e+04; nan; -2.96292211199109261e+02; 4.15736321326180814e+02; 4.07850703967300319e+02; 4.24333318037801121e+02; -1.19449750667544578e+02; 6.95797902839875491e+01; -2.97184666488694859e+02; 2.05593058603155242e+02;;
David Pivovar - Imperialist Competitive Algorithm - SMP_7; 0; 3.324e+02 ± 3.436e+02; 1.030e+03 ± 0.000e+00; 3.527e+03 ± 0.000e+00; 3.527e+03 ± 0.000e+00; nan ± nan; ;-2.32176577837390914e+03; 1.03009731980339029e+03; 3.32409439440067331e+02; 6.652e-03; 3.52700000000000000e+03; 3.52700000000000000e+03; 3.52700000000000000e+03; nan; -2.97210809624694946e+02; -2.96250764116127982e+02; 1.91230842985263735e+02; 4.07833380792883702e+02; 4.24941722295084560e+02; 3.88810388257841339e+02; -2.86546374558379512e+02; 2.07665698447590216e+02;;0.00000000000000000e+00; 0.00000000000000000e+00; 3.43610065474571343e+02; 0.000e+00; 0.00000000000000000e+00; 0.00000000000000000e+00; 0.00000000000000000e+00; nan; 0.00000000000000000e+00; 0.00000000000000000e+00; 0.00000000000000000e+00; 0.00000000000000000e+00; 0.00000000000000000e+00; 0.00000000000000000e+00; 0.00000000000000000e+00; 0.00000000000000000e+00;;-2.32176577837390914e+03; 1.03009731980339029e+03; 2.69777049154527049e-02; 6.652e-03; 3.52700000000000000e+03; 3.52700000000000000e+03; 3.52700000000000000e+03; nan; -2.97210809624694946e+02; -2.96250764116127982e+02; 1.91230842985263735e+02; 4.07833380792883702e+02; 4.24941722295084560e+02; 3.88810388257841339e+02; -2.86546374558379512e+02; 2.07665698447590216e+02;;-2.32176577837390914e+03; 1.03009731980339029e+03; 3.61583117421586735e+01; 6.652e-03; 3.52700000000000000e+03; 3.52700000000000000e+03; 3.52700000000000000e+03; nan; -2.97210809624694946e+02; -2.96250764116127982e+02; 1.91230842985263735e+02; 4.07833380792883702e+02; 4.24941722295084560e+02; 3.88810388257841339e+02; -2.86546374558379512e+02; 2.07665698447590216e+02;;-2.32176577837390914e+03; 1.03009731980339029e+03; 2.33737857014736278e+02; 6.652e-03; 3.52700000000000000e+03; 3.52700000000000000e+03; 3.52700000000000000e+03; nan; -2.97210809624694946e+02; -2.96250764116127982e+02; 1.91230842985263735e+02; 4.07833380792883702e+02; 4.24941722295084560e+02; 3.88810388257841339e+02; -2.86546374558379512e+02; 2.07665698447590216e+02;;-2.32176577837390914e+03; 1.03009731980339029e+03; 7.21219464116127938e+02; 6.652e-03; 3.52700000000000000e+03; 3.52700000000000000e+03; 3.52700000000000000e+03; nan; -2.97210809624694946e+02; -2.96250764116127982e+02; 1.91230842985263735e+02; 4.07833380792883702e+02; 4.24941722295084560e+02; 3.88810388257841339e+02; -2.86546374558379512e+02; 2.07665698447590216e+02;;-2.32176577837390914e+03; 1.03009731980339029e+03; 7.22179509624694902e+02; 6.652e-03; 3.52700000000000000e+03; 3.52700000000000000e+03; 3.52700000000000000e+03; nan; -2.97210809624694946e+02; -2.96250764116127982e+02; 1.91230842985263735e+02; 4.07833380792883702e+02; 4.24941722295084560e+02; 3.88810388257841339e+02; -2.86546374558379512e+02; 2.07665698447590216e+02;;
David Pivovar - Imperialist Competitive Algorithm - Serial_40; 0; 3.445e+02 ± 3.375e+02; 1.046e+03 ± 0.000e+00; 1.985e+05 ± 0.000e+00; 1.985e+05 ± 0.000e+00; nan ± nan; ;-2.30562763348524868e+03; 1.04623546469205075e+03; 3.44495302252352985e+02; 1.704e-01; 1.98525000000000000e+05; 1.98525000000000000e+05; 1.98525000000000000e+05; nan; 4.24966013105479419e+02; 2.07814096101397467e+02; -2.98523772991209000e+02; 4.24957854273682528e+02; -1.20829321356805792e+02; -1.20829363916882016e+02; -2.98524850015918162e+02; 4.24756526781431546e+02;;0.00000000000000000e+00; 0.00000000000000000e+00; 3.37505633691362846e+02; 0.000e+00; 0.00000000000000000e+00; 0.00000000000000000e+00; 0.00000000000000000e+00; nan; 0.00000000000000000e+00; 0.00000000000000000e+00; 0.00000000000000000e+00; 0.00000000000000000e+00; 0.00000000000000000e+00; 0.00000000000000000e+00; 0.00000000000000000e+00; 0.00000000000000000e+00;;-2.30562763348524868e+03; 1.04623546469205075e+03; 2.68689452059334144e-03; 1.704e-01; 1.98525000000000000e+05; 1.98525000000000000e+05; 1.98525000000000000e+05; nan; 4.24966013105479419e+02; 2.07814096101397467e+02; -2.98523772991209000e+02; 4.24957854273682528e+02; -1.20829321356805792e+02; -1.20829363916882016e+02; -2.98524850015918162e+02; 4.24756526781431546e+02;;-2.30562763348524868e+03; 1.04623546469205075e+03; 2.12173218568466382e-01; 1.704e-01; 1.98525000000000000e+05; 1.98525000000000000e+05; 1.98525000000000000e+05; nan; 4.24966013105479419e+02; 2.07814096101397467e+02; -2.98523772991209000e+02; 4.24957854273682528e+02; -1.20829321356805792e+02; -1.20829363916882016e+02; -2.98524850015918162e+02; 4.24756526781431546e+02;;-2.30562763348524868e+03; 1.04623546469205075e+03; 5.45798021356805748e+02; 1.704e-01; 1.98525000000000000e+05; 1.98525000000000000e+05; 1.98525000000000000e+05; nan; 4.24966013105479419e+02; 2.07814096101397467e+02; -2.98523772991209000e+02; 4.24957854273682528e+02; -1.20829321356805792e+02; -1.20829363916882016e+02; -2.98524850015918162e+02; 4.24756526781431546e+02;;-2.30562763348524868e+03; 1.04623546469205075e+03; 7.23492472991209070e+02; 1.704e-01; 1.98525000000000000e+05; 1.98525000000000000e+05; 1.98525000000000000e+05; nan; 4.24966013105479419e+02; 2.07814096101397467e+02; -2.98523772991209000e+02; 4.24957854273682528e+02; -1.20829321356805792e+02; -1.20829363916882016e+02; -2.98524850015918162e+02; 4.24756526781431546e+02;;-2.30562763348524868e+03; 1.04623546469205075e+03; 7.23493550015918117e+02; 1.704e-01; 1.98525000000000000e+05; 1.98525000000000000e+05; 1.98525000000000000e+05; nan; 4.24966013105479419e+02; 2.07814096101397467e+02; -2.98523772991209000e+02; 4.24957854273682528e+02; -1.20829321356805792e+02; -1.20829363916882016e+02; -2.98524850015918162e+02; 4.24756526781431546e+02;;
David Pivovar - Imperialist Competitive Algorithm - SMP_15; 0; 3.527e+02 ± 3.320e+02; 1.007e+03 ± 0.000e+00; 1.029e+05 ± 0.000e+00; 1.029e+05 ± 0.000e+00; nan ± nan; ;-2.34512907623242199e+03; 1.00673402194487744e+03; 3.52744160967276969e+02; 9.852e-02; 1.02884000000000000e+05; 1.02884000000000000e+05; 1.02884000000000000e+05; nan; 2.07814256698635972e+02; 2.07814054080337712e+02; 2.07814242676919463e+02; -2.98524841632496816e+02; -2.98524932719777155e+02; -2.98524936407245150e+02; 4.24959878541781109e+02; 4.24968591023628790e+02;;0.00000000000000000e+00; 0.00000000000000000e+00; 3.31980001580919406e+02; 0.000e+00; 0.00000000000000000e+00; 0.00000000000000000e+00; 0.00000000000000000e+00; nan; 0.00000000000000000e+00; 0.00000000000000000e+00; 0.00000000000000000e+00; 0.00000000000000000e+00; 0.00000000000000000e+00; 0.00000000000000000e+00; 0.00000000000000000e+00; 0.00000000000000000e+00;;-2.34512907623242199e+03; 1.00673402194487744e+03; 1.08976371222979651e-04; 9.852e-02; 1.02884000000000000e+05; 1.02884000000000000e+05; 1.02884000000000000e+05; nan; 2.07814256698635972e+02; 2.07814054080337712e+02; 2.07814242676919463e+02; -2.98524841632496816e+02; -2.98524932719777155e+02; -2.98524936407245150e+02; 4.24959878541781109e+02; 4.24968591023628790e+02;;-2.34512907623242199e+03; 1.00673402194487744e+03; 2.17154443301364040e+02; 9.852e-02; 1.02884000000000000e+05; 1.02884000000000000e+05; 1.02884000000000000e+05; nan; 2.07814256698635972e+02; 2.07814054080337712e+02; 2.07814242676919463e+02; -2.98524841632496816e+02; -2.98524932719777155e+02; -2.98524936407245150e+02; 4.24959878541781109e+02; 4.24968591023628790e+02;;-2.34512907623242199e+03; 1.00673402194487744e+03; 2.17154645919662300e+02; 9.852e-02; 1.02884000000000000e+05; 1.02884000000000000e+05; 1.02884000000000000e+05; nan; 2.07814256698635972e+02; 2.07814054080337712e+02; 2.07814242676919463e+02; -2.98524841632496816e+02; -2.98524932719777155e+02; -2.98524936407245150e+02; 4.24959878541781109e+02; 4.24968591023628790e+02;;-2.34512907623242199e+03; 1.00673402194487744e+03; 7.23493632719777224e+02; 9.852e-02; 1.02884000000000000e+05; 1.02884000000000000e+05; 1.02884000000000000e+05; nan; 2.07814256698635972e+02; 2.07814054080337712e+02; 2.07814242676919463e+02; -2.98524841632496816e+02; -2.98524932719777155e+02; -2.98524936407245150e+02; 4.24959878541781109e+02; 4.24968591023628790e+02;;-2.34512907623242199e+03; 1.00673402194487744e+03; 7.23493636407245162e+02; 9.852e-02; 1.02884000000000000e+05; 1.02884000000000000e+05; 1.02884000000000000e+05; nan; 2.07814256698635972e+02; 2.07814054080337712e+02; 2.07814242676919463e+02; -2.98524841632496816e+02; -2.98524932719777155e+02; -2.98524936407245150e+02; 4.24959878541781109e+02; 4.24968591023628790e+02;;
David Pivovar - Imperialist Competitive Algorithm - OpenCL_7; 0; 3.560e+02 ± 3.271e+02; 1.046e+03 ± 0.000e+00; 3.552e+03 ± 0.000e+00; 3.552e+03 ± 0.000e+00; nan ± nan; ;-2.30539472335590699e+03; 1.04646837482139244e+03; 3.56026143093104224e+02; 1.961e+00; 3.55200000000000000e+03; 3.55200000000000000e+03; 3.55200000000000000e+03; nan; 4.13131616743560016e+02; 4.18948551156861924e+02; 2.02817613193647617e+02; 2.07494823612689402e+02; -2.97354803451022065e+02; 1.98331953466720506e+02; -2.93580022030846862e+02; -2.98249277436444288e+02;;0.00000000000000000e+00; 0.00000000000000000e+00; 3.27051490141052966e+02; 0.000e+00; 0.00000000000000000e+00; 0.00000000000000000e+00; 0.00000000000000000e+00; nan; 0.00000000000000000e+00; 0.00000000000000000e+00; 0.00000000000000000e+00; 0.00000000000000000e+00; 0.00000000000000000e+00; 0.00000000000000000e+00; 0.00000000000000000e+00; 0.00000000000000000e+00;;-2.30539472335590699e+03; 1.04646837482139244e+03; 6.02014884313808807e+00; 1.961e+00; 3.55200000000000000e+03; 3.55200000000000000e+03; 3.55200000000000000e+03; nan; 4.13131616743560016e+02; 4.18948551156861924e+02; 2.02817613193647617e+02; 2.07494823612689402e+02; -2.97354803451022065e+02; 1.98331953466720506e+02; -2.93580022030846862e+02; -2.98249277436444288e+02;;-2.30539472335590699e+03; 1.04646837482139244e+03; 2.17473876387310611e+02; 1.961e+00; 3.55200000000000000e+03; 3.55200000000000000e+03; 3.55200000000000000e+03; nan; 4.13131616743560016e+02; 4.18948551156861924e+02; 2.02817613193647617e+02; 2.07494823612689402e+02; -2.97354803451022065e+02; 1.98331953466720506e+02; -2.93580022030846862e+02; -2.98249277436444288e+02;;-2.30539472335590699e+03; 1.04646837482139244e+03; 2.26636746533279506e+02; 1.961e+00; 3.55200000000000000e+03; 3.55200000000000000e+03; 3.55200000000000000e+03; nan; 4.13131616743560016e+02; 4.18948551156861924e+02; 2.02817613193647617e+02; 2.07494823612689402e+02; -2.97354803451022065e+02; 1.98331953466720506e+02; -2.93580022030846862e+02; -2.98249277436444288e+02;;-2.30539472335590699e+03; 1.04646837482139244e+03; 7.22323503451022134e+02; 1.961e+00; 3.55200000000000000e+03; 3.55200000000000000e+03; 3.55200000000000000e+03; nan; 4.13131616743560016e+02; 4.18948551156861924e+02; 2.02817613193647617e+02; 2.07494823612689402e+02; -2.97354803451022065e+02; 1.98331953466720506e+02; -2.93580022030846862e+02; -2.98249277436444288e+02;;-2.30539472335590699e+03; 1.04646837482139244e+03; 7.23217977436444244e+02; 1.961e+00; 3.55200000000000000e+03; 3.55200000000000000e+03; 3.55200000000000000e+03; nan; 4.13131616743560016e+02; 4.18948551156861924e+02; 2.02817613193647617e+02; 2.07494823612689402e+02; -2.97354803451022065e+02; 1.98331953466720506e+02; -2.93580022030846862e+02; -2.98249277436444288e+02;;
David Pivovar - Imperialist Competitive Algorithm - SMP_25; 0; 3.626e+02 ± 3.320e+02; 1.188e+03 ± 0.000e+00; 5.806e+04 ± 0.000e+00; 5.806e+04 ± 0.000e+00; nan ± nan; ;-2.16412041849461548e+03; 1.18774267968268396e+03; 3.62649471938710349e+02; 6.826e-02; 5.80630000000000000e+04; 5.80630000000000000e+04; 5.80630000000000000e+04; nan; -1.20808709306783072e+02; 4.20274558884557393e+02; 4.23354044310649158e+02; -2.98192504456395568e+02; 4.23743366179634847e+02; -1.20829215220134003e+02; 6.95216914114367626e+01; -2.98509407312648023e+02;;0.00000000000000000e+00; 0.00000000000000000e+00; 3.31987638234112865e+02; 0.000e+00; 0.00000000000000000e+00; 0.00000000000000000e+00; 0.00000000000000000e+00; nan; 0.00000000000000000e+00; 0.00000000000000000e+00; 0.00000000000000000e+00; 0.00000000000000000e+00; 0.00000000000000000e+00; 0.00000000000000000e+00; 0.00000000000000000e+00; 0.00000000000000000e+00;;-2.16412041849461548e+03; 1.18774267968268396e+03; 1.22533382036516514e+00; 6.826e-02; 5.80630000000000000e+04; 5.80630000000000000e+04; 5.80630000000000000e+04; nan; -1.20808709306783072e+02; 4.20274558884557393e+02; 4.23354044310649158e+02; -2.98192504456395568e+02; 4.23743366179634847e+02; -1.20829215220134003e+02; 6.95216914114367626e+01; -2.98509407312648023e+02;;-2.16412041849461548e+03; 1.18774267968268396e+03; 4.69414111544261914e+00; 6.826e-02; 5.80630000000000000e+04; 5.80630000000000000e+04; 5.80630000000000000e+04; nan; -1.20808709306783072e+02; 4.20274558884557393e+02; 4.23354044310649158e+02; -2.98192504456395568e+02; 4.23743366179634847e+02; -1.20829215220134003e+02; 6.95216914114367626e+01; -2.98509407312648023e+02;;-2.16412041849461548e+03; 1.18774267968268396e+03; 5.45777409306783056e+02; 6.826e-02; 5.80630000000000000e+04; 5.80630000000000000e+04; 5.80630000000000000e+04; nan; -1.20808709306783072e+02; 4.20274558884557393e+02; 4.23354044310649158e+02; -2.98192504456395568e+02; 4.23743366179634847e+02; -1.20829215220134003e+02; 6.95216914114367626e+01; -2.98509407312648023e+02;;-2.16412041849461548e+03; 1.18774267968268396e+03; 7.23161204456395581e+02; 6.826e-02; 5.80630000000000000e+04; 5.80630000000000000e+04; 5.80630000000000000e+04; nan; -1.20808709306783072e+02; 4.20274558884557393e+02; 4.23354044310649158e+02; -2.98192504456395568e+02; 4.23743366179634847e+02; -1.20829215220134003e+02; 6.95216914114367626e+01; -2.98509407312648023e+02;;-2.16412041849461548e+03; 1.18774267968268396e+03; 7.23478107312648035e+02; 6.826e-02; 5.80630000000000000e+04; 5.80630000000000000e+04; 5.80630000000000000e+04; nan; -1.20808709306783072e+02; 4.20274558884557393e+02; 4.23354044310649158e+02; -2.98192504456395568e+02; 4.23743366179634847e+02; -1.20829215220134003e+02; 6.95216914114367626e+01; -2.98509407312648023e+02;;
David Pivovar - Imperialist Competitive Algorithm - OpenCL_60; 0; 3.750e+02 ± 2.739e+02; 1.540e+03 ± 0.000e+00; 9.379e+04 ± 0.000e+00; 9.379e+04 ± 0.000e+00; nan ± nan; ;-1.81211188855410228e+03; 1.53975120962319716e+03; 3.74971573583425936e+02; 4.996e+01; 9.37870000000000000e+04; 9.37870000000000000e+04; 9.37870000000000000e+04; nan; 2.07809187244991762e+02; -2.98513442834724628e+02; -1.20829046477091481e+02; 2.07774679425281391e+02; 4.24894671438787498e+02; 6.95478375788195819e+01; 2.07815081059838292e+02; -2.98521956103309776e+02;;0.00000000000000000e+00; 0.00000000000000000e+00; 2.73929260453133850e+02; 0.000e+00; 0.00000000000000000e+00; 0.00000000000000000e+00; 0.00000000000000000e+00; nan; 0.00000000000000000e+00; 0.00000000000000000e+00; 0.00000000000000000e+00; 0.00000000000000000e+00; 0.00000000000000000e+00; 0.00000000000000000e+00; 0.00000000000000000e+00; 0.00000000000000000e+00;;-1.81211188855410228e+03; 1.53975120962319716e+03; 7.40285612125148873e-02; 4.996e+01; 9.37870000000000000e+04; 9.37870000000000000e+04; 9.37870000000000000e+04; nan; 2.07809187244991762e+02; -2.98513442834724628e+02; -1.20829046477091481e+02; 2.07774679425281391e+02; 4.24894671438787498e+02; 6.95478375788195819e+01; 2.07815081059838292e+02; -2.98521956103309776e+02;;-1.81211188855410228e+03; 1.53975120962319716e+03; 2.17159512755008251e+02; 4.996e+01; 9.37870000000000000e+04; 9.37870000000000000e+04; 9.37870000000000000e+04; nan; 2.07809187244991762e+02; -2.98513442834724628e+02; -1.20829046477091481e+02; 2.07774679425281391e+02; 4.24894671438787498e+02; 6.95478375788195819e+01; 2.07815081059838292e+02; -2.98521956103309776e+02;;-1.81211188855410228e+03; 1.53975120962319716e+03; 3.55420862421180459e+02; 4.996e+01; 9.37870000000000000e+04; 9.37870000000000000e+04; 9.37870000000000000e+04; nan; 2.07809187244991762e+02; -2.98513442834724628e+02; -1.20829046477091481e+02; 2.07774679425281391e+02; 4.24894671438787498e+02; 6.95478375788195819e+01; 2.07815081059838292e+02; -2.98521956103309776e+02;;-1.81211188855410228e+03; 1.53975120962319716e+03; 7.23482142834724641e+02; 4.996e+01; 9.37870000000000000e+04; 9.37870000000000000e+04; 9.37870000000000000e+04; nan; 2.07809187244991762e+02; -2.98513442834724628e+02; -1.20829046477091481e+02; 2.07774679425281391e+02; 4.24894671438787498e+02; 6.95478375788195819e+01; 2.07815081059838292e+02; -2.98521956103309776e+02;;-1.81211188855410228e+03; 1.53975120962319716e+03; 7.23490656103309789e+02; 4.996e+01; 9.37870000000000000e+04; 9.37870000000000000e+04; 9.37870000000000000e+04; nan; 2.07809187244991762e+02; -2.98513442834724628e+02; -1.20829046477091481e+02; 2.07774679425281391e+02; 4.24894671438787498e+02; 6.95478375788195819e+01; 2.07815081059838292e+02; -2.98521956103309776e+02;;
David Pivovar - Imperialist Competitive Algorithm - SMP_40; 0; 3.938e+02 ± 3.332e+02; 1.086e+03 ± 0.000e+00; 7.631e+04 ± 0.000e+00; 7.631e+04 ± 0.000e+00; nan ± nan; ;-2.26616181500682796e+03; 1.08570128317047147e+03; 3.93829230860399264e+02; 8.230e-02; 7.63090000000000000e+04; 7.63090000000000000e+04; 7.63090000000000000e+04; nan; 2.07814288875698537e+02; 4.24963253458656595e+02; -2.98523196882186937e+02; -2.98524735821576314e+02; 4.24926799427096682e+02; 2.07812475541541744e+02; -1.20829354123815236e+02; -2.98523777358609266e+02;;0.00000000000000000e+00; 0.00000000000000000e+00; 3.33217720104877969e+02; 0.000e+00; 0.00000000000000000e+00; 0.00000000000000000e+00; 0.00000000000000000e+00; nan; 0.00000000000000000e+00; 0.00000000000000000e+00; 0.00000000000000000e+00; 0.00000000000000000e+00; 0.00000000000000000e+00; 0.00000000000000000e+00; 0.00000000000000000e+00; 0.00000000000000000e+00;;-2.26616181500682796e+03; 1.08570128317047147e+03; 5.44654134341726603e-03; 8.230e-02; 7.63090000000000000e+04; 7.63090000000000000e+04; 7.63090000000000000e+04; nan; 2.07814288875698537e+02; 4.24963253458656595e+02; -2.98523196882186937e+02; -2.98524735821576314e+02; 4.24926799427096682e+02; 2.07812475541541744e+02; -1.20829354123815236e+02; -2.98523777358609266e+02;;-2.26616181500682796e+03; 1.08570128317047147e+03; 2.17154411124301475e+02; 8.230e-02; 7.63090000000000000e+04; 7.63090000000000000e+04; 7.63090000000000000e+04; nan; 2.07814288875698537e+02; 4.24963253458656595e+02; -2.98523196882186937e+02; -2.98524735821576314e+02; 4.24926799427096682e+02; 2.07812475541541744e+02; -1.20829354123815236e+02; -2.98523777358609266e+02;;-2.26616181500682796e+03; 1.08570128317047147e+03; 5.45798054123815291e+02; 8.230e-02; 7.63090000000000000e+04; 7.63090000000000000e+04; 7.63090000000000000e+04; nan; 2.07814288875698537e+02; 4.24963253458656595e+02; -2.98523196882186937e+02; -2.98524735821576314e+02; 4.24926799427096682e+02; 2.07812475541541744e+02; -1.20829354123815236e+02; -2.98523777358609266e+02;;-2.26616181500682796e+03; 1.08570128317047147e+03; 7.23492477358609221e+02; 8.230e-02; 7.63090000000000000e+04; 7.63090000000000000e+04; 7.63090000000000000e+04; nan; 2.07814288875698537e+02; 4.24963253458656595e+02; -2.98523196882186937e+02; -2.98524735821576314e+02; 4.24926799427096682e+02; 2.07812475541541744e+02; -1.20829354123815236e+02; -2.98523777358609266e+02;;-2.26616181500682796e+03; 1.08570128317047147e+03; 7.23493435821576327e+02; 8.230e-02; 7.63090000000000000e+04; 7.63090000000000000e+04; 7.63090000000000000e+04; nan; 2.07814288875698537e+02; 4.24963253458656595e+02; -2.98523196882186937e+02; -2.98524735821576314e+02; 4.24926799427096682e+02; 2.07812475541541744e+02; -1.20829354123815236e+02; -2.98523777358609266e+02;;
David Pivovar - Imperialist Competitive Algorithm - Serial_60; 0; 4.160e+02 ± 3.516e+02; 9.080e+02 ± 0.000e+00; 4.332e+05 ± 0.000e+00; 4.332e+05 ± 0.000e+00; nan ± nan; ;-2.44383042057201919e+03; 9.08032677605280242e+02; 4.16035431625878573e+02; 3.750e-01; 4.33245000000000000e+05; 4.33245000000000000e+05; 4.33245000000000000e+05; nan; -2.98523611184131425e+02; -2.98524834156028533e+02; -2.98524906153090853e+02; 2.07814248015122615e+02; -2.98524902978842022e+02; 2.07814106887251313e+02; 4.24967822260380672e+02; 4.24968224302309522e+02;;0.00000000000000000e+00; 0.00000000000000000e+00; 3.51567553501262580e+02; 0.000e+00; 0.00000000000000000e+00; 0.00000000000000000e+00; 0.00000000000000000e+00; nan; 0.00000000000000000e+00; 0.00000000000000000e+00; 0.00000000000000000e+00; 0.00000000000000000e+00; 0.00000000000000000e+00; 0.00000000000000000e+00; 0.00000000000000000e+00; 0.00000000000000000e+00;;-2.44383042057201919e+03; 9.08032677605280242e+02; 4.75697690490051173e-04; 3.750e-01; 4.33245000000000000e+05; 4.33245000000000000e+05; 4.33245000000000000e+05; nan; -2.98523611184131425e+02; -2.98524834156028533e+02; -2.98524906153090853e+02; 2.07814248015122615e+02; -2.98524902978842022e+02; 2.07814106887251313e+02; 4.24967822260380672e+02; 4.24968224302309522e+02;;-2.44383042057201919e+03; 9.08032677605280242e+02; 2.17154451984877397e+02; 3.750e-01; 4.33245000000000000e+05; 4.33245000000000000e+05; 4.33245000000000000e+05; nan; -2.98523611184131425e+02; -2.98524834156028533e+02; -2.98524906153090853e+02; 2.07814248015122615e+02; -2.98524902978842022e+02; 2.07814106887251313e+02; 4.24967822260380672e+02; 4.24968224302309522e+02;;-2.44383042057201919e+03; 9.08032677605280242e+02; 7.23492311184131495e+02; 3.750e-01; 4.33245000000000000e+05; 4.33245000000000000e+05; 4.33245000000000000e+05; nan; -2.98523611184131425e+02; -2.98524834156028533e+02; -2.98524906153090853e+02; 2.07814248015122615e+02; -2.98524902978842022e+02; 2.07814106887251313e+02; 4.24967822260380672e+02; 4.24968224302309522e+02;;-2.44383042057201919e+03; 9.08032677605280242e+02; 7.23493602978842091e+02; 3.750e-01; 4.33245000000000000e+05; 4.33245000000000000e+05; 4.33245000000000000e+05; nan; -2.98523611184131425e+02; -2.98524834156028533e+02; -2.98524906153090853e+02; 2.07814248015122615e+02; -2.98524902978842022e+02; 2.07814106887251313e+02; 4.24967822260380672e+02; 4.24968224302309522e+02;;-2.44383042057201919e+03; 9.08032677605280242e+02; 7.23493606153090923e+02; 3.750e-01; 4.33245000000000000e+05; 4.33245000000000000e+05; 4.33245000000000000e+05; nan; -2.98523611184131425e+02; -2.98524834156028533e+02; -2.98524906153090853e+02; 2.07814248015122615e+02; -2.98524902978842022e+02; 2.07814106887251313e+02; 4.24967822260380672e+02; 4.24968224302309522e+02;;
David Pivovar - Imperialist Competitive Algorithm - OpenCL_15; 0; 4.509e+02 ± 3.122e+02; 1.350e+03 ± 0.000e+00; 8.826e+03 ± 0.000e+00; 8.826e+03 ± 0.000e+00; nan ± nan; ;-2.00182031535362808e+03; 1.35004278282367136e+03; 4.50907059201860875e+02; 4.879e+00; 8.82600000000000000e+03; 8.82600000000000000e+03; 8.82600000000000000e+03; nan; -2.82046047304343631e+02; -1.22433391274585659e+02; 4.21596402577716162e+02; -1.20592280659394916e+02; 4.16757269189737428e+02; 6.88973018294372110e+01; -2.94485833082773127e+02; -2.95200294890680539e+02;;0.00000000000000000e+00; 0.00000000000000000e+00; 3.12247959827612533e+02; 0.000e+00; 0.00000000000000000e+00; 0.00000000000000000e+00; 0.00000000000000000e+00; nan; 0.00000000000000000e+00; 0.00000000000000000e+00; 0.00000000000000000e+00; 0.00000000000000000e+00; 0.00000000000000000e+00; 0.00000000000000000e+00; 0.00000000000000000e+00; 0.00000000000000000e+00;;-2.00182031535362808e+03; 1.35004278282367136e+03; 3.37229742228385021e+00; 4.879e+00; 8.82600000000000000e+03; 8.82600000000000000e+03; 8.82600000000000000e+03; nan; -2.82046047304343631e+02; -1.22433391274585659e+02; 4.21596402577716162e+02; -1.20592280659394916e+02; 4.16757269189737428e+02; 6.88973018294372110e+01; -2.94485833082773127e+02; -2.95200294890680539e+02;;-2.00182031535362808e+03; 1.35004278282367136e+03; 3.56071398170562816e+02; 4.879e+00; 8.82600000000000000e+03; 8.82600000000000000e+03; 8.82600000000000000e+03; nan; -2.82046047304343631e+02; -1.22433391274585659e+02; 4.21596402577716162e+02; -1.20592280659394916e+02; 4.16757269189737428e+02; 6.88973018294372110e+01; -2.94485833082773127e+02; -2.95200294890680539e+02;;-2.00182031535362808e+03; 1.35004278282367136e+03; 5.47402091274585700e+02; 4.879e+00; 8.82600000000000000e+03; 8.82600000000000000e+03; 8.82600000000000000e+03; nan; -2.82046047304343631e+02; -1.22433391274585659e+02; 4.21596402577716162e+02; -1.20592280659394916e+02; 4.16757269189737428e+02; 6.88973018294372110e+01; -2.94485833082773127e+02; -2.95200294890680539e+02;;-2.00182031535362808e+03; 1.35004278282367136e+03; 7.19454533082773196e+02; 4.879e+00; 8.82600000000000000e+03; 8.82600000000000000e+03; 8.82600000000000000e+03; nan; -2.82046047304343631e+02; -1.22433391274585659e+02; 4.21596402577716162e+02; -1.20592280659394916e+02; 4.16757269189737428e+02; 6.88973018294372110e+01; -2.94485833082773127e+02; -2.95200294890680539e+02;;-2.00182031535362808e+03; 1.35004278282367136e+03; 7.20168994890680551e+02; 4.879e+00; 8.82600000000000000e+03; 8.82600000000000000e+03; 8.82600000000000000e+03; nan; -2.82046047304343631e+02; -1.22433391274585659e+02; 4.21596402577716162e+02; -1.20592280659394916e+02; 4.16757269189737428e+02; 6.88973018294372110e+01; -2.94485833082773127e+02; -2.95200294890680539e+02;;
David Pivovar - Imperialist Competitive Algorithm - SMP_60; 0; 4.795e+02 ± 3.561e+02; 8.096e+02 ± 0.000e+00; 3.788e+05 ± 0.000e+00; 3.788e+05 ± 0.000e+00; nan ± nan; ;-2.54228875034519206e+03; 8.09574347832107378e+02; 4.79511361872701627e+02; 4.059e-01; 3.78827000000000000e+05; 3.78827000000000000e+05; 3.78827000000000000e+05; nan; -2.98453965850014242e+02; -2.98371773871172252e+02; 4.24136783673437094e+02; -2.98453236052217164e+02; -2.98421165324712717e+02; 2.07808983618573478e+02; -2.98466432003872399e+02; 4.23879510828365312e+02;;0.00000000000000000e+00; 0.00000000000000000e+00; 3.56103578526464844e+02; 0.000e+00; 0.00000000000000000e+00; 0.00000000000000000e+00; 0.00000000000000000e+00; nan; 0.00000000000000000e+00; 0.00000000000000000e+00; 0.00000000000000000e+00; 0.00000000000000000e+00; 0.00000000000000000e+00; 0.00000000000000000e+00; 0.00000000000000000e+00; 0.00000000000000000e+00;;-2.54228875034519206e+03; 8.09574347832107378e+02; 8.31916326562918584e-01; 4.059e-01; 3.78827000000000000e+05; 3.78827000000000000e+05; 3.78827000000000000e+05; nan; -2.98453965850014242e+02; -2.98371773871172252e+02; 4.24136783673437094e+02; -2.98453236052217164e+02; -2.98421165324712717e+02; 2.07808983618573478e+02; -2.98466432003872399e+02; 4.23879510828365312e+02;;-2.54228875034519206e+03; 8.09574347832107378e+02; 2.17159716381426534e+02; 4.059e-01; 3.78827000000000000e+05; 3.78827000000000000e+05; 3.78827000000000000e+05; nan; -2.98453965850014242e+02; -2.98371773871172252e+02; 4.24136783673437094e+02; -2.98453236052217164e+02; -2.98421165324712717e+02; 2.07808983618573478e+02; -2.98466432003872399e+02; 4.23879510828365312e+02;;-2.54228875034519206e+03; 8.09574347832107378e+02; 7.23389865324712673e+02; 4.059e-01; 3.78827000000000000e+05; 3.78827000000000000e+05; 3.78827000000000000e+05; nan; -2.98453965850014242e+02; -2.98371773871172252e+02; 4.24136783673437094e+02; -2.98453236052217164e+02; -2.98421165324712717e+02; 2.07808983618573478e+02; -2.98466432003872399e+02; 4.23879510828365312e+02;;-2.54228875034519206e+03; 8.09574347832107378e+02; 7.23422665850014255e+02; 4.059e-01; 3.78827000000000000e+05; 3.78827000000000000e+05; 3.78827000000000000e+05; nan; -2.98453965850014242e+02; -2.98371773871172252e+02; 4.24136783673437094e+02; -2.98453236052217164e+02; -2.98421165324712717e+02; 2.07808983618573478e+02; -2.98466432003872399e+02; 4.23879510828365312e+02;;-2.54228875034519206e+03; 8.09574347832107378e+02; 7.23435132003872468e+02; 4.059e-01; 3.78827000000000000e+05; 3.78827000000000000e+05; 3.78827000000000000e+05; nan; -2.98453965850014242e+02; -2.98371773871172252e+02; 4.24136783673437094e+02; -2.98453236052217164e+02; -2.98421165324712717e+02; 2.07808983618573478e+02; -2.98466432003872399e+02; 4.23879510828365312e+02;;
David Pivovar - Imperialist Competitive Algorithm - Serial_25; 0; 4.982e+02 ± 3.291e+02; 1.066e+03 ± 0.000e+00; 1.969e+05 ± 0.000e+00; 1.969e+05 ± 0.000e+00; nan ± nan; ;-2.28589585533723493e+03; 1.06596724284006450e+03; 4.98203833685145014e+02; 1.703e-01; 1.96915000000000000e+05; 1.96915000000000000e+05; 1.96915000000000000e+05; nan; -2.98524785035031755e+02; -2.98523807725578195e+02; -1.20829354540853600e+02; -2.98524278727275828e+02; 4.24968193306219689e+02; 4.24907287384905544e+02; -1.20829410840776646e+02; -2.98524913302768994e+02;;0.00000000000000000e+00; 0.00000000000000000e+00; 3.29078889092627833e+02; 0.000e+00; 0.00000000000000000e+00; 0.00000000000000000e+00; 0.00000000000000000e+00; nan; 0.00000000000000000e+00; 0.00000000000000000e+00; 0.00000000000000000e+00; 0.00000000000000000e+00; 0.00000000000000000e+00; 0.00000000000000000e+00; 0.00000000000000000e+00; 0.00000000000000000e+00;;-2.28589585533723493e+03; 1.06596724284006450e+03; 5.06693780323530518e-04; 1.703e-01; 1.96915000000000000e+05; 1.96915000000000000e+05; 1.96915000000000000e+05; nan; -2.98524785035031755e+02; -2.98523807725578195e+02; -1.20829354540853600e+02; -2.98524278727275828e+02; 4.24968193306219689e+02; 4.24907287384905544e+02; -1.20829410840776646e+02; -2.98524913302768994e+02;;-2.28589585533723493e+03; 1.06596724284006450e+03; 5.45798054540853627e+02; 1.703e-01; 1.96915000000000000e+05; 1.96915000000000000e+05; 1.96915000000000000e+05; nan; -2.98524785035031755e+02; -2.98523807725578195e+02; -1.20829354540853600e+02; -2.98524278727275828e+02; 4.24968193306219689e+02; 4.24907287384905544e+02; -1.20829410840776646e+02; -2.98524913302768994e+02;;-2.28589585533723493e+03; 1.06596724284006450e+03; 7.23492507725578207e+02; 1.703e-01; 1.96915000000000000e+05; 1.96915000000000000e+05; 1.96915000000000000e+05; nan; -2.98524785035031755e+02; -2.98523807725578195e+02; -1.20829354540853600e+02; -2.98524278727275828e+02; 4.24968193306219689e+02; 4.24907287384905544e+02; -1.20829410840776646e+02; -2.98524913302768994e+02;;-2.28589585533723493e+03; 1.06596724284006450e+03; 7.23493485035031767e+02; 1.703e-01; 1.96915000000000000e+05; 1.96915000000000000e+05; 1.96915000000000000e+05; nan; -2.98524785035031755e+02; -2.98523807725578195e+02; -1.20829354540853600e+02; -2.98524278727275828e+02; 4.24968193306219689e+02; 4.24907287384905544e+02; -1.20829410840776646e+02; -2.98524913302768994e+02;;-2.28589585533723493e+03; 1.06596724284006450e+03; 7.23493613302769063e+02; 1.703e-01; 1.96915000000000000e+05; 1.96915000000000000e+05; 1.96915000000000000e+05; nan; -2.98524785035031755e+02; -2.98523807725578195e+02; -1.20829354540853600e+02; -2.98524278727275828e+02; 4.24968193306219689e+02; 4.24907287384905544e+02; -1.20829410840776646e+02; -2.98524913302768994e+02;;
David Pivovar - Imperialist Competitive Algorithm - Serial_100; 0; 5.204e+02 ± 3.393e+02; 8.883e+02 ± 0.000e+00; 3.894e+05 ± 0.000e+00; 3.894e+05 ± 0.000e+00; nan ± nan; ;-2.46355459821716704e+03; 8.88308499960132394e+02; 5.20438963795202767e+02; 3.560e-01; 3.89447000000000000e+05; 3.89447000000000000e+05; 3.89447000000000000e+05; nan; -2.98496367691178193e+02; 4.24875984099117886e+02; -2.98518303348762402e+02; 4.24706870061897632e+02; -1.20823390989738670e+02; -2.98495424065738916e+02; -2.98490662984785047e+02; -2.98520815442434355e+02;;0.00000000000000000e+00; 0.00000000000000000e+00; 3.39252884866815862e+02; 0.000e+00; 0.00000000000000000e+00; 0.00000000000000000e+00; 0.00000000000000000e+00; nan; 0.00000000000000000e+00; 0.00000000000000000e+00; 0.00000000000000000e+00; 0.00000000000000000e+00; 0.00000000000000000e+00; 0.00000000000000000e+00; 0.00000000000000000e+00; 0.00000000000000000e+00;;-2.46355459821716704e+03; 8.88308499960132394e+02; 9.27159008821263342e-02; 3.560e-01; 3.89447000000000000e+05; 3.89447000000000000e+05; 3.89447000000000000e+05; nan; -2.98496367691178193e+02; 4.24875984099117886e+02; -2.98518303348762402e+02; 4.24706870061897632e+02; -1.20823390989738670e+02; -2.98495424065738916e+02; -2.98490662984785047e+02; -2.98520815442434355e+02;;-2.46355459821716704e+03; 8.88308499960132394e+02; 5.45792090989738654e+02; 3.560e-01; 3.89447000000000000e+05; 3.89447000000000000e+05; 3.89447000000000000e+05; nan; -2.98496367691178193e+02; 4.24875984099117886e+02; -2.98518303348762402e+02; 4.24706870061897632e+02; -1.20823390989738670e+02; -2.98495424065738916e+02; -2.98490662984785047e+02; -2.98520815442434355e+02;;-2.46355459821716704e+03; 8.88308499960132394e+02; 7.23464124065738929e+02; 3.560e-01; 3.89447000000000000e+05; 3.89447000000000000e+05; 3.89447000000000000e+05; nan; -2.98496367691178193e+02; 4.24875984099117886e+02; -2.98518303348762402e+02; 4.24706870061897632e+02; -1.20823390989738670e+02; -2.98495424065738916e+02; -2.98490662984785047e+02; -2.98520815442434355e+02;;-2.46355459821716704e+03; 8.88308499960132394e+02; 7.23487003348762414e+02; 3.560e-01; 3.89447000000000000e+05; 3.89447000000000000e+05; 3.89447000000000000e+05; nan; -2.98496367691178193e+02; 4.24875984099117886e+02; -2.98518303348762402e+02; 4.24706870061897632e+02; -1.20823390989738670e+02; -2.98495424065738916e+02; -2.98490662984785047e+02; -2.98520815442434355e+02;;-2.46355459821716704e+03; 8.88308499960132394e+02; 7.23489515442434367e+02; 3.560e-01; 3.89447000000000000e+05; 3.89447000000000000e+05; 3.89447000000000000e+05; nan; -2.98496367691178193e+02; 4.24875984099117886e+02; -2.98518303348762402e+02; 4.24706870061897632e+02; -1.20823390989738670e+02; -2.98495424065738916e+02; -2.98490662984785047e+02; -2.98520815442434355e+02;;
David Pivovar - Imperialist Competitive Algorithm - SMP_100; 0; 5.476e+02 ± 2.945e+02; 1.105e+03 ± 0.000e+00; 2.049e+05 ± 0.000e+00; 2.049e+05 ± 0.000e+00; nan ± nan; ;-2.24642504190976479e+03; 1.10543805626753465e+03; 5.47552479923661167e+02; 2.283e-01; 2.04936000000000000e+05; 2.04936000000000000e+05; 2.04936000000000000e+05; nan; -2.98524934531441886e+02; -2.98524935547931591e+02; -2.98524827753670934e+02; -2.98524358928955166e+02; -2.98524741181360014e+02; -1.20829361002443676e+02; 2.07814247847033045e+02; 4.24968728290519039e+02;;0.00000000000000000e+00; 0.00000000000000000e+00; 2.94502386997672772e+02; 0.000e+00; 0.00000000000000000e+00; 0.00000000000000000e+00; 0.00000000000000000e+00; nan; 0.00000000000000000e+00; 0.00000000000000000e+00; 0.00000000000000000e+00; 0.00000000000000000e+00; 0.00000000000000000e+00; 0.00000000000000000e+00; 0.00000000000000000e+00; 0.00000000000000000e+00;;-2.24642504190976479e+03; 1.10543805626753465e+03; 2.82905190260862582e-05; 2.283e-01; 2.04936000000000000e+05; 2.04936000000000000e+05; 2.04936000000000000e+05; nan; -2.98524934531441886e+02; -2.98524935547931591e+02; -2.98524827753670934e+02; -2.98524358928955166e+02; -2.98524741181360014e+02; -1.20829361002443676e+02; 2.07814247847033045e+02; 4.24968728290519039e+02;;-2.24642504190976479e+03; 1.10543805626753465e+03; 5.45798061002443660e+02; 2.283e-01; 2.04936000000000000e+05; 2.04936000000000000e+05; 2.04936000000000000e+05; nan; -2.98524934531441886e+02; -2.98524935547931591e+02; -2.98524827753670934e+02; -2.98524358928955166e+02; -2.98524741181360014e+02; -1.20829361002443676e+02; 2.07814247847033045e+02; 4.24968728290519039e+02;;-2.24642504190976479e+03; 1.10543805626753465e+03; 7.23493441181360026e+02; 2.283e-01; 2.04936000000000000e+05; 2.04936000000000000e+05; 2.04936000000000000e+05; nan; -2.98524934531441886e+02; -2.98524935547931591e+02; -2.98524827753670934e+02; -2.98524358928955166e+02; -2.98524741181360014e+02; -1.20829361002443676e+02; 2.07814247847033045e+02; 4.24968728290519039e+02;;-2.24642504190976479e+03; 1.10543805626753465e+03; 7.23493634531441899e+02; 2.283e-01; 2.04936000000000000e+05; 2.04936000000000000e+05; 2.04936000000000000e+05; nan; -2.98524934531441886e+02; -2.98524935547931591e+02; -2.98524827753670934e+02; -2.98524358928955166e+02; -2.98524741181360014e+02; -1.20829361002443676e+02; 2.07814247847033045e+02; 4.24968728290519039e+02;;-2.24642504190976479e+03; 1.10543805626753465e+03; 7.23493635547931603e+02; 2.283e-01; 2.04936000000000000e+05; 2.04936000000000000e+05; 2.04936000000000000e+05; nan; -2.98524934531441886e+02; -2.98524935547931591e+02; -2.98524827753670934e+02; -2.98524358928955166e+02; -2.98524741181360014e+02; -1.20829361002443676e+02; 2.07814247847033045e+02; 4.24968728290519039e+02;;

--=== Schwefel evaluation completed. ===--

--=== Evaluating solvers on Griewank with problem size = 8... ===--
Problem ordinal number: 6
upper_bound[0]=6.000e+02, optimum_parameter[0]=4.000e+00, optimum_fitness=0.000e+00

Executing David Pivovar - Imperialist Competitive Algorithm - Serial_7...
Executing David Pivovar - Imperialist Competitive Algorithm - Serial_15...
Executing David Pivovar - Imperialist Competitive Algorithm - Serial_25...
Executing David Pivovar - Imperialist Competitive Algorithm - Serial_40...
Executing David Pivovar - Imperialist Competitive Algorithm - Serial_60...
Executing David Pivovar - Imperialist Competitive Algorithm - Serial_100...
Executing David Pivovar - Imperialist Competitive Algorithm - SMP_7...
Executing David Pivovar - Imperialist Competitive Algorithm - SMP_15...
Executing David Pivovar - Imperialist Competitive Algorithm - SMP_25...
Executing David Pivovar - Imperialist Competitive Algorithm - SMP_40...
Executing David Pivovar - Imperialist Competitive Algorithm - SMP_60...
Executing David Pivovar - Imperialist Competitive Algorithm - SMP_100...
Executing David Pivovar - Imperialist Competitive Algorithm - OpenCL_7...
Executing David Pivovar - Imperialist Competitive Algorithm - OpenCL_15...
Executing David Pivovar - Imperialist Competitive Algorithm - OpenCL_25...
Executing David Pivovar - Imperialist Competitive Algorithm - OpenCL_40...
Executing David Pivovar - Imperialist Competitive Algorithm - OpenCL_60...
Executing David Pivovar - Imperialist Competitive Algorithm - OpenCL_100...

general;;;;;;;;Average;;;;;;;;;; ; ; ; ; ; ; ; Standard Deviation;;;;;;;;;; ; ; ; ; ; ; ; Minimum;;;;;;;;;; ; ; ; ; ; ; ; Q25;;;;;;;;;; ; ; ; ; ; ; ; Median;;;;;;;;;; ; ; ; ; ; ; ; Q75;;;;;;;;;; ; ; ; ; ; ; ; Maximum;;;;;;;;;; ; ; ; ; ; ; ; 
solver; fails; param_err; fitness_err; least_calls; lc_001; param_err001; ; fitness; fitness_err; param_err; time; total calls; least calls; lc_001; pe_001; 0; 1; 2; 3; 4; 5; 6; 7; ; fitness; fitness_err; param_err; time; total calls; least calls; lc_001; pe_001; 0; 1; 2; 3; 4; 5; 6; 7; ; fitness; fitness_err; param_err; time; total calls; least calls; lc_001; pe_001; 0; 1; 2; 3; 4; 5; 6; 7; ; fitness; fitness_err; param_err; time; total calls; least calls; lc_001; pe_001; 0; 1; 2; 3; 4; 5; 6; 7; ; fitness; fitness_err; param_err; time; total calls; least calls; lc_001; pe_001; 0; 1; 2; 3; 4; 5; 6; 7; ; fitness; fitness_err; param_err; time; total calls; least calls; lc_001; pe_001; 0; 1; 2; 3; 4; 5; 6; 7; ; fitness; fitness_err; param_err; time; total calls; least calls; lc_001; pe_001; 0; 1; 2; 3; 4; 5; 6; 7; 
David Pivovar - Imperialist Competitive Algorithm - OpenCL_100; 0; 5.019e+00 ± 4.999e+00; 9.114e-02 ± 0.000e+00; 6.825e+04 ± 0.000e+00; 6.825e+04 ± 0.000e+00; nan ± nan; ;9.11351012173936548e-02; 9.11351012173936548e-02; 5.01870828736109509e+00; 3.598e+01; 6.82450000000000000e+04; 6.82450000000000000e+04; 6.82450000000000000e+04; nan; -2.28004460222724115e+00; -9.31532499373192024e+00; -1.43325174401008915e+00; -2.27066482236268774e+00; 3.99999859781374489e+00; 3.99998441771643298e+00; 4.00000294878890195e+00; 1.28503602032981021e+01;;0.00000000000000000e+00; 0.00000000000000000e+00; 4.99858002086179898e+00; 0.000e+00; 0.00000000000000000e+00; 0.00000000000000000e+00; 0.00000000000000000e+00; nan; 0.00000000000000000e+00; 0.00000000000000000e+00; 0.00000000000000000e+00; 0.00000000000000000e+00; 0.00000000000000000e+00; 0.00000000000000000e+00; 0.00000000000000000e+00; 0.00000000000000000e+00;;9.11351012173936548e-02; 9.11351012173936548e-02; 1.40218625510613037e-06; 3.598e+01; 6.82450000000000000e+04; 6.82450000000000000e+04; 6.82450000000000000e+04; nan; -2.28004460222724115e+00; -9.31532499373192024e+00; -1.43325174401008915e+00; -2.27066482236268774e+00; 3.99999859781374489e+00; 3.99998441771643298e+00; 4.00000294878890195e+00; 1.28503602032981021e+01;;9.11351012173936548e-02; 9.11351012173936548e-02; 1.55822835670171855e-05; 3.598e+01; 6.82450000000000000e+04; 6.82450000000000000e+04; 6.82450000000000000e+04; nan; -2.28004460222724115e+00; -9.31532499373192024e+00; -1.43325174401008915e+00; -2.27066482236268774e+00; 3.99999859781374489e+00; 3.99998441771643298e+00; 4.00000294878890195e+00; 1.28503602032981021e+01;;9.11351012173936548e-02; 9.11351012173936548e-02; 6.27066482236268818e+00; 3.598e+01; 6.82450000000000000e+04; 6.82450000000000000e+04; 6.82450000000000000e+04; nan; -2.28004460222724115e+00; -9.31532499373192024e+00; -1.43325174401008915e+00; -2.27066482236268774e+00; 3.99999859781374489e+00; 3.99998441771643298e+00; 4.00000294878890195e+00; 1.28503602032981021e+01;;9.11351012173936548e-02; 9.11351012173936548e-02; 8.85036020329810214e+00; 3.598e+01; 6.82450000000000000e+04; 6.82450000000000000e+04; 6.82450000000000000e+04; nan; -2.28004460222724115e+00; -9.31532499373192024e+00; -1.43325174401008915e+00; -2.27066482236268774e+00; 3.99999859781374489e+00; 3.99998441771643298e+00; 4.00000294878890195e+00; 1.28503602032981021e+01;;9.11351012173936548e-02; 9.11351012173936548e-02; 1.33153249937319202e+01; 3.598e+01; 6.82450000000000000e+04; 6.82450000000000000e+04; 6.82450000000000000e+04; nan; -2.28004460222724115e+00; -9.31532499373192024e+00; -1.43325174401008915e+00; -2.27066482236268774e+00; 3.99999859781374489e+00; 3.99998441771643298e+00; 4.00000294878890195e+00; 1.28503602032981021e+01;;
David Pivovar - Imperialist Competitive Algorithm - Serial_15; 0; 5.741e+00 ± 3.916e+00; 9.107e-02 ± 0.000e+00; 1.439e+04 ± 0.000e+00; 1.439e+04 ± 0.000e+00; nan ± nan; ;9.10687726564529676e-02; 9.10687726564529676e-02; 5.74117988316137229e+00; 1.447e-02; 1.43930000000000000e+04; 1.43930000000000000e+04; 1.43930000000000000e+04; nan; -5.42006352345204778e+00; 3.99998895308759250e+00; 9.43325497606134000e+00; -2.27065299785724584e+00; 4.00001854715309868e+00; 1.16722575026120694e+01; -4.28281906523228884e+00; 1.28503614060104780e+01;;0.00000000000000000e+00; 0.00000000000000000e+00; 3.91618530450619984e+00; 0.000e+00; 0.00000000000000000e+00; 0.00000000000000000e+00; 0.00000000000000000e+00; nan; 0.00000000000000000e+00; 0.00000000000000000e+00; 0.00000000000000000e+00; 0.00000000000000000e+00; 0.00000000000000000e+00; 0.00000000000000000e+00; 0.00000000000000000e+00; 0.00000000000000000e+00;;9.10687726564529676e-02; 9.10687726564529676e-02; 1.10469124074974445e-05; 1.447e-02; 1.43930000000000000e+04; 1.43930000000000000e+04; 1.43930000000000000e+04; nan; -5.42006352345204778e+00; 3.99998895308759250e+00; 9.43325497606134000e+00; -2.27065299785724584e+00; 4.00001854715309868e+00; 1.16722575026120694e+01; -4.28281906523228884e+00; 1.28503614060104780e+01;;9.10687726564529676e-02; 9.10687726564529676e-02; 5.43325497606134000e+00; 1.447e-02; 1.43930000000000000e+04; 1.43930000000000000e+04; 1.43930000000000000e+04; nan; -5.42006352345204778e+00; 3.99998895308759250e+00; 9.43325497606134000e+00; -2.27065299785724584e+00; 4.00001854715309868e+00; 1.16722575026120694e+01; -4.28281906523228884e+00; 1.28503614060104780e+01;;9.10687726564529676e-02; 9.10687726564529676e-02; 7.67225750261206940e+00; 1.447e-02; 1.43930000000000000e+04; 1.43930000000000000e+04; 1.43930000000000000e+04; nan; -5.42006352345204778e+00; 3.99998895308759250e+00; 9.43325497606134000e+00; -2.27065299785724584e+00; 4.00001854715309868e+00; 1.16722575026120694e+01; -4.28281906523228884e+00; 1.28503614060104780e+01;;9.10687726564529676e-02; 9.10687726564529676e-02; 8.85036140601047805e+00; 1.447e-02; 1.43930000000000000e+04; 1.43930000000000000e+04; 1.43930000000000000e+04; nan; -5.42006352345204778e+00; 3.99998895308759250e+00; 9.43325497606134000e+00; -2.27065299785724584e+00; 4.00001854715309868e+00; 1.16722575026120694e+01; -4.28281906523228884e+00; 1.28503614060104780e+01;;9.10687726564529676e-02; 9.10687726564529676e-02; 9.42006352345204689e+00; 1.447e-02; 1.43930000000000000e+04; 1.43930000000000000e+04; 1.43930000000000000e+04; nan; -5.42006352345204778e+00; 3.99998895308759250e+00; 9.43325497606134000e+00; -2.27065299785724584e+00; 4.00001854715309868e+00; 1.16722575026120694e+01; -4.28281906523228884e+00; 1.28503614060104780e+01;;
David Pivovar - Imperialist Competitive Algorithm - SMP_7; 0; 7.798e+00 ± 5.295e+00; 1.675e-01 ± 0.000e+00; 9.843e+03 ± 0.000e+00; 9.843e+03 ± 0.000e+00; nan ± nan; ;1.67470774098250175e-01; 1.67470774098250175e-01; 7.79762914515881445e+00; 1.086e-02; 9.84300000000000000e+03; 9.84300000000000000e+03; 9.84300000000000000e+03; nan; -1.17001224349355706e+01; -4.38463197150958328e-01; 9.43326584613062202e+00; 1.02706227940638986e+01; -1.00145883075298574e+01; 1.16728749165976442e+01; 3.99927299426605032e+00; 1.28503686591280140e+01;;0.00000000000000000e+00; 0.00000000000000000e+00; 5.29472083331008836e+00; 0.000e+00; 0.00000000000000000e+00; 0.00000000000000000e+00; 0.00000000000000000e+00; nan; 0.00000000000000000e+00; 0.00000000000000000e+00; 0.00000000000000000e+00; 0.00000000000000000e+00; 0.00000000000000000e+00; 0.00000000000000000e+00; 0.00000000000000000e+00; 0.00000000000000000e+00;;1.67470774098250175e-01; 1.67470774098250175e-01; 7.27005733949681598e-04; 1.086e-02; 9.84300000000000000e+03; 9.84300000000000000e+03; 9.84300000000000000e+03; nan; -1.17001224349355706e+01; -4.38463197150958328e-01; 9.43326584613062202e+00; 1.02706227940638986e+01; -1.00145883075298574e+01; 1.16728749165976442e+01; 3.99927299426605032e+00; 1.28503686591280140e+01;;1.67470774098250175e-01; 1.67470774098250175e-01; 5.43326584613062202e+00; 1.086e-02; 9.84300000000000000e+03; 9.84300000000000000e+03; 9.84300000000000000e+03; nan; -1.17001224349355706e+01; -4.38463197150958328e-01; 9.43326584613062202e+00; 1.02706227940638986e+01; -1.00145883075298574e+01; 1.16728749165976442e+01; 3.99927299426605032e+00; 1.28503686591280140e+01;;1.67470774098250175e-01; 1.67470774098250175e-01; 7.67287491659764420e+00; 1.086e-02; 9.84300000000000000e+03; 9.84300000000000000e+03; 9.84300000000000000e+03; nan; -1.17001224349355706e+01; -4.38463197150958328e-01; 9.43326584613062202e+00; 1.02706227940638986e+01; -1.00145883075298574e+01; 1.16728749165976442e+01; 3.99927299426605032e+00; 1.28503686591280140e+01;;1.67470774098250175e-01; 1.67470774098250175e-01; 1.40145883075298574e+01; 1.086e-02; 9.84300000000000000e+03; 9.84300000000000000e+03; 9.84300000000000000e+03; nan; -1.17001224349355706e+01; -4.38463197150958328e-01; 9.43326584613062202e+00; 1.02706227940638986e+01; -1.00145883075298574e+01; 1.16728749165976442e+01; 3.99927299426605032e+00; 1.28503686591280140e+01;;1.67470774098250175e-01; 1.67470774098250175e-01; 1.57001224349355706e+01; 1.086e-02; 9.84300000000000000e+03; 9.84300000000000000e+03; 9.84300000000000000e+03; nan; -1.17001224349355706e+01; -4.38463197150958328e-01; 9.43326584613062202e+00; 1.02706227940638986e+01; -1.00145883075298574e+01; 1.16728749165976442e+01; 3.99927299426605032e+00; 1.28503686591280140e+01;;
David Pivovar - Imperialist Competitive Algorithm - SMP_25; 0; 8.144e+00 ± 7.974e+00; 2.364e-01 ± 0.000e+00; 1.680e+04 ± 0.000e+00; 1.680e+04 ± 0.000e+00; nan ± nan; ;2.36415156176155383e-01; 2.36415156176155383e-01; 8.14383407972625228e+00; 1.436e-02; 1.68030000000000000e+04; 1.68030000000000000e+04; 1.68030000000000000e+04; nan; 1.02800417255017944e+01; 2.61922382203323849e+01; 9.43324410696033944e+00; 3.99999980609481298e+00; -3.00728587689208116e+00; -3.67211775096675197e+00; -1.25657444181573119e+01; 3.99999965490583342e+00;;0.00000000000000000e+00; 0.00000000000000000e+00; 7.97366404489814240e+00; 0.000e+00; 0.00000000000000000e+00; 0.00000000000000000e+00; 0.00000000000000000e+00; nan; 0.00000000000000000e+00; 0.00000000000000000e+00; 0.00000000000000000e+00; 0.00000000000000000e+00; 0.00000000000000000e+00; 0.00000000000000000e+00; 0.00000000000000000e+00; 0.00000000000000000e+00;;2.36415156176155383e-01; 2.36415156176155383e-01; 1.93905187018117431e-07; 1.436e-02; 1.68030000000000000e+04; 1.68030000000000000e+04; 1.68030000000000000e+04; nan; 1.02800417255017944e+01; 2.61922382203323849e+01; 9.43324410696033944e+00; 3.99999980609481298e+00; -3.00728587689208116e+00; -3.67211775096675197e+00; -1.25657444181573119e+01; 3.99999965490583342e+00;;2.36415156176155383e-01; 2.36415156176155383e-01; 5.43324410696033944e+00; 1.436e-02; 1.68030000000000000e+04; 1.68030000000000000e+04; 1.68030000000000000e+04; nan; 1.02800417255017944e+01; 2.61922382203323849e+01; 9.43324410696033944e+00; 3.99999980609481298e+00; -3.00728587689208116e+00; -3.67211775096675197e+00; -1.25657444181573119e+01; 3.99999965490583342e+00;;2.36415156176155383e-01; 2.36415156176155383e-01; 7.00728587689208116e+00; 1.436e-02; 1.68030000000000000e+04; 1.68030000000000000e+04; 1.68030000000000000e+04; nan; 1.02800417255017944e+01; 2.61922382203323849e+01; 9.43324410696033944e+00; 3.99999980609481298e+00; -3.00728587689208116e+00; -3.67211775096675197e+00; -1.25657444181573119e+01; 3.99999965490583342e+00;;2.36415156176155383e-01; 2.36415156176155383e-01; 1.65657444181573119e+01; 1.436e-02; 1.68030000000000000e+04; 1.68030000000000000e+04; 1.68030000000000000e+04; nan; 1.02800417255017944e+01; 2.61922382203323849e+01; 9.43324410696033944e+00; 3.99999980609481298e+00; -3.00728587689208116e+00; -3.67211775096675197e+00; -1.25657444181573119e+01; 3.99999965490583342e+00;;2.36415156176155383e-01; 2.36415156176155383e-01; 2.21922382203323849e+01; 1.436e-02; 1.68030000000000000e+04; 1.68030000000000000e+04; 1.68030000000000000e+04; nan; 1.02800417255017944e+01; 2.61922382203323849e+01; 9.43324410696033944e+00; 3.99999980609481298e+00; -3.00728587689208116e+00; -3.67211775096675197e+00; -1.25657444181573119e+01; 3.99999965490583342e+00;;
David Pivovar - Imperialist Competitive Algorithm - OpenCL_40; 0; 9.336e+00 ± 6.382e+00; 2.412e-01 ± 0.000e+00; 2.875e+04 ± 0.000e+00; 2.875e+04 ± 0.000e+00; nan ± nan; ;2.41153345009843201e-01; 2.41153345009843201e-01; 9.33607389046577296e+00; 1.394e+01; 2.87510000000000000e+04; 2.87510000000000000e+04; 2.87510000000000000e+04; nan; 1.02800448043022197e+01; 8.43844178037952730e+00; -1.22997304668137044e+01; 4.00000034007270422e+00; -1.00145809157302903e+01; 1.16722692542063360e+01; -4.28286505691833685e+00; -1.37006585053030729e+01;;0.00000000000000000e+00; 0.00000000000000000e+00; 6.38162138538730073e+00; 0.000e+00; 0.00000000000000000e+00; 0.00000000000000000e+00; 0.00000000000000000e+00; nan; 0.00000000000000000e+00; 0.00000000000000000e+00; 0.00000000000000000e+00; 0.00000000000000000e+00; 0.00000000000000000e+00; 0.00000000000000000e+00; 0.00000000000000000e+00; 0.00000000000000000e+00;;2.41153345009843201e-01; 2.41153345009843201e-01; 3.40072704219096522e-07; 1.394e+01; 2.87510000000000000e+04; 2.87510000000000000e+04; 2.87510000000000000e+04; nan; 1.02800448043022197e+01; 8.43844178037952730e+00; -1.22997304668137044e+01; 4.00000034007270422e+00; -1.00145809157302903e+01; 1.16722692542063360e+01; -4.28286505691833685e+00; -1.37006585053030729e+01;;2.41153345009843201e-01; 2.41153345009843201e-01; 6.28004480430221967e+00; 1.394e+01; 2.87510000000000000e+04; 2.87510000000000000e+04; 2.87510000000000000e+04; nan; 1.02800448043022197e+01; 8.43844178037952730e+00; -1.22997304668137044e+01; 4.00000034007270422e+00; -1.00145809157302903e+01; 1.16722692542063360e+01; -4.28286505691833685e+00; -1.37006585053030729e+01;;2.41153345009843201e-01; 2.41153345009843201e-01; 8.28286505691833597e+00; 1.394e+01; 2.87510000000000000e+04; 2.87510000000000000e+04; 2.87510000000000000e+04; nan; 1.02800448043022197e+01; 8.43844178037952730e+00; -1.22997304668137044e+01; 4.00000034007270422e+00; -1.00145809157302903e+01; 1.16722692542063360e+01; -4.28286505691833685e+00; -1.37006585053030729e+01;;2.41153345009843201e-01; 2.41153345009843201e-01; 1.62997304668137062e+01; 1.394e+01; 2.87510000000000000e+04; 2.87510000000000000e+04; 2.87510000000000000e+04; nan; 1.02800448043022197e+01; 8.43844178037952730e+00; -1.22997304668137044e+01; 4.00000034007270422e+00; -1.00145809157302903e+01; 1.16722692542063360e+01; -4.28286505691833685e+00; -1.37006585053030729e+01;;2.41153345009843201e-01; 2.41153345009843201e-01; 1.77006585053030747e+01; 1.394e+01; 2.87510000000000000e+04; 2.87510000000000000e+04; 2.87510000000000000e+04; nan; 1.02800448043022197e+01; 8.43844178037952730e+00; -1.22997304668137044e+01; 4.00000034007270422e+00; -1.00145809157302903e+01; 1.16722692542063360e+01; -4.28286505691833685e+00; -1.37006585053030729e+01;;
David Pivovar - Imperialist Competitive Algorithm - OpenCL_15; 0; 9.474e+00 ± 5.492e+00; 2.290e-01 ± 0.000e+00; 7.759e+03 ± 0.000e+00; 7.759e+03 ± 0.000e+00; nan ± nan; ;2.28994516069355170e-01; 2.28994516069355170e-01; 9.47363930495669315e+00; 4.311e+00; 7.75900000000000000e+03; 7.75900000000000000e+03; 7.75900000000000000e+03; nan; -8.56008339812363772e+00; -9.31532066503449663e+00; -1.43323866408258671e+00; -2.27059717542244233e+00; -1.00145903064628623e+01; -1.13444582579375055e+01; 4.00048605726767903e+00; -4.85033991532232900e+00;;0.00000000000000000e+00; 0.00000000000000000e+00; 5.49244032627559875e+00; 0.000e+00; 0.00000000000000000e+00; 0.00000000000000000e+00; 0.00000000000000000e+00; nan; 0.00000000000000000e+00; 0.00000000000000000e+00; 0.00000000000000000e+00; 0.00000000000000000e+00; 0.00000000000000000e+00; 0.00000000000000000e+00; 0.00000000000000000e+00; 0.00000000000000000e+00;;2.28994516069355170e-01; 2.28994516069355170e-01; 4.86057267679029792e-04; 4.311e+00; 7.75900000000000000e+03; 7.75900000000000000e+03; 7.75900000000000000e+03; nan; -8.56008339812363772e+00; -9.31532066503449663e+00; -1.43323866408258671e+00; -2.27059717542244233e+00; -1.00145903064628623e+01; -1.13444582579375055e+01; 4.00048605726767903e+00; -4.85033991532232900e+00;;2.28994516069355170e-01; 2.28994516069355170e-01; 6.27059717542244233e+00; 4.311e+00; 7.75900000000000000e+03; 7.75900000000000000e+03; 7.75900000000000000e+03; nan; -8.56008339812363772e+00; -9.31532066503449663e+00; -1.43323866408258671e+00; -2.27059717542244233e+00; -1.00145903064628623e+01; -1.13444582579375055e+01; 4.00048605726767903e+00; -4.85033991532232900e+00;;2.28994516069355170e-01; 2.28994516069355170e-01; 1.25600833981236377e+01; 4.311e+00; 7.75900000000000000e+03; 7.75900000000000000e+03; 7.75900000000000000e+03; nan; -8.56008339812363772e+00; -9.31532066503449663e+00; -1.43323866408258671e+00; -2.27059717542244233e+00; -1.00145903064628623e+01; -1.13444582579375055e+01; 4.00048605726767903e+00; -4.85033991532232900e+00;;2.28994516069355170e-01; 2.28994516069355170e-01; 1.40145903064628623e+01; 4.311e+00; 7.75900000000000000e+03; 7.75900000000000000e+03; 7.75900000000000000e+03; nan; -8.56008339812363772e+00; -9.31532066503449663e+00; -1.43323866408258671e+00; -2.27059717542244233e+00; -1.00145903064628623e+01; -1.13444582579375055e+01; 4.00048605726767903e+00; -4.85033991532232900e+00;;2.28994516069355170e-01; 2.28994516069355170e-01; 1.53444582579375055e+01; 4.311e+00; 7.75900000000000000e+03; 7.75900000000000000e+03; 7.75900000000000000e+03; nan; -8.56008339812363772e+00; -9.31532066503449663e+00; -1.43323866408258671e+00; -2.27059717542244233e+00; -1.00145903064628623e+01; -1.13444582579375055e+01; 4.00048605726767903e+00; -4.85033991532232900e+00;;
David Pivovar - Imperialist Competitive Algorithm - OpenCL_25; 0; 9.799e+00 ± 5.601e+00; 2.437e-01 ± 0.000e+00; 1.407e+04 ± 0.000e+00; 1.407e+04 ± 0.000e+00; nan ± nan; ;2.43651345662688090e-01; 2.43651345662688090e-01; 9.79908948899667820e+00; 7.566e+00; 1.40710000000000000e+04; 1.40710000000000000e+04; 1.40710000000000000e+04; nan; 4.00000175111240264e+00; -9.31530209070687043e+00; 9.43323260121586848e+00; 1.65412564545156293e+01; 1.80145137209352555e+01; -3.67231356917744067e+00; 2.05657322160695983e+01; -4.85036350824035711e+00;;0.00000000000000000e+00; 0.00000000000000000e+00; 5.60146367736278261e+00; 0.000e+00; 0.00000000000000000e+00; 0.00000000000000000e+00; 0.00000000000000000e+00; nan; 0.00000000000000000e+00; 0.00000000000000000e+00; 0.00000000000000000e+00; 0.00000000000000000e+00; 0.00000000000000000e+00; 0.00000000000000000e+00; 0.00000000000000000e+00; 0.00000000000000000e+00;;2.43651345662688090e-01; 2.43651345662688090e-01; 1.75111240263703394e-06; 7.566e+00; 1.40710000000000000e+04; 1.40710000000000000e+04; 1.40710000000000000e+04; nan; 4.00000175111240264e+00; -9.31530209070687043e+00; 9.43323260121586848e+00; 1.65412564545156293e+01; 1.80145137209352555e+01; -3.67231356917744067e+00; 2.05657322160695983e+01; -4.85036350824035711e+00;;2.43651345662688090e-01; 2.43651345662688090e-01; 7.67231356917744023e+00; 7.566e+00; 1.40710000000000000e+04; 1.40710000000000000e+04; 1.40710000000000000e+04; nan; 4.00000175111240264e+00; -9.31530209070687043e+00; 9.43323260121586848e+00; 1.65412564545156293e+01; 1.80145137209352555e+01; -3.67231356917744067e+00; 2.05657322160695983e+01; -4.85036350824035711e+00;;2.43651345662688090e-01; 2.43651345662688090e-01; 1.25412564545156293e+01; 7.566e+00; 1.40710000000000000e+04; 1.40710000000000000e+04; 1.40710000000000000e+04; nan; 4.00000175111240264e+00; -9.31530209070687043e+00; 9.43323260121586848e+00; 1.65412564545156293e+01; 1.80145137209352555e+01; -3.67231356917744067e+00; 2.05657322160695983e+01; -4.85036350824035711e+00;;2.43651345662688090e-01; 2.43651345662688090e-01; 1.40145137209352555e+01; 7.566e+00; 1.40710000000000000e+04; 1.40710000000000000e+04; 1.40710000000000000e+04; nan; 4.00000175111240264e+00; -9.31530209070687043e+00; 9.43323260121586848e+00; 1.65412564545156293e+01; 1.80145137209352555e+01; -3.67231356917744067e+00; 2.05657322160695983e+01; -4.85036350824035711e+00;;2.43651345662688090e-01; 2.43651345662688090e-01; 1.65657322160695983e+01; 7.566e+00; 1.40710000000000000e+04; 1.40710000000000000e+04; 1.40710000000000000e+04; nan; 4.00000175111240264e+00; -9.31530209070687043e+00; 9.43323260121586848e+00; 1.65412564545156293e+01; 1.80145137209352555e+01; -3.67231356917744067e+00; 2.05657322160695983e+01; -4.85036350824035711e+00;;
David Pivovar - Imperialist Competitive Algorithm - SMP_100; 0; 1.099e+01 ± 7.129e+00; 3.250e-01 ± 0.000e+00; 4.189e+04 ± 0.000e+00; 4.189e+04 ± 0.000e+00; nan ± nan; ;3.25025132049098331e-01; 3.25025132049098331e-01; 1.09945851805069328e+01; 3.799e-02; 4.18880000000000000e+04; 4.18880000000000000e+04; 4.18880000000000000e+04; nan; -8.56008665480976916e+00; -1.81922095817148346e+01; 3.99999856715355451e+00; 1.65412726585262817e+01; 1.10072855851076792e+01; -3.67226742897850889e+00; -4.28286497618910111e+00; 2.17006931258828324e+01;;0.00000000000000000e+00; 0.00000000000000000e+00; 7.12927188625214825e+00; 0.000e+00; 0.00000000000000000e+00; 0.00000000000000000e+00; 0.00000000000000000e+00; nan; 0.00000000000000000e+00; 0.00000000000000000e+00; 0.00000000000000000e+00; 0.00000000000000000e+00; 0.00000000000000000e+00; 0.00000000000000000e+00; 0.00000000000000000e+00; 0.00000000000000000e+00;;3.25025132049098331e-01; 3.25025132049098331e-01; 1.43284644549268592e-06; 3.799e-02; 4.18880000000000000e+04; 4.18880000000000000e+04; 4.18880000000000000e+04; nan; -8.56008665480976916e+00; -1.81922095817148346e+01; 3.99999856715355451e+00; 1.65412726585262817e+01; 1.10072855851076792e+01; -3.67226742897850889e+00; -4.28286497618910111e+00; 2.17006931258828324e+01;;3.25025132049098331e-01; 3.25025132049098331e-01; 7.67226742897850933e+00; 3.799e-02; 4.18880000000000000e+04; 4.18880000000000000e+04; 4.18880000000000000e+04; nan; -8.56008665480976916e+00; -1.81922095817148346e+01; 3.99999856715355451e+00; 1.65412726585262817e+01; 1.10072855851076792e+01; -3.67226742897850889e+00; -4.28286497618910111e+00; 2.17006931258828324e+01;;3.25025132049098331e-01; 3.25025132049098331e-01; 1.25412726585262817e+01; 3.799e-02; 4.18880000000000000e+04; 4.18880000000000000e+04; 4.18880000000000000e+04; nan; -8.56008665480976916e+00; -1.81922095817148346e+01; 3.99999856715355451e+00; 1.65412726585262817e+01; 1.10072855851076792e+01; -3.67226742897850889e+00; -4.28286497618910111e+00; 2.17006931258828324e+01;;3.25025132049098331e-01; 3.25025132049098331e-01; 1.77006931258828324e+01; 3.799e-02; 4.18880000000000000e+04; 4.18880000000000000e+04; 4.18880000000000000e+04; nan; -8.56008665480976916e+00; -1.81922095817148346e+01; 3.99999856715355451e+00; 1.65412726585262817e+01; 1.10072855851076792e+01; -3.67226742897850889e+00; -4.28286497618910111e+00; 2.17006931258828324e+01;;3.25025132049098331e-01; 3.25025132049098331e-01; 2.21922095817148346e+01; 3.799e-02; 4.18880000000000000e+04; 4.18880000000000000e+04; 4.18880000000000000e+04; nan; -8.56008665480976916e+00; -1.81922095817148346e+01; 3.99999856715355451e+00; 1.65412726585262817e+01; 1.10072855851076792e+01; -3.67226742897850889e+00; -4.28286497618910111e+00; 2.17006931258828324e+01;;
David Pivovar - Imperialist Competitive Algorithm - Serial_100; 0; 1.112e+01 ± 1.045e+01; 4.259e-01 ± 0.000e+00; 4.483e+04 ± 0.000e+00; 4.483e+04 ± 0.000e+00; nan ± nan; ;4.25908838541352419e-01; 4.25908838541352419e-01; 1.11212129935875232e+01; 3.774e-02; 4.48260000000000000e+04; 4.48260000000000000e+04; 4.48260000000000000e+04; nan; 3.99999988577119714e+00; -1.81922030282194669e+01; 3.99999977436027399e+00; 1.02706430709529286e+01; -2.40291414256148741e+01; -1.13445236743916897e+01; -4.28285653707136227e+00; 1.28503358725813310e+01;;0.00000000000000000e+00; 0.00000000000000000e+00; 1.04541868351788665e+01; 0.000e+00; 0.00000000000000000e+00; 0.00000000000000000e+00; 0.00000000000000000e+00; nan; 0.00000000000000000e+00; 0.00000000000000000e+00; 0.00000000000000000e+00; 0.00000000000000000e+00; 0.00000000000000000e+00; 0.00000000000000000e+00; 0.00000000000000000e+00; 0.00000000000000000e+00;;4.25908838541352419e-01; 4.25908838541352419e-01; 1.14228802861049417e-07; 3.774e-02; 4.48260000000000000e+04; 4.48260000000000000e+04; 4.48260000000000000e+04; nan; 3.99999988577119714e+00; -1.81922030282194669e+01; 3.99999977436027399e+00; 1.02706430709529286e+01; -2.40291414256148741e+01; -1.13445236743916897e+01; -4.28285653707136227e+00; 1.28503358725813310e+01;;4.25908838541352419e-01; 4.25908838541352419e-01; 6.27064307095292861e+00; 3.774e-02; 4.48260000000000000e+04; 4.48260000000000000e+04; 4.48260000000000000e+04; nan; 3.99999988577119714e+00; -1.81922030282194669e+01; 3.99999977436027399e+00; 1.02706430709529286e+01; -2.40291414256148741e+01; -1.13445236743916897e+01; -4.28285653707136227e+00; 1.28503358725813310e+01;;4.25908838541352419e-01; 4.25908838541352419e-01; 8.85033587258133103e+00; 3.774e-02; 4.48260000000000000e+04; 4.48260000000000000e+04; 4.48260000000000000e+04; nan; 3.99999988577119714e+00; -1.81922030282194669e+01; 3.99999977436027399e+00; 1.02706430709529286e+01; -2.40291414256148741e+01; -1.13445236743916897e+01; -4.28285653707136227e+00; 1.28503358725813310e+01;;4.25908838541352419e-01; 4.25908838541352419e-01; 2.21922030282194669e+01; 3.774e-02; 4.48260000000000000e+04; 4.48260000000000000e+04; 4.48260000000000000e+04; nan; 3.99999988577119714e+00; -1.81922030282194669e+01; 3.99999977436027399e+00; 1.02706430709529286e+01; -2.40291414256148741e+01; -1.13445236743916897e+01; -4.28285653707136227e+00; 1.28503358725813310e+01;;4.25908838541352419e-01; 4.25908838541352419e-01; 2.80291414256148741e+01; 3.774e-02; 4.48260000000000000e+04; 4.48260000000000000e+04; 4.48260000000000000e+04; nan; 3.99999988577119714e+00; -1.81922030282194669e+01; 3.99999977436027399e+00; 1.02706430709529286e+01; -2.40291414256148741e+01; -1.13445236743916897e+01; -4.28285653707136227e+00; 1.28503358725813310e+01;;
David Pivovar - Imperialist Competitive Algorithm - SMP_60; 0; 1.113e+01 ± 5.659e+00; 3.004e-01 ± 0.000e+00; 4.369e+04 ± 0.000e+00; 4.369e+04 ± 0.000e+00; nan ± nan; ;3.00356049725236107e-01; 3.00356049725236107e-01; 1.11276237838102610e+01; 3.593e-02; 4.36930000000000000e+04; 4.36930000000000000e+04; 4.36930000000000000e+04; nan; 2.28401296156991691e+01; -4.38441518088380389e-01; 9.43324291103666113e+00; 1.65412726967490400e+01; -3.00728527193010642e+00; -1.13445390675173918e+01; -1.25657363340006771e+01; -4.85034285546067157e+00;;0.00000000000000000e+00; 0.00000000000000000e+00; 5.65917801671748855e+00; 0.000e+00; 0.00000000000000000e+00; 0.00000000000000000e+00; 0.00000000000000000e+00; nan; 0.00000000000000000e+00; 0.00000000000000000e+00; 0.00000000000000000e+00; 0.00000000000000000e+00; 0.00000000000000000e+00; 0.00000000000000000e+00; 0.00000000000000000e+00; 0.00000000000000000e+00;;3.00356049725236107e-01; 3.00356049725236107e-01; 4.43844151808838028e+00; 3.593e-02; 4.36930000000000000e+04; 4.36930000000000000e+04; 4.36930000000000000e+04; nan; 2.28401296156991691e+01; -4.38441518088380389e-01; 9.43324291103666113e+00; 1.65412726967490400e+01; -3.00728527193010642e+00; -1.13445390675173918e+01; -1.25657363340006771e+01; -4.85034285546067157e+00;;3.00356049725236107e-01; 3.00356049725236107e-01; 7.00728527193010642e+00; 3.593e-02; 4.36930000000000000e+04; 4.36930000000000000e+04; 4.36930000000000000e+04; nan; 2.28401296156991691e+01; -4.38441518088380389e-01; 9.43324291103666113e+00; 1.65412726967490400e+01; -3.00728527193010642e+00; -1.13445390675173918e+01; -1.25657363340006771e+01; -4.85034285546067157e+00;;3.00356049725236107e-01; 3.00356049725236107e-01; 1.25412726967490400e+01; 3.593e-02; 4.36930000000000000e+04; 4.36930000000000000e+04; 4.36930000000000000e+04; nan; 2.28401296156991691e+01; -4.38441518088380389e-01; 9.43324291103666113e+00; 1.65412726967490400e+01; -3.00728527193010642e+00; -1.13445390675173918e+01; -1.25657363340006771e+01; -4.85034285546067157e+00;;3.00356049725236107e-01; 3.00356049725236107e-01; 1.65657363340006754e+01; 3.593e-02; 4.36930000000000000e+04; 4.36930000000000000e+04; 4.36930000000000000e+04; nan; 2.28401296156991691e+01; -4.38441518088380389e-01; 9.43324291103666113e+00; 1.65412726967490400e+01; -3.00728527193010642e+00; -1.13445390675173918e+01; -1.25657363340006771e+01; -4.85034285546067157e+00;;3.00356049725236107e-01; 3.00356049725236107e-01; 1.88401296156991691e+01; 3.593e-02; 4.36930000000000000e+04; 4.36930000000000000e+04; 4.36930000000000000e+04; nan; 2.28401296156991691e+01; -4.38441518088380389e-01; 9.43324291103666113e+00; 1.65412726967490400e+01; -3.00728527193010642e+00; -1.13445390675173918e+01; -1.25657363340006771e+01; -4.85034285546067157e+00;;
David Pivovar - Imperialist Competitive Algorithm - Serial_7; 0; 1.172e+01 ± 8.458e+00; 3.916e-01 ± 0.000e+00; 1.696e+04 ± 0.000e+00; 1.696e+04 ± 0.000e+00; nan ± nan; ;3.91631009549914477e-01; 3.91631009549914477e-01; 1.17193852159665539e+01; 1.556e-02; 1.69580000000000000e+04; 1.69580000000000000e+04; 1.69580000000000000e+04; nan; 1.97001199810869352e+01; -9.31482833115030928e+00; -1.77329711781059096e+01; -1.48119916808354812e+01; 4.00000512764682181e+00; 1.93445397647537973e+01; 3.99954351483498094e+00; 1.28501691789881445e+01;;0.00000000000000000e+00; 0.00000000000000000e+00; 8.45822280580571828e+00; 0.000e+00; 0.00000000000000000e+00; 0.00000000000000000e+00; 0.00000000000000000e+00; nan; 0.00000000000000000e+00; 0.00000000000000000e+00; 0.00000000000000000e+00; 0.00000000000000000e+00; 0.00000000000000000e+00; 0.00000000000000000e+00; 0.00000000000000000e+00; 0.00000000000000000e+00;;3.91631009549914477e-01; 3.91631009549914477e-01; 5.12764682181199305e-06; 1.556e-02; 1.69580000000000000e+04; 1.69580000000000000e+04; 1.69580000000000000e+04; nan; 1.97001199810869352e+01; -9.31482833115030928e+00; -1.77329711781059096e+01; -1.48119916808354812e+01; 4.00000512764682181e+00; 1.93445397647537973e+01; 3.99954351483498094e+00; 1.28501691789881445e+01;;3.91631009549914477e-01; 3.91631009549914477e-01; 8.85016917898814448e+00; 1.556e-02; 1.69580000000000000e+04; 1.69580000000000000e+04; 1.69580000000000000e+04; nan; 1.97001199810869352e+01; -9.31482833115030928e+00; -1.77329711781059096e+01; -1.48119916808354812e+01; 4.00000512764682181e+00; 1.93445397647537973e+01; 3.99954351483498094e+00; 1.28501691789881445e+01;;3.91631009549914477e-01; 3.91631009549914477e-01; 1.53445397647537973e+01; 1.556e-02; 1.69580000000000000e+04; 1.69580000000000000e+04; 1.69580000000000000e+04; nan; 1.97001199810869352e+01; -9.31482833115030928e+00; -1.77329711781059096e+01; -1.48119916808354812e+01; 4.00000512764682181e+00; 1.93445397647537973e+01; 3.99954351483498094e+00; 1.28501691789881445e+01;;3.91631009549914477e-01; 3.91631009549914477e-01; 1.88119916808354830e+01; 1.556e-02; 1.69580000000000000e+04; 1.69580000000000000e+04; 1.69580000000000000e+04; nan; 1.97001199810869352e+01; -9.31482833115030928e+00; -1.77329711781059096e+01; -1.48119916808354812e+01; 4.00000512764682181e+00; 1.93445397647537973e+01; 3.99954351483498094e+00; 1.28501691789881445e+01;;3.91631009549914477e-01; 3.91631009549914477e-01; 2.17329711781059096e+01; 1.556e-02; 1.69580000000000000e+04; 1.69580000000000000e+04; 1.69580000000000000e+04; nan; 1.97001199810869352e+01; -9.31482833115030928e+00; -1.77329711781059096e+01; -1.48119916808354812e+01; 4.00000512764682181e+00; 1.93445397647537973e+01; 3.99954351483498094e+00; 1.28501691789881445e+01;;
David Pivovar - Imperialist Competitive Algorithm - Serial_25; 0; 1.198e+01 ± 1.051e+01; 4.676e-01 ± 0.000e+00; 1.431e+04 ± 0.000e+00; 1.431e+04 ± 0.000e+00; nan ± nan; ;4.67647306820981878e-01; 4.67647306820981878e-01; 1.19763182414791185e+01; 1.245e-02; 1.43130000000000000e+04; 1.43130000000000000e+04; 1.43130000000000000e+04; nan; 7.14002098333595026e+00; 3.06306337411571263e+01; 1.48664725087615963e+01; 1.02706272015112781e+01; -3.00725716371586405e+00; 1.93445081981051636e+01; 3.99999651228602371e+00; 3.05510226475320010e+01;;0.00000000000000000e+00; 0.00000000000000000e+00; 1.05137724692307231e+01; 0.000e+00; 0.00000000000000000e+00; 0.00000000000000000e+00; 0.00000000000000000e+00; nan; 0.00000000000000000e+00; 0.00000000000000000e+00; 0.00000000000000000e+00; 0.00000000000000000e+00; 0.00000000000000000e+00; 0.00000000000000000e+00; 0.00000000000000000e+00; 0.00000000000000000e+00;;4.67647306820981878e-01; 4.67647306820981878e-01; 3.48771397629121793e-06; 1.245e-02; 1.43130000000000000e+04; 1.43130000000000000e+04; 1.43130000000000000e+04; nan; 7.14002098333595026e+00; 3.06306337411571263e+01; 1.48664725087615963e+01; 1.02706272015112781e+01; -3.00725716371586405e+00; 1.93445081981051636e+01; 3.99999651228602371e+00; 3.05510226475320010e+01;;4.67647306820981878e-01; 4.67647306820981878e-01; 6.27062720151127806e+00; 1.245e-02; 1.43130000000000000e+04; 1.43130000000000000e+04; 1.43130000000000000e+04; nan; 7.14002098333595026e+00; 3.06306337411571263e+01; 1.48664725087615963e+01; 1.02706272015112781e+01; -3.00725716371586405e+00; 1.93445081981051636e+01; 3.99999651228602371e+00; 3.05510226475320010e+01;;4.67647306820981878e-01; 4.67647306820981878e-01; 1.08664725087615963e+01; 1.245e-02; 1.43130000000000000e+04; 1.43130000000000000e+04; 1.43130000000000000e+04; nan; 7.14002098333595026e+00; 3.06306337411571263e+01; 1.48664725087615963e+01; 1.02706272015112781e+01; -3.00725716371586405e+00; 1.93445081981051636e+01; 3.99999651228602371e+00; 3.05510226475320010e+01;;4.67647306820981878e-01; 4.67647306820981878e-01; 2.65510226475320010e+01; 1.245e-02; 1.43130000000000000e+04; 1.43130000000000000e+04; 1.43130000000000000e+04; nan; 7.14002098333595026e+00; 3.06306337411571263e+01; 1.48664725087615963e+01; 1.02706272015112781e+01; -3.00725716371586405e+00; 1.93445081981051636e+01; 3.99999651228602371e+00; 3.05510226475320010e+01;;4.67647306820981878e-01; 4.67647306820981878e-01; 2.66306337411571263e+01; 1.245e-02; 1.43130000000000000e+04; 1.43130000000000000e+04; 1.43130000000000000e+04; nan; 7.14002098333595026e+00; 3.06306337411571263e+01; 1.48664725087615963e+01; 1.02706272015112781e+01; -3.00725716371586405e+00; 1.93445081981051636e+01; 3.99999651228602371e+00; 3.05510226475320010e+01;;
David Pivovar - Imperialist Competitive Algorithm - SMP_15; 0; 1.212e+01 ± 1.000e+01; 4.576e-01 ± 0.000e+00; 1.702e+04 ± 0.000e+00; 1.702e+04 ± 0.000e+00; nan ± nan; ;4.57629715003116333e-01; 4.57629715003116333e-01; 1.21189417316435133e+01; 1.545e-02; 1.70160000000000000e+04; 1.70160000000000000e+04; 1.70160000000000000e+04; nan; 7.14003851238133525e+00; 8.43846210899227600e+00; 4.00006907303383663e+00; 2.90825532410576812e+01; 1.10072634188676268e+01; 2.70168259461502913e+01; 2.05656591377880531e+01; 2.17006624148770015e+01;;0.00000000000000000e+00; 0.00000000000000000e+00; 1.00027288979580664e+01; 0.000e+00; 0.00000000000000000e+00; 0.00000000000000000e+00; 0.00000000000000000e+00; nan; 0.00000000000000000e+00; 0.00000000000000000e+00; 0.00000000000000000e+00; 0.00000000000000000e+00; 0.00000000000000000e+00; 0.00000000000000000e+00; 0.00000000000000000e+00; 0.00000000000000000e+00;;4.57629715003116333e-01; 4.57629715003116333e-01; 6.90730338366307706e-05; 1.545e-02; 1.70160000000000000e+04; 1.70160000000000000e+04; 1.70160000000000000e+04; nan; 7.14003851238133525e+00; 8.43846210899227600e+00; 4.00006907303383663e+00; 2.90825532410576812e+01; 1.10072634188676268e+01; 2.70168259461502913e+01; 2.05656591377880531e+01; 2.17006624148770015e+01;;4.57629715003116333e-01; 4.57629715003116333e-01; 4.43846210899227600e+00; 1.545e-02; 1.70160000000000000e+04; 1.70160000000000000e+04; 1.70160000000000000e+04; nan; 7.14003851238133525e+00; 8.43846210899227600e+00; 4.00006907303383663e+00; 2.90825532410576812e+01; 1.10072634188676268e+01; 2.70168259461502913e+01; 2.05656591377880531e+01; 2.17006624148770015e+01;;4.57629715003116333e-01; 4.57629715003116333e-01; 1.65656591377880531e+01; 1.545e-02; 1.70160000000000000e+04; 1.70160000000000000e+04; 1.70160000000000000e+04; nan; 7.14003851238133525e+00; 8.43846210899227600e+00; 4.00006907303383663e+00; 2.90825532410576812e+01; 1.10072634188676268e+01; 2.70168259461502913e+01; 2.05656591377880531e+01; 2.17006624148770015e+01;;4.57629715003116333e-01; 4.57629715003116333e-01; 2.30168259461502913e+01; 1.545e-02; 1.70160000000000000e+04; 1.70160000000000000e+04; 1.70160000000000000e+04; nan; 7.14003851238133525e+00; 8.43846210899227600e+00; 4.00006907303383663e+00; 2.90825532410576812e+01; 1.10072634188676268e+01; 2.70168259461502913e+01; 2.05656591377880531e+01; 2.17006624148770015e+01;;4.57629715003116333e-01; 4.57629715003116333e-01; 2.50825532410576812e+01; 1.545e-02; 1.70160000000000000e+04; 1.70160000000000000e+04; 1.70160000000000000e+04; nan; 7.14003851238133525e+00; 8.43846210899227600e+00; 4.00006907303383663e+00; 2.90825532410576812e+01; 1.10072634188676268e+01; 2.70168259461502913e+01; 2.05656591377880531e+01; 2.17006624148770015e+01;;
David Pivovar - Imperialist Competitive Algorithm - Serial_40; 0; 1.296e+01 ± 9.913e+00; 4.971e-01 ± 0.000e+00; 2.303e+04 ± 0.000e+00; 2.303e+04 ± 0.000e+00; nan ± nan; ;4.97079013945144088e-01; 4.97079013945144088e-01; 1.29624407367202892e+01; 1.972e-02; 2.30300000000000000e+04; 2.30300000000000000e+04; 2.30300000000000000e+04; nan; -1.48401235345666098e+01; 8.43844520342301330e+00; 2.02997135892070126e+01; 1.02706276877813991e+01; 4.00000037644622797e+00; -1.90167726600410347e+01; 1.22828472158291717e+01; 3.05509956264678593e+01;;0.00000000000000000e+00; 0.00000000000000000e+00; 9.91335755377236438e+00; 0.000e+00; 0.00000000000000000e+00; 0.00000000000000000e+00; 0.00000000000000000e+00; nan; 0.00000000000000000e+00; 0.00000000000000000e+00; 0.00000000000000000e+00; 0.00000000000000000e+00; 0.00000000000000000e+00; 0.00000000000000000e+00; 0.00000000000000000e+00; 0.00000000000000000e+00;;4.97079013945144088e-01; 4.97079013945144088e-01; 3.76446227967619507e-07; 1.972e-02; 2.30300000000000000e+04; 2.30300000000000000e+04; 2.30300000000000000e+04; nan; -1.48401235345666098e+01; 8.43844520342301330e+00; 2.02997135892070126e+01; 1.02706276877813991e+01; 4.00000037644622797e+00; -1.90167726600410347e+01; 1.22828472158291717e+01; 3.05509956264678593e+01;;4.97079013945144088e-01; 4.97079013945144088e-01; 6.27062768778139912e+00; 1.972e-02; 2.30300000000000000e+04; 2.30300000000000000e+04; 2.30300000000000000e+04; nan; -1.48401235345666098e+01; 8.43844520342301330e+00; 2.02997135892070126e+01; 1.02706276877813991e+01; 4.00000037644622797e+00; -1.90167726600410347e+01; 1.22828472158291717e+01; 3.05509956264678593e+01;;4.97079013945144088e-01; 4.97079013945144088e-01; 1.62997135892070126e+01; 1.972e-02; 2.30300000000000000e+04; 2.30300000000000000e+04; 2.30300000000000000e+04; nan; -1.48401235345666098e+01; 8.43844520342301330e+00; 2.02997135892070126e+01; 1.02706276877813991e+01; 4.00000037644622797e+00; -1.90167726600410347e+01; 1.22828472158291717e+01; 3.05509956264678593e+01;;4.97079013945144088e-01; 4.97079013945144088e-01; 2.30167726600410347e+01; 1.972e-02; 2.30300000000000000e+04; 2.30300000000000000e+04; 2.30300000000000000e+04; nan; -1.48401235345666098e+01; 8.43844520342301330e+00; 2.02997135892070126e+01; 1.02706276877813991e+01; 4.00000037644622797e+00; -1.90167726600410347e+01; 1.22828472158291717e+01; 3.05509956264678593e+01;;4.97079013945144088e-01; 4.97079013945144088e-01; 2.65509956264678593e+01; 1.972e-02; 2.30300000000000000e+04; 2.30300000000000000e+04; 2.30300000000000000e+04; nan; -1.48401235345666098e+01; 8.43844520342301330e+00; 2.02997135892070126e+01; 1.02706276877813991e+01; 4.00000037644622797e+00; -1.90167726600410347e+01; 1.22828472158291717e+01; 3.05509956264678593e+01;;
David Pivovar - Imperialist Competitive Algorithm - SMP_40; 0; 1.298e+01 ± 1.011e+01; 5.045e-01 ± 0.000e+00; 2.397e+04 ± 0.000e+00; 2.397e+04 ± 0.000e+00; nan ± nan; ;5.04526093359596195e-01; 5.04526093359596195e-01; 1.29809283537898672e+01; 2.057e-02; 2.39710000000000000e+04; 2.39710000000000000e+04; 2.39710000000000000e+04; nan; 7.14001921015138930e+00; -4.87687373837177240e+00; 1.48664774567855620e+01; 3.53531590675616840e+01; 3.99994983796463188e+00; 1.93444861467678138e+01; -1.25657084884756536e+01; 2.17006525601696971e+01;;0.00000000000000000e+00; 0.00000000000000000e+00; 1.01140615772438665e+01; 0.000e+00; 0.00000000000000000e+00; 0.00000000000000000e+00; 0.00000000000000000e+00; nan; 0.00000000000000000e+00; 0.00000000000000000e+00; 0.00000000000000000e+00; 0.00000000000000000e+00; 0.00000000000000000e+00; 0.00000000000000000e+00; 0.00000000000000000e+00; 0.00000000000000000e+00;;5.04526093359596195e-01; 5.04526093359596195e-01; 5.01620353681175857e-05; 2.057e-02; 2.39710000000000000e+04; 2.39710000000000000e+04; 2.39710000000000000e+04; nan; 7.14001921015138930e+00; -4.87687373837177240e+00; 1.48664774567855620e+01; 3.53531590675616840e+01; 3.99994983796463188e+00; 1.93444861467678138e+01; -1.25657084884756536e+01; 2.17006525601696971e+01;;5.04526093359596195e-01; 5.04526093359596195e-01; 8.87687373837177240e+00; 2.057e-02; 2.39710000000000000e+04; 2.39710000000000000e+04; 2.39710000000000000e+04; nan; 7.14001921015138930e+00; -4.87687373837177240e+00; 1.48664774567855620e+01; 3.53531590675616840e+01; 3.99994983796463188e+00; 1.93444861467678138e+01; -1.25657084884756536e+01; 2.17006525601696971e+01;;5.04526093359596195e-01; 5.04526093359596195e-01; 1.53444861467678138e+01; 2.057e-02; 2.39710000000000000e+04; 2.39710000000000000e+04; 2.39710000000000000e+04; nan; 7.14001921015138930e+00; -4.87687373837177240e+00; 1.48664774567855620e+01; 3.53531590675616840e+01; 3.99994983796463188e+00; 1.93444861467678138e+01; -1.25657084884756536e+01; 2.17006525601696971e+01;;5.04526093359596195e-01; 5.04526093359596195e-01; 1.77006525601696971e+01; 2.057e-02; 2.39710000000000000e+04; 2.39710000000000000e+04; 2.39710000000000000e+04; nan; 7.14001921015138930e+00; -4.87687373837177240e+00; 1.48664774567855620e+01; 3.53531590675616840e+01; 3.99994983796463188e+00; 1.93444861467678138e+01; -1.25657084884756536e+01; 2.17006525601696971e+01;;5.04526093359596195e-01; 5.04526093359596195e-01; 3.13531590675616840e+01; 2.057e-02; 2.39710000000000000e+04; 2.39710000000000000e+04; 2.39710000000000000e+04; nan; 7.14001921015138930e+00; -4.87687373837177240e+00; 1.48664774567855620e+01; 3.53531590675616840e+01; 3.99994983796463188e+00; 1.93444861467678138e+01; -1.25657084884756536e+01; 2.17006525601696971e+01;;
David Pivovar - Imperialist Competitive Algorithm - Serial_60; 0; 1.437e+01 ± 9.533e+00; 5.617e-01 ± 0.000e+00; 6.423e+04 ± 0.000e+00; 6.423e+04 ± 0.000e+00; nan ± nan; ;5.61653736740046816e-01; 5.61653736740046816e-01; 1.43711407630095209e+01; 5.417e-02; 6.42290000000000000e+04; 6.42290000000000000e+04; 6.42290000000000000e+04; nan; -1.17001057148470107e+01; 3.50690880471434880e+01; -1.22997239473627822e+01; 2.28118961776423816e+01; 3.99999984272548170e+00; -3.67225790317042522e+00; -1.25657211782744813e+01; 1.28503329783610738e+01;;0.00000000000000000e+00; 0.00000000000000000e+00; 9.53316114148793758e+00; 0.000e+00; 0.00000000000000000e+00; 0.00000000000000000e+00; 0.00000000000000000e+00; nan; 0.00000000000000000e+00; 0.00000000000000000e+00; 0.00000000000000000e+00; 0.00000000000000000e+00; 0.00000000000000000e+00; 0.00000000000000000e+00; 0.00000000000000000e+00; 0.00000000000000000e+00;;5.61653736740046816e-01; 5.61653736740046816e-01; 1.57274518297612076e-07; 5.417e-02; 6.42290000000000000e+04; 6.42290000000000000e+04; 6.42290000000000000e+04; nan; -1.17001057148470107e+01; 3.50690880471434880e+01; -1.22997239473627822e+01; 2.28118961776423816e+01; 3.99999984272548170e+00; -3.67225790317042522e+00; -1.25657211782744813e+01; 1.28503329783610738e+01;;5.61653736740046816e-01; 5.61653736740046816e-01; 8.85033297836107380e+00; 5.417e-02; 6.42290000000000000e+04; 6.42290000000000000e+04; 6.42290000000000000e+04; nan; -1.17001057148470107e+01; 3.50690880471434880e+01; -1.22997239473627822e+01; 2.28118961776423816e+01; 3.99999984272548170e+00; -3.67225790317042522e+00; -1.25657211782744813e+01; 1.28503329783610738e+01;;5.61653736740046816e-01; 5.61653736740046816e-01; 1.62997239473627822e+01; 5.417e-02; 6.42290000000000000e+04; 6.42290000000000000e+04; 6.42290000000000000e+04; nan; -1.17001057148470107e+01; 3.50690880471434880e+01; -1.22997239473627822e+01; 2.28118961776423816e+01; 3.99999984272548170e+00; -3.67225790317042522e+00; -1.25657211782744813e+01; 1.28503329783610738e+01;;5.61653736740046816e-01; 5.61653736740046816e-01; 1.88118961776423816e+01; 5.417e-02; 6.42290000000000000e+04; 6.42290000000000000e+04; 6.42290000000000000e+04; nan; -1.17001057148470107e+01; 3.50690880471434880e+01; -1.22997239473627822e+01; 2.28118961776423816e+01; 3.99999984272548170e+00; -3.67225790317042522e+00; -1.25657211782744813e+01; 1.28503329783610738e+01;;5.61653736740046816e-01; 5.61653736740046816e-01; 3.10690880471434880e+01; 5.417e-02; 6.42290000000000000e+04; 6.42290000000000000e+04; 6.42290000000000000e+04; nan; -1.17001057148470107e+01; 3.50690880471434880e+01; -1.22997239473627822e+01; 2.28118961776423816e+01; 3.99999984272548170e+00; -3.67225790317042522e+00; -1.25657211782744813e+01; 1.28503329783610738e+01;;
David Pivovar - Imperialist Competitive Algorithm - OpenCL_60; 0; 1.578e+01 ± 1.183e+01; 7.268e-01 ± 0.000e+00; 3.556e+04 ± 0.000e+00; 3.556e+04 ± 0.000e+00; nan ± nan; ;7.26758548911642377e-01; 7.26758548911642377e-01; 1.57803352617246055e+01; 1.875e+01; 3.55570000000000000e+04; 3.55570000000000000e+04; 3.55570000000000000e+04; nan; -8.56008281436056429e+00; -2.70690741096832568e+01; 3.65994476363279873e+01; -1.48118872512758593e+01; 1.10072861365266323e+01; 1.93445175061414147e+01; 4.00001800548900377e+00; -4.85036863399211438e+00;;0.00000000000000000e+00; 0.00000000000000000e+00; 1.18346790808842464e+01; 0.000e+00; 0.00000000000000000e+00; 0.00000000000000000e+00; 0.00000000000000000e+00; nan; 0.00000000000000000e+00; 0.00000000000000000e+00; 0.00000000000000000e+00; 0.00000000000000000e+00; 0.00000000000000000e+00; 0.00000000000000000e+00; 0.00000000000000000e+00; 0.00000000000000000e+00;;7.26758548911642377e-01; 7.26758548911642377e-01; 1.80054890037695259e-05; 1.875e+01; 3.55570000000000000e+04; 3.55570000000000000e+04; 3.55570000000000000e+04; nan; -8.56008281436056429e+00; -2.70690741096832568e+01; 3.65994476363279873e+01; -1.48118872512758593e+01; 1.10072861365266323e+01; 1.93445175061414147e+01; 4.00001800548900377e+00; -4.85036863399211438e+00;;7.26758548911642377e-01; 7.26758548911642377e-01; 8.85036863399211526e+00; 1.875e+01; 3.55570000000000000e+04; 3.55570000000000000e+04; 3.55570000000000000e+04; nan; -8.56008281436056429e+00; -2.70690741096832568e+01; 3.65994476363279873e+01; -1.48118872512758593e+01; 1.10072861365266323e+01; 1.93445175061414147e+01; 4.00001800548900377e+00; -4.85036863399211438e+00;;7.26758548911642377e-01; 7.26758548911642377e-01; 1.53445175061414147e+01; 1.875e+01; 3.55570000000000000e+04; 3.55570000000000000e+04; 3.55570000000000000e+04; nan; -8.56008281436056429e+00; -2.70690741096832568e+01; 3.65994476363279873e+01; -1.48118872512758593e+01; 1.10072861365266323e+01; 1.93445175061414147e+01; 4.00001800548900377e+00; -4.85036863399211438e+00;;7.26758548911642377e-01; 7.26758548911642377e-01; 3.10690741096832568e+01; 1.875e+01; 3.55570000000000000e+04; 3.55570000000000000e+04; 3.55570000000000000e+04; nan; -8.56008281436056429e+00; -2.70690741096832568e+01; 3.65994476363279873e+01; -1.48118872512758593e+01; 1.10072861365266323e+01; 1.93445175061414147e+01; 4.00001800548900377e+00; -4.85036863399211438e+00;;7.26758548911642377e-01; 7.26758548911642377e-01; 3.25994476363279873e+01; 1.875e+01; 3.55570000000000000e+04; 3.55570000000000000e+04; 3.55570000000000000e+04; nan; -8.56008281436056429e+00; -2.70690741096832568e+01; 3.65994476363279873e+01; -1.48118872512758593e+01; 1.10072861365266323e+01; 1.93445175061414147e+01; 4.00001800548900377e+00; -4.85036863399211438e+00;;
David Pivovar - Imperialist Competitive Algorithm - OpenCL_7; 0; 1.693e+01 ± 1.186e+01; 8.030e-01 ± 0.000e+00; 8.170e+03 ± 0.000e+00; 8.170e+03 ± 0.000e+00; nan ± nan; ;8.03032550426559077e-01; 8.03032550426559077e-01; 1.69313380977263499e+01; 4.720e+00; 8.17000000000000000e+03; 8.17000000000000000e+03; 8.17000000000000000e+03; nan; -2.11204730810753105e+01; -9.31592947205111876e+00; -3.40339519455015349e+01; 1.65425283405793522e+01; -1.70246559062111196e+01; 4.00057283983765455e+00; 2.05621040559281774e+01; -4.85048914062651892e+00;;0.00000000000000000e+00; 0.00000000000000000e+00; 1.18552655626287446e+01; 0.000e+00; 0.00000000000000000e+00; 0.00000000000000000e+00; 0.00000000000000000e+00; nan; 0.00000000000000000e+00; 0.00000000000000000e+00; 0.00000000000000000e+00; 0.00000000000000000e+00; 0.00000000000000000e+00; 0.00000000000000000e+00; 0.00000000000000000e+00; 0.00000000000000000e+00;;8.03032550426559077e-01; 8.03032550426559077e-01; 5.72839837654548489e-04; 4.720e+00; 8.17000000000000000e+03; 8.17000000000000000e+03; 8.17000000000000000e+03; nan; -2.11204730810753105e+01; -9.31592947205111876e+00; -3.40339519455015349e+01; 1.65425283405793522e+01; -1.70246559062111196e+01; 4.00057283983765455e+00; 2.05621040559281774e+01; -4.85048914062651892e+00;;8.03032550426559077e-01; 8.03032550426559077e-01; 1.25425283405793522e+01; 4.720e+00; 8.17000000000000000e+03; 8.17000000000000000e+03; 8.17000000000000000e+03; nan; -2.11204730810753105e+01; -9.31592947205111876e+00; -3.40339519455015349e+01; 1.65425283405793522e+01; -1.70246559062111196e+01; 4.00057283983765455e+00; 2.05621040559281774e+01; -4.85048914062651892e+00;;8.03032550426559077e-01; 8.03032550426559077e-01; 1.65621040559281774e+01; 4.720e+00; 8.17000000000000000e+03; 8.17000000000000000e+03; 8.17000000000000000e+03; nan; -2.11204730810753105e+01; -9.31592947205111876e+00; -3.40339519455015349e+01; 1.65425283405793522e+01; -1.70246559062111196e+01; 4.00057283983765455e+00; 2.05621040559281774e+01; -4.85048914062651892e+00;;8.03032550426559077e-01; 8.03032550426559077e-01; 2.51204730810753105e+01; 4.720e+00; 8.17000000000000000e+03; 8.17000000000000000e+03; 8.17000000000000000e+03; nan; -2.11204730810753105e+01; -9.31592947205111876e+00; -3.40339519455015349e+01; 1.65425283405793522e+01; -1.70246559062111196e+01; 4.00057283983765455e+00; 2.05621040559281774e+01; -4.85048914062651892e+00;;8.03032550426559077e-01; 8.03032550426559077e-01; 3.80339519455015349e+01; 4.720e+00; 8.17000000000000000e+03; 8.17000000000000000e+03; 8.17000000000000000e+03; nan; -2.11204730810753105e+01; -9.31592947205111876e+00; -3.40339519455015349e+01; 1.65425283405793522e+01; -1.70246559062111196e+01; 4.00057283983765455e+00; 2.05621040559281774e+01; -4.85048914062651892e+00;;

--=== Griewank evaluation completed. ===--

--=== Evaluating solvers on Masters with problem size = 8... ===--
Problem ordinal number: 7
upper_bound[0]=5.000e+00, optimum_parameter[0]=4.000e+00, optimum_fitness=-7.000e+00

Executing David Pivovar - Imperialist Competitive Algorithm - Serial_7...
Executing David Pivovar - Imperialist Competitive Algorithm - Serial_15...
Executing David Pivovar - Imperialist Competitive Algorithm - Serial_25...
Executing David Pivovar - Imperialist Competitive Algorithm - Serial_40...
Executing David Pivovar - Imperialist Competitive Algorithm - Serial_60...
Executing David Pivovar - Imperialist Competitive Algorithm - Serial_100...
Executing David Pivovar - Imperialist Competitive Algorithm - SMP_7...
Executing David Pivovar - Imperialist Competitive Algorithm - SMP_15...
Executing David Pivovar - Imperialist Competitive Algorithm - SMP_25...
Executing David Pivovar - Imperialist Competitive Algorithm - SMP_40...
Executing David Pivovar - Imperialist Competitive Algorithm - SMP_60...
Executing David Pivovar - Imperialist Competitive Algorithm - SMP_100...
Executing David Pivovar - Imperialist Competitive Algorithm - OpenCL_7...
Executing David Pivovar - Imperialist Competitive Algorithm - OpenCL_15...
Executing David Pivovar - Imperialist Competitive Algorithm - OpenCL_25...
Executing David Pivovar - Imperialist Competitive Algorithm - OpenCL_40...
Executing David Pivovar - Imperialist Competitive Algorithm - OpenCL_60...
Executing David Pivovar - Imperialist Competitive Algorithm - OpenCL_100...

general;;;;;;;;Average;;;;;;;;;; ; ; ; ; ; ; ; Standard Deviation;;;;;;;;;; ; ; ; ; ; ; ; Minimum;;;;;;;;;; ; ; ; ; ; ; ; Q25;;;;;;;;;; ; ; ; ; ; ; ; Median;;;;;;;;;; ; ; ; ; ; ; ; Q75;;;;;;;;;; ; ; ; ; ; ; ; Maximum;;;;;;;;;; ; ; ; ; ; ; ; 
solver; fails; param_err; fitness_err; least_calls; lc_001; param_err001; ; fitness; fitness_err; param_err; time; total calls; least calls; lc_001; pe_001; 0; 1; 2; 3; 4; 5; 6; 7; ; fitness; fitness_err; param_err; time; total calls; least calls; lc_001; pe_001; 0; 1; 2; 3; 4; 5; 6; 7; ; fitness; fitness_err; param_err; time; total calls; least calls; lc_001; pe_001; 0; 1; 2; 3; 4; 5; 6; 7; ; fitness; fitness_err; param_err; time; total calls; least calls; lc_001; pe_001; 0; 1; 2; 3; 4; 5; 6; 7; ; fitness; fitness_err; param_err; time; total calls; least calls; lc_001; pe_001; 0; 1; 2; 3; 4; 5; 6; 7; ; fitness; fitness_err; param_err; time; total calls; least calls; lc_001; pe_001; 0; 1; 2; 3; 4; 5; 6; 7; ; fitness; fitness_err; param_err; time; total calls; least calls; lc_001; pe_001; 0; 1; 2; 3; 4; 5; 6; 7; 
David Pivovar - Imperialist Competitive Algorithm - Serial_40; 0; 6.479e-01 ± 7.389e-01; 1.605e+00 ± 0.000e+00; 2.068e+05 ± 0.000e+00; 2.068e+05 ± 0.000e+00; nan ± nan; ;-5.39484521045459609e+00; 1.60515478954540391e+00; 6.47909009036589989e-01; 2.246e-01; 2.06762000000000000e+05; 2.06762000000000000e+05; 2.06762000000000000e+05; nan; 3.97626140656433558e+00; 2.45579897999822538e+00; 4.00154693092898395e+00; 3.98738597753341395e+00; 2.49972103865875983e+00; 3.72077963461349182e+00; 2.57269742145238078e+00; 3.60563039981565714e+00;;0.00000000000000000e+00; 0.00000000000000000e+00; 7.38867548470960922e-01; 0.000e+00; 0.00000000000000000e+00; 0.00000000000000000e+00; 0.00000000000000000e+00; nan; 0.00000000000000000e+00; 0.00000000000000000e+00; 0.00000000000000000e+00; 0.00000000000000000e+00; 0.00000000000000000e+00; 0.00000000000000000e+00; 0.00000000000000000e+00; 0.00000000000000000e+00;;-5.39484521045459609e+00; 1.60515478954540391e+00; 1.54693092898394724e-03; 2.246e-01; 2.06762000000000000e+05; 2.06762000000000000e+05; 2.06762000000000000e+05; nan; 3.97626140656433558e+00; 2.45579897999822538e+00; 4.00154693092898395e+00; 3.98738597753341395e+00; 2.49972103865875983e+00; 3.72077963461349182e+00; 2.57269742145238078e+00; 3.60563039981565714e+00;;-5.39484521045459609e+00; 1.60515478954540391e+00; 2.37385934356644235e-02; 2.246e-01; 2.06762000000000000e+05; 2.06762000000000000e+05; 2.06762000000000000e+05; nan; 3.97626140656433558e+00; 2.45579897999822538e+00; 4.00154693092898395e+00; 3.98738597753341395e+00; 2.49972103865875983e+00; 3.72077963461349182e+00; 2.57269742145238078e+00; 3.60563039981565714e+00;;-5.39484521045459609e+00; 1.60515478954540391e+00; 3.94369600184342861e-01; 2.246e-01; 2.06762000000000000e+05; 2.06762000000000000e+05; 2.06762000000000000e+05; nan; 3.97626140656433558e+00; 2.45579897999822538e+00; 4.00154693092898395e+00; 3.98738597753341395e+00; 2.49972103865875983e+00; 3.72077963461349182e+00; 2.57269742145238078e+00; 3.60563039981565714e+00;;-5.39484521045459609e+00; 1.60515478954540391e+00; 1.50027896134124017e+00; 2.246e-01; 2.06762000000000000e+05; 2.06762000000000000e+05; 2.06762000000000000e+05; nan; 3.97626140656433558e+00; 2.45579897999822538e+00; 4.00154693092898395e+00; 3.98738597753341395e+00; 2.49972103865875983e+00; 3.72077963461349182e+00; 2.57269742145238078e+00; 3.60563039981565714e+00;;-5.39484521045459609e+00; 1.60515478954540391e+00; 1.54420102000177462e+00; 2.246e-01; 2.06762000000000000e+05; 2.06762000000000000e+05; 2.06762000000000000e+05; nan; 3.97626140656433558e+00; 2.45579897999822538e+00; 4.00154693092898395e+00; 3.98738597753341395e+00; 2.49972103865875983e+00; 3.72077963461349182e+00; 2.57269742145238078e+00; 3.60563039981565714e+00;;
David Pivovar - Imperialist Competitive Algorithm - SMP_25; 0; 6.742e-01 ± 6.800e-01; 1.672e+00 ± 0.000e+00; 3.679e+04 ± 0.000e+00; 3.679e+04 ± 0.000e+00; nan ± nan; ;-5.32829204818233926e+00; 1.67170795181766074e+00; 6.74206783968352763e-01; 4.302e-02; 3.67940000000000000e+04; 3.67940000000000000e+04; 3.67940000000000000e+04; nan; 3.96600051943315890e+00; 3.98039103413708339e+00; 2.53232645546290236e+00; 3.57336115667612830e+00; 2.58908383186907853e+00; 3.68360027979958327e+00; 2.53354416481193701e+00; 3.74803828606330613e+00;;0.00000000000000000e+00; 0.00000000000000000e+00; 6.80040626623420685e-01; 0.000e+00; 0.00000000000000000e+00; 0.00000000000000000e+00; 0.00000000000000000e+00; nan; 0.00000000000000000e+00; 0.00000000000000000e+00; 0.00000000000000000e+00; 0.00000000000000000e+00; 0.00000000000000000e+00; 0.00000000000000000e+00; 0.00000000000000000e+00; 0.00000000000000000e+00;;-5.32829204818233926e+00; 1.67170795181766074e+00; 1.96089658629166053e-02; 4.302e-02; 3.67940000000000000e+04; 3.67940000000000000e+04; 3.67940000000000000e+04; nan; 3.96600051943315890e+00; 3.98039103413708339e+00; 2.53232645546290236e+00; 3.57336115667612830e+00; 2.58908383186907853e+00; 3.68360027979958327e+00; 2.53354416481193701e+00; 3.74803828606330613e+00;;-5.32829204818233926e+00; 1.67170795181766074e+00; 2.51961713936693865e-01; 4.302e-02; 3.67940000000000000e+04; 3.67940000000000000e+04; 3.67940000000000000e+04; nan; 3.96600051943315890e+00; 3.98039103413708339e+00; 2.53232645546290236e+00; 3.57336115667612830e+00; 2.58908383186907853e+00; 3.68360027979958327e+00; 2.53354416481193701e+00; 3.74803828606330613e+00;;-5.32829204818233926e+00; 1.67170795181766074e+00; 4.26638843323871697e-01; 4.302e-02; 3.67940000000000000e+04; 3.67940000000000000e+04; 3.67940000000000000e+04; nan; 3.96600051943315890e+00; 3.98039103413708339e+00; 2.53232645546290236e+00; 3.57336115667612830e+00; 2.58908383186907853e+00; 3.68360027979958327e+00; 2.53354416481193701e+00; 3.74803828606330613e+00;;-5.32829204818233926e+00; 1.67170795181766074e+00; 1.46645583518806299e+00; 4.302e-02; 3.67940000000000000e+04; 3.67940000000000000e+04; 3.67940000000000000e+04; nan; 3.96600051943315890e+00; 3.98039103413708339e+00; 2.53232645546290236e+00; 3.57336115667612830e+00; 2.58908383186907853e+00; 3.68360027979958327e+00; 2.53354416481193701e+00; 3.74803828606330613e+00;;-5.32829204818233926e+00; 1.67170795181766074e+00; 1.46767354453709764e+00; 4.302e-02; 3.67940000000000000e+04; 3.67940000000000000e+04; 3.67940000000000000e+04; nan; 3.96600051943315890e+00; 3.98039103413708339e+00; 2.53232645546290236e+00; 3.57336115667612830e+00; 2.58908383186907853e+00; 3.68360027979958327e+00; 2.53354416481193701e+00; 3.74803828606330613e+00;;
David Pivovar - Imperialist Competitive Algorithm - SMP_15; 0; 9.043e-01 ± 9.536e-01; 2.020e+00 ± 0.000e+00; 1.293e+05 ± 0.000e+00; 1.293e+05 ± 0.000e+00; nan ± nan; ;-4.98015412104554756e+00; 2.01984587895445244e+00; 9.04277322713970877e-01; 1.561e-01; 1.29336000000000000e+05; 1.29336000000000000e+05; 1.29336000000000000e+05; nan; 1.62444799600364198e+00; 2.52098612739175465e+00; 3.78724100793178620e+00; 2.50684152716076136e+00; 3.86118264921836385e+00; 2.47429097648468632e+00; 3.99209623448066608e+00; 4.00130510038342813e+00;;0.00000000000000000e+00; 0.00000000000000000e+00; 9.53608580876527667e-01; 0.000e+00; 0.00000000000000000e+00; 0.00000000000000000e+00; 0.00000000000000000e+00; nan; 0.00000000000000000e+00; 0.00000000000000000e+00; 0.00000000000000000e+00; 0.00000000000000000e+00; 0.00000000000000000e+00; 0.00000000000000000e+00; 0.00000000000000000e+00; 0.00000000000000000e+00;;-4.98015412104554756e+00; 2.01984587895445244e+00; 1.30510038342812607e-03; 1.561e-01; 1.29336000000000000e+05; 1.29336000000000000e+05; 1.29336000000000000e+05; nan; 1.62444799600364198e+00; 2.52098612739175465e+00; 3.78724100793178620e+00; 2.50684152716076136e+00; 3.86118264921836385e+00; 2.47429097648468632e+00; 3.99209623448066608e+00; 4.00130510038342813e+00;;-4.98015412104554756e+00; 2.01984587895445244e+00; 1.38817350781636151e-01; 1.561e-01; 1.29336000000000000e+05; 1.29336000000000000e+05; 1.29336000000000000e+05; nan; 1.62444799600364198e+00; 2.52098612739175465e+00; 3.78724100793178620e+00; 2.50684152716076136e+00; 3.86118264921836385e+00; 2.47429097648468632e+00; 3.99209623448066608e+00; 4.00130510038342813e+00;;-4.98015412104554756e+00; 2.01984587895445244e+00; 1.47901387260824535e+00; 1.561e-01; 1.29336000000000000e+05; 1.29336000000000000e+05; 1.29336000000000000e+05; nan; 1.62444799600364198e+00; 2.52098612739175465e+00; 3.78724100793178620e+00; 2.50684152716076136e+00; 3.86118264921836385e+00; 2.47429097648468632e+00; 3.99209623448066608e+00; 4.00130510038342813e+00;;-4.98015412104554756e+00; 2.01984587895445244e+00; 1.52570902351531368e+00; 1.561e-01; 1.29336000000000000e+05; 1.29336000000000000e+05; 1.29336000000000000e+05; nan; 1.62444799600364198e+00; 2.52098612739175465e+00; 3.78724100793178620e+00; 2.50684152716076136e+00; 3.86118264921836385e+00; 2.47429097648468632e+00; 3.99209623448066608e+00; 4.00130510038342813e+00;;-4.98015412104554756e+00; 2.01984587895445244e+00; 2.37555200399635780e+00; 1.561e-01; 1.29336000000000000e+05; 1.29336000000000000e+05; 1.29336000000000000e+05; nan; 1.62444799600364198e+00; 2.52098612739175465e+00; 3.78724100793178620e+00; 2.50684152716076136e+00; 3.86118264921836385e+00; 2.47429097648468632e+00; 3.99209623448066608e+00; 4.00130510038342813e+00;;
David Pivovar - Imperialist Competitive Algorithm - Serial_100; 0; 9.162e-01 ± 4.908e-01; 1.833e+00 ± 0.000e+00; 9.373e+05 ± 0.000e+00; 9.373e+05 ± 0.000e+00; nan ± nan; ;-5.16664080316467800e+00; 1.83335919683532200e+00; 9.16201992460427883e-01; 1.090e+00; 9.37340000000000000e+05; 9.37340000000000000e+05; 9.37340000000000000e+05; nan; 2.64155929317251870e+00; 3.52581240841456234e+00; 2.64147057822047016e+00; 3.52612122626343316e+00; 2.64130825428626403e+00; 3.52640676427100308e+00; 2.64115681021482551e+00; 3.52654872547349951e+00;;0.00000000000000000e+00; 0.00000000000000000e+00; 4.90825727600680384e-01; 0.000e+00; 0.00000000000000000e+00; 0.00000000000000000e+00; 0.00000000000000000e+00; nan; 0.00000000000000000e+00; 0.00000000000000000e+00; 0.00000000000000000e+00; 0.00000000000000000e+00; 0.00000000000000000e+00; 0.00000000000000000e+00; 0.00000000000000000e+00; 0.00000000000000000e+00;;-5.16664080316467800e+00; 1.83335919683532200e+00; 4.73451274526500487e-01; 1.090e+00; 9.37340000000000000e+05; 9.37340000000000000e+05; 9.37340000000000000e+05; nan; 2.64155929317251870e+00; 3.52581240841456234e+00; 2.64147057822047016e+00; 3.52612122626343316e+00; 2.64130825428626403e+00; 3.52640676427100308e+00; 2.64115681021482551e+00; 3.52654872547349951e+00;;-5.16664080316467800e+00; 1.83335919683532200e+00; 4.73878773736566838e-01; 1.090e+00; 9.37340000000000000e+05; 9.37340000000000000e+05; 9.37340000000000000e+05; nan; 2.64155929317251870e+00; 3.52581240841456234e+00; 2.64147057822047016e+00; 3.52612122626343316e+00; 2.64130825428626403e+00; 3.52640676427100308e+00; 2.64115681021482551e+00; 3.52654872547349951e+00;;-5.16664080316467800e+00; 1.83335919683532200e+00; 1.35844070682748130e+00; 1.090e+00; 9.37340000000000000e+05; 9.37340000000000000e+05; 9.37340000000000000e+05; nan; 2.64155929317251870e+00; 3.52581240841456234e+00; 2.64147057822047016e+00; 3.52612122626343316e+00; 2.64130825428626403e+00; 3.52640676427100308e+00; 2.64115681021482551e+00; 3.52654872547349951e+00;;-5.16664080316467800e+00; 1.83335919683532200e+00; 1.35869174571373597e+00; 1.090e+00; 9.37340000000000000e+05; 9.37340000000000000e+05; 9.37340000000000000e+05; nan; 2.64155929317251870e+00; 3.52581240841456234e+00; 2.64147057822047016e+00; 3.52612122626343316e+00; 2.64130825428626403e+00; 3.52640676427100308e+00; 2.64115681021482551e+00; 3.52654872547349951e+00;;-5.16664080316467800e+00; 1.83335919683532200e+00; 1.35884318978517449e+00; 1.090e+00; 9.37340000000000000e+05; 9.37340000000000000e+05; 9.37340000000000000e+05; nan; 2.64155929317251870e+00; 3.52581240841456234e+00; 2.64147057822047016e+00; 3.52612122626343316e+00; 2.64130825428626403e+00; 3.52640676427100308e+00; 2.64115681021482551e+00; 3.52654872547349951e+00;;
David Pivovar - Imperialist Competitive Algorithm - OpenCL_25; 0; 1.133e+00 ± 7.964e-01; 2.275e+00 ± 0.000e+00; 8.971e+04 ± 0.000e+00; 8.971e+04 ± 0.000e+00; nan ± nan; ;-4.72529917064223337e+00; 2.27470082935776663e+00; 1.13277442014307272e+00; 4.778e+01; 8.97130000000000000e+04; 8.97130000000000000e+04; 8.97130000000000000e+04; nan; 1.60312471530588052e+00; 2.55309266200349683e+00; 3.70634184185550675e+00; 2.55234377521354139e+00; 3.70969261707781595e+00; 2.55092580138544456e+00; 3.71156553122820121e+00; 2.55071769478553101e+00;;0.00000000000000000e+00; 0.00000000000000000e+00; 7.96413169861997172e-01; 0.000e+00; 0.00000000000000000e+00; 0.00000000000000000e+00; 0.00000000000000000e+00; nan; 0.00000000000000000e+00; 0.00000000000000000e+00; 0.00000000000000000e+00; 0.00000000000000000e+00; 0.00000000000000000e+00; 0.00000000000000000e+00; 0.00000000000000000e+00; 0.00000000000000000e+00;;-4.72529917064223337e+00; 2.27470082935776663e+00; 2.88434468771798791e-01; 4.778e+01; 8.97130000000000000e+04; 8.97130000000000000e+04; 8.97130000000000000e+04; nan; 1.60312471530588052e+00; 2.55309266200349683e+00; 3.70634184185550675e+00; 2.55234377521354139e+00; 3.70969261707781595e+00; 2.55092580138544456e+00; 3.71156553122820121e+00; 2.55071769478553101e+00;;-4.72529917064223337e+00; 2.27470082935776663e+00; 2.93658158144493253e-01; 4.778e+01; 8.97130000000000000e+04; 8.97130000000000000e+04; 8.97130000000000000e+04; nan; 1.60312471530588052e+00; 2.55309266200349683e+00; 3.70634184185550675e+00; 2.55234377521354139e+00; 3.70969261707781595e+00; 2.55092580138544456e+00; 3.71156553122820121e+00; 2.55071769478553101e+00;;-4.72529917064223337e+00; 2.27470082935776663e+00; 1.44765622478645861e+00; 4.778e+01; 8.97130000000000000e+04; 8.97130000000000000e+04; 8.97130000000000000e+04; nan; 1.60312471530588052e+00; 2.55309266200349683e+00; 3.70634184185550675e+00; 2.55234377521354139e+00; 3.70969261707781595e+00; 2.55092580138544456e+00; 3.71156553122820121e+00; 2.55071769478553101e+00;;-4.72529917064223337e+00; 2.27470082935776663e+00; 1.44928230521446899e+00; 4.778e+01; 8.97130000000000000e+04; 8.97130000000000000e+04; 8.97130000000000000e+04; nan; 1.60312471530588052e+00; 2.55309266200349683e+00; 3.70634184185550675e+00; 2.55234377521354139e+00; 3.70969261707781595e+00; 2.55092580138544456e+00; 3.71156553122820121e+00; 2.55071769478553101e+00;;-4.72529917064223337e+00; 2.27470082935776663e+00; 2.39687528469411948e+00; 4.778e+01; 8.97130000000000000e+04; 8.97130000000000000e+04; 8.97130000000000000e+04; nan; 1.60312471530588052e+00; 2.55309266200349683e+00; 3.70634184185550675e+00; 2.55234377521354139e+00; 3.70969261707781595e+00; 2.55092580138544456e+00; 3.71156553122820121e+00; 2.55071769478553101e+00;;
David Pivovar - Imperialist Competitive Algorithm - Serial_15; 0; 1.162e+00 ± 7.152e-01; 2.275e+00 ± 0.000e+00; 1.182e+05 ± 0.000e+00; 1.182e+05 ± 0.000e+00; nan ± nan; ;-4.72529825505130230e+00; 2.27470174494869770e+00; 1.16206791935847198e+00; 1.320e-01; 1.18220000000000000e+05; 1.18220000000000000e+05; 1.18220000000000000e+05; nan; 1.54688097927749091e+00; 2.63074031053663671e+00; 3.54483161971465677e+00; 2.63167519352113777e+00; 3.54219789900486903e+00; 2.63310818384651446e+00; 3.54040463210631540e+00; 2.63361782712460446e+00;;0.00000000000000000e+00; 0.00000000000000000e+00; 7.15234809117181625e-01; 0.000e+00; 0.00000000000000000e+00; 0.00000000000000000e+00; 0.00000000000000000e+00; nan; 0.00000000000000000e+00; 0.00000000000000000e+00; 0.00000000000000000e+00; 0.00000000000000000e+00; 0.00000000000000000e+00; 0.00000000000000000e+00; 0.00000000000000000e+00; 0.00000000000000000e+00;;-4.72529825505130230e+00; 2.27470174494869770e+00; 4.55168380285343233e-01; 1.320e-01; 1.18220000000000000e+05; 1.18220000000000000e+05; 1.18220000000000000e+05; nan; 1.54688097927749091e+00; 2.63074031053663671e+00; 3.54483161971465677e+00; 2.63167519352113777e+00; 3.54219789900486903e+00; 2.63310818384651446e+00; 3.54040463210631540e+00; 2.63361782712460446e+00;;-4.72529825505130230e+00; 2.27470174494869770e+00; 4.59595367893684603e-01; 1.320e-01; 1.18220000000000000e+05; 1.18220000000000000e+05; 1.18220000000000000e+05; nan; 1.54688097927749091e+00; 2.63074031053663671e+00; 3.54483161971465677e+00; 2.63167519352113777e+00; 3.54219789900486903e+00; 2.63310818384651446e+00; 3.54040463210631540e+00; 2.63361782712460446e+00;;-4.72529825505130230e+00; 2.27470174494869770e+00; 1.36689181615348554e+00; 1.320e-01; 1.18220000000000000e+05; 1.18220000000000000e+05; 1.18220000000000000e+05; nan; 1.54688097927749091e+00; 2.63074031053663671e+00; 3.54483161971465677e+00; 2.63167519352113777e+00; 3.54219789900486903e+00; 2.63310818384651446e+00; 3.54040463210631540e+00; 2.63361782712460446e+00;;-4.72529825505130230e+00; 2.27470174494869770e+00; 1.36925968946336329e+00; 1.320e-01; 1.18220000000000000e+05; 1.18220000000000000e+05; 1.18220000000000000e+05; nan; 1.54688097927749091e+00; 2.63074031053663671e+00; 3.54483161971465677e+00; 2.63167519352113777e+00; 3.54219789900486903e+00; 2.63310818384651446e+00; 3.54040463210631540e+00; 2.63361782712460446e+00;;-4.72529825505130230e+00; 2.27470174494869770e+00; 2.45311902072250909e+00; 1.320e-01; 1.18220000000000000e+05; 1.18220000000000000e+05; 1.18220000000000000e+05; nan; 1.54688097927749091e+00; 2.63074031053663671e+00; 3.54483161971465677e+00; 2.63167519352113777e+00; 3.54219789900486903e+00; 2.63310818384651446e+00; 3.54040463210631540e+00; 2.63361782712460446e+00;;
David Pivovar - Imperialist Competitive Algorithm - Serial_60; 0; 1.175e+00 ± 6.779e-01; 2.275e+00 ± 0.000e+00; 2.194e+05 ± 0.000e+00; 2.194e+05 ± 0.000e+00; nan ± nan; ;-4.72530808633055077e+00; 2.27469191366944923e+00; 1.17475925791920499e+00; 2.468e-01; 2.19378000000000000e+05; 2.19378000000000000e+05; 2.19378000000000000e+05; nan; 2.68445211730030042e+00; 3.45150872485567373e+00; 2.68445132085039395e+00; 3.45150920700807706e+00; 2.68433170127644694e+00; 3.45189780798875834e+00; 2.68410310231734739e+00; 1.50967195504936114e+00;;0.00000000000000000e+00; 0.00000000000000000e+00; 6.77922434547855834e-01; 0.000e+00; 0.00000000000000000e+00; 0.00000000000000000e+00; 0.00000000000000000e+00; nan; 0.00000000000000000e+00; 0.00000000000000000e+00; 0.00000000000000000e+00; 0.00000000000000000e+00; 0.00000000000000000e+00; 0.00000000000000000e+00; 0.00000000000000000e+00; 0.00000000000000000e+00;;-4.72530808633055077e+00; 2.27469191366944923e+00; 5.48102192011241662e-01; 2.468e-01; 2.19378000000000000e+05; 2.19378000000000000e+05; 2.19378000000000000e+05; nan; 2.68445211730030042e+00; 3.45150872485567373e+00; 2.68445132085039395e+00; 3.45150920700807706e+00; 2.68433170127644694e+00; 3.45189780798875834e+00; 2.68410310231734739e+00; 1.50967195504936114e+00;;-4.72530808633055077e+00; 2.27469191366944923e+00; 5.48491275144326274e-01; 2.468e-01; 2.19378000000000000e+05; 2.19378000000000000e+05; 2.19378000000000000e+05; nan; 2.68445211730030042e+00; 3.45150872485567373e+00; 2.68445132085039395e+00; 3.45150920700807706e+00; 2.68433170127644694e+00; 3.45189780798875834e+00; 2.68410310231734739e+00; 1.50967195504936114e+00;;-4.72530808633055077e+00; 2.27469191366944923e+00; 1.31554867914960605e+00; 2.468e-01; 2.19378000000000000e+05; 2.19378000000000000e+05; 2.19378000000000000e+05; nan; 2.68445211730030042e+00; 3.45150872485567373e+00; 2.68445132085039395e+00; 3.45150920700807706e+00; 2.68433170127644694e+00; 3.45189780798875834e+00; 2.68410310231734739e+00; 1.50967195504936114e+00;;-4.72530808633055077e+00; 2.27469191366944923e+00; 1.31589689768265261e+00; 2.468e-01; 2.19378000000000000e+05; 2.19378000000000000e+05; 2.19378000000000000e+05; nan; 2.68445211730030042e+00; 3.45150872485567373e+00; 2.68445132085039395e+00; 3.45150920700807706e+00; 2.68433170127644694e+00; 3.45189780798875834e+00; 2.68410310231734739e+00; 1.50967195504936114e+00;;-4.72530808633055077e+00; 2.27469191366944923e+00; 2.49032804495063864e+00; 2.468e-01; 2.19378000000000000e+05; 2.19378000000000000e+05; 2.19378000000000000e+05; nan; 2.68445211730030042e+00; 3.45150872485567373e+00; 2.68445132085039395e+00; 3.45150920700807706e+00; 2.68433170127644694e+00; 3.45189780798875834e+00; 2.68410310231734739e+00; 1.50967195504936114e+00;;
David Pivovar - Imperialist Competitive Algorithm - SMP_60; 0; 1.189e+00 ± 6.378e-01; 2.275e+00 ± 0.000e+00; 5.825e+05 ± 0.000e+00; 5.825e+05 ± 0.000e+00; nan ± nan; ;-4.72519246697802320e+00; 2.27480753302197680e+00; 1.18884691975074963e+00; 7.569e-01; 5.82459000000000000e+05; 5.82459000000000000e+05; 5.82459000000000000e+05; nan; 2.76391599245259556e+00; 3.32743643401641132e+00; 2.76650618480200094e+00; 3.32163193507787691e+00; 2.77174036880850316e+00; 3.31465625589497614e+00; 2.77454837063095505e+00; 1.44878910031068320e+00;;0.00000000000000000e+00; 0.00000000000000000e+00; 6.37761250077118147e-01; 0.000e+00; 0.00000000000000000e+00; 0.00000000000000000e+00; 0.00000000000000000e+00; nan; 0.00000000000000000e+00; 0.00000000000000000e+00; 0.00000000000000000e+00; 0.00000000000000000e+00; 0.00000000000000000e+00; 0.00000000000000000e+00; 0.00000000000000000e+00; 0.00000000000000000e+00;;-4.72519246697802320e+00; 2.27480753302197680e+00; 6.72563565983588685e-01; 7.569e-01; 5.82459000000000000e+05; 5.82459000000000000e+05; 5.82459000000000000e+05; nan; 2.76391599245259556e+00; 3.32743643401641132e+00; 2.76650618480200094e+00; 3.32163193507787691e+00; 2.77174036880850316e+00; 3.31465625589497614e+00; 2.77454837063095505e+00; 1.44878910031068320e+00;;-4.72519246697802320e+00; 2.27480753302197680e+00; 6.85343744105023855e-01; 7.569e-01; 5.82459000000000000e+05; 5.82459000000000000e+05; 5.82459000000000000e+05; nan; 2.76391599245259556e+00; 3.32743643401641132e+00; 2.76650618480200094e+00; 3.32163193507787691e+00; 2.77174036880850316e+00; 3.31465625589497614e+00; 2.77454837063095505e+00; 1.44878910031068320e+00;;-4.72519246697802320e+00; 2.27480753302197680e+00; 1.22825963119149684e+00; 7.569e-01; 5.82459000000000000e+05; 5.82459000000000000e+05; 5.82459000000000000e+05; nan; 2.76391599245259556e+00; 3.32743643401641132e+00; 2.76650618480200094e+00; 3.32163193507787691e+00; 2.77174036880850316e+00; 3.31465625589497614e+00; 2.77454837063095505e+00; 1.44878910031068320e+00;;-4.72519246697802320e+00; 2.27480753302197680e+00; 1.23608400754740444e+00; 7.569e-01; 5.82459000000000000e+05; 5.82459000000000000e+05; 5.82459000000000000e+05; nan; 2.76391599245259556e+00; 3.32743643401641132e+00; 2.76650618480200094e+00; 3.32163193507787691e+00; 2.77174036880850316e+00; 3.31465625589497614e+00; 2.77454837063095505e+00; 1.44878910031068320e+00;;-4.72519246697802320e+00; 2.27480753302197680e+00; 2.55121089968931702e+00; 7.569e-01; 5.82459000000000000e+05; 5.82459000000000000e+05; 5.82459000000000000e+05; nan; 2.76391599245259556e+00; 3.32743643401641132e+00; 2.76650618480200094e+00; 3.32163193507787691e+00; 2.77174036880850316e+00; 3.31465625589497614e+00; 2.77454837063095505e+00; 1.44878910031068320e+00;;
David Pivovar - Imperialist Competitive Algorithm - OpenCL_40; 0; 1.395e+00 ± 1.206e+00; 2.509e+00 ± 0.000e+00; 1.870e+05 ± 0.000e+00; 1.870e+05 ± 0.000e+00; nan ± nan; ;-4.49057640154162918e+00; 2.50942359845837082e+00; 1.39540485677299686e+00; 9.471e+01; 1.87021000000000000e+05; 1.87021000000000000e+05; 1.87021000000000000e+05; nan; -1.93512878753615336e-01; 2.79018388522895266e+00; 3.29538658553554997e+00; 2.76697660089250208e+00; 3.32636174701263121e+00; 2.76231723919812344e+00; 3.31475875435040868e+00; 2.77428921235147197e+00;;0.00000000000000000e+00; 0.00000000000000000e+00; 1.20552343945231288e+00; 0.000e+00; 0.00000000000000000e+00; 0.00000000000000000e+00; 0.00000000000000000e+00; nan; 0.00000000000000000e+00; 0.00000000000000000e+00; 0.00000000000000000e+00; 0.00000000000000000e+00; 0.00000000000000000e+00; 0.00000000000000000e+00; 0.00000000000000000e+00; 0.00000000000000000e+00;;-4.49057640154162918e+00; 2.50942359845837082e+00; 6.73638252987368791e-01; 9.471e+01; 1.87021000000000000e+05; 1.87021000000000000e+05; 1.87021000000000000e+05; nan; -1.93512878753615336e-01; 2.79018388522895266e+00; 3.29538658553554997e+00; 2.76697660089250208e+00; 3.32636174701263121e+00; 2.76231723919812344e+00; 3.31475875435040868e+00; 2.77428921235147197e+00;;-4.49057640154162918e+00; 2.50942359845837082e+00; 7.04613414464450027e-01; 9.471e+01; 1.87021000000000000e+05; 1.87021000000000000e+05; 1.87021000000000000e+05; nan; -1.93512878753615336e-01; 2.79018388522895266e+00; 3.29538658553554997e+00; 2.76697660089250208e+00; 3.32636174701263121e+00; 2.76231723919812344e+00; 3.31475875435040868e+00; 2.77428921235147197e+00;;-4.49057640154162918e+00; 2.50942359845837082e+00; 1.22571078764852803e+00; 9.471e+01; 1.87021000000000000e+05; 1.87021000000000000e+05; 1.87021000000000000e+05; nan; -1.93512878753615336e-01; 2.79018388522895266e+00; 3.29538658553554997e+00; 2.76697660089250208e+00; 3.32636174701263121e+00; 2.76231723919812344e+00; 3.31475875435040868e+00; 2.77428921235147197e+00;;-4.49057640154162918e+00; 2.50942359845837082e+00; 1.23768276080187656e+00; 9.471e+01; 1.87021000000000000e+05; 1.87021000000000000e+05; 1.87021000000000000e+05; nan; -1.93512878753615336e-01; 2.79018388522895266e+00; 3.29538658553554997e+00; 2.76697660089250208e+00; 3.32636174701263121e+00; 2.76231723919812344e+00; 3.31475875435040868e+00; 2.77428921235147197e+00;;-4.49057640154162918e+00; 2.50942359845837082e+00; 4.19351287875361578e+00; 9.471e+01; 1.87021000000000000e+05; 1.87021000000000000e+05; 1.87021000000000000e+05; nan; -1.93512878753615336e-01; 2.79018388522895266e+00; 3.29538658553554997e+00; 2.76697660089250208e+00; 3.32636174701263121e+00; 2.76231723919812344e+00; 3.31475875435040868e+00; 2.77428921235147197e+00;;
David Pivovar - Imperialist Competitive Algorithm - OpenCL_60; 0; 1.397e+00 ± 1.207e+00; 2.507e+00 ± 0.000e+00; 2.860e+05 ± 0.000e+00; 2.860e+05 ± 0.000e+00; nan ± nan; ;-4.49337022971635491e+00; 2.50662977028364509e+00; 1.39733497307325849e+00; 1.401e+02; 2.85989000000000000e+05; 2.85989000000000000e+05; 2.85989000000000000e+05; nan; 2.95634988592648362e+00; 3.08585378512529918e+00; 2.96329999431423907e+00; 3.07946112167466923e+00; 2.96547785156929589e+00; 3.08084114521475527e+00; 2.96231212609866867e+00; -2.72275694509478028e-01;;0.00000000000000000e+00; 0.00000000000000000e+00; 1.20708626833033095e+00; 0.000e+00; 0.00000000000000000e+00; 0.00000000000000000e+00; 0.00000000000000000e+00; nan; 0.00000000000000000e+00; 0.00000000000000000e+00; 0.00000000000000000e+00; 0.00000000000000000e+00; 0.00000000000000000e+00; 0.00000000000000000e+00; 0.00000000000000000e+00; 0.00000000000000000e+00;;-4.49337022971635491e+00; 2.50662977028364509e+00; 9.14146214874700824e-01; 1.401e+02; 2.85989000000000000e+05; 2.85989000000000000e+05; 2.85989000000000000e+05; nan; 2.95634988592648362e+00; 3.08585378512529918e+00; 2.96329999431423907e+00; 3.07946112167466923e+00; 2.96547785156929589e+00; 3.08084114521475527e+00; 2.96231212609866867e+00; -2.72275694509478028e-01;;-4.49337022971635491e+00; 2.50662977028364509e+00; 9.20538878325330767e-01; 1.401e+02; 2.85989000000000000e+05; 2.85989000000000000e+05; 2.85989000000000000e+05; nan; 2.95634988592648362e+00; 3.08585378512529918e+00; 2.96329999431423907e+00; 3.07946112167466923e+00; 2.96547785156929589e+00; 3.08084114521475527e+00; 2.96231212609866867e+00; -2.72275694509478028e-01;;-4.49337022971635491e+00; 2.50662977028364509e+00; 1.03670000568576093e+00; 1.401e+02; 2.85989000000000000e+05; 2.85989000000000000e+05; 2.85989000000000000e+05; nan; 2.95634988592648362e+00; 3.08585378512529918e+00; 2.96329999431423907e+00; 3.07946112167466923e+00; 2.96547785156929589e+00; 3.08084114521475527e+00; 2.96231212609866867e+00; -2.72275694509478028e-01;;-4.49337022971635491e+00; 2.50662977028364509e+00; 1.04365011407351638e+00; 1.401e+02; 2.85989000000000000e+05; 2.85989000000000000e+05; 2.85989000000000000e+05; nan; 2.95634988592648362e+00; 3.08585378512529918e+00; 2.96329999431423907e+00; 3.07946112167466923e+00; 2.96547785156929589e+00; 3.08084114521475527e+00; 2.96231212609866867e+00; -2.72275694509478028e-01;;-4.49337022971635491e+00; 2.50662977028364509e+00; 4.27227569450947797e+00; 1.401e+02; 2.85989000000000000e+05; 2.85989000000000000e+05; 2.85989000000000000e+05; nan; 2.95634988592648362e+00; 3.08585378512529918e+00; 2.96329999431423907e+00; 3.07946112167466923e+00; 2.96547785156929589e+00; 3.08084114521475527e+00; 2.96231212609866867e+00; -2.72275694509478028e-01;;
David Pivovar - Imperialist Competitive Algorithm - SMP_7; 0; 1.569e+00 ± 1.789e+00; 2.573e+00 ± 0.000e+00; 2.511e+04 ± 0.000e+00; 2.511e+04 ± 0.000e+00; nan ± nan; ;-4.42667516382609882e+00; 2.57332483617390118e+00; 1.56909857244739648e+00; 3.978e-02; 2.51130000000000000e+04; 2.51130000000000000e+04; 2.51130000000000000e+04; nan; -1.82320431075719558e+00; 3.17497798680424159e+00; 2.87334956967069743e+00; 3.17544335517537757e+00; 2.88194475827046581e+00; 3.15829429994588606e+00; 2.90385132052448780e+00; 3.10255444078686615e+00;;0.00000000000000000e+00; 0.00000000000000000e+00; 1.78922021896271888e+00; 0.000e+00; 0.00000000000000000e+00; 0.00000000000000000e+00; 0.00000000000000000e+00; nan; 0.00000000000000000e+00; 0.00000000000000000e+00; 0.00000000000000000e+00; 0.00000000000000000e+00; 0.00000000000000000e+00; 0.00000000000000000e+00; 0.00000000000000000e+00; 0.00000000000000000e+00;;-4.42667516382609882e+00; 2.57332483617390118e+00; 8.24556644824622431e-01; 3.978e-02; 2.51130000000000000e+04; 2.51130000000000000e+04; 2.51130000000000000e+04; nan; -1.82320431075719558e+00; 3.17497798680424159e+00; 2.87334956967069743e+00; 3.17544335517537757e+00; 2.88194475827046581e+00; 3.15829429994588606e+00; 2.90385132052448780e+00; 3.10255444078686615e+00;;-4.42667516382609882e+00; 2.57332483617390118e+00; 8.41705700054113937e-01; 3.978e-02; 2.51130000000000000e+04; 2.51130000000000000e+04; 2.51130000000000000e+04; nan; -1.82320431075719558e+00; 3.17497798680424159e+00; 2.87334956967069743e+00; 3.17544335517537757e+00; 2.88194475827046581e+00; 3.15829429994588606e+00; 2.90385132052448780e+00; 3.10255444078686615e+00;;-4.42667516382609882e+00; 2.57332483617390118e+00; 1.09614867947551220e+00; 3.978e-02; 2.51130000000000000e+04; 2.51130000000000000e+04; 2.51130000000000000e+04; nan; -1.82320431075719558e+00; 3.17497798680424159e+00; 2.87334956967069743e+00; 3.17544335517537757e+00; 2.88194475827046581e+00; 3.15829429994588606e+00; 2.90385132052448780e+00; 3.10255444078686615e+00;;-4.42667516382609882e+00; 2.57332483617390118e+00; 1.12665043032930257e+00; 3.978e-02; 2.51130000000000000e+04; 2.51130000000000000e+04; 2.51130000000000000e+04; nan; -1.82320431075719558e+00; 3.17497798680424159e+00; 2.87334956967069743e+00; 3.17544335517537757e+00; 2.88194475827046581e+00; 3.15829429994588606e+00; 2.90385132052448780e+00; 3.10255444078686615e+00;;-4.42667516382609882e+00; 2.57332483617390118e+00; 5.82320431075719558e+00; 3.978e-02; 2.51130000000000000e+04; 2.51130000000000000e+04; 2.51130000000000000e+04; nan; -1.82320431075719558e+00; 3.17497798680424159e+00; 2.87334956967069743e+00; 3.17544335517537757e+00; 2.88194475827046581e+00; 3.15829429994588606e+00; 2.90385132052448780e+00; 3.10255444078686615e+00;;
David Pivovar - Imperialist Competitive Algorithm - SMP_40; 0; 1.687e+00 ± 1.464e+00; 3.237e+00 ± 0.000e+00; 2.505e+05 ± 0.000e+00; 2.505e+05 ± 0.000e+00; nan ± nan; ;-3.76318183983945298e+00; 3.23681816016054702e+00; 1.68699490313467870e+00; 3.307e-01; 2.50505000000000000e+05; 2.50505000000000000e+05; 2.50505000000000000e+05; nan; 3.38192023792025787e-01; -1.59559839353289212e-01; 2.73199345959215112e+00; 3.37629638027937151e+00; 2.73183621428484624e+00; 3.37675515711608210e+00; 2.73148696221975706e+00; 3.37704041699162660e+00;;0.00000000000000000e+00; 0.00000000000000000e+00; 1.46412933269586953e+00; 0.000e+00; 0.00000000000000000e+00; 0.00000000000000000e+00; 0.00000000000000000e+00; nan; 0.00000000000000000e+00; 0.00000000000000000e+00; 0.00000000000000000e+00; 0.00000000000000000e+00; 0.00000000000000000e+00; 0.00000000000000000e+00; 0.00000000000000000e+00; 0.00000000000000000e+00;;-3.76318183983945298e+00; 3.23681816016054702e+00; 6.22959583008373396e-01; 3.307e-01; 2.50505000000000000e+05; 2.50505000000000000e+05; 2.50505000000000000e+05; nan; 3.38192023792025787e-01; -1.59559839353289212e-01; 2.73199345959215112e+00; 3.37629638027937151e+00; 2.73183621428484624e+00; 3.37675515711608210e+00; 2.73148696221975706e+00; 3.37704041699162660e+00;;-3.76318183983945298e+00; 3.23681816016054702e+00; 6.23703619720628488e-01; 3.307e-01; 2.50505000000000000e+05; 2.50505000000000000e+05; 2.50505000000000000e+05; nan; 3.38192023792025787e-01; -1.59559839353289212e-01; 2.73199345959215112e+00; 3.37629638027937151e+00; 2.73183621428484624e+00; 3.37675515711608210e+00; 2.73148696221975706e+00; 3.37704041699162660e+00;;-3.76318183983945298e+00; 3.23681816016054702e+00; 1.26816378571515376e+00; 3.307e-01; 2.50505000000000000e+05; 2.50505000000000000e+05; 2.50505000000000000e+05; nan; 3.38192023792025787e-01; -1.59559839353289212e-01; 2.73199345959215112e+00; 3.37629638027937151e+00; 2.73183621428484624e+00; 3.37675515711608210e+00; 2.73148696221975706e+00; 3.37704041699162660e+00;;-3.76318183983945298e+00; 3.23681816016054702e+00; 3.66180797620797405e+00; 3.307e-01; 2.50505000000000000e+05; 2.50505000000000000e+05; 2.50505000000000000e+05; nan; 3.38192023792025787e-01; -1.59559839353289212e-01; 2.73199345959215112e+00; 3.37629638027937151e+00; 2.73183621428484624e+00; 3.37675515711608210e+00; 2.73148696221975706e+00; 3.37704041699162660e+00;;-3.76318183983945298e+00; 3.23681816016054702e+00; 4.15955983935328888e+00; 3.307e-01; 2.50505000000000000e+05; 2.50505000000000000e+05; 2.50505000000000000e+05; nan; 3.38192023792025787e-01; -1.59559839353289212e-01; 2.73199345959215112e+00; 3.37629638027937151e+00; 2.73183621428484624e+00; 3.37675515711608210e+00; 2.73148696221975706e+00; 3.37704041699162660e+00;;
David Pivovar - Imperialist Competitive Algorithm - OpenCL_15; 0; 1.778e+00 ± 2.118e+00; 4.359e+00 ± 0.000e+00; 1.047e+04 ± 0.000e+00; 1.047e+04 ± 0.000e+00; nan ± nan; ;-2.64064120155183168e+00; 4.35935879844816832e+00; 1.77759121497531991e+00; 5.893e+00; 1.04680000000000000e+04; 1.04680000000000000e+04; 1.04680000000000000e+04; nan; 3.90998744453619862e+00; -6.23811985615751352e-01; 3.95218646000800389e+00; 3.98853447212395018e+00; 2.49239321309751594e+00; 3.76197524464794064e+00; -5.80427037296206483e-01; 8.78432468695791835e-01;;0.00000000000000000e+00; 0.00000000000000000e+00; 2.11825554554479023e+00; 0.000e+00; 0.00000000000000000e+00; 0.00000000000000000e+00; 0.00000000000000000e+00; nan; 0.00000000000000000e+00; 0.00000000000000000e+00; 0.00000000000000000e+00; 0.00000000000000000e+00; 0.00000000000000000e+00; 0.00000000000000000e+00; 0.00000000000000000e+00; 0.00000000000000000e+00;;-2.64064120155183168e+00; 4.35935879844816832e+00; 1.14655278760498192e-02; 5.893e+00; 1.04680000000000000e+04; 1.04680000000000000e+04; 1.04680000000000000e+04; nan; 3.90998744453619862e+00; -6.23811985615751352e-01; 3.95218646000800389e+00; 3.98853447212395018e+00; 2.49239321309751594e+00; 3.76197524464794064e+00; -5.80427037296206483e-01; 8.78432468695791835e-01;;-2.64064120155183168e+00; 4.35935879844816832e+00; 9.00125554638013803e-02; 5.893e+00; 1.04680000000000000e+04; 1.04680000000000000e+04; 1.04680000000000000e+04; nan; 3.90998744453619862e+00; -6.23811985615751352e-01; 3.95218646000800389e+00; 3.98853447212395018e+00; 2.49239321309751594e+00; 3.76197524464794064e+00; -5.80427037296206483e-01; 8.78432468695791835e-01;;-2.64064120155183168e+00; 4.35935879844816832e+00; 1.50760678690248406e+00; 5.893e+00; 1.04680000000000000e+04; 1.04680000000000000e+04; 1.04680000000000000e+04; nan; 3.90998744453619862e+00; -6.23811985615751352e-01; 3.95218646000800389e+00; 3.98853447212395018e+00; 2.49239321309751594e+00; 3.76197524464794064e+00; -5.80427037296206483e-01; 8.78432468695791835e-01;;-2.64064120155183168e+00; 4.35935879844816832e+00; 4.58042703729620637e+00; 5.893e+00; 1.04680000000000000e+04; 1.04680000000000000e+04; 1.04680000000000000e+04; nan; 3.90998744453619862e+00; -6.23811985615751352e-01; 3.95218646000800389e+00; 3.98853447212395018e+00; 2.49239321309751594e+00; 3.76197524464794064e+00; -5.80427037296206483e-01; 8.78432468695791835e-01;;-2.64064120155183168e+00; 4.35935879844816832e+00; 4.62381198561575157e+00; 5.893e+00; 1.04680000000000000e+04; 1.04680000000000000e+04; 1.04680000000000000e+04; nan; 3.90998744453619862e+00; -6.23811985615751352e-01; 3.95218646000800389e+00; 3.98853447212395018e+00; 2.49239321309751594e+00; 3.76197524464794064e+00; -5.80427037296206483e-01; 8.78432468695791835e-01;;
David Pivovar - Imperialist Competitive Algorithm - OpenCL_100; 0; 1.801e+00 ± 1.310e+00; 4.062e+00 ± 0.000e+00; 2.086e+05 ± 0.000e+00; 2.086e+05 ± 0.000e+00; nan ± nan; ;-2.93775028272844185e+00; 4.06224971727155815e+00; 1.80060682175897879e+00; 1.014e+02; 2.08580000000000000e+05; 2.08580000000000000e+05; 2.08580000000000000e+05; nan; 1.66586782756426666e+00; 5.29071151719733512e-01; 1.66579547865112065e+00; 2.47078528804815178e+00; 3.93505437789046963e+00; 2.47087168831211779e+00; 3.93451624079888163e+00; 9.23183372943427227e-01;;0.00000000000000000e+00; 0.00000000000000000e+00; 1.31023127994358957e+00; 0.000e+00; 0.00000000000000000e+00; 0.00000000000000000e+00; 0.00000000000000000e+00; nan; 0.00000000000000000e+00; 0.00000000000000000e+00; 0.00000000000000000e+00; 0.00000000000000000e+00; 0.00000000000000000e+00; 0.00000000000000000e+00; 0.00000000000000000e+00; 0.00000000000000000e+00;;-2.93775028272844185e+00; 4.06224971727155815e+00; 6.49456221095303654e-02; 1.014e+02; 2.08580000000000000e+05; 2.08580000000000000e+05; 2.08580000000000000e+05; nan; 1.66586782756426666e+00; 5.29071151719733512e-01; 1.66579547865112065e+00; 2.47078528804815178e+00; 3.93505437789046963e+00; 2.47087168831211779e+00; 3.93451624079888163e+00; 9.23183372943427227e-01;;-2.93775028272844185e+00; 4.06224971727155815e+00; 1.52912831168788221e+00; 1.014e+02; 2.08580000000000000e+05; 2.08580000000000000e+05; 2.08580000000000000e+05; nan; 1.66586782756426666e+00; 5.29071151719733512e-01; 1.66579547865112065e+00; 2.47078528804815178e+00; 3.93505437789046963e+00; 2.47087168831211779e+00; 3.93451624079888163e+00; 9.23183372943427227e-01;;-2.93775028272844185e+00; 4.06224971727155815e+00; 2.33413217243573357e+00; 1.014e+02; 2.08580000000000000e+05; 2.08580000000000000e+05; 2.08580000000000000e+05; nan; 1.66586782756426666e+00; 5.29071151719733512e-01; 1.66579547865112065e+00; 2.47078528804815178e+00; 3.93505437789046963e+00; 2.47087168831211779e+00; 3.93451624079888163e+00; 9.23183372943427227e-01;;-2.93775028272844185e+00; 4.06224971727155815e+00; 3.07681662705657288e+00; 1.014e+02; 2.08580000000000000e+05; 2.08580000000000000e+05; 2.08580000000000000e+05; nan; 1.66586782756426666e+00; 5.29071151719733512e-01; 1.66579547865112065e+00; 2.47078528804815178e+00; 3.93505437789046963e+00; 2.47087168831211779e+00; 3.93451624079888163e+00; 9.23183372943427227e-01;;-2.93775028272844185e+00; 4.06224971727155815e+00; 3.47092884828026627e+00; 1.014e+02; 2.08580000000000000e+05; 2.08580000000000000e+05; 2.08580000000000000e+05; nan; 1.66586782756426666e+00; 5.29071151719733512e-01; 1.66579547865112065e+00; 2.47078528804815178e+00; 3.93505437789046963e+00; 2.47087168831211779e+00; 3.93451624079888163e+00; 9.23183372943427227e-01;;
David Pivovar - Imperialist Competitive Algorithm - OpenCL_7; 0; 1.872e+00 ± 1.768e+00; 4.181e+00 ± 0.000e+00; 6.969e+03 ± 0.000e+00; 6.969e+03 ± 0.000e+00; nan ± nan; ;-2.81907447080592810e+00; 4.18092552919407190e+00; 1.87214345910880775e+00; 4.081e+00; 6.96900000000000000e+03; 6.96900000000000000e+03; 6.96900000000000000e+03; nan; 2.46391530068176090e+00; -1.83251571413413972e+00; 3.29375805651665665e+00; 2.78955466364244886e+00; 3.29015360235903076e+00; 2.78665295896369436e+00; 1.43330177092721445e+00; 2.79803168817286974e+00;;0.00000000000000000e+00; 0.00000000000000000e+00; 1.76770789765348879e+00; 0.000e+00; 0.00000000000000000e+00; 0.00000000000000000e+00; 0.00000000000000000e+00; nan; 0.00000000000000000e+00; 0.00000000000000000e+00; 0.00000000000000000e+00; 0.00000000000000000e+00; 0.00000000000000000e+00; 0.00000000000000000e+00; 0.00000000000000000e+00; 0.00000000000000000e+00;;-2.81907447080592810e+00; 4.18092552919407190e+00; 7.06241943483343348e-01; 4.081e+00; 6.96900000000000000e+03; 6.96900000000000000e+03; 6.96900000000000000e+03; nan; 2.46391530068176090e+00; -1.83251571413413972e+00; 3.29375805651665665e+00; 2.78955466364244886e+00; 3.29015360235903076e+00; 2.78665295896369436e+00; 1.43330177092721445e+00; 2.79803168817286974e+00;;-2.81907447080592810e+00; 4.18092552919407190e+00; 1.20196831182713026e+00; 4.081e+00; 6.96900000000000000e+03; 6.96900000000000000e+03; 6.96900000000000000e+03; nan; 2.46391530068176090e+00; -1.83251571413413972e+00; 3.29375805651665665e+00; 2.78955466364244886e+00; 3.29015360235903076e+00; 2.78665295896369436e+00; 1.43330177092721445e+00; 2.79803168817286974e+00;;-2.81907447080592810e+00; 4.18092552919407190e+00; 1.21334704103630564e+00; 4.081e+00; 6.96900000000000000e+03; 6.96900000000000000e+03; 6.96900000000000000e+03; nan; 2.46391530068176090e+00; -1.83251571413413972e+00; 3.29375805651665665e+00; 2.78955466364244886e+00; 3.29015360235903076e+00; 2.78665295896369436e+00; 1.43330177092721445e+00; 2.79803168817286974e+00;;-2.81907447080592810e+00; 4.18092552919407190e+00; 2.56669822907278533e+00; 4.081e+00; 6.96900000000000000e+03; 6.96900000000000000e+03; 6.96900000000000000e+03; nan; 2.46391530068176090e+00; -1.83251571413413972e+00; 3.29375805651665665e+00; 2.78955466364244886e+00; 3.29015360235903076e+00; 2.78665295896369436e+00; 1.43330177092721445e+00; 2.79803168817286974e+00;;-2.81907447080592810e+00; 4.18092552919407190e+00; 5.83251571413413927e+00; 4.081e+00; 6.96900000000000000e+03; 6.96900000000000000e+03; 6.96900000000000000e+03; nan; 2.46391530068176090e+00; -1.83251571413413972e+00; 3.29375805651665665e+00; 2.78955466364244886e+00; 3.29015360235903076e+00; 2.78665295896369436e+00; 1.43330177092721445e+00; 2.79803168817286974e+00;;
David Pivovar - Imperialist Competitive Algorithm - Serial_25; 0; 2.165e+00 ± 2.516e+00; 4.162e+00 ± 0.000e+00; 6.776e+04 ± 0.000e+00; 6.776e+04 ± 0.000e+00; nan ± nan; ;-2.83841270531432421e+00; 4.16158729468567579e+00; 2.16456398933116789e+00; 7.611e-02; 6.77560000000000000e+04; 6.77560000000000000e+04; 6.77560000000000000e+04; nan; 3.02177894229572708e+00; -3.44247629519443166e+00; 5.18246270551068089e-01; 1.67946540340593198e+00; 2.45330080795082539e+00; 3.99988619438828774e+00; 4.00000761926513171e+00; 2.45329438121837873e+00;;0.00000000000000000e+00; 0.00000000000000000e+00; 2.51630798690891977e+00; 0.000e+00; 0.00000000000000000e+00; 0.00000000000000000e+00; 0.00000000000000000e+00; nan; 0.00000000000000000e+00; 0.00000000000000000e+00; 0.00000000000000000e+00; 0.00000000000000000e+00; 0.00000000000000000e+00; 0.00000000000000000e+00; 0.00000000000000000e+00; 0.00000000000000000e+00;;-2.83841270531432421e+00; 4.16158729468567579e+00; 7.61926513170863018e-06; 7.611e-02; 6.77560000000000000e+04; 6.77560000000000000e+04; 6.77560000000000000e+04; nan; 3.02177894229572708e+00; -3.44247629519443166e+00; 5.18246270551068089e-01; 1.67946540340593198e+00; 2.45330080795082539e+00; 3.99988619438828774e+00; 4.00000761926513171e+00; 2.45329438121837873e+00;;-2.83841270531432421e+00; 4.16158729468567579e+00; 9.78221057704272923e-01; 7.611e-02; 6.77560000000000000e+04; 6.77560000000000000e+04; 6.77560000000000000e+04; nan; 3.02177894229572708e+00; -3.44247629519443166e+00; 5.18246270551068089e-01; 1.67946540340593198e+00; 2.45330080795082539e+00; 3.99988619438828774e+00; 4.00000761926513171e+00; 2.45329438121837873e+00;;-2.83841270531432421e+00; 4.16158729468567579e+00; 1.54670561878162127e+00; 7.611e-02; 6.77560000000000000e+04; 6.77560000000000000e+04; 6.77560000000000000e+04; nan; 3.02177894229572708e+00; -3.44247629519443166e+00; 5.18246270551068089e-01; 1.67946540340593198e+00; 2.45330080795082539e+00; 3.99988619438828774e+00; 4.00000761926513171e+00; 2.45329438121837873e+00;;-2.83841270531432421e+00; 4.16158729468567579e+00; 3.48175372944893180e+00; 7.611e-02; 6.77560000000000000e+04; 6.77560000000000000e+04; 6.77560000000000000e+04; nan; 3.02177894229572708e+00; -3.44247629519443166e+00; 5.18246270551068089e-01; 1.67946540340593198e+00; 2.45330080795082539e+00; 3.99988619438828774e+00; 4.00000761926513171e+00; 2.45329438121837873e+00;;-2.83841270531432421e+00; 4.16158729468567579e+00; 7.44247629519443166e+00; 7.611e-02; 6.77560000000000000e+04; 6.77560000000000000e+04; 6.77560000000000000e+04; nan; 3.02177894229572708e+00; -3.44247629519443166e+00; 5.18246270551068089e-01; 1.67946540340593198e+00; 2.45330080795082539e+00; 3.99988619438828774e+00; 4.00000761926513171e+00; 2.45329438121837873e+00;;
David Pivovar - Imperialist Competitive Algorithm - SMP_100; 0; 2.569e+00 ± 2.692e+00; 3.750e+00 ± 0.000e+00; 1.945e+05 ± 0.000e+00; 1.945e+05 ± 0.000e+00; nan ± nan; ;-3.24962692743242787e+00; 3.75037307256757213e+00; 2.56867912313456692e+00; 2.765e-01; 1.94526000000000000e+05; 1.94526000000000000e+05; 1.94526000000000000e+05; nan; 2.54759157105140721e+00; 3.71910239493674766e+00; 2.54765046572487952e+00; 3.71895186081606122e+00; 2.54769108372830866e+00; 1.60724314052089978e+00; -2.78749530480195729e+00; -2.45016819705288036e+00;;0.00000000000000000e+00; 0.00000000000000000e+00; 2.69189810911550920e+00; 0.000e+00; 0.00000000000000000e+00; 0.00000000000000000e+00; 0.00000000000000000e+00; nan; 0.00000000000000000e+00; 0.00000000000000000e+00; 0.00000000000000000e+00; 0.00000000000000000e+00; 0.00000000000000000e+00; 0.00000000000000000e+00; 0.00000000000000000e+00; 0.00000000000000000e+00;;-3.24962692743242787e+00; 3.75037307256757213e+00; 2.80897605063252342e-01; 2.765e-01; 1.94526000000000000e+05; 1.94526000000000000e+05; 1.94526000000000000e+05; nan; 2.54759157105140721e+00; 3.71910239493674766e+00; 2.54765046572487952e+00; 3.71895186081606122e+00; 2.54769108372830866e+00; 1.60724314052089978e+00; -2.78749530480195729e+00; -2.45016819705288036e+00;;-3.24962692743242787e+00; 3.75037307256757213e+00; 1.45230891627169134e+00; 2.765e-01; 1.94526000000000000e+05; 1.94526000000000000e+05; 1.94526000000000000e+05; nan; 2.54759157105140721e+00; 3.71910239493674766e+00; 2.54765046572487952e+00; 3.71895186081606122e+00; 2.54769108372830866e+00; 1.60724314052089978e+00; -2.78749530480195729e+00; -2.45016819705288036e+00;;-3.24962692743242787e+00; 3.75037307256757213e+00; 1.45240842894859279e+00; 2.765e-01; 1.94526000000000000e+05; 1.94526000000000000e+05; 1.94526000000000000e+05; nan; 2.54759157105140721e+00; 3.71910239493674766e+00; 2.54765046572487952e+00; 3.71895186081606122e+00; 2.54769108372830866e+00; 1.60724314052089978e+00; -2.78749530480195729e+00; -2.45016819705288036e+00;;-3.24962692743242787e+00; 3.75037307256757213e+00; 6.45016819705288036e+00; 2.765e-01; 1.94526000000000000e+05; 1.94526000000000000e+05; 1.94526000000000000e+05; nan; 2.54759157105140721e+00; 3.71910239493674766e+00; 2.54765046572487952e+00; 3.71895186081606122e+00; 2.54769108372830866e+00; 1.60724314052089978e+00; -2.78749530480195729e+00; -2.45016819705288036e+00;;-3.24962692743242787e+00; 3.75037307256757213e+00; 6.78749530480195773e+00; 2.765e-01; 1.94526000000000000e+05; 1.94526000000000000e+05; 1.94526000000000000e+05; nan; 2.54759157105140721e+00; 3.71910239493674766e+00; 2.54765046572487952e+00; 3.71895186081606122e+00; 2.54769108372830866e+00; 1.60724314052089978e+00; -2.78749530480195729e+00; -2.45016819705288036e+00;;
David Pivovar - Imperialist Competitive Algorithm - Serial_7; 0; 2.852e+00 ± 2.476e+00; 5.154e+00 ± 0.000e+00; 7.619e+03 ± 0.000e+00; 7.619e+03 ± 0.000e+00; nan ± nan; ;-1.84567503436073932e+00; 5.15432496563926090e+00; 2.85241365816743597e+00; 8.323e-03; 7.61900000000000000e+03; 7.61900000000000000e+03; 7.61900000000000000e+03; nan; 2.72394408039337765e+00; 3.38855443589389926e+00; -4.51532623265239852e-01; -3.02336262648507947e+00; -1.04301860074969133e+00; 1.47743642424577737e+00; 2.73108937551854281e+00; 3.37758026910892717e+00;;0.00000000000000000e+00; 0.00000000000000000e+00; 2.47600001068978859e+00; 0.000e+00; 0.00000000000000000e+00; 0.00000000000000000e+00; 0.00000000000000000e+00; nan; 0.00000000000000000e+00; 0.00000000000000000e+00; 0.00000000000000000e+00; 0.00000000000000000e+00; 0.00000000000000000e+00; 0.00000000000000000e+00; 0.00000000000000000e+00; 0.00000000000000000e+00;;-1.84567503436073932e+00; 5.15432496563926090e+00; 6.11445564106100736e-01; 8.323e-03; 7.61900000000000000e+03; 7.61900000000000000e+03; 7.61900000000000000e+03; nan; 2.72394408039337765e+00; 3.38855443589389926e+00; -4.51532623265239852e-01; -3.02336262648507947e+00; -1.04301860074969133e+00; 1.47743642424577737e+00; 2.73108937551854281e+00; 3.37758026910892717e+00;;-1.84567503436073932e+00; 5.15432496563926090e+00; 1.26891062448145719e+00; 8.323e-03; 7.61900000000000000e+03; 7.61900000000000000e+03; 7.61900000000000000e+03; nan; 2.72394408039337765e+00; 3.38855443589389926e+00; -4.51532623265239852e-01; -3.02336262648507947e+00; -1.04301860074969133e+00; 1.47743642424577737e+00; 2.73108937551854281e+00; 3.37758026910892717e+00;;-1.84567503436073932e+00; 5.15432496563926090e+00; 2.52256357575422285e+00; 8.323e-03; 7.61900000000000000e+03; 7.61900000000000000e+03; 7.61900000000000000e+03; nan; 2.72394408039337765e+00; 3.38855443589389926e+00; -4.51532623265239852e-01; -3.02336262648507947e+00; -1.04301860074969133e+00; 1.47743642424577737e+00; 2.73108937551854281e+00; 3.37758026910892717e+00;;-1.84567503436073932e+00; 5.15432496563926090e+00; 5.04301860074969177e+00; 8.323e-03; 7.61900000000000000e+03; 7.61900000000000000e+03; 7.61900000000000000e+03; nan; 2.72394408039337765e+00; 3.38855443589389926e+00; -4.51532623265239852e-01; -3.02336262648507947e+00; -1.04301860074969133e+00; 1.47743642424577737e+00; 2.73108937551854281e+00; 3.37758026910892717e+00;;-1.84567503436073932e+00; 5.15432496563926090e+00; 7.02336262648507947e+00; 8.323e-03; 7.61900000000000000e+03; 7.61900000000000000e+03; 7.61900000000000000e+03; nan; 2.72394408039337765e+00; 3.38855443589389926e+00; -4.51532623265239852e-01; -3.02336262648507947e+00; -1.04301860074969133e+00; 1.47743642424577737e+00; 2.73108937551854281e+00; 3.37758026910892717e+00;;

--=== Masters evaluation completed. ===--

